ERROR:root:A error has occured at 17:14:37 05
Traceback (most recent call last):
  File "C:\Users\ekila\AppData\Local\Programs\Python\Python310\lib\site-packages\requests\models.py", line 971, in json
    return complexjson.loads(self.text, **kwargs)
  File "C:\Users\ekila\AppData\Local\Programs\Python\Python310\lib\json\__init__.py", line 346, in loads
    return _default_decoder.decode(s)
  File "C:\Users\ekila\AppData\Local\Programs\Python\Python310\lib\json\decoder.py", line 337, in decode
    obj, end = self.raw_decode(s, idx=_w(s, 0).end())
  File "C:\Users\ekila\AppData\Local\Programs\Python\Python310\lib\json\decoder.py", line 355, in raw_decode
    raise JSONDecodeError("Expecting value", s, err.value) from None
json.decoder.JSONDecodeError: Expecting value: line 1 column 1 (char 0)

During handling of the above exception, another exception occurred:

Traceback (most recent call last):
  File "C:\Users\ekila\Downloads\Smart Auto Bet\Personal\BF SmartBet - Patch 3\Martingale+Predictor (Paid).py", line 27, in __init__
    self.start()
  File "C:\Users\ekila\Downloads\Smart Auto Bet\Personal\BF SmartBet - Patch 3\Martingale+Predictor (Paid).py", line 335, in start
    balance = Currency.balance(auth)
  File "C:\Users\ekila\AppData\Local\Programs\Python\Python310\lib\site-packages\bloxflip\currency.py", line 17, in balance
    }).json()
  File "C:\Users\ekila\AppData\Local\Programs\Python\Python310\lib\site-packages\requests\models.py", line 975, in json
    raise RequestsJSONDecodeError(e.msg, e.doc, e.pos)
requests.exceptions.JSONDecodeError: Expecting value: line 1 column 1 (char 0)
DEBUG:urllib3.connectionpool:Starting new HTTPS connection (1): api.bloxflip.com:443
DEBUG:urllib3.connectionpool:https://api.bloxflip.com:443 "GET /user HTTP/1.1" 200 None
DEBUG:urllib3.connectionpool:https://api.bloxflip.com:443 "GET /user HTTP/1.1" 200 None
DEBUG:urllib3.connectionpool:Starting new HTTPS connection (1): bfpredictor.repl.co:443
DEBUG:urllib3.connectionpool:https://bfpredictor.repl.co:443 "GET /latest_release HTTP/1.1" 200 5
DEBUG:urllib3.connectionpool:Starting new HTTPS connection (1): api.bloxflip.com:443
DEBUG:urllib3.connectionpool:https://api.bloxflip.com:443 "GET /games/crash HTTP/1.1" 403 None
DEBUG:urllib3.connectionpool:https://api.bloxflip.com:443 "GET /games/crash HTTP/1.1" 200 None
DEBUG:urllib3.connectionpool:https://api.bloxflip.com:443 "GET /games/crash HTTP/1.1" 200 None
DEBUG:urllib3.connectionpool:https://api.bloxflip.com:443 "GET /games/crash HTTP/1.1" 200 None
DEBUG:urllib3.connectionpool:https://api.bloxflip.com:443 "GET /games/crash HTTP/1.1" 200 None
DEBUG:urllib3.connectionpool:https://api.bloxflip.com:443 "GET /games/crash HTTP/1.1" 200 None
DEBUG:urllib3.connectionpool:https://api.bloxflip.com:443 "GET /games/crash HTTP/1.1" 200 None
DEBUG:urllib3.connectionpool:https://api.bloxflip.com:443 "GET /games/crash HTTP/1.1" 200 None
DEBUG:urllib3.connectionpool:https://api.bloxflip.com:443 "GET /games/crash HTTP/1.1" 403 None
DEBUG:urllib3.connectionpool:https://api.bloxflip.com:443 "GET /games/crash HTTP/1.1" 403 None
DEBUG:urllib3.connectionpool:https://api.bloxflip.com:443 "GET /games/crash HTTP/1.1" 403 None
DEBUG:urllib3.connectionpool:https://api.bloxflip.com:443 "GET /games/crash HTTP/1.1" 200 None
DEBUG:urllib3.connectionpool:https://api.bloxflip.com:443 "GET /games/crash HTTP/1.1" 200 None
DEBUG:urllib3.connectionpool:https://api.bloxflip.com:443 "GET /games/crash HTTP/1.1" 403 None
DEBUG:urllib3.connectionpool:https://api.bloxflip.com:443 "GET /games/crash HTTP/1.1" 403 None
DEBUG:urllib3.connectionpool:https://api.bloxflip.com:443 "GET /games/crash HTTP/1.1" 403 None
DEBUG:urllib3.connectionpool:https://api.bloxflip.com:443 "GET /games/crash HTTP/1.1" 403 None
DEBUG:urllib3.connectionpool:https://api.bloxflip.com:443 "GET /games/crash HTTP/1.1" 403 None
DEBUG:urllib3.connectionpool:https://api.bloxflip.com:443 "GET /games/crash HTTP/1.1" 403 None
DEBUG:urllib3.connectionpool:https://api.bloxflip.com:443 "GET /games/crash HTTP/1.1" 200 None
DEBUG:urllib3.connectionpool:https://api.bloxflip.com:443 "GET /games/crash HTTP/1.1" 200 None
DEBUG:urllib3.connectionpool:https://api.bloxflip.com:443 "GET /games/crash HTTP/1.1" 200 None
DEBUG:urllib3.connectionpool:https://api.bloxflip.com:443 "GET /games/crash HTTP/1.1" 200 None
DEBUG:urllib3.connectionpool:https://api.bloxflip.com:443 "GET /games/crash HTTP/1.1" 200 None
DEBUG:urllib3.connectionpool:https://api.bloxflip.com:443 "GET /games/crash HTTP/1.1" 200 None
DEBUG:urllib3.connectionpool:https://api.bloxflip.com:443 "GET /games/crash HTTP/1.1" 403 None
DEBUG:urllib3.connectionpool:https://api.bloxflip.com:443 "GET /games/crash HTTP/1.1" 403 None
DEBUG:urllib3.connectionpool:https://api.bloxflip.com:443 "GET /games/crash HTTP/1.1" 403 None
DEBUG:urllib3.connectionpool:https://api.bloxflip.com:443 "GET /games/crash HTTP/1.1" 403 None
DEBUG:urllib3.connectionpool:https://api.bloxflip.com:443 "GET /games/crash HTTP/1.1" 403 None
DEBUG:urllib3.connectionpool:https://api.bloxflip.com:443 "GET /games/crash HTTP/1.1" 403 None
DEBUG:urllib3.connectionpool:https://api.bloxflip.com:443 "GET /games/crash HTTP/1.1" 403 None
DEBUG:urllib3.connectionpool:https://api.bloxflip.com:443 "GET /games/crash HTTP/1.1" 403 None
DEBUG:urllib3.connectionpool:https://api.bloxflip.com:443 "GET /games/crash HTTP/1.1" 403 None
DEBUG:urllib3.connectionpool:https://api.bloxflip.com:443 "GET /games/crash HTTP/1.1" 403 None
DEBUG:urllib3.connectionpool:https://api.bloxflip.com:443 "GET /games/crash HTTP/1.1" 403 None
DEBUG:urllib3.connectionpool:https://api.bloxflip.com:443 "GET /games/crash HTTP/1.1" 403 None
DEBUG:urllib3.connectionpool:https://api.bloxflip.com:443 "GET /games/crash HTTP/1.1" 403 None
DEBUG:urllib3.connectionpool:https://api.bloxflip.com:443 "GET /games/crash HTTP/1.1" 403 None
DEBUG:urllib3.connectionpool:https://api.bloxflip.com:443 "GET /games/crash HTTP/1.1" 403 None
DEBUG:urllib3.connectionpool:https://api.bloxflip.com:443 "GET /games/crash HTTP/1.1" 403 None
DEBUG:urllib3.connectionpool:https://api.bloxflip.com:443 "GET /games/crash HTTP/1.1" 403 None
DEBUG:urllib3.connectionpool:https://api.bloxflip.com:443 "GET /games/crash HTTP/1.1" 403 None
DEBUG:urllib3.connectionpool:https://api.bloxflip.com:443 "GET /games/crash HTTP/1.1" 403 None
DEBUG:urllib3.connectionpool:https://api.bloxflip.com:443 "GET /games/crash HTTP/1.1" 403 None
DEBUG:urllib3.connectionpool:https://api.bloxflip.com:443 "GET /games/crash HTTP/1.1" 403 None
DEBUG:urllib3.connectionpool:https://api.bloxflip.com:443 "GET /games/crash HTTP/1.1" 403 None
DEBUG:urllib3.connectionpool:Starting new HTTPS connection (1): api.bloxflip.com:443
DEBUG:urllib3.connectionpool:https://api.bloxflip.com:443 "GET /games/crash HTTP/1.1" 403 None
DEBUG:urllib3.connectionpool:https://api.bloxflip.com:443 "GET /games/crash HTTP/1.1" 403 None
DEBUG:urllib3.connectionpool:https://api.bloxflip.com:443 "GET /games/crash HTTP/1.1" 403 None
DEBUG:urllib3.connectionpool:https://api.bloxflip.com:443 "GET /games/crash HTTP/1.1" 403 None
DEBUG:urllib3.connectionpool:https://api.bloxflip.com:443 "GET /games/crash HTTP/1.1" 403 None
DEBUG:urllib3.connectionpool:https://api.bloxflip.com:443 "GET /games/crash HTTP/1.1" 403 None
DEBUG:urllib3.connectionpool:https://api.bloxflip.com:443 "GET /games/crash HTTP/1.1" 403 None
DEBUG:urllib3.connectionpool:https://api.bloxflip.com:443 "GET /games/crash HTTP/1.1" 403 None
DEBUG:urllib3.connectionpool:https://api.bloxflip.com:443 "GET /games/crash HTTP/1.1" 403 None
DEBUG:urllib3.connectionpool:https://api.bloxflip.com:443 "GET /games/crash HTTP/1.1" 403 None
DEBUG:urllib3.connectionpool:https://api.bloxflip.com:443 "GET /games/crash HTTP/1.1" 403 None
DEBUG:urllib3.connectionpool:https://api.bloxflip.com:443 "GET /games/crash HTTP/1.1" 403 None
DEBUG:urllib3.connectionpool:https://api.bloxflip.com:443 "GET /games/crash HTTP/1.1" 403 None
DEBUG:urllib3.connectionpool:https://api.bloxflip.com:443 "GET /games/crash HTTP/1.1" 403 None
DEBUG:urllib3.connectionpool:https://api.bloxflip.com:443 "GET /user HTTP/1.1" 200 None
DEBUG:urllib3.connectionpool:https://api.bloxflip.com:443 "GET /games/crash HTTP/1.1" 403 None
DEBUG:urllib3.connectionpool:https://api.bloxflip.com:443 "GET /games/crash HTTP/1.1" 403 None
DEBUG:urllib3.connectionpool:https://api.bloxflip.com:443 "GET /games/crash HTTP/1.1" 403 None
DEBUG:urllib3.connectionpool:https://api.bloxflip.com:443 "GET /games/crash HTTP/1.1" 403 None
DEBUG:urllib3.connectionpool:https://api.bloxflip.com:443 "GET /games/crash HTTP/1.1" 403 None
DEBUG:urllib3.connectionpool:https://api.bloxflip.com:443 "GET /user HTTP/1.1" 200 None
DEBUG:urllib3.connectionpool:https://api.bloxflip.com:443 "GET /games/crash HTTP/1.1" 403 None
DEBUG:urllib3.connectionpool:https://api.bloxflip.com:443 "GET /games/crash HTTP/1.1" 403 None
DEBUG:urllib3.connectionpool:https://api.bloxflip.com:443 "GET /games/crash HTTP/1.1" 403 None
DEBUG:urllib3.connectionpool:Starting new HTTPS connection (1): bfpredictor.repl.co:443
DEBUG:urllib3.connectionpool:https://api.bloxflip.com:443 "GET /games/crash HTTP/1.1" 403 None
DEBUG:urllib3.connectionpool:https://api.bloxflip.com:443 "GET /games/crash HTTP/1.1" 403 None
DEBUG:urllib3.connectionpool:https://api.bloxflip.com:443 "GET /games/crash HTTP/1.1" 403 None
DEBUG:urllib3.connectionpool:https://api.bloxflip.com:443 "GET /games/crash HTTP/1.1" 403 None
DEBUG:urllib3.connectionpool:https://api.bloxflip.com:443 "GET /games/crash HTTP/1.1" 403 None
DEBUG:urllib3.connectionpool:https://api.bloxflip.com:443 "GET /games/crash HTTP/1.1" 403 None
DEBUG:urllib3.connectionpool:https://api.bloxflip.com:443 "GET /games/crash HTTP/1.1" 403 None
DEBUG:urllib3.connectionpool:https://api.bloxflip.com:443 "GET /games/crash HTTP/1.1" 403 None
DEBUG:urllib3.connectionpool:https://api.bloxflip.com:443 "GET /games/crash HTTP/1.1" 403 None
DEBUG:urllib3.connectionpool:https://api.bloxflip.com:443 "GET /games/crash HTTP/1.1" 403 None
DEBUG:urllib3.connectionpool:https://api.bloxflip.com:443 "GET /games/crash HTTP/1.1" 403 None
DEBUG:urllib3.connectionpool:https://api.bloxflip.com:443 "GET /games/crash HTTP/1.1" 403 None
DEBUG:urllib3.connectionpool:https://api.bloxflip.com:443 "GET /games/crash HTTP/1.1" 403 None
DEBUG:urllib3.connectionpool:https://api.bloxflip.com:443 "GET /games/crash HTTP/1.1" 403 None
DEBUG:urllib3.connectionpool:https://api.bloxflip.com:443 "GET /games/crash HTTP/1.1" 403 None
DEBUG:urllib3.connectionpool:https://api.bloxflip.com:443 "GET /games/crash HTTP/1.1" 403 None
DEBUG:urllib3.connectionpool:https://api.bloxflip.com:443 "GET /games/crash HTTP/1.1" 403 None
DEBUG:urllib3.connectionpool:https://api.bloxflip.com:443 "GET /games/crash HTTP/1.1" 403 None
DEBUG:urllib3.connectionpool:https://api.bloxflip.com:443 "GET /games/crash HTTP/1.1" 403 None
DEBUG:urllib3.connectionpool:https://api.bloxflip.com:443 "GET /games/crash HTTP/1.1" 403 None
DEBUG:urllib3.connectionpool:https://api.bloxflip.com:443 "GET /games/crash HTTP/1.1" 403 None
DEBUG:urllib3.connectionpool:https://api.bloxflip.com:443 "GET /games/crash HTTP/1.1" 403 None
DEBUG:urllib3.connectionpool:https://api.bloxflip.com:443 "GET /games/crash HTTP/1.1" 403 None
DEBUG:urllib3.connectionpool:https://api.bloxflip.com:443 "GET /games/crash HTTP/1.1" 403 None
DEBUG:urllib3.connectionpool:https://api.bloxflip.com:443 "GET /games/crash HTTP/1.1" 403 None
DEBUG:urllib3.connectionpool:https://api.bloxflip.com:443 "GET /games/crash HTTP/1.1" 403 None
DEBUG:urllib3.connectionpool:https://api.bloxflip.com:443 "GET /games/crash HTTP/1.1" 403 None
DEBUG:urllib3.connectionpool:https://api.bloxflip.com:443 "GET /games/crash HTTP/1.1" 403 None
DEBUG:urllib3.connectionpool:https://api.bloxflip.com:443 "GET /games/crash HTTP/1.1" 403 None
DEBUG:urllib3.connectionpool:https://api.bloxflip.com:443 "GET /games/crash HTTP/1.1" 403 None
DEBUG:urllib3.connectionpool:https://api.bloxflip.com:443 "GET /games/crash HTTP/1.1" 403 None
DEBUG:urllib3.connectionpool:https://api.bloxflip.com:443 "GET /games/crash HTTP/1.1" 403 None
DEBUG:urllib3.connectionpool:https://api.bloxflip.com:443 "GET /games/crash HTTP/1.1" 403 None
DEBUG:urllib3.connectionpool:https://api.bloxflip.com:443 "GET /games/crash HTTP/1.1" 403 None
DEBUG:urllib3.connectionpool:https://api.bloxflip.com:443 "GET /games/crash HTTP/1.1" 403 None
DEBUG:urllib3.connectionpool:https://api.bloxflip.com:443 "GET /games/crash HTTP/1.1" 403 None
DEBUG:urllib3.connectionpool:https://api.bloxflip.com:443 "GET /games/crash HTTP/1.1" 403 None
DEBUG:urllib3.connectionpool:https://api.bloxflip.com:443 "GET /games/crash HTTP/1.1" 403 None
DEBUG:urllib3.connectionpool:https://api.bloxflip.com:443 "GET /games/crash HTTP/1.1" 403 None
DEBUG:urllib3.connectionpool:https://api.bloxflip.com:443 "GET /games/crash HTTP/1.1" 403 None
DEBUG:urllib3.connectionpool:https://api.bloxflip.com:443 "GET /games/crash HTTP/1.1" 403 None
DEBUG:urllib3.connectionpool:https://api.bloxflip.com:443 "GET /games/crash HTTP/1.1" 403 None
DEBUG:urllib3.connectionpool:https://api.bloxflip.com:443 "GET /games/crash HTTP/1.1" 403 None
DEBUG:urllib3.connectionpool:https://api.bloxflip.com:443 "GET /games/crash HTTP/1.1" 403 None
DEBUG:urllib3.connectionpool:https://api.bloxflip.com:443 "GET /games/crash HTTP/1.1" 403 None
DEBUG:urllib3.connectionpool:https://api.bloxflip.com:443 "GET /games/crash HTTP/1.1" 403 None
DEBUG:urllib3.connectionpool:https://api.bloxflip.com:443 "GET /games/crash HTTP/1.1" 403 None
DEBUG:urllib3.connectionpool:https://api.bloxflip.com:443 "GET /games/crash HTTP/1.1" 403 None
DEBUG:urllib3.connectionpool:https://api.bloxflip.com:443 "GET /games/crash HTTP/1.1" 403 None
DEBUG:urllib3.connectionpool:https://api.bloxflip.com:443 "GET /games/crash HTTP/1.1" 403 None
DEBUG:urllib3.connectionpool:https://api.bloxflip.com:443 "GET /games/crash HTTP/1.1" 403 None
DEBUG:urllib3.connectionpool:https://api.bloxflip.com:443 "GET /games/crash HTTP/1.1" 403 None
DEBUG:urllib3.connectionpool:https://api.bloxflip.com:443 "GET /games/crash HTTP/1.1" 403 None
DEBUG:urllib3.connectionpool:https://api.bloxflip.com:443 "GET /games/crash HTTP/1.1" 403 None
DEBUG:urllib3.connectionpool:https://api.bloxflip.com:443 "GET /games/crash HTTP/1.1" 403 None
DEBUG:urllib3.connectionpool:https://api.bloxflip.com:443 "GET /games/crash HTTP/1.1" 403 None
DEBUG:urllib3.connectionpool:https://api.bloxflip.com:443 "GET /games/crash HTTP/1.1" 403 None
DEBUG:urllib3.connectionpool:https://api.bloxflip.com:443 "GET /games/crash HTTP/1.1" 403 None
DEBUG:urllib3.connectionpool:https://api.bloxflip.com:443 "GET /games/crash HTTP/1.1" 403 None
DEBUG:urllib3.connectionpool:https://api.bloxflip.com:443 "GET /games/crash HTTP/1.1" 403 None
DEBUG:urllib3.connectionpool:https://api.bloxflip.com:443 "GET /games/crash HTTP/1.1" 403 None
DEBUG:urllib3.connectionpool:https://api.bloxflip.com:443 "GET /games/crash HTTP/1.1" 403 None
DEBUG:urllib3.connectionpool:https://api.bloxflip.com:443 "GET /games/crash HTTP/1.1" 403 None
DEBUG:urllib3.connectionpool:https://api.bloxflip.com:443 "GET /games/crash HTTP/1.1" 403 None
DEBUG:urllib3.connectionpool:https://api.bloxflip.com:443 "GET /games/crash HTTP/1.1" 403 None
DEBUG:urllib3.connectionpool:https://api.bloxflip.com:443 "GET /games/crash HTTP/1.1" 403 None
DEBUG:urllib3.connectionpool:https://api.bloxflip.com:443 "GET /games/crash HTTP/1.1" 403 None
DEBUG:urllib3.connectionpool:https://api.bloxflip.com:443 "GET /games/crash HTTP/1.1" 403 None
DEBUG:urllib3.connectionpool:https://api.bloxflip.com:443 "GET /games/crash HTTP/1.1" 403 None
DEBUG:urllib3.connectionpool:https://api.bloxflip.com:443 "GET /games/crash HTTP/1.1" 403 None
DEBUG:urllib3.connectionpool:https://api.bloxflip.com:443 "GET /games/crash HTTP/1.1" 403 None
DEBUG:urllib3.connectionpool:https://api.bloxflip.com:443 "GET /games/crash HTTP/1.1" 403 None
DEBUG:urllib3.connectionpool:https://api.bloxflip.com:443 "GET /games/crash HTTP/1.1" 403 None
DEBUG:urllib3.connectionpool:https://api.bloxflip.com:443 "GET /games/crash HTTP/1.1" 403 None
DEBUG:urllib3.connectionpool:https://api.bloxflip.com:443 "GET /games/crash HTTP/1.1" 403 None
DEBUG:urllib3.connectionpool:https://api.bloxflip.com:443 "GET /games/crash HTTP/1.1" 403 None
DEBUG:urllib3.connectionpool:https://api.bloxflip.com:443 "GET /games/crash HTTP/1.1" 403 None
DEBUG:urllib3.connectionpool:https://api.bloxflip.com:443 "GET /games/crash HTTP/1.1" 403 None
DEBUG:urllib3.connectionpool:https://api.bloxflip.com:443 "GET /games/crash HTTP/1.1" 403 None
DEBUG:urllib3.connectionpool:https://api.bloxflip.com:443 "GET /games/crash HTTP/1.1" 403 None
DEBUG:urllib3.connectionpool:https://api.bloxflip.com:443 "GET /games/crash HTTP/1.1" 403 None
DEBUG:urllib3.connectionpool:https://api.bloxflip.com:443 "GET /games/crash HTTP/1.1" 403 None
DEBUG:urllib3.connectionpool:https://api.bloxflip.com:443 "GET /games/crash HTTP/1.1" 403 None
DEBUG:urllib3.connectionpool:https://api.bloxflip.com:443 "GET /games/crash HTTP/1.1" 403 None
DEBUG:urllib3.connectionpool:https://api.bloxflip.com:443 "GET /games/crash HTTP/1.1" 403 None
DEBUG:urllib3.connectionpool:https://api.bloxflip.com:443 "GET /games/crash HTTP/1.1" 403 None
DEBUG:urllib3.connectionpool:https://api.bloxflip.com:443 "GET /games/crash HTTP/1.1" 403 None
DEBUG:urllib3.connectionpool:https://api.bloxflip.com:443 "GET /games/crash HTTP/1.1" 403 None
DEBUG:urllib3.connectionpool:https://api.bloxflip.com:443 "GET /games/crash HTTP/1.1" 403 None
DEBUG:urllib3.connectionpool:https://api.bloxflip.com:443 "GET /games/crash HTTP/1.1" 403 None
DEBUG:urllib3.connectionpool:https://api.bloxflip.com:443 "GET /games/crash HTTP/1.1" 403 None
DEBUG:urllib3.connectionpool:https://api.bloxflip.com:443 "GET /games/crash HTTP/1.1" 403 None
DEBUG:urllib3.connectionpool:https://api.bloxflip.com:443 "GET /games/crash HTTP/1.1" 403 None
DEBUG:urllib3.connectionpool:https://api.bloxflip.com:443 "GET /games/crash HTTP/1.1" 403 None
DEBUG:urllib3.connectionpool:https://api.bloxflip.com:443 "GET /games/crash HTTP/1.1" 403 None
DEBUG:urllib3.connectionpool:https://api.bloxflip.com:443 "GET /games/crash HTTP/1.1" 403 None
DEBUG:urllib3.connectionpool:https://api.bloxflip.com:443 "GET /games/crash HTTP/1.1" 403 None
DEBUG:urllib3.connectionpool:https://api.bloxflip.com:443 "GET /games/crash HTTP/1.1" 403 None
DEBUG:urllib3.connectionpool:https://api.bloxflip.com:443 "GET /games/crash HTTP/1.1" 403 None
DEBUG:urllib3.connectionpool:https://api.bloxflip.com:443 "GET /games/crash HTTP/1.1" 403 None
DEBUG:urllib3.connectionpool:https://api.bloxflip.com:443 "GET /games/crash HTTP/1.1" 403 None
DEBUG:urllib3.connectionpool:https://api.bloxflip.com:443 "GET /games/crash HTTP/1.1" 403 None
DEBUG:urllib3.connectionpool:https://api.bloxflip.com:443 "GET /games/crash HTTP/1.1" 403 None
DEBUG:urllib3.connectionpool:https://api.bloxflip.com:443 "GET /games/crash HTTP/1.1" 403 None
DEBUG:urllib3.connectionpool:https://api.bloxflip.com:443 "GET /games/crash HTTP/1.1" 403 None
DEBUG:urllib3.connectionpool:https://api.bloxflip.com:443 "GET /games/crash HTTP/1.1" 403 None
DEBUG:urllib3.connectionpool:https://api.bloxflip.com:443 "GET /games/crash HTTP/1.1" 403 None
DEBUG:urllib3.connectionpool:https://api.bloxflip.com:443 "GET /games/crash HTTP/1.1" 403 None
DEBUG:urllib3.connectionpool:https://api.bloxflip.com:443 "GET /games/crash HTTP/1.1" 403 None
DEBUG:urllib3.connectionpool:https://api.bloxflip.com:443 "GET /games/crash HTTP/1.1" 403 None
DEBUG:urllib3.connectionpool:https://api.bloxflip.com:443 "GET /games/crash HTTP/1.1" 403 None
DEBUG:urllib3.connectionpool:https://api.bloxflip.com:443 "GET /games/crash HTTP/1.1" 403 None
DEBUG:urllib3.connectionpool:https://api.bloxflip.com:443 "GET /games/crash HTTP/1.1" 403 None
DEBUG:urllib3.connectionpool:https://api.bloxflip.com:443 "GET /games/crash HTTP/1.1" 403 None
DEBUG:urllib3.connectionpool:https://api.bloxflip.com:443 "GET /games/crash HTTP/1.1" 403 None
DEBUG:urllib3.connectionpool:https://api.bloxflip.com:443 "GET /games/crash HTTP/1.1" 403 None
DEBUG:urllib3.connectionpool:https://api.bloxflip.com:443 "GET /games/crash HTTP/1.1" 403 None
DEBUG:urllib3.connectionpool:https://api.bloxflip.com:443 "GET /games/crash HTTP/1.1" 403 None
DEBUG:urllib3.connectionpool:https://api.bloxflip.com:443 "GET /games/crash HTTP/1.1" 403 None
DEBUG:urllib3.connectionpool:https://api.bloxflip.com:443 "GET /games/crash HTTP/1.1" 403 None
DEBUG:urllib3.connectionpool:https://api.bloxflip.com:443 "GET /games/crash HTTP/1.1" 403 None
DEBUG:urllib3.connectionpool:https://api.bloxflip.com:443 "GET /games/crash HTTP/1.1" 403 None
DEBUG:urllib3.connectionpool:https://api.bloxflip.com:443 "GET /games/crash HTTP/1.1" 403 None
DEBUG:urllib3.connectionpool:https://api.bloxflip.com:443 "GET /games/crash HTTP/1.1" 403 None
DEBUG:urllib3.connectionpool:https://api.bloxflip.com:443 "GET /games/crash HTTP/1.1" 403 None
DEBUG:urllib3.connectionpool:https://api.bloxflip.com:443 "GET /games/crash HTTP/1.1" 403 None
DEBUG:urllib3.connectionpool:https://api.bloxflip.com:443 "GET /games/crash HTTP/1.1" 403 None
DEBUG:urllib3.connectionpool:https://api.bloxflip.com:443 "GET /games/crash HTTP/1.1" 403 None
DEBUG:urllib3.connectionpool:https://api.bloxflip.com:443 "GET /games/crash HTTP/1.1" 403 None
DEBUG:urllib3.connectionpool:https://api.bloxflip.com:443 "GET /games/crash HTTP/1.1" 403 None
DEBUG:urllib3.connectionpool:https://api.bloxflip.com:443 "GET /games/crash HTTP/1.1" 403 None
DEBUG:urllib3.connectionpool:https://api.bloxflip.com:443 "GET /games/crash HTTP/1.1" 403 None
DEBUG:urllib3.connectionpool:https://api.bloxflip.com:443 "GET /games/crash HTTP/1.1" 403 None
DEBUG:urllib3.connectionpool:https://api.bloxflip.com:443 "GET /games/crash HTTP/1.1" 403 None
DEBUG:urllib3.connectionpool:https://api.bloxflip.com:443 "GET /games/crash HTTP/1.1" 403 None
DEBUG:urllib3.connectionpool:https://api.bloxflip.com:443 "GET /games/crash HTTP/1.1" 403 None
DEBUG:urllib3.connectionpool:https://api.bloxflip.com:443 "GET /games/crash HTTP/1.1" 403 None
DEBUG:urllib3.connectionpool:https://api.bloxflip.com:443 "GET /games/crash HTTP/1.1" 403 None
DEBUG:urllib3.connectionpool:https://api.bloxflip.com:443 "GET /games/crash HTTP/1.1" 403 None
DEBUG:urllib3.connectionpool:https://api.bloxflip.com:443 "GET /games/crash HTTP/1.1" 403 None
DEBUG:urllib3.connectionpool:https://api.bloxflip.com:443 "GET /games/crash HTTP/1.1" 403 None
DEBUG:urllib3.connectionpool:https://api.bloxflip.com:443 "GET /games/crash HTTP/1.1" 403 None
DEBUG:urllib3.connectionpool:https://api.bloxflip.com:443 "GET /games/crash HTTP/1.1" 403 None
DEBUG:urllib3.connectionpool:https://api.bloxflip.com:443 "GET /games/crash HTTP/1.1" 403 None
DEBUG:urllib3.connectionpool:https://api.bloxflip.com:443 "GET /games/crash HTTP/1.1" 403 None
DEBUG:urllib3.connectionpool:https://api.bloxflip.com:443 "GET /games/crash HTTP/1.1" 403 None
DEBUG:urllib3.connectionpool:https://api.bloxflip.com:443 "GET /games/crash HTTP/1.1" 403 None
DEBUG:urllib3.connectionpool:https://api.bloxflip.com:443 "GET /games/crash HTTP/1.1" 403 None
DEBUG:urllib3.connectionpool:https://api.bloxflip.com:443 "GET /games/crash HTTP/1.1" 403 None
DEBUG:urllib3.connectionpool:https://api.bloxflip.com:443 "GET /games/crash HTTP/1.1" 403 None
DEBUG:urllib3.connectionpool:https://api.bloxflip.com:443 "GET /games/crash HTTP/1.1" 403 None
DEBUG:urllib3.connectionpool:https://api.bloxflip.com:443 "GET /games/crash HTTP/1.1" 403 None
DEBUG:urllib3.connectionpool:https://api.bloxflip.com:443 "GET /games/crash HTTP/1.1" 403 None
DEBUG:urllib3.connectionpool:https://api.bloxflip.com:443 "GET /games/crash HTTP/1.1" 403 None
DEBUG:urllib3.connectionpool:https://api.bloxflip.com:443 "GET /games/crash HTTP/1.1" 403 None
DEBUG:urllib3.connectionpool:https://api.bloxflip.com:443 "GET /games/crash HTTP/1.1" 403 None
DEBUG:urllib3.connectionpool:https://api.bloxflip.com:443 "GET /games/crash HTTP/1.1" 403 None
DEBUG:urllib3.connectionpool:https://api.bloxflip.com:443 "GET /games/crash HTTP/1.1" 403 None
DEBUG:urllib3.connectionpool:https://api.bloxflip.com:443 "GET /games/crash HTTP/1.1" 403 None
DEBUG:urllib3.connectionpool:https://api.bloxflip.com:443 "GET /games/crash HTTP/1.1" 403 None
DEBUG:urllib3.connectionpool:https://api.bloxflip.com:443 "GET /games/crash HTTP/1.1" 403 None
DEBUG:urllib3.connectionpool:https://api.bloxflip.com:443 "GET /games/crash HTTP/1.1" 403 None
DEBUG:urllib3.connectionpool:https://api.bloxflip.com:443 "GET /games/crash HTTP/1.1" 403 None
DEBUG:urllib3.connectionpool:https://api.bloxflip.com:443 "GET /games/crash HTTP/1.1" 403 None
DEBUG:urllib3.connectionpool:https://api.bloxflip.com:443 "GET /games/crash HTTP/1.1" 403 None
DEBUG:urllib3.connectionpool:https://api.bloxflip.com:443 "GET /games/crash HTTP/1.1" 403 None
DEBUG:urllib3.connectionpool:https://api.bloxflip.com:443 "GET /games/crash HTTP/1.1" 403 None
DEBUG:urllib3.connectionpool:https://api.bloxflip.com:443 "GET /games/crash HTTP/1.1" 403 None
DEBUG:urllib3.connectionpool:https://api.bloxflip.com:443 "GET /games/crash HTTP/1.1" 403 None
DEBUG:urllib3.connectionpool:https://api.bloxflip.com:443 "GET /games/crash HTTP/1.1" 403 None
DEBUG:urllib3.connectionpool:https://api.bloxflip.com:443 "GET /games/crash HTTP/1.1" 403 None
DEBUG:urllib3.connectionpool:https://api.bloxflip.com:443 "GET /games/crash HTTP/1.1" 403 None
DEBUG:urllib3.connectionpool:https://api.bloxflip.com:443 "GET /games/crash HTTP/1.1" 403 None
DEBUG:urllib3.connectionpool:https://api.bloxflip.com:443 "GET /games/crash HTTP/1.1" 403 None
DEBUG:urllib3.connectionpool:https://api.bloxflip.com:443 "GET /games/crash HTTP/1.1" 403 None
DEBUG:urllib3.connectionpool:https://api.bloxflip.com:443 "GET /games/crash HTTP/1.1" 403 None
DEBUG:urllib3.connectionpool:https://api.bloxflip.com:443 "GET /games/crash HTTP/1.1" 403 None
DEBUG:urllib3.connectionpool:https://api.bloxflip.com:443 "GET /games/crash HTTP/1.1" 403 None
DEBUG:urllib3.connectionpool:https://api.bloxflip.com:443 "GET /games/crash HTTP/1.1" 403 None
DEBUG:urllib3.connectionpool:https://api.bloxflip.com:443 "GET /games/crash HTTP/1.1" 403 None
DEBUG:urllib3.connectionpool:https://api.bloxflip.com:443 "GET /games/crash HTTP/1.1" 403 None
DEBUG:urllib3.connectionpool:https://api.bloxflip.com:443 "GET /games/crash HTTP/1.1" 403 None
DEBUG:urllib3.connectionpool:https://api.bloxflip.com:443 "GET /games/crash HTTP/1.1" 403 None
DEBUG:urllib3.connectionpool:https://api.bloxflip.com:443 "GET /games/crash HTTP/1.1" 403 None
DEBUG:urllib3.connectionpool:https://api.bloxflip.com:443 "GET /games/crash HTTP/1.1" 403 None
DEBUG:urllib3.connectionpool:https://api.bloxflip.com:443 "GET /games/crash HTTP/1.1" 403 None
DEBUG:urllib3.connectionpool:https://api.bloxflip.com:443 "GET /games/crash HTTP/1.1" 403 None
DEBUG:urllib3.connectionpool:https://api.bloxflip.com:443 "GET /games/crash HTTP/1.1" 403 None
DEBUG:urllib3.connectionpool:https://api.bloxflip.com:443 "GET /games/crash HTTP/1.1" 403 None
DEBUG:urllib3.connectionpool:https://api.bloxflip.com:443 "GET /games/crash HTTP/1.1" 403 None
DEBUG:urllib3.connectionpool:https://api.bloxflip.com:443 "GET /games/crash HTTP/1.1" 403 None
DEBUG:urllib3.connectionpool:https://api.bloxflip.com:443 "GET /games/crash HTTP/1.1" 403 None
DEBUG:urllib3.connectionpool:https://api.bloxflip.com:443 "GET /games/crash HTTP/1.1" 403 None
DEBUG:urllib3.connectionpool:https://api.bloxflip.com:443 "GET /games/crash HTTP/1.1" 403 None
DEBUG:urllib3.connectionpool:https://api.bloxflip.com:443 "GET /games/crash HTTP/1.1" 403 None
DEBUG:urllib3.connectionpool:https://api.bloxflip.com:443 "GET /games/crash HTTP/1.1" 403 None
DEBUG:urllib3.connectionpool:https://api.bloxflip.com:443 "GET /games/crash HTTP/1.1" 403 None
DEBUG:urllib3.connectionpool:https://api.bloxflip.com:443 "GET /games/crash HTTP/1.1" 403 None
DEBUG:urllib3.connectionpool:https://api.bloxflip.com:443 "GET /games/crash HTTP/1.1" 403 None
DEBUG:urllib3.connectionpool:https://api.bloxflip.com:443 "GET /games/crash HTTP/1.1" 403 None
DEBUG:urllib3.connectionpool:https://api.bloxflip.com:443 "GET /games/crash HTTP/1.1" 403 None
DEBUG:urllib3.connectionpool:https://api.bloxflip.com:443 "GET /games/crash HTTP/1.1" 403 None
DEBUG:urllib3.connectionpool:https://api.bloxflip.com:443 "GET /games/crash HTTP/1.1" 403 None
DEBUG:urllib3.connectionpool:https://api.bloxflip.com:443 "GET /games/crash HTTP/1.1" 403 None
DEBUG:urllib3.connectionpool:https://api.bloxflip.com:443 "GET /games/crash HTTP/1.1" 403 None
DEBUG:urllib3.connectionpool:https://api.bloxflip.com:443 "GET /games/crash HTTP/1.1" 403 None
DEBUG:urllib3.connectionpool:https://api.bloxflip.com:443 "GET /games/crash HTTP/1.1" 403 None
DEBUG:urllib3.connectionpool:https://api.bloxflip.com:443 "GET /games/crash HTTP/1.1" 403 None
DEBUG:urllib3.connectionpool:https://api.bloxflip.com:443 "GET /games/crash HTTP/1.1" 403 None
DEBUG:urllib3.connectionpool:https://api.bloxflip.com:443 "GET /games/crash HTTP/1.1" 403 None
DEBUG:urllib3.connectionpool:https://api.bloxflip.com:443 "GET /games/crash HTTP/1.1" 403 None
DEBUG:urllib3.connectionpool:https://api.bloxflip.com:443 "GET /games/crash HTTP/1.1" 403 None
DEBUG:urllib3.connectionpool:https://api.bloxflip.com:443 "GET /games/crash HTTP/1.1" 403 None
DEBUG:urllib3.connectionpool:https://api.bloxflip.com:443 "GET /games/crash HTTP/1.1" 403 None
DEBUG:urllib3.connectionpool:https://api.bloxflip.com:443 "GET /games/crash HTTP/1.1" 403 None
DEBUG:urllib3.connectionpool:https://api.bloxflip.com:443 "GET /games/crash HTTP/1.1" 403 None
DEBUG:urllib3.connectionpool:https://api.bloxflip.com:443 "GET /games/crash HTTP/1.1" 403 None
DEBUG:urllib3.connectionpool:https://api.bloxflip.com:443 "GET /games/crash HTTP/1.1" 403 None
DEBUG:urllib3.connectionpool:https://api.bloxflip.com:443 "GET /games/crash HTTP/1.1" 403 None
DEBUG:urllib3.connectionpool:https://api.bloxflip.com:443 "GET /games/crash HTTP/1.1" 403 None
DEBUG:urllib3.connectionpool:https://api.bloxflip.com:443 "GET /games/crash HTTP/1.1" 403 None
DEBUG:urllib3.connectionpool:https://api.bloxflip.com:443 "GET /games/crash HTTP/1.1" 403 None
DEBUG:urllib3.connectionpool:https://api.bloxflip.com:443 "GET /games/crash HTTP/1.1" 403 None
DEBUG:urllib3.connectionpool:https://api.bloxflip.com:443 "GET /games/crash HTTP/1.1" 403 None
DEBUG:urllib3.connectionpool:https://api.bloxflip.com:443 "GET /games/crash HTTP/1.1" 403 None
DEBUG:urllib3.connectionpool:https://api.bloxflip.com:443 "GET /games/crash HTTP/1.1" 403 None
DEBUG:urllib3.connectionpool:https://api.bloxflip.com:443 "GET /games/crash HTTP/1.1" 403 None
DEBUG:urllib3.connectionpool:https://api.bloxflip.com:443 "GET /games/crash HTTP/1.1" 403 None
DEBUG:urllib3.connectionpool:https://api.bloxflip.com:443 "GET /games/crash HTTP/1.1" 403 None
DEBUG:urllib3.connectionpool:https://api.bloxflip.com:443 "GET /games/crash HTTP/1.1" 403 None
DEBUG:urllib3.connectionpool:https://api.bloxflip.com:443 "GET /games/crash HTTP/1.1" 403 None
DEBUG:urllib3.connectionpool:https://api.bloxflip.com:443 "GET /games/crash HTTP/1.1" 403 None
DEBUG:urllib3.connectionpool:https://api.bloxflip.com:443 "GET /games/crash HTTP/1.1" 403 None
DEBUG:urllib3.connectionpool:https://api.bloxflip.com:443 "GET /games/crash HTTP/1.1" 403 None
DEBUG:urllib3.connectionpool:https://api.bloxflip.com:443 "GET /games/crash HTTP/1.1" 403 None
DEBUG:urllib3.connectionpool:https://api.bloxflip.com:443 "GET /games/crash HTTP/1.1" 403 None
DEBUG:urllib3.connectionpool:https://api.bloxflip.com:443 "GET /games/crash HTTP/1.1" 403 None
DEBUG:urllib3.connectionpool:https://api.bloxflip.com:443 "GET /games/crash HTTP/1.1" 403 None
DEBUG:urllib3.connectionpool:https://api.bloxflip.com:443 "GET /games/crash HTTP/1.1" 403 None
DEBUG:urllib3.connectionpool:https://api.bloxflip.com:443 "GET /games/crash HTTP/1.1" 403 None
DEBUG:urllib3.connectionpool:https://api.bloxflip.com:443 "GET /games/crash HTTP/1.1" 403 None
DEBUG:urllib3.connectionpool:https://api.bloxflip.com:443 "GET /games/crash HTTP/1.1" 403 None
DEBUG:urllib3.connectionpool:https://api.bloxflip.com:443 "GET /games/crash HTTP/1.1" 403 None
DEBUG:urllib3.connectionpool:https://api.bloxflip.com:443 "GET /games/crash HTTP/1.1" 403 None
DEBUG:urllib3.connectionpool:https://api.bloxflip.com:443 "GET /games/crash HTTP/1.1" 403 None
DEBUG:urllib3.connectionpool:https://api.bloxflip.com:443 "GET /games/crash HTTP/1.1" 403 None
DEBUG:urllib3.connectionpool:https://api.bloxflip.com:443 "GET /games/crash HTTP/1.1" 403 None
DEBUG:urllib3.connectionpool:https://api.bloxflip.com:443 "GET /games/crash HTTP/1.1" 403 None
DEBUG:urllib3.connectionpool:https://api.bloxflip.com:443 "GET /games/crash HTTP/1.1" 403 None
DEBUG:urllib3.connectionpool:https://api.bloxflip.com:443 "GET /games/crash HTTP/1.1" 403 None
DEBUG:urllib3.connectionpool:https://api.bloxflip.com:443 "GET /games/crash HTTP/1.1" 403 None
DEBUG:urllib3.connectionpool:https://api.bloxflip.com:443 "GET /games/crash HTTP/1.1" 403 None
DEBUG:urllib3.connectionpool:https://api.bloxflip.com:443 "GET /games/crash HTTP/1.1" 403 None
DEBUG:urllib3.connectionpool:https://api.bloxflip.com:443 "GET /games/crash HTTP/1.1" 403 None
DEBUG:urllib3.connectionpool:https://api.bloxflip.com:443 "GET /games/crash HTTP/1.1" 403 None
DEBUG:urllib3.connectionpool:https://api.bloxflip.com:443 "GET /games/crash HTTP/1.1" 403 None
DEBUG:urllib3.connectionpool:https://api.bloxflip.com:443 "GET /games/crash HTTP/1.1" 403 None
DEBUG:urllib3.connectionpool:https://api.bloxflip.com:443 "GET /games/crash HTTP/1.1" 403 None
DEBUG:urllib3.connectionpool:https://api.bloxflip.com:443 "GET /games/crash HTTP/1.1" 403 None
DEBUG:urllib3.connectionpool:https://api.bloxflip.com:443 "GET /games/crash HTTP/1.1" 403 None
DEBUG:urllib3.connectionpool:https://api.bloxflip.com:443 "GET /games/crash HTTP/1.1" 403 None
DEBUG:urllib3.connectionpool:https://api.bloxflip.com:443 "GET /games/crash HTTP/1.1" 403 None
DEBUG:urllib3.connectionpool:https://api.bloxflip.com:443 "GET /games/crash HTTP/1.1" 403 None
DEBUG:urllib3.connectionpool:https://api.bloxflip.com:443 "GET /games/crash HTTP/1.1" 403 None
DEBUG:urllib3.connectionpool:https://api.bloxflip.com:443 "GET /games/crash HTTP/1.1" 403 None
DEBUG:urllib3.connectionpool:https://api.bloxflip.com:443 "GET /games/crash HTTP/1.1" 403 None
DEBUG:urllib3.connectionpool:https://api.bloxflip.com:443 "GET /games/crash HTTP/1.1" 403 None
DEBUG:urllib3.connectionpool:https://api.bloxflip.com:443 "GET /games/crash HTTP/1.1" 403 None
DEBUG:urllib3.connectionpool:https://api.bloxflip.com:443 "GET /games/crash HTTP/1.1" 403 None
DEBUG:urllib3.connectionpool:https://api.bloxflip.com:443 "GET /games/crash HTTP/1.1" 403 None
DEBUG:urllib3.connectionpool:https://api.bloxflip.com:443 "GET /games/crash HTTP/1.1" 403 None
DEBUG:urllib3.connectionpool:https://api.bloxflip.com:443 "GET /games/crash HTTP/1.1" 403 None
DEBUG:urllib3.connectionpool:https://api.bloxflip.com:443 "GET /games/crash HTTP/1.1" 403 None
DEBUG:urllib3.connectionpool:https://api.bloxflip.com:443 "GET /games/crash HTTP/1.1" 403 None
DEBUG:urllib3.connectionpool:https://api.bloxflip.com:443 "GET /games/crash HTTP/1.1" 403 None
DEBUG:urllib3.connectionpool:https://api.bloxflip.com:443 "GET /games/crash HTTP/1.1" 403 None
DEBUG:urllib3.connectionpool:https://api.bloxflip.com:443 "GET /games/crash HTTP/1.1" 403 None
DEBUG:urllib3.connectionpool:https://api.bloxflip.com:443 "GET /games/crash HTTP/1.1" 403 None
DEBUG:urllib3.connectionpool:https://api.bloxflip.com:443 "GET /games/crash HTTP/1.1" 403 None
DEBUG:urllib3.connectionpool:https://api.bloxflip.com:443 "GET /games/crash HTTP/1.1" 403 None
DEBUG:urllib3.connectionpool:https://api.bloxflip.com:443 "GET /games/crash HTTP/1.1" 403 None
DEBUG:urllib3.connectionpool:https://api.bloxflip.com:443 "GET /games/crash HTTP/1.1" 403 None
DEBUG:urllib3.connectionpool:https://api.bloxflip.com:443 "GET /games/crash HTTP/1.1" 403 None
DEBUG:urllib3.connectionpool:https://api.bloxflip.com:443 "GET /games/crash HTTP/1.1" 403 None
DEBUG:urllib3.connectionpool:https://api.bloxflip.com:443 "GET /games/crash HTTP/1.1" 403 None
DEBUG:urllib3.connectionpool:https://api.bloxflip.com:443 "GET /games/crash HTTP/1.1" 403 None
DEBUG:urllib3.connectionpool:https://api.bloxflip.com:443 "GET /games/crash HTTP/1.1" 403 None
DEBUG:urllib3.connectionpool:https://api.bloxflip.com:443 "GET /games/crash HTTP/1.1" 403 None
DEBUG:urllib3.connectionpool:https://api.bloxflip.com:443 "GET /games/crash HTTP/1.1" 403 None
DEBUG:urllib3.connectionpool:https://api.bloxflip.com:443 "GET /games/crash HTTP/1.1" 403 None
DEBUG:urllib3.connectionpool:https://api.bloxflip.com:443 "GET /games/crash HTTP/1.1" 403 None
DEBUG:urllib3.connectionpool:https://api.bloxflip.com:443 "GET /games/crash HTTP/1.1" 403 None
DEBUG:urllib3.connectionpool:https://api.bloxflip.com:443 "GET /games/crash HTTP/1.1" 403 None
DEBUG:urllib3.connectionpool:https://api.bloxflip.com:443 "GET /games/crash HTTP/1.1" 403 None
DEBUG:urllib3.connectionpool:https://api.bloxflip.com:443 "GET /games/crash HTTP/1.1" 403 None
DEBUG:urllib3.connectionpool:https://api.bloxflip.com:443 "GET /games/crash HTTP/1.1" 403 None
DEBUG:urllib3.connectionpool:https://api.bloxflip.com:443 "GET /games/crash HTTP/1.1" 403 None
DEBUG:urllib3.connectionpool:https://api.bloxflip.com:443 "GET /games/crash HTTP/1.1" 403 None
DEBUG:urllib3.connectionpool:https://api.bloxflip.com:443 "GET /games/crash HTTP/1.1" 403 None
DEBUG:urllib3.connectionpool:https://api.bloxflip.com:443 "GET /games/crash HTTP/1.1" 403 None
DEBUG:urllib3.connectionpool:https://api.bloxflip.com:443 "GET /games/crash HTTP/1.1" 403 None
DEBUG:urllib3.connectionpool:https://api.bloxflip.com:443 "GET /games/crash HTTP/1.1" 403 None
DEBUG:urllib3.connectionpool:https://api.bloxflip.com:443 "GET /games/crash HTTP/1.1" 403 None
DEBUG:urllib3.connectionpool:https://api.bloxflip.com:443 "GET /games/crash HTTP/1.1" 403 None
DEBUG:urllib3.connectionpool:https://api.bloxflip.com:443 "GET /games/crash HTTP/1.1" 403 None
DEBUG:urllib3.connectionpool:https://api.bloxflip.com:443 "GET /games/crash HTTP/1.1" 403 None
DEBUG:urllib3.connectionpool:https://api.bloxflip.com:443 "GET /games/crash HTTP/1.1" 403 None
DEBUG:urllib3.connectionpool:https://api.bloxflip.com:443 "GET /games/crash HTTP/1.1" 403 None
DEBUG:urllib3.connectionpool:https://api.bloxflip.com:443 "GET /games/crash HTTP/1.1" 403 None
DEBUG:urllib3.connectionpool:https://api.bloxflip.com:443 "GET /games/crash HTTP/1.1" 403 None
DEBUG:urllib3.connectionpool:https://api.bloxflip.com:443 "GET /games/crash HTTP/1.1" 403 None
DEBUG:urllib3.connectionpool:https://api.bloxflip.com:443 "GET /games/crash HTTP/1.1" 403 None
DEBUG:urllib3.connectionpool:https://api.bloxflip.com:443 "GET /games/crash HTTP/1.1" 403 None
DEBUG:urllib3.connectionpool:https://api.bloxflip.com:443 "GET /games/crash HTTP/1.1" 403 None
DEBUG:urllib3.connectionpool:https://api.bloxflip.com:443 "GET /games/crash HTTP/1.1" 403 None
DEBUG:urllib3.connectionpool:https://api.bloxflip.com:443 "GET /games/crash HTTP/1.1" 403 None
DEBUG:urllib3.connectionpool:https://api.bloxflip.com:443 "GET /games/crash HTTP/1.1" 403 None
DEBUG:urllib3.connectionpool:https://api.bloxflip.com:443 "GET /games/crash HTTP/1.1" 403 None
DEBUG:urllib3.connectionpool:https://api.bloxflip.com:443 "GET /games/crash HTTP/1.1" 403 None
DEBUG:urllib3.connectionpool:https://api.bloxflip.com:443 "GET /games/crash HTTP/1.1" 403 None
DEBUG:urllib3.connectionpool:https://api.bloxflip.com:443 "GET /games/crash HTTP/1.1" 403 None
DEBUG:urllib3.connectionpool:https://api.bloxflip.com:443 "GET /games/crash HTTP/1.1" 403 None
DEBUG:urllib3.connectionpool:https://api.bloxflip.com:443 "GET /games/crash HTTP/1.1" 403 None
DEBUG:urllib3.connectionpool:https://api.bloxflip.com:443 "GET /games/crash HTTP/1.1" 403 None
DEBUG:urllib3.connectionpool:https://api.bloxflip.com:443 "GET /games/crash HTTP/1.1" 403 None
DEBUG:urllib3.connectionpool:https://api.bloxflip.com:443 "GET /games/crash HTTP/1.1" 403 None
DEBUG:urllib3.connectionpool:https://api.bloxflip.com:443 "GET /games/crash HTTP/1.1" 403 None
DEBUG:urllib3.connectionpool:https://api.bloxflip.com:443 "GET /games/crash HTTP/1.1" 403 None
DEBUG:urllib3.connectionpool:https://api.bloxflip.com:443 "GET /games/crash HTTP/1.1" 403 None
DEBUG:urllib3.connectionpool:https://api.bloxflip.com:443 "GET /games/crash HTTP/1.1" 403 None
DEBUG:urllib3.connectionpool:https://api.bloxflip.com:443 "GET /games/crash HTTP/1.1" 403 None
DEBUG:urllib3.connectionpool:https://api.bloxflip.com:443 "GET /games/crash HTTP/1.1" 403 None
DEBUG:urllib3.connectionpool:https://api.bloxflip.com:443 "GET /games/crash HTTP/1.1" 403 None
DEBUG:urllib3.connectionpool:https://api.bloxflip.com:443 "GET /games/crash HTTP/1.1" 403 None
DEBUG:urllib3.connectionpool:https://api.bloxflip.com:443 "GET /games/crash HTTP/1.1" 403 None
DEBUG:urllib3.connectionpool:https://api.bloxflip.com:443 "GET /games/crash HTTP/1.1" 403 None
DEBUG:urllib3.connectionpool:https://api.bloxflip.com:443 "GET /games/crash HTTP/1.1" 403 None
DEBUG:urllib3.connectionpool:https://api.bloxflip.com:443 "GET /games/crash HTTP/1.1" 403 None
DEBUG:urllib3.connectionpool:https://api.bloxflip.com:443 "GET /games/crash HTTP/1.1" 403 None
DEBUG:urllib3.connectionpool:https://api.bloxflip.com:443 "GET /games/crash HTTP/1.1" 403 None
DEBUG:urllib3.connectionpool:https://api.bloxflip.com:443 "GET /games/crash HTTP/1.1" 403 None
DEBUG:urllib3.connectionpool:https://api.bloxflip.com:443 "GET /games/crash HTTP/1.1" 403 None
DEBUG:urllib3.connectionpool:https://api.bloxflip.com:443 "GET /games/crash HTTP/1.1" 403 None
DEBUG:urllib3.connectionpool:https://api.bloxflip.com:443 "GET /games/crash HTTP/1.1" 403 None
DEBUG:urllib3.connectionpool:https://api.bloxflip.com:443 "GET /games/crash HTTP/1.1" 403 None
DEBUG:urllib3.connectionpool:https://api.bloxflip.com:443 "GET /games/crash HTTP/1.1" 403 None
DEBUG:urllib3.connectionpool:https://api.bloxflip.com:443 "GET /games/crash HTTP/1.1" 403 None
DEBUG:urllib3.connectionpool:https://api.bloxflip.com:443 "GET /games/crash HTTP/1.1" 403 None
DEBUG:urllib3.connectionpool:https://api.bloxflip.com:443 "GET /games/crash HTTP/1.1" 403 None
DEBUG:urllib3.connectionpool:https://api.bloxflip.com:443 "GET /games/crash HTTP/1.1" 403 None
DEBUG:urllib3.connectionpool:https://api.bloxflip.com:443 "GET /games/crash HTTP/1.1" 403 None
DEBUG:urllib3.connectionpool:https://api.bloxflip.com:443 "GET /games/crash HTTP/1.1" 403 None
DEBUG:urllib3.connectionpool:https://api.bloxflip.com:443 "GET /games/crash HTTP/1.1" 403 None
DEBUG:urllib3.connectionpool:https://api.bloxflip.com:443 "GET /games/crash HTTP/1.1" 403 None
DEBUG:urllib3.connectionpool:https://api.bloxflip.com:443 "GET /games/crash HTTP/1.1" 403 None
DEBUG:urllib3.connectionpool:https://api.bloxflip.com:443 "GET /games/crash HTTP/1.1" 403 None
DEBUG:urllib3.connectionpool:https://api.bloxflip.com:443 "GET /games/crash HTTP/1.1" 403 None
DEBUG:urllib3.connectionpool:https://api.bloxflip.com:443 "GET /games/crash HTTP/1.1" 403 None
DEBUG:urllib3.connectionpool:https://api.bloxflip.com:443 "GET /games/crash HTTP/1.1" 403 None
DEBUG:urllib3.connectionpool:https://api.bloxflip.com:443 "GET /games/crash HTTP/1.1" 403 None
DEBUG:urllib3.connectionpool:https://api.bloxflip.com:443 "GET /games/crash HTTP/1.1" 403 None
DEBUG:urllib3.connectionpool:https://api.bloxflip.com:443 "GET /games/crash HTTP/1.1" 403 None
DEBUG:urllib3.connectionpool:https://api.bloxflip.com:443 "GET /games/crash HTTP/1.1" 403 None
DEBUG:urllib3.connectionpool:https://api.bloxflip.com:443 "GET /games/crash HTTP/1.1" 403 None
DEBUG:urllib3.connectionpool:https://api.bloxflip.com:443 "GET /games/crash HTTP/1.1" 403 None
DEBUG:urllib3.connectionpool:https://api.bloxflip.com:443 "GET /games/crash HTTP/1.1" 403 None
DEBUG:urllib3.connectionpool:https://api.bloxflip.com:443 "GET /games/crash HTTP/1.1" 403 None
DEBUG:urllib3.connectionpool:https://api.bloxflip.com:443 "GET /games/crash HTTP/1.1" 403 None
DEBUG:urllib3.connectionpool:https://api.bloxflip.com:443 "GET /games/crash HTTP/1.1" 403 None
DEBUG:urllib3.connectionpool:https://api.bloxflip.com:443 "GET /games/crash HTTP/1.1" 403 None
DEBUG:urllib3.connectionpool:https://api.bloxflip.com:443 "GET /games/crash HTTP/1.1" 403 None
DEBUG:urllib3.connectionpool:https://api.bloxflip.com:443 "GET /games/crash HTTP/1.1" 403 None
DEBUG:urllib3.connectionpool:https://api.bloxflip.com:443 "GET /games/crash HTTP/1.1" 403 None
DEBUG:urllib3.connectionpool:https://api.bloxflip.com:443 "GET /games/crash HTTP/1.1" 403 None
DEBUG:urllib3.connectionpool:https://api.bloxflip.com:443 "GET /games/crash HTTP/1.1" 403 None
DEBUG:urllib3.connectionpool:https://api.bloxflip.com:443 "GET /games/crash HTTP/1.1" 403 None
DEBUG:urllib3.connectionpool:https://api.bloxflip.com:443 "GET /games/crash HTTP/1.1" 403 None
DEBUG:urllib3.connectionpool:https://api.bloxflip.com:443 "GET /games/crash HTTP/1.1" 403 None
DEBUG:urllib3.connectionpool:https://api.bloxflip.com:443 "GET /games/crash HTTP/1.1" 403 None
DEBUG:urllib3.connectionpool:https://api.bloxflip.com:443 "GET /games/crash HTTP/1.1" 403 None
DEBUG:urllib3.connectionpool:https://api.bloxflip.com:443 "GET /games/crash HTTP/1.1" 403 None
DEBUG:urllib3.connectionpool:https://api.bloxflip.com:443 "GET /games/crash HTTP/1.1" 403 None
DEBUG:urllib3.connectionpool:https://api.bloxflip.com:443 "GET /games/crash HTTP/1.1" 403 None
DEBUG:urllib3.connectionpool:https://api.bloxflip.com:443 "GET /games/crash HTTP/1.1" 403 None
DEBUG:urllib3.connectionpool:https://api.bloxflip.com:443 "GET /games/crash HTTP/1.1" 403 None
DEBUG:urllib3.connectionpool:https://api.bloxflip.com:443 "GET /games/crash HTTP/1.1" 403 None
DEBUG:urllib3.connectionpool:https://api.bloxflip.com:443 "GET /games/crash HTTP/1.1" 403 None
DEBUG:urllib3.connectionpool:https://api.bloxflip.com:443 "GET /games/crash HTTP/1.1" 403 None
DEBUG:urllib3.connectionpool:https://api.bloxflip.com:443 "GET /games/crash HTTP/1.1" 403 None
DEBUG:urllib3.connectionpool:https://api.bloxflip.com:443 "GET /games/crash HTTP/1.1" 403 None
DEBUG:urllib3.connectionpool:https://api.bloxflip.com:443 "GET /games/crash HTTP/1.1" 403 None
DEBUG:urllib3.connectionpool:https://api.bloxflip.com:443 "GET /games/crash HTTP/1.1" 403 None
DEBUG:urllib3.connectionpool:https://api.bloxflip.com:443 "GET /games/crash HTTP/1.1" 403 None
DEBUG:urllib3.connectionpool:https://api.bloxflip.com:443 "GET /games/crash HTTP/1.1" 403 None
DEBUG:urllib3.connectionpool:https://api.bloxflip.com:443 "GET /games/crash HTTP/1.1" 403 None
DEBUG:urllib3.connectionpool:https://api.bloxflip.com:443 "GET /games/crash HTTP/1.1" 403 None
DEBUG:urllib3.connectionpool:https://api.bloxflip.com:443 "GET /games/crash HTTP/1.1" 403 None
DEBUG:urllib3.connectionpool:https://api.bloxflip.com:443 "GET /games/crash HTTP/1.1" 403 None
DEBUG:urllib3.connectionpool:https://api.bloxflip.com:443 "GET /games/crash HTTP/1.1" 403 None
DEBUG:urllib3.connectionpool:https://api.bloxflip.com:443 "GET /games/crash HTTP/1.1" 403 None
DEBUG:urllib3.connectionpool:https://api.bloxflip.com:443 "GET /games/crash HTTP/1.1" 403 None
DEBUG:urllib3.connectionpool:https://api.bloxflip.com:443 "GET /games/crash HTTP/1.1" 403 None
DEBUG:urllib3.connectionpool:https://api.bloxflip.com:443 "GET /games/crash HTTP/1.1" 403 None
DEBUG:urllib3.connectionpool:https://api.bloxflip.com:443 "GET /games/crash HTTP/1.1" 403 None
DEBUG:urllib3.connectionpool:https://api.bloxflip.com:443 "GET /games/crash HTTP/1.1" 403 None
DEBUG:urllib3.connectionpool:https://api.bloxflip.com:443 "GET /games/crash HTTP/1.1" 403 None
DEBUG:urllib3.connectionpool:https://api.bloxflip.com:443 "GET /games/crash HTTP/1.1" 403 None
DEBUG:urllib3.connectionpool:https://api.bloxflip.com:443 "GET /games/crash HTTP/1.1" 403 None
DEBUG:urllib3.connectionpool:https://api.bloxflip.com:443 "GET /games/crash HTTP/1.1" 403 None
DEBUG:urllib3.connectionpool:https://api.bloxflip.com:443 "GET /games/crash HTTP/1.1" 403 None
DEBUG:urllib3.connectionpool:https://api.bloxflip.com:443 "GET /games/crash HTTP/1.1" 403 None
DEBUG:urllib3.connectionpool:https://api.bloxflip.com:443 "GET /games/crash HTTP/1.1" 403 None
DEBUG:urllib3.connectionpool:https://api.bloxflip.com:443 "GET /games/crash HTTP/1.1" 403 None
DEBUG:urllib3.connectionpool:https://api.bloxflip.com:443 "GET /games/crash HTTP/1.1" 403 None
DEBUG:urllib3.connectionpool:https://api.bloxflip.com:443 "GET /games/crash HTTP/1.1" 403 None
DEBUG:urllib3.connectionpool:https://api.bloxflip.com:443 "GET /games/crash HTTP/1.1" 403 None
DEBUG:urllib3.connectionpool:https://api.bloxflip.com:443 "GET /games/crash HTTP/1.1" 403 None
DEBUG:urllib3.connectionpool:https://api.bloxflip.com:443 "GET /games/crash HTTP/1.1" 403 None
DEBUG:urllib3.connectionpool:https://api.bloxflip.com:443 "GET /games/crash HTTP/1.1" 403 None
DEBUG:urllib3.connectionpool:https://api.bloxflip.com:443 "GET /games/crash HTTP/1.1" 403 None
DEBUG:urllib3.connectionpool:https://api.bloxflip.com:443 "GET /games/crash HTTP/1.1" 403 None
DEBUG:urllib3.connectionpool:https://api.bloxflip.com:443 "GET /games/crash HTTP/1.1" 403 None
DEBUG:urllib3.connectionpool:https://api.bloxflip.com:443 "GET /games/crash HTTP/1.1" 403 None
DEBUG:urllib3.connectionpool:https://api.bloxflip.com:443 "GET /games/crash HTTP/1.1" 403 None
DEBUG:urllib3.connectionpool:https://api.bloxflip.com:443 "GET /games/crash HTTP/1.1" 403 None
DEBUG:urllib3.connectionpool:https://api.bloxflip.com:443 "GET /games/crash HTTP/1.1" 403 None
DEBUG:urllib3.connectionpool:https://api.bloxflip.com:443 "GET /games/crash HTTP/1.1" 429 5861
DEBUG:urllib3.connectionpool:Resetting dropped connection: api.bloxflip.com
DEBUG:urllib3.connectionpool:https://api.bloxflip.com:443 "GET /games/crash HTTP/1.1" 429 6266
DEBUG:urllib3.connectionpool:Resetting dropped connection: api.bloxflip.com
DEBUG:urllib3.connectionpool:https://api.bloxflip.com:443 "GET /games/crash HTTP/1.1" 429 6287
DEBUG:urllib3.connectionpool:Resetting dropped connection: api.bloxflip.com
DEBUG:urllib3.connectionpool:https://api.bloxflip.com:443 "GET /games/crash HTTP/1.1" 429 6265
DEBUG:urllib3.connectionpool:Resetting dropped connection: api.bloxflip.com
DEBUG:urllib3.connectionpool:https://api.bloxflip.com:443 "GET /games/crash HTTP/1.1" 429 6287
DEBUG:urllib3.connectionpool:Resetting dropped connection: api.bloxflip.com
DEBUG:urllib3.connectionpool:https://api.bloxflip.com:443 "GET /games/crash HTTP/1.1" 429 6287
DEBUG:urllib3.connectionpool:Resetting dropped connection: api.bloxflip.com
DEBUG:urllib3.connectionpool:https://api.bloxflip.com:443 "GET /games/crash HTTP/1.1" 429 6266
DEBUG:urllib3.connectionpool:Resetting dropped connection: api.bloxflip.com
DEBUG:urllib3.connectionpool:https://api.bloxflip.com:443 "GET /games/crash HTTP/1.1" 429 6287
DEBUG:urllib3.connectionpool:Resetting dropped connection: api.bloxflip.com
DEBUG:urllib3.connectionpool:https://api.bloxflip.com:443 "GET /games/crash HTTP/1.1" 429 6286
DEBUG:urllib3.connectionpool:Resetting dropped connection: api.bloxflip.com
DEBUG:urllib3.connectionpool:https://api.bloxflip.com:443 "GET /games/crash HTTP/1.1" 429 6287
DEBUG:urllib3.connectionpool:Resetting dropped connection: api.bloxflip.com
DEBUG:urllib3.connectionpool:https://api.bloxflip.com:443 "GET /games/crash HTTP/1.1" 429 6287
DEBUG:urllib3.connectionpool:Resetting dropped connection: api.bloxflip.com
DEBUG:urllib3.connectionpool:https://api.bloxflip.com:443 "GET /games/crash HTTP/1.1" 429 6287
DEBUG:urllib3.connectionpool:Resetting dropped connection: api.bloxflip.com
DEBUG:urllib3.connectionpool:https://api.bloxflip.com:443 "GET /games/crash HTTP/1.1" 429 6287
DEBUG:urllib3.connectionpool:Resetting dropped connection: api.bloxflip.com
DEBUG:urllib3.connectionpool:https://api.bloxflip.com:443 "GET /games/crash HTTP/1.1" 429 6266
DEBUG:urllib3.connectionpool:Resetting dropped connection: api.bloxflip.com
DEBUG:urllib3.connectionpool:https://api.bloxflip.com:443 "GET /games/crash HTTP/1.1" 429 6287
DEBUG:urllib3.connectionpool:Resetting dropped connection: api.bloxflip.com
DEBUG:urllib3.connectionpool:https://api.bloxflip.com:443 "GET /games/crash HTTP/1.1" 429 6286
DEBUG:urllib3.connectionpool:Resetting dropped connection: api.bloxflip.com
DEBUG:urllib3.connectionpool:https://api.bloxflip.com:443 "GET /games/crash HTTP/1.1" 429 6286
DEBUG:urllib3.connectionpool:Resetting dropped connection: api.bloxflip.com
DEBUG:urllib3.connectionpool:https://api.bloxflip.com:443 "GET /games/crash HTTP/1.1" 429 6287
DEBUG:urllib3.connectionpool:Resetting dropped connection: api.bloxflip.com
DEBUG:urllib3.connectionpool:https://api.bloxflip.com:443 "GET /games/crash HTTP/1.1" 429 6287
DEBUG:urllib3.connectionpool:Resetting dropped connection: api.bloxflip.com
DEBUG:urllib3.connectionpool:https://api.bloxflip.com:443 "GET /games/crash HTTP/1.1" 429 6286
DEBUG:urllib3.connectionpool:Resetting dropped connection: api.bloxflip.com
DEBUG:urllib3.connectionpool:https://api.bloxflip.com:443 "GET /games/crash HTTP/1.1" 429 6266
DEBUG:urllib3.connectionpool:Resetting dropped connection: api.bloxflip.com
DEBUG:urllib3.connectionpool:https://api.bloxflip.com:443 "GET /games/crash HTTP/1.1" 429 6287
DEBUG:urllib3.connectionpool:Resetting dropped connection: api.bloxflip.com
DEBUG:urllib3.connectionpool:https://api.bloxflip.com:443 "GET /games/crash HTTP/1.1" 429 6287
DEBUG:urllib3.connectionpool:Resetting dropped connection: api.bloxflip.com
DEBUG:urllib3.connectionpool:https://api.bloxflip.com:443 "GET /games/crash HTTP/1.1" 429 6266
DEBUG:urllib3.connectionpool:Resetting dropped connection: api.bloxflip.com
DEBUG:urllib3.connectionpool:https://api.bloxflip.com:443 "GET /games/crash HTTP/1.1" 429 6286
DEBUG:urllib3.connectionpool:Resetting dropped connection: api.bloxflip.com
DEBUG:urllib3.connectionpool:https://api.bloxflip.com:443 "GET /games/crash HTTP/1.1" 429 6266
DEBUG:urllib3.connectionpool:Resetting dropped connection: api.bloxflip.com
DEBUG:urllib3.connectionpool:https://api.bloxflip.com:443 "GET /games/crash HTTP/1.1" 429 6266
DEBUG:urllib3.connectionpool:Resetting dropped connection: api.bloxflip.com
DEBUG:urllib3.connectionpool:https://api.bloxflip.com:443 "GET /games/crash HTTP/1.1" 429 6266
DEBUG:urllib3.connectionpool:Resetting dropped connection: api.bloxflip.com
DEBUG:urllib3.connectionpool:https://api.bloxflip.com:443 "GET /games/crash HTTP/1.1" 429 6266
DEBUG:urllib3.connectionpool:Resetting dropped connection: api.bloxflip.com
DEBUG:urllib3.connectionpool:https://api.bloxflip.com:443 "GET /games/crash HTTP/1.1" 429 6286
DEBUG:urllib3.connectionpool:Resetting dropped connection: api.bloxflip.com
DEBUG:urllib3.connectionpool:https://api.bloxflip.com:443 "GET /games/crash HTTP/1.1" 429 6287
DEBUG:urllib3.connectionpool:Resetting dropped connection: api.bloxflip.com
DEBUG:urllib3.connectionpool:https://api.bloxflip.com:443 "GET /games/crash HTTP/1.1" 429 6287
DEBUG:urllib3.connectionpool:Resetting dropped connection: api.bloxflip.com
DEBUG:urllib3.connectionpool:https://api.bloxflip.com:443 "GET /games/crash HTTP/1.1" 429 6287
DEBUG:urllib3.connectionpool:Resetting dropped connection: api.bloxflip.com
DEBUG:urllib3.connectionpool:https://api.bloxflip.com:443 "GET /games/crash HTTP/1.1" 429 6287
DEBUG:urllib3.connectionpool:Resetting dropped connection: api.bloxflip.com
DEBUG:urllib3.connectionpool:https://api.bloxflip.com:443 "GET /games/crash HTTP/1.1" 429 6266
DEBUG:urllib3.connectionpool:Resetting dropped connection: api.bloxflip.com
DEBUG:urllib3.connectionpool:https://api.bloxflip.com:443 "GET /games/crash HTTP/1.1" 429 6266
DEBUG:urllib3.connectionpool:Resetting dropped connection: api.bloxflip.com
DEBUG:urllib3.connectionpool:https://api.bloxflip.com:443 "GET /games/crash HTTP/1.1" 429 6287
DEBUG:urllib3.connectionpool:Resetting dropped connection: api.bloxflip.com
DEBUG:urllib3.connectionpool:https://api.bloxflip.com:443 "GET /games/crash HTTP/1.1" 429 6266
DEBUG:urllib3.connectionpool:Resetting dropped connection: api.bloxflip.com
DEBUG:urllib3.connectionpool:https://api.bloxflip.com:443 "GET /games/crash HTTP/1.1" 429 6266
DEBUG:urllib3.connectionpool:Resetting dropped connection: api.bloxflip.com
DEBUG:urllib3.connectionpool:https://api.bloxflip.com:443 "GET /games/crash HTTP/1.1" 429 6266
DEBUG:urllib3.connectionpool:Resetting dropped connection: api.bloxflip.com
DEBUG:urllib3.connectionpool:https://api.bloxflip.com:443 "GET /games/crash HTTP/1.1" 429 6287
DEBUG:urllib3.connectionpool:Resetting dropped connection: api.bloxflip.com
DEBUG:urllib3.connectionpool:https://api.bloxflip.com:443 "GET /games/crash HTTP/1.1" 429 6266
DEBUG:urllib3.connectionpool:Resetting dropped connection: api.bloxflip.com
DEBUG:urllib3.connectionpool:https://api.bloxflip.com:443 "GET /games/crash HTTP/1.1" 429 6287
DEBUG:urllib3.connectionpool:Resetting dropped connection: api.bloxflip.com
DEBUG:urllib3.connectionpool:https://api.bloxflip.com:443 "GET /games/crash HTTP/1.1" 429 6266
DEBUG:urllib3.connectionpool:Resetting dropped connection: api.bloxflip.com
DEBUG:urllib3.connectionpool:https://api.bloxflip.com:443 "GET /games/crash HTTP/1.1" 429 6266
DEBUG:urllib3.connectionpool:Resetting dropped connection: api.bloxflip.com
DEBUG:urllib3.connectionpool:https://api.bloxflip.com:443 "GET /games/crash HTTP/1.1" 429 6287
DEBUG:urllib3.connectionpool:Resetting dropped connection: api.bloxflip.com
DEBUG:urllib3.connectionpool:https://api.bloxflip.com:443 "GET /games/crash HTTP/1.1" 429 6287
DEBUG:urllib3.connectionpool:Resetting dropped connection: api.bloxflip.com
DEBUG:urllib3.connectionpool:https://api.bloxflip.com:443 "GET /games/crash HTTP/1.1" 429 6286
DEBUG:urllib3.connectionpool:Resetting dropped connection: api.bloxflip.com
DEBUG:urllib3.connectionpool:https://api.bloxflip.com:443 "GET /games/crash HTTP/1.1" 429 6266
DEBUG:urllib3.connectionpool:Resetting dropped connection: api.bloxflip.com
DEBUG:urllib3.connectionpool:https://api.bloxflip.com:443 "GET /games/crash HTTP/1.1" 429 6287
DEBUG:urllib3.connectionpool:Resetting dropped connection: api.bloxflip.com
DEBUG:urllib3.connectionpool:https://api.bloxflip.com:443 "GET /games/crash HTTP/1.1" 429 6266
DEBUG:urllib3.connectionpool:Resetting dropped connection: api.bloxflip.com
DEBUG:urllib3.connectionpool:https://api.bloxflip.com:443 "GET /games/crash HTTP/1.1" 429 6287
DEBUG:urllib3.connectionpool:Resetting dropped connection: api.bloxflip.com
DEBUG:urllib3.connectionpool:https://api.bloxflip.com:443 "GET /games/crash HTTP/1.1" 429 6266
DEBUG:urllib3.connectionpool:Resetting dropped connection: api.bloxflip.com
DEBUG:urllib3.connectionpool:https://api.bloxflip.com:443 "GET /games/crash HTTP/1.1" 429 6266
DEBUG:urllib3.connectionpool:Resetting dropped connection: api.bloxflip.com
DEBUG:urllib3.connectionpool:https://api.bloxflip.com:443 "GET /games/crash HTTP/1.1" 429 6287
DEBUG:urllib3.connectionpool:Resetting dropped connection: api.bloxflip.com
DEBUG:urllib3.connectionpool:https://api.bloxflip.com:443 "GET /games/crash HTTP/1.1" 429 6266
DEBUG:urllib3.connectionpool:Resetting dropped connection: api.bloxflip.com
DEBUG:urllib3.connectionpool:https://api.bloxflip.com:443 "GET /games/crash HTTP/1.1" 429 6266
DEBUG:urllib3.connectionpool:Resetting dropped connection: api.bloxflip.com
DEBUG:urllib3.connectionpool:https://api.bloxflip.com:443 "GET /games/crash HTTP/1.1" 429 6287
DEBUG:urllib3.connectionpool:Resetting dropped connection: api.bloxflip.com
DEBUG:urllib3.connectionpool:https://api.bloxflip.com:443 "GET /games/crash HTTP/1.1" 429 6266
DEBUG:urllib3.connectionpool:Resetting dropped connection: api.bloxflip.com
DEBUG:urllib3.connectionpool:https://api.bloxflip.com:443 "GET /games/crash HTTP/1.1" 429 6287
DEBUG:urllib3.connectionpool:Resetting dropped connection: api.bloxflip.com
DEBUG:urllib3.connectionpool:https://api.bloxflip.com:443 "GET /games/crash HTTP/1.1" 429 6287
DEBUG:urllib3.connectionpool:Resetting dropped connection: api.bloxflip.com
DEBUG:urllib3.connectionpool:https://api.bloxflip.com:443 "GET /games/crash HTTP/1.1" 429 6287
DEBUG:urllib3.connectionpool:Resetting dropped connection: api.bloxflip.com
DEBUG:urllib3.connectionpool:https://api.bloxflip.com:443 "GET /games/crash HTTP/1.1" 429 6266
DEBUG:urllib3.connectionpool:Resetting dropped connection: api.bloxflip.com
DEBUG:urllib3.connectionpool:https://api.bloxflip.com:443 "GET /games/crash HTTP/1.1" 429 6287
DEBUG:urllib3.connectionpool:Resetting dropped connection: api.bloxflip.com
DEBUG:urllib3.connectionpool:https://api.bloxflip.com:443 "GET /games/crash HTTP/1.1" 429 6287
DEBUG:urllib3.connectionpool:Resetting dropped connection: api.bloxflip.com
DEBUG:urllib3.connectionpool:https://api.bloxflip.com:443 "GET /games/crash HTTP/1.1" 429 6266
DEBUG:urllib3.connectionpool:Resetting dropped connection: api.bloxflip.com
DEBUG:urllib3.connectionpool:https://api.bloxflip.com:443 "GET /games/crash HTTP/1.1" 429 6287
DEBUG:urllib3.connectionpool:Resetting dropped connection: api.bloxflip.com
DEBUG:urllib3.connectionpool:https://api.bloxflip.com:443 "GET /games/crash HTTP/1.1" 429 6287
DEBUG:urllib3.connectionpool:Resetting dropped connection: api.bloxflip.com
DEBUG:urllib3.connectionpool:https://api.bloxflip.com:443 "GET /games/crash HTTP/1.1" 429 6287
DEBUG:urllib3.connectionpool:Resetting dropped connection: api.bloxflip.com
DEBUG:urllib3.connectionpool:https://api.bloxflip.com:443 "GET /games/crash HTTP/1.1" 429 6287
DEBUG:urllib3.connectionpool:Resetting dropped connection: api.bloxflip.com
DEBUG:urllib3.connectionpool:https://api.bloxflip.com:443 "GET /games/crash HTTP/1.1" 429 6287
DEBUG:urllib3.connectionpool:Resetting dropped connection: api.bloxflip.com
DEBUG:urllib3.connectionpool:https://api.bloxflip.com:443 "GET /games/crash HTTP/1.1" 429 6266
DEBUG:urllib3.connectionpool:Resetting dropped connection: api.bloxflip.com
DEBUG:urllib3.connectionpool:https://api.bloxflip.com:443 "GET /games/crash HTTP/1.1" 429 6263
DEBUG:urllib3.connectionpool:Resetting dropped connection: api.bloxflip.com
DEBUG:urllib3.connectionpool:https://api.bloxflip.com:443 "GET /games/crash HTTP/1.1" 429 6287
DEBUG:urllib3.connectionpool:Resetting dropped connection: api.bloxflip.com
DEBUG:urllib3.connectionpool:https://api.bloxflip.com:443 "GET /games/crash HTTP/1.1" 429 6287
DEBUG:urllib3.connectionpool:Resetting dropped connection: api.bloxflip.com
DEBUG:urllib3.connectionpool:https://api.bloxflip.com:443 "GET /games/crash HTTP/1.1" 429 6287
DEBUG:urllib3.connectionpool:Resetting dropped connection: api.bloxflip.com
DEBUG:urllib3.connectionpool:https://api.bloxflip.com:443 "GET /games/crash HTTP/1.1" 429 6266
DEBUG:urllib3.connectionpool:Resetting dropped connection: api.bloxflip.com
DEBUG:urllib3.connectionpool:https://api.bloxflip.com:443 "GET /games/crash HTTP/1.1" 429 6266
DEBUG:urllib3.connectionpool:Resetting dropped connection: api.bloxflip.com
DEBUG:urllib3.connectionpool:https://api.bloxflip.com:443 "GET /games/crash HTTP/1.1" 429 6287
DEBUG:urllib3.connectionpool:Resetting dropped connection: api.bloxflip.com
DEBUG:urllib3.connectionpool:https://api.bloxflip.com:443 "GET /games/crash HTTP/1.1" 429 6286
DEBUG:urllib3.connectionpool:Resetting dropped connection: api.bloxflip.com
DEBUG:urllib3.connectionpool:https://api.bloxflip.com:443 "GET /games/crash HTTP/1.1" 429 6265
DEBUG:urllib3.connectionpool:Resetting dropped connection: api.bloxflip.com
DEBUG:urllib3.connectionpool:https://api.bloxflip.com:443 "GET /games/crash HTTP/1.1" 429 6287
DEBUG:urllib3.connectionpool:Resetting dropped connection: api.bloxflip.com
DEBUG:urllib3.connectionpool:https://api.bloxflip.com:443 "GET /games/crash HTTP/1.1" 429 6266
DEBUG:urllib3.connectionpool:Resetting dropped connection: api.bloxflip.com
DEBUG:urllib3.connectionpool:https://api.bloxflip.com:443 "GET /games/crash HTTP/1.1" 429 6287
DEBUG:urllib3.connectionpool:Resetting dropped connection: api.bloxflip.com
DEBUG:urllib3.connectionpool:https://api.bloxflip.com:443 "GET /games/crash HTTP/1.1" 429 6287
DEBUG:urllib3.connectionpool:Resetting dropped connection: api.bloxflip.com
DEBUG:urllib3.connectionpool:https://api.bloxflip.com:443 "GET /games/crash HTTP/1.1" 429 6266
DEBUG:urllib3.connectionpool:Resetting dropped connection: api.bloxflip.com
DEBUG:urllib3.connectionpool:https://api.bloxflip.com:443 "GET /games/crash HTTP/1.1" 429 6266
DEBUG:urllib3.connectionpool:Resetting dropped connection: api.bloxflip.com
DEBUG:urllib3.connectionpool:https://api.bloxflip.com:443 "GET /games/crash HTTP/1.1" 429 6286
DEBUG:urllib3.connectionpool:Resetting dropped connection: api.bloxflip.com
DEBUG:urllib3.connectionpool:https://api.bloxflip.com:443 "GET /games/crash HTTP/1.1" 429 6287
DEBUG:urllib3.connectionpool:Resetting dropped connection: api.bloxflip.com
DEBUG:urllib3.connectionpool:https://api.bloxflip.com:443 "GET /games/crash HTTP/1.1" 429 6266
DEBUG:urllib3.connectionpool:Resetting dropped connection: api.bloxflip.com
DEBUG:urllib3.connectionpool:https://api.bloxflip.com:443 "GET /games/crash HTTP/1.1" 429 6287
DEBUG:urllib3.connectionpool:Resetting dropped connection: api.bloxflip.com
DEBUG:urllib3.connectionpool:https://api.bloxflip.com:443 "GET /games/crash HTTP/1.1" 429 6266
DEBUG:urllib3.connectionpool:Resetting dropped connection: api.bloxflip.com
DEBUG:urllib3.connectionpool:https://api.bloxflip.com:443 "GET /games/crash HTTP/1.1" 429 6287
DEBUG:urllib3.connectionpool:Resetting dropped connection: api.bloxflip.com
DEBUG:urllib3.connectionpool:https://api.bloxflip.com:443 "GET /games/crash HTTP/1.1" 429 6266
DEBUG:urllib3.connectionpool:Resetting dropped connection: api.bloxflip.com
DEBUG:urllib3.connectionpool:https://api.bloxflip.com:443 "GET /games/crash HTTP/1.1" 429 6287
DEBUG:urllib3.connectionpool:Resetting dropped connection: api.bloxflip.com
DEBUG:urllib3.connectionpool:https://api.bloxflip.com:443 "GET /games/crash HTTP/1.1" 429 6287
DEBUG:urllib3.connectionpool:Resetting dropped connection: api.bloxflip.com
DEBUG:urllib3.connectionpool:https://api.bloxflip.com:443 "GET /games/crash HTTP/1.1" 429 6266
DEBUG:urllib3.connectionpool:Resetting dropped connection: api.bloxflip.com
DEBUG:urllib3.connectionpool:https://api.bloxflip.com:443 "GET /games/crash HTTP/1.1" 429 6266
DEBUG:urllib3.connectionpool:Resetting dropped connection: api.bloxflip.com
DEBUG:urllib3.connectionpool:https://api.bloxflip.com:443 "GET /games/crash HTTP/1.1" 429 6266
DEBUG:urllib3.connectionpool:Resetting dropped connection: api.bloxflip.com
DEBUG:urllib3.connectionpool:https://api.bloxflip.com:443 "GET /games/crash HTTP/1.1" 429 6266
DEBUG:urllib3.connectionpool:Resetting dropped connection: api.bloxflip.com
DEBUG:urllib3.connectionpool:https://api.bloxflip.com:443 "GET /games/crash HTTP/1.1" 429 6287
DEBUG:urllib3.connectionpool:Resetting dropped connection: api.bloxflip.com
DEBUG:urllib3.connectionpool:https://api.bloxflip.com:443 "GET /games/crash HTTP/1.1" 429 6266
DEBUG:urllib3.connectionpool:Resetting dropped connection: api.bloxflip.com
DEBUG:urllib3.connectionpool:https://api.bloxflip.com:443 "GET /games/crash HTTP/1.1" 429 6266
DEBUG:urllib3.connectionpool:Resetting dropped connection: api.bloxflip.com
DEBUG:urllib3.connectionpool:https://api.bloxflip.com:443 "GET /games/crash HTTP/1.1" 429 6266
DEBUG:urllib3.connectionpool:Resetting dropped connection: api.bloxflip.com
DEBUG:urllib3.connectionpool:https://api.bloxflip.com:443 "GET /games/crash HTTP/1.1" 429 6286
DEBUG:urllib3.connectionpool:Resetting dropped connection: api.bloxflip.com
DEBUG:urllib3.connectionpool:https://api.bloxflip.com:443 "GET /games/crash HTTP/1.1" 429 6245
DEBUG:urllib3.connectionpool:Resetting dropped connection: api.bloxflip.com
DEBUG:urllib3.connectionpool:https://api.bloxflip.com:443 "GET /games/crash HTTP/1.1" 429 6266
DEBUG:urllib3.connectionpool:Resetting dropped connection: api.bloxflip.com
DEBUG:urllib3.connectionpool:https://api.bloxflip.com:443 "GET /games/crash HTTP/1.1" 429 6287
DEBUG:urllib3.connectionpool:Resetting dropped connection: api.bloxflip.com
DEBUG:urllib3.connectionpool:https://api.bloxflip.com:443 "GET /games/crash HTTP/1.1" 429 6265
DEBUG:urllib3.connectionpool:Resetting dropped connection: api.bloxflip.com
DEBUG:urllib3.connectionpool:https://api.bloxflip.com:443 "GET /games/crash HTTP/1.1" 429 6287
DEBUG:urllib3.connectionpool:Resetting dropped connection: api.bloxflip.com
DEBUG:urllib3.connectionpool:https://api.bloxflip.com:443 "GET /games/crash HTTP/1.1" 429 6287
DEBUG:urllib3.connectionpool:Resetting dropped connection: api.bloxflip.com
DEBUG:urllib3.connectionpool:https://api.bloxflip.com:443 "GET /games/crash HTTP/1.1" 429 6287
DEBUG:urllib3.connectionpool:Resetting dropped connection: api.bloxflip.com
DEBUG:urllib3.connectionpool:https://api.bloxflip.com:443 "GET /games/crash HTTP/1.1" 429 6266
DEBUG:urllib3.connectionpool:Resetting dropped connection: api.bloxflip.com
DEBUG:urllib3.connectionpool:https://api.bloxflip.com:443 "GET /games/crash HTTP/1.1" 429 6266
DEBUG:urllib3.connectionpool:Resetting dropped connection: api.bloxflip.com
DEBUG:urllib3.connectionpool:https://api.bloxflip.com:443 "GET /games/crash HTTP/1.1" 429 6266
DEBUG:urllib3.connectionpool:Resetting dropped connection: api.bloxflip.com
DEBUG:urllib3.connectionpool:https://api.bloxflip.com:443 "GET /games/crash HTTP/1.1" 429 6287
DEBUG:urllib3.connectionpool:Resetting dropped connection: api.bloxflip.com
DEBUG:urllib3.connectionpool:https://api.bloxflip.com:443 "GET /games/crash HTTP/1.1" 429 6287
DEBUG:urllib3.connectionpool:Resetting dropped connection: api.bloxflip.com
DEBUG:urllib3.connectionpool:https://api.bloxflip.com:443 "GET /games/crash HTTP/1.1" 429 6266
DEBUG:urllib3.connectionpool:Resetting dropped connection: api.bloxflip.com
DEBUG:urllib3.connectionpool:https://api.bloxflip.com:443 "GET /games/crash HTTP/1.1" 429 6266
DEBUG:urllib3.connectionpool:Resetting dropped connection: api.bloxflip.com
DEBUG:urllib3.connectionpool:https://api.bloxflip.com:443 "GET /games/crash HTTP/1.1" 429 6287
DEBUG:urllib3.connectionpool:Resetting dropped connection: api.bloxflip.com
DEBUG:urllib3.connectionpool:https://api.bloxflip.com:443 "GET /games/crash HTTP/1.1" 429 6287
DEBUG:urllib3.connectionpool:Resetting dropped connection: api.bloxflip.com
DEBUG:urllib3.connectionpool:https://api.bloxflip.com:443 "GET /games/crash HTTP/1.1" 429 6266
DEBUG:urllib3.connectionpool:Resetting dropped connection: api.bloxflip.com
DEBUG:urllib3.connectionpool:https://api.bloxflip.com:443 "GET /games/crash HTTP/1.1" 429 6287
DEBUG:urllib3.connectionpool:Resetting dropped connection: api.bloxflip.com
DEBUG:urllib3.connectionpool:https://api.bloxflip.com:443 "GET /games/crash HTTP/1.1" 429 6287
DEBUG:urllib3.connectionpool:Resetting dropped connection: api.bloxflip.com
DEBUG:urllib3.connectionpool:https://api.bloxflip.com:443 "GET /games/crash HTTP/1.1" 429 6287
DEBUG:urllib3.connectionpool:Resetting dropped connection: api.bloxflip.com
DEBUG:urllib3.connectionpool:https://api.bloxflip.com:443 "GET /games/crash HTTP/1.1" 429 6265
DEBUG:urllib3.connectionpool:Resetting dropped connection: api.bloxflip.com
DEBUG:urllib3.connectionpool:https://api.bloxflip.com:443 "GET /games/crash HTTP/1.1" 429 6266
DEBUG:urllib3.connectionpool:Resetting dropped connection: api.bloxflip.com
DEBUG:urllib3.connectionpool:https://api.bloxflip.com:443 "GET /games/crash HTTP/1.1" 429 6287
DEBUG:urllib3.connectionpool:Resetting dropped connection: api.bloxflip.com
DEBUG:urllib3.connectionpool:https://api.bloxflip.com:443 "GET /games/crash HTTP/1.1" 429 6287
DEBUG:urllib3.connectionpool:Resetting dropped connection: api.bloxflip.com
DEBUG:urllib3.connectionpool:https://api.bloxflip.com:443 "GET /games/crash HTTP/1.1" 429 6266
DEBUG:urllib3.connectionpool:Resetting dropped connection: api.bloxflip.com
DEBUG:urllib3.connectionpool:https://api.bloxflip.com:443 "GET /games/crash HTTP/1.1" 429 6287
DEBUG:urllib3.connectionpool:Resetting dropped connection: api.bloxflip.com
DEBUG:urllib3.connectionpool:https://api.bloxflip.com:443 "GET /games/crash HTTP/1.1" 429 6287
DEBUG:urllib3.connectionpool:Resetting dropped connection: api.bloxflip.com
DEBUG:urllib3.connectionpool:https://api.bloxflip.com:443 "GET /games/crash HTTP/1.1" 429 6266
DEBUG:urllib3.connectionpool:Resetting dropped connection: api.bloxflip.com
DEBUG:urllib3.connectionpool:https://api.bloxflip.com:443 "GET /games/crash HTTP/1.1" 429 6266
DEBUG:urllib3.connectionpool:Resetting dropped connection: api.bloxflip.com
DEBUG:urllib3.connectionpool:https://api.bloxflip.com:443 "GET /games/crash HTTP/1.1" 429 6287
DEBUG:urllib3.connectionpool:Resetting dropped connection: api.bloxflip.com
DEBUG:urllib3.connectionpool:https://api.bloxflip.com:443 "GET /games/crash HTTP/1.1" 429 6287
DEBUG:urllib3.connectionpool:Resetting dropped connection: api.bloxflip.com
DEBUG:urllib3.connectionpool:https://api.bloxflip.com:443 "GET /games/crash HTTP/1.1" 429 6287
DEBUG:urllib3.connectionpool:Resetting dropped connection: api.bloxflip.com
DEBUG:urllib3.connectionpool:https://api.bloxflip.com:443 "GET /games/crash HTTP/1.1" 429 6266
DEBUG:urllib3.connectionpool:Resetting dropped connection: api.bloxflip.com
DEBUG:urllib3.connectionpool:https://api.bloxflip.com:443 "GET /games/crash HTTP/1.1" 429 6287
DEBUG:urllib3.connectionpool:Resetting dropped connection: api.bloxflip.com
DEBUG:urllib3.connectionpool:https://api.bloxflip.com:443 "GET /games/crash HTTP/1.1" 429 6287
DEBUG:urllib3.connectionpool:Resetting dropped connection: api.bloxflip.com
DEBUG:urllib3.connectionpool:https://api.bloxflip.com:443 "GET /games/crash HTTP/1.1" 429 6287
DEBUG:urllib3.connectionpool:Resetting dropped connection: api.bloxflip.com
DEBUG:urllib3.connectionpool:https://api.bloxflip.com:443 "GET /games/crash HTTP/1.1" 429 6266
DEBUG:urllib3.connectionpool:Resetting dropped connection: api.bloxflip.com
DEBUG:urllib3.connectionpool:https://api.bloxflip.com:443 "GET /games/crash HTTP/1.1" 429 6287
DEBUG:urllib3.connectionpool:Resetting dropped connection: api.bloxflip.com
DEBUG:urllib3.connectionpool:https://api.bloxflip.com:443 "GET /games/crash HTTP/1.1" 429 6287
DEBUG:urllib3.connectionpool:Resetting dropped connection: api.bloxflip.com
DEBUG:urllib3.connectionpool:https://api.bloxflip.com:443 "GET /games/crash HTTP/1.1" 429 6266
DEBUG:urllib3.connectionpool:Resetting dropped connection: api.bloxflip.com
DEBUG:urllib3.connectionpool:https://api.bloxflip.com:443 "GET /games/crash HTTP/1.1" 429 6266
DEBUG:urllib3.connectionpool:Resetting dropped connection: api.bloxflip.com
DEBUG:urllib3.connectionpool:https://api.bloxflip.com:443 "GET /games/crash HTTP/1.1" 429 6266
DEBUG:urllib3.connectionpool:Resetting dropped connection: api.bloxflip.com
DEBUG:urllib3.connectionpool:https://api.bloxflip.com:443 "GET /games/crash HTTP/1.1" 429 6287
DEBUG:urllib3.connectionpool:Resetting dropped connection: api.bloxflip.com
DEBUG:urllib3.connectionpool:https://api.bloxflip.com:443 "GET /games/crash HTTP/1.1" 429 6286
DEBUG:urllib3.connectionpool:Resetting dropped connection: api.bloxflip.com
DEBUG:urllib3.connectionpool:https://api.bloxflip.com:443 "GET /games/crash HTTP/1.1" 429 6245
DEBUG:urllib3.connectionpool:Resetting dropped connection: api.bloxflip.com
DEBUG:urllib3.connectionpool:https://api.bloxflip.com:443 "GET /games/crash HTTP/1.1" 429 6287
DEBUG:urllib3.connectionpool:Resetting dropped connection: api.bloxflip.com
DEBUG:urllib3.connectionpool:https://api.bloxflip.com:443 "GET /games/crash HTTP/1.1" 429 6266
DEBUG:urllib3.connectionpool:Resetting dropped connection: api.bloxflip.com
DEBUG:urllib3.connectionpool:https://api.bloxflip.com:443 "GET /games/crash HTTP/1.1" 429 6266
DEBUG:urllib3.connectionpool:Resetting dropped connection: api.bloxflip.com
DEBUG:urllib3.connectionpool:https://api.bloxflip.com:443 "GET /games/crash HTTP/1.1" 429 6287
DEBUG:urllib3.connectionpool:Resetting dropped connection: api.bloxflip.com
DEBUG:urllib3.connectionpool:https://api.bloxflip.com:443 "GET /games/crash HTTP/1.1" 429 6287
DEBUG:urllib3.connectionpool:Resetting dropped connection: api.bloxflip.com
DEBUG:urllib3.connectionpool:https://api.bloxflip.com:443 "GET /games/crash HTTP/1.1" 429 6287
DEBUG:urllib3.connectionpool:Resetting dropped connection: api.bloxflip.com
DEBUG:urllib3.connectionpool:https://api.bloxflip.com:443 "GET /games/crash HTTP/1.1" 429 6266
DEBUG:urllib3.connectionpool:Resetting dropped connection: api.bloxflip.com
DEBUG:urllib3.connectionpool:https://api.bloxflip.com:443 "GET /games/crash HTTP/1.1" 429 6287
DEBUG:urllib3.connectionpool:Resetting dropped connection: api.bloxflip.com
DEBUG:urllib3.connectionpool:https://api.bloxflip.com:443 "GET /games/crash HTTP/1.1" 429 6287
DEBUG:urllib3.connectionpool:Resetting dropped connection: api.bloxflip.com
DEBUG:urllib3.connectionpool:https://api.bloxflip.com:443 "GET /games/crash HTTP/1.1" 429 6286
DEBUG:urllib3.connectionpool:Resetting dropped connection: api.bloxflip.com
DEBUG:urllib3.connectionpool:https://api.bloxflip.com:443 "GET /games/crash HTTP/1.1" 429 6287
DEBUG:urllib3.connectionpool:Resetting dropped connection: api.bloxflip.com
DEBUG:urllib3.connectionpool:https://api.bloxflip.com:443 "GET /games/crash HTTP/1.1" 429 6266
DEBUG:urllib3.connectionpool:Resetting dropped connection: api.bloxflip.com
DEBUG:urllib3.connectionpool:https://api.bloxflip.com:443 "GET /games/crash HTTP/1.1" 429 6265
DEBUG:urllib3.connectionpool:Resetting dropped connection: api.bloxflip.com
DEBUG:urllib3.connectionpool:https://api.bloxflip.com:443 "GET /games/crash HTTP/1.1" 429 6266
DEBUG:urllib3.connectionpool:Resetting dropped connection: api.bloxflip.com
DEBUG:urllib3.connectionpool:https://api.bloxflip.com:443 "GET /games/crash HTTP/1.1" 429 6287
DEBUG:urllib3.connectionpool:Resetting dropped connection: api.bloxflip.com
DEBUG:urllib3.connectionpool:https://api.bloxflip.com:443 "GET /games/crash HTTP/1.1" 429 6266
DEBUG:urllib3.connectionpool:Resetting dropped connection: api.bloxflip.com
DEBUG:urllib3.connectionpool:https://api.bloxflip.com:443 "GET /games/crash HTTP/1.1" 429 6286
DEBUG:urllib3.connectionpool:Resetting dropped connection: api.bloxflip.com
DEBUG:urllib3.connectionpool:https://api.bloxflip.com:443 "GET /games/crash HTTP/1.1" 429 6266
DEBUG:urllib3.connectionpool:Resetting dropped connection: api.bloxflip.com
DEBUG:urllib3.connectionpool:https://api.bloxflip.com:443 "GET /games/crash HTTP/1.1" 429 6287
DEBUG:urllib3.connectionpool:Resetting dropped connection: api.bloxflip.com
DEBUG:urllib3.connectionpool:https://api.bloxflip.com:443 "GET /games/crash HTTP/1.1" 429 6287
DEBUG:urllib3.connectionpool:Resetting dropped connection: api.bloxflip.com
DEBUG:urllib3.connectionpool:https://api.bloxflip.com:443 "GET /games/crash HTTP/1.1" 429 6287
DEBUG:urllib3.connectionpool:Resetting dropped connection: api.bloxflip.com
DEBUG:urllib3.connectionpool:https://api.bloxflip.com:443 "GET /games/crash HTTP/1.1" 429 6287
DEBUG:urllib3.connectionpool:Resetting dropped connection: api.bloxflip.com
DEBUG:urllib3.connectionpool:https://api.bloxflip.com:443 "GET /games/crash HTTP/1.1" 429 6287
DEBUG:urllib3.connectionpool:Resetting dropped connection: api.bloxflip.com
DEBUG:urllib3.connectionpool:https://api.bloxflip.com:443 "GET /games/crash HTTP/1.1" 429 6266
DEBUG:urllib3.connectionpool:Resetting dropped connection: api.bloxflip.com
DEBUG:urllib3.connectionpool:https://api.bloxflip.com:443 "GET /games/crash HTTP/1.1" 429 6287
DEBUG:urllib3.connectionpool:Resetting dropped connection: api.bloxflip.com
DEBUG:urllib3.connectionpool:https://api.bloxflip.com:443 "GET /games/crash HTTP/1.1" 429 6266
DEBUG:urllib3.connectionpool:Resetting dropped connection: api.bloxflip.com
DEBUG:urllib3.connectionpool:https://api.bloxflip.com:443 "GET /games/crash HTTP/1.1" 429 6287
DEBUG:urllib3.connectionpool:Resetting dropped connection: api.bloxflip.com
DEBUG:urllib3.connectionpool:https://api.bloxflip.com:443 "GET /games/crash HTTP/1.1" 429 6266
DEBUG:urllib3.connectionpool:Resetting dropped connection: api.bloxflip.com
DEBUG:urllib3.connectionpool:https://api.bloxflip.com:443 "GET /games/crash HTTP/1.1" 429 6266
DEBUG:urllib3.connectionpool:Resetting dropped connection: api.bloxflip.com
DEBUG:urllib3.connectionpool:https://api.bloxflip.com:443 "GET /games/crash HTTP/1.1" 429 6287
DEBUG:urllib3.connectionpool:Resetting dropped connection: api.bloxflip.com
DEBUG:urllib3.connectionpool:https://api.bloxflip.com:443 "GET /games/crash HTTP/1.1" 429 6287
DEBUG:urllib3.connectionpool:Resetting dropped connection: api.bloxflip.com
DEBUG:urllib3.connectionpool:https://api.bloxflip.com:443 "GET /games/crash HTTP/1.1" 429 6287
DEBUG:urllib3.connectionpool:Resetting dropped connection: api.bloxflip.com
DEBUG:urllib3.connectionpool:https://api.bloxflip.com:443 "GET /games/crash HTTP/1.1" 429 6266
DEBUG:urllib3.connectionpool:Resetting dropped connection: api.bloxflip.com
DEBUG:urllib3.connectionpool:https://api.bloxflip.com:443 "GET /games/crash HTTP/1.1" 429 6287
DEBUG:urllib3.connectionpool:Resetting dropped connection: api.bloxflip.com
DEBUG:urllib3.connectionpool:https://api.bloxflip.com:443 "GET /games/crash HTTP/1.1" 429 6266
DEBUG:urllib3.connectionpool:Resetting dropped connection: api.bloxflip.com
DEBUG:urllib3.connectionpool:https://api.bloxflip.com:443 "GET /games/crash HTTP/1.1" 429 6287
DEBUG:urllib3.connectionpool:Resetting dropped connection: api.bloxflip.com
DEBUG:urllib3.connectionpool:https://api.bloxflip.com:443 "GET /games/crash HTTP/1.1" 429 6287
DEBUG:urllib3.connectionpool:Resetting dropped connection: api.bloxflip.com
DEBUG:urllib3.connectionpool:https://api.bloxflip.com:443 "GET /games/crash HTTP/1.1" 429 6266
DEBUG:urllib3.connectionpool:Resetting dropped connection: api.bloxflip.com
DEBUG:urllib3.connectionpool:https://api.bloxflip.com:443 "GET /games/crash HTTP/1.1" 429 6287
DEBUG:urllib3.connectionpool:Resetting dropped connection: api.bloxflip.com
DEBUG:urllib3.connectionpool:https://api.bloxflip.com:443 "GET /games/crash HTTP/1.1" 429 6287
DEBUG:urllib3.connectionpool:Resetting dropped connection: api.bloxflip.com
DEBUG:urllib3.connectionpool:https://api.bloxflip.com:443 "GET /games/crash HTTP/1.1" 429 6265
DEBUG:urllib3.connectionpool:Resetting dropped connection: api.bloxflip.com
DEBUG:urllib3.connectionpool:https://api.bloxflip.com:443 "GET /games/crash HTTP/1.1" 429 6266
DEBUG:urllib3.connectionpool:Resetting dropped connection: api.bloxflip.com
DEBUG:urllib3.connectionpool:https://api.bloxflip.com:443 "GET /games/crash HTTP/1.1" 429 6286
DEBUG:urllib3.connectionpool:Resetting dropped connection: api.bloxflip.com
DEBUG:urllib3.connectionpool:https://api.bloxflip.com:443 "GET /games/crash HTTP/1.1" 429 6287
DEBUG:urllib3.connectionpool:Resetting dropped connection: api.bloxflip.com
DEBUG:urllib3.connectionpool:https://api.bloxflip.com:443 "GET /games/crash HTTP/1.1" 429 6266
DEBUG:urllib3.connectionpool:Resetting dropped connection: api.bloxflip.com
DEBUG:urllib3.connectionpool:https://api.bloxflip.com:443 "GET /games/crash HTTP/1.1" 429 6266
DEBUG:urllib3.connectionpool:Resetting dropped connection: api.bloxflip.com
DEBUG:urllib3.connectionpool:https://api.bloxflip.com:443 "GET /games/crash HTTP/1.1" 429 6266
DEBUG:urllib3.connectionpool:Resetting dropped connection: api.bloxflip.com
DEBUG:urllib3.connectionpool:https://api.bloxflip.com:443 "GET /games/crash HTTP/1.1" 429 6287
DEBUG:urllib3.connectionpool:Resetting dropped connection: api.bloxflip.com
DEBUG:urllib3.connectionpool:https://api.bloxflip.com:443 "GET /games/crash HTTP/1.1" 429 6287
DEBUG:urllib3.connectionpool:Resetting dropped connection: api.bloxflip.com
DEBUG:urllib3.connectionpool:https://api.bloxflip.com:443 "GET /games/crash HTTP/1.1" 429 6266
DEBUG:urllib3.connectionpool:Resetting dropped connection: api.bloxflip.com
DEBUG:urllib3.connectionpool:https://api.bloxflip.com:443 "GET /games/crash HTTP/1.1" 429 6266
DEBUG:urllib3.connectionpool:Resetting dropped connection: api.bloxflip.com
DEBUG:urllib3.connectionpool:https://api.bloxflip.com:443 "GET /games/crash HTTP/1.1" 429 6287
DEBUG:urllib3.connectionpool:Resetting dropped connection: api.bloxflip.com
DEBUG:urllib3.connectionpool:https://api.bloxflip.com:443 "GET /games/crash HTTP/1.1" 429 6266
DEBUG:urllib3.connectionpool:Resetting dropped connection: api.bloxflip.com
DEBUG:urllib3.connectionpool:https://api.bloxflip.com:443 "GET /games/crash HTTP/1.1" 429 6245
DEBUG:urllib3.connectionpool:Resetting dropped connection: api.bloxflip.com
DEBUG:urllib3.connectionpool:https://api.bloxflip.com:443 "GET /games/crash HTTP/1.1" 429 6287
DEBUG:urllib3.connectionpool:Resetting dropped connection: api.bloxflip.com
DEBUG:urllib3.connectionpool:https://api.bloxflip.com:443 "GET /games/crash HTTP/1.1" 429 6287
DEBUG:urllib3.connectionpool:Resetting dropped connection: api.bloxflip.com
DEBUG:urllib3.connectionpool:https://api.bloxflip.com:443 "GET /games/crash HTTP/1.1" 429 6287
DEBUG:urllib3.connectionpool:Resetting dropped connection: api.bloxflip.com
DEBUG:urllib3.connectionpool:https://api.bloxflip.com:443 "GET /games/crash HTTP/1.1" 429 6266
DEBUG:urllib3.connectionpool:Resetting dropped connection: api.bloxflip.com
DEBUG:urllib3.connectionpool:https://api.bloxflip.com:443 "GET /games/crash HTTP/1.1" 429 6287
DEBUG:urllib3.connectionpool:Resetting dropped connection: api.bloxflip.com
DEBUG:urllib3.connectionpool:https://api.bloxflip.com:443 "GET /games/crash HTTP/1.1" 429 6287
DEBUG:urllib3.connectionpool:Resetting dropped connection: api.bloxflip.com
DEBUG:urllib3.connectionpool:https://api.bloxflip.com:443 "GET /games/crash HTTP/1.1" 429 6266
DEBUG:urllib3.connectionpool:Resetting dropped connection: api.bloxflip.com
DEBUG:urllib3.connectionpool:https://api.bloxflip.com:443 "GET /games/crash HTTP/1.1" 429 6286
DEBUG:urllib3.connectionpool:Resetting dropped connection: api.bloxflip.com
DEBUG:urllib3.connectionpool:https://api.bloxflip.com:443 "GET /games/crash HTTP/1.1" 429 6287
DEBUG:urllib3.connectionpool:Resetting dropped connection: api.bloxflip.com
DEBUG:urllib3.connectionpool:https://api.bloxflip.com:443 "GET /games/crash HTTP/1.1" 429 6266
DEBUG:urllib3.connectionpool:Resetting dropped connection: api.bloxflip.com
DEBUG:urllib3.connectionpool:https://api.bloxflip.com:443 "GET /games/crash HTTP/1.1" 429 6287
DEBUG:urllib3.connectionpool:Resetting dropped connection: api.bloxflip.com
DEBUG:urllib3.connectionpool:https://api.bloxflip.com:443 "GET /games/crash HTTP/1.1" 429 6287
DEBUG:urllib3.connectionpool:Resetting dropped connection: api.bloxflip.com
DEBUG:urllib3.connectionpool:https://api.bloxflip.com:443 "GET /games/crash HTTP/1.1" 429 6266
DEBUG:urllib3.connectionpool:Resetting dropped connection: api.bloxflip.com
DEBUG:urllib3.connectionpool:https://api.bloxflip.com:443 "GET /games/crash HTTP/1.1" 429 6287
DEBUG:urllib3.connectionpool:Resetting dropped connection: api.bloxflip.com
DEBUG:urllib3.connectionpool:https://api.bloxflip.com:443 "GET /games/crash HTTP/1.1" 429 6287
DEBUG:urllib3.connectionpool:Resetting dropped connection: api.bloxflip.com
DEBUG:urllib3.connectionpool:https://api.bloxflip.com:443 "GET /games/crash HTTP/1.1" 429 6266
DEBUG:urllib3.connectionpool:Resetting dropped connection: api.bloxflip.com
DEBUG:urllib3.connectionpool:https://api.bloxflip.com:443 "GET /games/crash HTTP/1.1" 429 6266
DEBUG:urllib3.connectionpool:Resetting dropped connection: api.bloxflip.com
DEBUG:urllib3.connectionpool:https://api.bloxflip.com:443 "GET /games/crash HTTP/1.1" 429 6266
DEBUG:urllib3.connectionpool:Resetting dropped connection: api.bloxflip.com
DEBUG:urllib3.connectionpool:https://api.bloxflip.com:443 "GET /games/crash HTTP/1.1" 429 6287
DEBUG:urllib3.connectionpool:Resetting dropped connection: api.bloxflip.com
DEBUG:urllib3.connectionpool:https://api.bloxflip.com:443 "GET /games/crash HTTP/1.1" 429 6266
DEBUG:urllib3.connectionpool:Resetting dropped connection: api.bloxflip.com
DEBUG:urllib3.connectionpool:https://api.bloxflip.com:443 "GET /games/crash HTTP/1.1" 429 6287
DEBUG:urllib3.connectionpool:Resetting dropped connection: api.bloxflip.com
DEBUG:urllib3.connectionpool:https://api.bloxflip.com:443 "GET /games/crash HTTP/1.1" 429 6287
DEBUG:urllib3.connectionpool:Resetting dropped connection: api.bloxflip.com
DEBUG:urllib3.connectionpool:https://api.bloxflip.com:443 "GET /games/crash HTTP/1.1" 429 6266
DEBUG:urllib3.connectionpool:Resetting dropped connection: api.bloxflip.com
DEBUG:urllib3.connectionpool:https://api.bloxflip.com:443 "GET /games/crash HTTP/1.1" 429 6287
DEBUG:urllib3.connectionpool:Resetting dropped connection: api.bloxflip.com
DEBUG:urllib3.connectionpool:https://api.bloxflip.com:443 "GET /games/crash HTTP/1.1" 429 6287
DEBUG:urllib3.connectionpool:Resetting dropped connection: api.bloxflip.com
DEBUG:urllib3.connectionpool:https://api.bloxflip.com:443 "GET /games/crash HTTP/1.1" 429 6287
DEBUG:urllib3.connectionpool:Resetting dropped connection: api.bloxflip.com
DEBUG:urllib3.connectionpool:https://api.bloxflip.com:443 "GET /games/crash HTTP/1.1" 429 6266
DEBUG:urllib3.connectionpool:Resetting dropped connection: api.bloxflip.com
DEBUG:urllib3.connectionpool:https://api.bloxflip.com:443 "GET /games/crash HTTP/1.1" 429 6266
DEBUG:urllib3.connectionpool:Resetting dropped connection: api.bloxflip.com
DEBUG:urllib3.connectionpool:https://api.bloxflip.com:443 "GET /games/crash HTTP/1.1" 429 6287
DEBUG:urllib3.connectionpool:Resetting dropped connection: api.bloxflip.com
DEBUG:urllib3.connectionpool:https://api.bloxflip.com:443 "GET /games/crash HTTP/1.1" 429 6266
DEBUG:urllib3.connectionpool:Resetting dropped connection: api.bloxflip.com
DEBUG:urllib3.connectionpool:https://api.bloxflip.com:443 "GET /games/crash HTTP/1.1" 429 6265
DEBUG:urllib3.connectionpool:Resetting dropped connection: api.bloxflip.com
DEBUG:urllib3.connectionpool:https://api.bloxflip.com:443 "GET /games/crash HTTP/1.1" 429 6266
DEBUG:urllib3.connectionpool:Resetting dropped connection: api.bloxflip.com
DEBUG:urllib3.connectionpool:https://api.bloxflip.com:443 "GET /games/crash HTTP/1.1" 429 6287
DEBUG:urllib3.connectionpool:Resetting dropped connection: api.bloxflip.com
DEBUG:urllib3.connectionpool:https://api.bloxflip.com:443 "GET /games/crash HTTP/1.1" 429 6266
DEBUG:urllib3.connectionpool:Resetting dropped connection: api.bloxflip.com
DEBUG:urllib3.connectionpool:https://api.bloxflip.com:443 "GET /games/crash HTTP/1.1" 429 6266
DEBUG:urllib3.connectionpool:Resetting dropped connection: api.bloxflip.com
DEBUG:urllib3.connectionpool:https://api.bloxflip.com:443 "GET /games/crash HTTP/1.1" 429 6266
DEBUG:urllib3.connectionpool:Resetting dropped connection: api.bloxflip.com
DEBUG:urllib3.connectionpool:https://api.bloxflip.com:443 "GET /games/crash HTTP/1.1" 429 6287
DEBUG:urllib3.connectionpool:Resetting dropped connection: api.bloxflip.com
DEBUG:urllib3.connectionpool:https://api.bloxflip.com:443 "GET /games/crash HTTP/1.1" 429 6287
DEBUG:urllib3.connectionpool:Resetting dropped connection: api.bloxflip.com
DEBUG:urllib3.connectionpool:https://api.bloxflip.com:443 "GET /games/crash HTTP/1.1" 429 6287
DEBUG:urllib3.connectionpool:Resetting dropped connection: api.bloxflip.com
DEBUG:urllib3.connectionpool:https://api.bloxflip.com:443 "GET /games/crash HTTP/1.1" 429 6266
DEBUG:urllib3.connectionpool:Resetting dropped connection: api.bloxflip.com
DEBUG:urllib3.connectionpool:https://api.bloxflip.com:443 "GET /games/crash HTTP/1.1" 429 6287
DEBUG:urllib3.connectionpool:Resetting dropped connection: api.bloxflip.com
DEBUG:urllib3.connectionpool:https://api.bloxflip.com:443 "GET /games/crash HTTP/1.1" 429 6287
DEBUG:urllib3.connectionpool:Resetting dropped connection: api.bloxflip.com
DEBUG:urllib3.connectionpool:https://api.bloxflip.com:443 "GET /games/crash HTTP/1.1" 429 6285
DEBUG:urllib3.connectionpool:Resetting dropped connection: api.bloxflip.com
DEBUG:urllib3.connectionpool:https://api.bloxflip.com:443 "GET /games/crash HTTP/1.1" 429 6266
DEBUG:urllib3.connectionpool:Resetting dropped connection: api.bloxflip.com
DEBUG:urllib3.connectionpool:https://api.bloxflip.com:443 "GET /games/crash HTTP/1.1" 429 6287
DEBUG:urllib3.connectionpool:Resetting dropped connection: api.bloxflip.com
DEBUG:urllib3.connectionpool:https://api.bloxflip.com:443 "GET /games/crash HTTP/1.1" 429 6266
DEBUG:urllib3.connectionpool:Resetting dropped connection: api.bloxflip.com
DEBUG:urllib3.connectionpool:https://api.bloxflip.com:443 "GET /games/crash HTTP/1.1" 429 6287
DEBUG:urllib3.connectionpool:Resetting dropped connection: api.bloxflip.com
DEBUG:urllib3.connectionpool:https://api.bloxflip.com:443 "GET /games/crash HTTP/1.1" 429 6266
DEBUG:urllib3.connectionpool:Resetting dropped connection: api.bloxflip.com
DEBUG:urllib3.connectionpool:https://api.bloxflip.com:443 "GET /games/crash HTTP/1.1" 429 6287
DEBUG:urllib3.connectionpool:Resetting dropped connection: api.bloxflip.com
DEBUG:urllib3.connectionpool:https://api.bloxflip.com:443 "GET /games/crash HTTP/1.1" 429 6266
DEBUG:urllib3.connectionpool:Resetting dropped connection: api.bloxflip.com
DEBUG:urllib3.connectionpool:https://api.bloxflip.com:443 "GET /games/crash HTTP/1.1" 429 6287
DEBUG:urllib3.connectionpool:Resetting dropped connection: api.bloxflip.com
DEBUG:urllib3.connectionpool:https://api.bloxflip.com:443 "GET /games/crash HTTP/1.1" 429 6287
DEBUG:urllib3.connectionpool:Resetting dropped connection: api.bloxflip.com
DEBUG:urllib3.connectionpool:https://api.bloxflip.com:443 "GET /games/crash HTTP/1.1" 429 6287
DEBUG:urllib3.connectionpool:Resetting dropped connection: api.bloxflip.com
DEBUG:urllib3.connectionpool:https://api.bloxflip.com:443 "GET /games/crash HTTP/1.1" 429 6266
DEBUG:urllib3.connectionpool:Resetting dropped connection: api.bloxflip.com
DEBUG:urllib3.connectionpool:https://api.bloxflip.com:443 "GET /games/crash HTTP/1.1" 429 6266
DEBUG:urllib3.connectionpool:Resetting dropped connection: api.bloxflip.com
DEBUG:urllib3.connectionpool:https://api.bloxflip.com:443 "GET /games/crash HTTP/1.1" 429 6266
DEBUG:urllib3.connectionpool:Resetting dropped connection: api.bloxflip.com
DEBUG:urllib3.connectionpool:https://api.bloxflip.com:443 "GET /games/crash HTTP/1.1" 429 6266
DEBUG:urllib3.connectionpool:Resetting dropped connection: api.bloxflip.com
DEBUG:urllib3.connectionpool:https://api.bloxflip.com:443 "GET /games/crash HTTP/1.1" 429 6287
DEBUG:urllib3.connectionpool:Resetting dropped connection: api.bloxflip.com
DEBUG:urllib3.connectionpool:https://api.bloxflip.com:443 "GET /games/crash HTTP/1.1" 429 6266
DEBUG:urllib3.connectionpool:Resetting dropped connection: api.bloxflip.com
DEBUG:urllib3.connectionpool:https://api.bloxflip.com:443 "GET /games/crash HTTP/1.1" 429 6265
DEBUG:urllib3.connectionpool:Resetting dropped connection: api.bloxflip.com
DEBUG:urllib3.connectionpool:https://api.bloxflip.com:443 "GET /games/crash HTTP/1.1" 429 6266
DEBUG:urllib3.connectionpool:Resetting dropped connection: api.bloxflip.com
DEBUG:urllib3.connectionpool:https://api.bloxflip.com:443 "GET /games/crash HTTP/1.1" 429 6287
DEBUG:urllib3.connectionpool:Resetting dropped connection: api.bloxflip.com
DEBUG:urllib3.connectionpool:https://api.bloxflip.com:443 "GET /games/crash HTTP/1.1" 429 6287
DEBUG:urllib3.connectionpool:Resetting dropped connection: api.bloxflip.com
DEBUG:urllib3.connectionpool:https://api.bloxflip.com:443 "GET /games/crash HTTP/1.1" 429 6266
DEBUG:urllib3.connectionpool:Resetting dropped connection: api.bloxflip.com
DEBUG:urllib3.connectionpool:https://api.bloxflip.com:443 "GET /games/crash HTTP/1.1" 429 6266
DEBUG:urllib3.connectionpool:Resetting dropped connection: api.bloxflip.com
DEBUG:urllib3.connectionpool:https://api.bloxflip.com:443 "GET /games/crash HTTP/1.1" 429 6266
DEBUG:urllib3.connectionpool:Resetting dropped connection: api.bloxflip.com
DEBUG:urllib3.connectionpool:https://api.bloxflip.com:443 "GET /games/crash HTTP/1.1" 429 6287
DEBUG:urllib3.connectionpool:Resetting dropped connection: api.bloxflip.com
DEBUG:urllib3.connectionpool:https://api.bloxflip.com:443 "GET /games/crash HTTP/1.1" 429 6266
DEBUG:urllib3.connectionpool:Resetting dropped connection: api.bloxflip.com
DEBUG:urllib3.connectionpool:https://api.bloxflip.com:443 "GET /games/crash HTTP/1.1" 429 6266
DEBUG:urllib3.connectionpool:Resetting dropped connection: api.bloxflip.com
DEBUG:urllib3.connectionpool:https://api.bloxflip.com:443 "GET /games/crash HTTP/1.1" 429 6287
DEBUG:urllib3.connectionpool:Resetting dropped connection: api.bloxflip.com
DEBUG:urllib3.connectionpool:https://api.bloxflip.com:443 "GET /games/crash HTTP/1.1" 429 6287
DEBUG:urllib3.connectionpool:Resetting dropped connection: api.bloxflip.com
DEBUG:urllib3.connectionpool:https://api.bloxflip.com:443 "GET /games/crash HTTP/1.1" 429 6287
DEBUG:urllib3.connectionpool:Resetting dropped connection: api.bloxflip.com
DEBUG:urllib3.connectionpool:https://api.bloxflip.com:443 "GET /games/crash HTTP/1.1" 429 6287
DEBUG:urllib3.connectionpool:Resetting dropped connection: api.bloxflip.com
DEBUG:urllib3.connectionpool:https://api.bloxflip.com:443 "GET /games/crash HTTP/1.1" 429 6286
DEBUG:urllib3.connectionpool:Resetting dropped connection: api.bloxflip.com
DEBUG:urllib3.connectionpool:https://api.bloxflip.com:443 "GET /games/crash HTTP/1.1" 429 6266
DEBUG:urllib3.connectionpool:Resetting dropped connection: api.bloxflip.com
DEBUG:urllib3.connectionpool:https://api.bloxflip.com:443 "GET /games/crash HTTP/1.1" 429 6265
DEBUG:urllib3.connectionpool:Resetting dropped connection: api.bloxflip.com
DEBUG:urllib3.connectionpool:https://api.bloxflip.com:443 "GET /games/crash HTTP/1.1" 429 6286
DEBUG:urllib3.connectionpool:Resetting dropped connection: api.bloxflip.com
DEBUG:urllib3.connectionpool:https://api.bloxflip.com:443 "GET /games/crash HTTP/1.1" 429 6287
DEBUG:urllib3.connectionpool:Resetting dropped connection: api.bloxflip.com
DEBUG:urllib3.connectionpool:https://api.bloxflip.com:443 "GET /games/crash HTTP/1.1" 429 6287
DEBUG:urllib3.connectionpool:Resetting dropped connection: api.bloxflip.com
DEBUG:urllib3.connectionpool:https://api.bloxflip.com:443 "GET /games/crash HTTP/1.1" 429 6266
DEBUG:urllib3.connectionpool:Resetting dropped connection: api.bloxflip.com
DEBUG:urllib3.connectionpool:https://api.bloxflip.com:443 "GET /games/crash HTTP/1.1" 429 6266
DEBUG:urllib3.connectionpool:Resetting dropped connection: api.bloxflip.com
DEBUG:urllib3.connectionpool:https://api.bloxflip.com:443 "GET /games/crash HTTP/1.1" 429 6287
DEBUG:urllib3.connectionpool:Resetting dropped connection: api.bloxflip.com
DEBUG:urllib3.connectionpool:https://api.bloxflip.com:443 "GET /games/crash HTTP/1.1" 429 6287
DEBUG:urllib3.connectionpool:Resetting dropped connection: api.bloxflip.com
DEBUG:urllib3.connectionpool:https://api.bloxflip.com:443 "GET /games/crash HTTP/1.1" 429 6287
DEBUG:urllib3.connectionpool:Resetting dropped connection: api.bloxflip.com
DEBUG:urllib3.connectionpool:https://api.bloxflip.com:443 "GET /games/crash HTTP/1.1" 429 6287
DEBUG:urllib3.connectionpool:Resetting dropped connection: api.bloxflip.com
DEBUG:urllib3.connectionpool:https://api.bloxflip.com:443 "GET /games/crash HTTP/1.1" 429 6266
DEBUG:urllib3.connectionpool:Resetting dropped connection: api.bloxflip.com
DEBUG:urllib3.connectionpool:https://api.bloxflip.com:443 "GET /games/crash HTTP/1.1" 429 6266
DEBUG:urllib3.connectionpool:Resetting dropped connection: api.bloxflip.com
DEBUG:urllib3.connectionpool:https://api.bloxflip.com:443 "GET /games/crash HTTP/1.1" 429 6286
DEBUG:urllib3.connectionpool:Resetting dropped connection: api.bloxflip.com
DEBUG:urllib3.connectionpool:https://api.bloxflip.com:443 "GET /games/crash HTTP/1.1" 429 6287
DEBUG:urllib3.connectionpool:Resetting dropped connection: api.bloxflip.com
DEBUG:urllib3.connectionpool:https://api.bloxflip.com:443 "GET /games/crash HTTP/1.1" 429 6287
DEBUG:urllib3.connectionpool:Resetting dropped connection: api.bloxflip.com
DEBUG:urllib3.connectionpool:https://api.bloxflip.com:443 "GET /games/crash HTTP/1.1" 429 6287
DEBUG:urllib3.connectionpool:Resetting dropped connection: api.bloxflip.com
DEBUG:urllib3.connectionpool:https://api.bloxflip.com:443 "GET /games/crash HTTP/1.1" 429 6266
DEBUG:urllib3.connectionpool:Resetting dropped connection: api.bloxflip.com
DEBUG:urllib3.connectionpool:https://api.bloxflip.com:443 "GET /games/crash HTTP/1.1" 429 6266
DEBUG:urllib3.connectionpool:Resetting dropped connection: api.bloxflip.com
DEBUG:urllib3.connectionpool:https://api.bloxflip.com:443 "GET /games/crash HTTP/1.1" 429 6287
DEBUG:urllib3.connectionpool:Resetting dropped connection: api.bloxflip.com
DEBUG:urllib3.connectionpool:https://api.bloxflip.com:443 "GET /games/crash HTTP/1.1" 429 6287
DEBUG:urllib3.connectionpool:Resetting dropped connection: api.bloxflip.com
DEBUG:urllib3.connectionpool:https://api.bloxflip.com:443 "GET /games/crash HTTP/1.1" 429 6266
DEBUG:urllib3.connectionpool:Resetting dropped connection: api.bloxflip.com
DEBUG:urllib3.connectionpool:https://api.bloxflip.com:443 "GET /games/crash HTTP/1.1" 429 6266
DEBUG:urllib3.connectionpool:Resetting dropped connection: api.bloxflip.com
DEBUG:urllib3.connectionpool:https://api.bloxflip.com:443 "GET /games/crash HTTP/1.1" 429 6287
DEBUG:urllib3.connectionpool:Resetting dropped connection: api.bloxflip.com
DEBUG:urllib3.connectionpool:https://api.bloxflip.com:443 "GET /games/crash HTTP/1.1" 429 6287
DEBUG:urllib3.connectionpool:Resetting dropped connection: api.bloxflip.com
DEBUG:urllib3.connectionpool:https://api.bloxflip.com:443 "GET /games/crash HTTP/1.1" 429 6287
DEBUG:urllib3.connectionpool:Resetting dropped connection: api.bloxflip.com
DEBUG:urllib3.connectionpool:https://api.bloxflip.com:443 "GET /games/crash HTTP/1.1" 429 6286
DEBUG:urllib3.connectionpool:Resetting dropped connection: api.bloxflip.com
DEBUG:urllib3.connectionpool:https://api.bloxflip.com:443 "GET /games/crash HTTP/1.1" 429 6266
DEBUG:urllib3.connectionpool:Resetting dropped connection: api.bloxflip.com
DEBUG:urllib3.connectionpool:https://api.bloxflip.com:443 "GET /games/crash HTTP/1.1" 429 6266
DEBUG:urllib3.connectionpool:Resetting dropped connection: api.bloxflip.com
DEBUG:urllib3.connectionpool:https://api.bloxflip.com:443 "GET /games/crash HTTP/1.1" 429 6287
DEBUG:urllib3.connectionpool:Resetting dropped connection: api.bloxflip.com
DEBUG:urllib3.connectionpool:https://api.bloxflip.com:443 "GET /games/crash HTTP/1.1" 429 6287
DEBUG:urllib3.connectionpool:Resetting dropped connection: api.bloxflip.com
DEBUG:urllib3.connectionpool:https://api.bloxflip.com:443 "GET /games/crash HTTP/1.1" 429 6287
DEBUG:urllib3.connectionpool:Resetting dropped connection: api.bloxflip.com
DEBUG:urllib3.connectionpool:https://api.bloxflip.com:443 "GET /games/crash HTTP/1.1" 429 6286
DEBUG:urllib3.connectionpool:Resetting dropped connection: api.bloxflip.com
DEBUG:urllib3.connectionpool:https://api.bloxflip.com:443 "GET /games/crash HTTP/1.1" 429 6287
DEBUG:urllib3.connectionpool:Resetting dropped connection: api.bloxflip.com
DEBUG:urllib3.connectionpool:https://api.bloxflip.com:443 "GET /games/crash HTTP/1.1" 429 6287
DEBUG:urllib3.connectionpool:Resetting dropped connection: api.bloxflip.com
DEBUG:urllib3.connectionpool:https://api.bloxflip.com:443 "GET /games/crash HTTP/1.1" 429 6287
DEBUG:urllib3.connectionpool:Resetting dropped connection: api.bloxflip.com
DEBUG:urllib3.connectionpool:https://api.bloxflip.com:443 "GET /games/crash HTTP/1.1" 429 6285
DEBUG:urllib3.connectionpool:Resetting dropped connection: api.bloxflip.com
DEBUG:urllib3.connectionpool:https://api.bloxflip.com:443 "GET /games/crash HTTP/1.1" 429 6266
DEBUG:urllib3.connectionpool:Resetting dropped connection: api.bloxflip.com
DEBUG:urllib3.connectionpool:https://api.bloxflip.com:443 "GET /games/crash HTTP/1.1" 429 6287
DEBUG:urllib3.connectionpool:Resetting dropped connection: api.bloxflip.com
DEBUG:urllib3.connectionpool:https://api.bloxflip.com:443 "GET /games/crash HTTP/1.1" 429 6286
DEBUG:urllib3.connectionpool:Resetting dropped connection: api.bloxflip.com
DEBUG:urllib3.connectionpool:https://api.bloxflip.com:443 "GET /games/crash HTTP/1.1" 429 6265
DEBUG:urllib3.connectionpool:Resetting dropped connection: api.bloxflip.com
DEBUG:urllib3.connectionpool:https://api.bloxflip.com:443 "GET /games/crash HTTP/1.1" 429 6265
DEBUG:urllib3.connectionpool:Resetting dropped connection: api.bloxflip.com
DEBUG:urllib3.connectionpool:https://api.bloxflip.com:443 "GET /games/crash HTTP/1.1" 429 6266
DEBUG:urllib3.connectionpool:Resetting dropped connection: api.bloxflip.com
DEBUG:urllib3.connectionpool:https://api.bloxflip.com:443 "GET /games/crash HTTP/1.1" 429 6266
DEBUG:urllib3.connectionpool:Resetting dropped connection: api.bloxflip.com
DEBUG:urllib3.connectionpool:https://api.bloxflip.com:443 "GET /games/crash HTTP/1.1" 429 6287
DEBUG:urllib3.connectionpool:Resetting dropped connection: api.bloxflip.com
DEBUG:urllib3.connectionpool:https://api.bloxflip.com:443 "GET /games/crash HTTP/1.1" 429 6287
DEBUG:urllib3.connectionpool:Resetting dropped connection: api.bloxflip.com
DEBUG:urllib3.connectionpool:https://api.bloxflip.com:443 "GET /games/crash HTTP/1.1" 429 6265
DEBUG:urllib3.connectionpool:Resetting dropped connection: api.bloxflip.com
DEBUG:urllib3.connectionpool:https://api.bloxflip.com:443 "GET /games/crash HTTP/1.1" 429 6266
DEBUG:urllib3.connectionpool:Resetting dropped connection: api.bloxflip.com
DEBUG:urllib3.connectionpool:https://api.bloxflip.com:443 "GET /games/crash HTTP/1.1" 429 6266
DEBUG:urllib3.connectionpool:Resetting dropped connection: api.bloxflip.com
DEBUG:urllib3.connectionpool:https://api.bloxflip.com:443 "GET /games/crash HTTP/1.1" 429 6266
DEBUG:urllib3.connectionpool:Resetting dropped connection: api.bloxflip.com
DEBUG:urllib3.connectionpool:https://api.bloxflip.com:443 "GET /games/crash HTTP/1.1" 429 6287
DEBUG:urllib3.connectionpool:Resetting dropped connection: api.bloxflip.com
DEBUG:urllib3.connectionpool:https://api.bloxflip.com:443 "GET /games/crash HTTP/1.1" 429 6266
DEBUG:urllib3.connectionpool:Resetting dropped connection: api.bloxflip.com
DEBUG:urllib3.connectionpool:https://api.bloxflip.com:443 "GET /games/crash HTTP/1.1" 429 6266
DEBUG:urllib3.connectionpool:Resetting dropped connection: api.bloxflip.com
DEBUG:urllib3.connectionpool:https://api.bloxflip.com:443 "GET /games/crash HTTP/1.1" 429 6309
DEBUG:urllib3.connectionpool:Resetting dropped connection: api.bloxflip.com
DEBUG:urllib3.connectionpool:https://api.bloxflip.com:443 "GET /games/crash HTTP/1.1" 429 6266
DEBUG:urllib3.connectionpool:Resetting dropped connection: api.bloxflip.com
DEBUG:urllib3.connectionpool:https://api.bloxflip.com:443 "GET /games/crash HTTP/1.1" 429 6266
DEBUG:urllib3.connectionpool:Resetting dropped connection: api.bloxflip.com
DEBUG:urllib3.connectionpool:https://api.bloxflip.com:443 "GET /games/crash HTTP/1.1" 429 6287
DEBUG:urllib3.connectionpool:Resetting dropped connection: api.bloxflip.com
DEBUG:urllib3.connectionpool:https://api.bloxflip.com:443 "GET /games/crash HTTP/1.1" 429 6286
DEBUG:urllib3.connectionpool:Resetting dropped connection: api.bloxflip.com
DEBUG:urllib3.connectionpool:https://api.bloxflip.com:443 "GET /games/crash HTTP/1.1" 429 6266
DEBUG:urllib3.connectionpool:Resetting dropped connection: api.bloxflip.com
DEBUG:urllib3.connectionpool:https://api.bloxflip.com:443 "GET /games/crash HTTP/1.1" 429 6266
DEBUG:urllib3.connectionpool:Resetting dropped connection: api.bloxflip.com
DEBUG:urllib3.connectionpool:https://api.bloxflip.com:443 "GET /games/crash HTTP/1.1" 429 6287
DEBUG:urllib3.connectionpool:Resetting dropped connection: api.bloxflip.com
DEBUG:urllib3.connectionpool:https://api.bloxflip.com:443 "GET /games/crash HTTP/1.1" 429 6266
DEBUG:urllib3.connectionpool:Resetting dropped connection: api.bloxflip.com
DEBUG:urllib3.connectionpool:https://api.bloxflip.com:443 "GET /games/crash HTTP/1.1" 429 6266
DEBUG:urllib3.connectionpool:Resetting dropped connection: api.bloxflip.com
DEBUG:urllib3.connectionpool:https://api.bloxflip.com:443 "GET /games/crash HTTP/1.1" 429 6287
DEBUG:urllib3.connectionpool:Resetting dropped connection: api.bloxflip.com
DEBUG:urllib3.connectionpool:https://api.bloxflip.com:443 "GET /games/crash HTTP/1.1" 429 6287
DEBUG:urllib3.connectionpool:Resetting dropped connection: api.bloxflip.com
DEBUG:urllib3.connectionpool:https://api.bloxflip.com:443 "GET /games/crash HTTP/1.1" 429 6287
DEBUG:urllib3.connectionpool:Resetting dropped connection: api.bloxflip.com
DEBUG:urllib3.connectionpool:https://api.bloxflip.com:443 "GET /games/crash HTTP/1.1" 429 6266
DEBUG:urllib3.connectionpool:Resetting dropped connection: api.bloxflip.com
DEBUG:urllib3.connectionpool:https://api.bloxflip.com:443 "GET /games/crash HTTP/1.1" 429 6287
DEBUG:urllib3.connectionpool:Resetting dropped connection: api.bloxflip.com
DEBUG:urllib3.connectionpool:https://api.bloxflip.com:443 "GET /games/crash HTTP/1.1" 429 6266
DEBUG:urllib3.connectionpool:Resetting dropped connection: api.bloxflip.com
DEBUG:urllib3.connectionpool:https://api.bloxflip.com:443 "GET /games/crash HTTP/1.1" 429 6266
DEBUG:urllib3.connectionpool:Resetting dropped connection: api.bloxflip.com
DEBUG:urllib3.connectionpool:https://api.bloxflip.com:443 "GET /games/crash HTTP/1.1" 429 6266
DEBUG:urllib3.connectionpool:Resetting dropped connection: api.bloxflip.com
DEBUG:urllib3.connectionpool:https://api.bloxflip.com:443 "GET /games/crash HTTP/1.1" 429 6266
DEBUG:urllib3.connectionpool:Resetting dropped connection: api.bloxflip.com
DEBUG:urllib3.connectionpool:https://api.bloxflip.com:443 "GET /games/crash HTTP/1.1" 429 6266
DEBUG:urllib3.connectionpool:Resetting dropped connection: api.bloxflip.com
DEBUG:urllib3.connectionpool:https://api.bloxflip.com:443 "GET /games/crash HTTP/1.1" 429 6266
DEBUG:urllib3.connectionpool:Resetting dropped connection: api.bloxflip.com
DEBUG:urllib3.connectionpool:https://api.bloxflip.com:443 "GET /games/crash HTTP/1.1" 429 6266
DEBUG:urllib3.connectionpool:Resetting dropped connection: api.bloxflip.com
DEBUG:urllib3.connectionpool:https://api.bloxflip.com:443 "GET /games/crash HTTP/1.1" 429 6286
DEBUG:urllib3.connectionpool:Resetting dropped connection: api.bloxflip.com
DEBUG:urllib3.connectionpool:https://api.bloxflip.com:443 "GET /games/crash HTTP/1.1" 429 6266
DEBUG:urllib3.connectionpool:Resetting dropped connection: api.bloxflip.com
DEBUG:urllib3.connectionpool:https://api.bloxflip.com:443 "GET /games/crash HTTP/1.1" 429 6266
DEBUG:urllib3.connectionpool:Resetting dropped connection: api.bloxflip.com
DEBUG:urllib3.connectionpool:https://api.bloxflip.com:443 "GET /games/crash HTTP/1.1" 429 6266
DEBUG:urllib3.connectionpool:Resetting dropped connection: api.bloxflip.com
DEBUG:urllib3.connectionpool:https://api.bloxflip.com:443 "GET /games/crash HTTP/1.1" 429 6285
DEBUG:urllib3.connectionpool:Resetting dropped connection: api.bloxflip.com
DEBUG:urllib3.connectionpool:https://api.bloxflip.com:443 "GET /games/crash HTTP/1.1" 429 6287
DEBUG:urllib3.connectionpool:Resetting dropped connection: api.bloxflip.com
DEBUG:urllib3.connectionpool:https://api.bloxflip.com:443 "GET /games/crash HTTP/1.1" 429 6287
DEBUG:urllib3.connectionpool:Resetting dropped connection: api.bloxflip.com
DEBUG:urllib3.connectionpool:https://api.bloxflip.com:443 "GET /games/crash HTTP/1.1" 429 6266
DEBUG:urllib3.connectionpool:Resetting dropped connection: api.bloxflip.com
DEBUG:urllib3.connectionpool:https://api.bloxflip.com:443 "GET /games/crash HTTP/1.1" 429 6245
DEBUG:urllib3.connectionpool:Resetting dropped connection: api.bloxflip.com
DEBUG:urllib3.connectionpool:https://api.bloxflip.com:443 "GET /games/crash HTTP/1.1" 429 6287
DEBUG:urllib3.connectionpool:Resetting dropped connection: api.bloxflip.com
DEBUG:urllib3.connectionpool:https://api.bloxflip.com:443 "GET /games/crash HTTP/1.1" 429 6287
DEBUG:urllib3.connectionpool:Resetting dropped connection: api.bloxflip.com
DEBUG:urllib3.connectionpool:https://api.bloxflip.com:443 "GET /games/crash HTTP/1.1" 429 6287
DEBUG:urllib3.connectionpool:Resetting dropped connection: api.bloxflip.com
DEBUG:urllib3.connectionpool:https://api.bloxflip.com:443 "GET /games/crash HTTP/1.1" 429 6266
DEBUG:urllib3.connectionpool:Resetting dropped connection: api.bloxflip.com
DEBUG:urllib3.connectionpool:https://api.bloxflip.com:443 "GET /games/crash HTTP/1.1" 429 6287
DEBUG:urllib3.connectionpool:Resetting dropped connection: api.bloxflip.com
DEBUG:urllib3.connectionpool:https://api.bloxflip.com:443 "GET /games/crash HTTP/1.1" 429 6266
DEBUG:urllib3.connectionpool:Resetting dropped connection: api.bloxflip.com
DEBUG:urllib3.connectionpool:https://api.bloxflip.com:443 "GET /games/crash HTTP/1.1" 429 6266
DEBUG:urllib3.connectionpool:Resetting dropped connection: api.bloxflip.com
DEBUG:urllib3.connectionpool:https://api.bloxflip.com:443 "GET /games/crash HTTP/1.1" 429 6286
DEBUG:urllib3.connectionpool:Resetting dropped connection: api.bloxflip.com
DEBUG:urllib3.connectionpool:https://api.bloxflip.com:443 "GET /games/crash HTTP/1.1" 429 6266
DEBUG:urllib3.connectionpool:Resetting dropped connection: api.bloxflip.com
DEBUG:urllib3.connectionpool:https://api.bloxflip.com:443 "GET /games/crash HTTP/1.1" 429 6287
DEBUG:urllib3.connectionpool:Resetting dropped connection: api.bloxflip.com
DEBUG:urllib3.connectionpool:https://api.bloxflip.com:443 "GET /games/crash HTTP/1.1" 429 6266
DEBUG:urllib3.connectionpool:Resetting dropped connection: api.bloxflip.com
DEBUG:urllib3.connectionpool:https://api.bloxflip.com:443 "GET /games/crash HTTP/1.1" 429 6287
DEBUG:urllib3.connectionpool:Resetting dropped connection: api.bloxflip.com
DEBUG:urllib3.connectionpool:https://api.bloxflip.com:443 "GET /games/crash HTTP/1.1" 429 6266
DEBUG:urllib3.connectionpool:Resetting dropped connection: api.bloxflip.com
DEBUG:urllib3.connectionpool:https://api.bloxflip.com:443 "GET /games/crash HTTP/1.1" 429 6287
DEBUG:urllib3.connectionpool:Resetting dropped connection: api.bloxflip.com
DEBUG:urllib3.connectionpool:https://api.bloxflip.com:443 "GET /games/crash HTTP/1.1" 429 6287
DEBUG:urllib3.connectionpool:Resetting dropped connection: api.bloxflip.com
DEBUG:urllib3.connectionpool:https://api.bloxflip.com:443 "GET /games/crash HTTP/1.1" 429 6286
DEBUG:urllib3.connectionpool:Resetting dropped connection: api.bloxflip.com
DEBUG:urllib3.connectionpool:https://api.bloxflip.com:443 "GET /games/crash HTTP/1.1" 429 6287
DEBUG:urllib3.connectionpool:Resetting dropped connection: api.bloxflip.com
DEBUG:urllib3.connectionpool:https://api.bloxflip.com:443 "GET /games/crash HTTP/1.1" 429 6266
DEBUG:urllib3.connectionpool:Resetting dropped connection: api.bloxflip.com
DEBUG:urllib3.connectionpool:https://api.bloxflip.com:443 "GET /games/crash HTTP/1.1" 429 6266
DEBUG:urllib3.connectionpool:Resetting dropped connection: api.bloxflip.com
DEBUG:urllib3.connectionpool:https://api.bloxflip.com:443 "GET /games/crash HTTP/1.1" 429 6266
DEBUG:urllib3.connectionpool:Resetting dropped connection: api.bloxflip.com
DEBUG:urllib3.connectionpool:https://api.bloxflip.com:443 "GET /games/crash HTTP/1.1" 429 6287
DEBUG:urllib3.connectionpool:Resetting dropped connection: api.bloxflip.com
DEBUG:urllib3.connectionpool:https://api.bloxflip.com:443 "GET /games/crash HTTP/1.1" 429 6287
DEBUG:urllib3.connectionpool:Resetting dropped connection: api.bloxflip.com
DEBUG:urllib3.connectionpool:https://api.bloxflip.com:443 "GET /games/crash HTTP/1.1" 429 6266
DEBUG:urllib3.connectionpool:Resetting dropped connection: api.bloxflip.com
DEBUG:urllib3.connectionpool:https://api.bloxflip.com:443 "GET /games/crash HTTP/1.1" 429 6266
DEBUG:urllib3.connectionpool:Resetting dropped connection: api.bloxflip.com
DEBUG:urllib3.connectionpool:https://api.bloxflip.com:443 "GET /games/crash HTTP/1.1" 429 6287
DEBUG:urllib3.connectionpool:Resetting dropped connection: api.bloxflip.com
DEBUG:urllib3.connectionpool:https://api.bloxflip.com:443 "GET /games/crash HTTP/1.1" 429 6266
DEBUG:urllib3.connectionpool:Resetting dropped connection: api.bloxflip.com
DEBUG:urllib3.connectionpool:https://api.bloxflip.com:443 "GET /games/crash HTTP/1.1" 429 6287
DEBUG:urllib3.connectionpool:Resetting dropped connection: api.bloxflip.com
DEBUG:urllib3.connectionpool:https://api.bloxflip.com:443 "GET /games/crash HTTP/1.1" 429 6266
DEBUG:urllib3.connectionpool:Resetting dropped connection: api.bloxflip.com
DEBUG:urllib3.connectionpool:https://api.bloxflip.com:443 "GET /games/crash HTTP/1.1" 429 6286
DEBUG:urllib3.connectionpool:Resetting dropped connection: api.bloxflip.com
DEBUG:urllib3.connectionpool:https://api.bloxflip.com:443 "GET /games/crash HTTP/1.1" 429 6266
DEBUG:urllib3.connectionpool:Resetting dropped connection: api.bloxflip.com
DEBUG:urllib3.connectionpool:https://api.bloxflip.com:443 "GET /games/crash HTTP/1.1" 429 6287
DEBUG:urllib3.connectionpool:Resetting dropped connection: api.bloxflip.com
DEBUG:urllib3.connectionpool:https://api.bloxflip.com:443 "GET /games/crash HTTP/1.1" 429 6285
DEBUG:urllib3.connectionpool:Resetting dropped connection: api.bloxflip.com
DEBUG:urllib3.connectionpool:https://api.bloxflip.com:443 "GET /games/crash HTTP/1.1" 429 6287
DEBUG:urllib3.connectionpool:Resetting dropped connection: api.bloxflip.com
DEBUG:urllib3.connectionpool:https://api.bloxflip.com:443 "GET /games/crash HTTP/1.1" 429 6287
DEBUG:urllib3.connectionpool:Resetting dropped connection: api.bloxflip.com
DEBUG:urllib3.connectionpool:https://api.bloxflip.com:443 "GET /games/crash HTTP/1.1" 429 6287
DEBUG:urllib3.connectionpool:Resetting dropped connection: api.bloxflip.com
DEBUG:urllib3.connectionpool:https://api.bloxflip.com:443 "GET /games/crash HTTP/1.1" 429 6287
DEBUG:urllib3.connectionpool:Resetting dropped connection: api.bloxflip.com
DEBUG:urllib3.connectionpool:https://api.bloxflip.com:443 "GET /games/crash HTTP/1.1" 429 6287
DEBUG:urllib3.connectionpool:Resetting dropped connection: api.bloxflip.com
DEBUG:urllib3.connectionpool:https://api.bloxflip.com:443 "GET /games/crash HTTP/1.1" 429 6266
DEBUG:urllib3.connectionpool:Resetting dropped connection: api.bloxflip.com
DEBUG:urllib3.connectionpool:https://api.bloxflip.com:443 "GET /games/crash HTTP/1.1" 429 6287
DEBUG:urllib3.connectionpool:Resetting dropped connection: api.bloxflip.com
DEBUG:urllib3.connectionpool:https://api.bloxflip.com:443 "GET /games/crash HTTP/1.1" 429 6287
DEBUG:urllib3.connectionpool:Resetting dropped connection: api.bloxflip.com
DEBUG:urllib3.connectionpool:https://api.bloxflip.com:443 "GET /games/crash HTTP/1.1" 429 6265
DEBUG:urllib3.connectionpool:Resetting dropped connection: api.bloxflip.com
DEBUG:urllib3.connectionpool:https://api.bloxflip.com:443 "GET /games/crash HTTP/1.1" 429 6266
DEBUG:urllib3.connectionpool:Resetting dropped connection: api.bloxflip.com
DEBUG:urllib3.connectionpool:https://api.bloxflip.com:443 "GET /games/crash HTTP/1.1" 429 6287
DEBUG:urllib3.connectionpool:Resetting dropped connection: api.bloxflip.com
DEBUG:urllib3.connectionpool:https://api.bloxflip.com:443 "GET /games/crash HTTP/1.1" 429 6287
DEBUG:urllib3.connectionpool:Resetting dropped connection: api.bloxflip.com
DEBUG:urllib3.connectionpool:https://api.bloxflip.com:443 "GET /games/crash HTTP/1.1" 429 6266
DEBUG:urllib3.connectionpool:Resetting dropped connection: api.bloxflip.com
DEBUG:urllib3.connectionpool:https://api.bloxflip.com:443 "GET /games/crash HTTP/1.1" 429 6287
DEBUG:urllib3.connectionpool:Resetting dropped connection: api.bloxflip.com
DEBUG:urllib3.connectionpool:https://api.bloxflip.com:443 "GET /games/crash HTTP/1.1" 429 6287
DEBUG:urllib3.connectionpool:Resetting dropped connection: api.bloxflip.com
DEBUG:urllib3.connectionpool:https://api.bloxflip.com:443 "GET /games/crash HTTP/1.1" 429 6266
DEBUG:urllib3.connectionpool:Resetting dropped connection: api.bloxflip.com
DEBUG:urllib3.connectionpool:https://api.bloxflip.com:443 "GET /games/crash HTTP/1.1" 429 6287
DEBUG:urllib3.connectionpool:Resetting dropped connection: api.bloxflip.com
DEBUG:urllib3.connectionpool:https://api.bloxflip.com:443 "GET /games/crash HTTP/1.1" 429 6287
DEBUG:urllib3.connectionpool:Resetting dropped connection: api.bloxflip.com
DEBUG:urllib3.connectionpool:https://api.bloxflip.com:443 "GET /games/crash HTTP/1.1" 429 6287
DEBUG:urllib3.connectionpool:Resetting dropped connection: api.bloxflip.com
DEBUG:urllib3.connectionpool:https://api.bloxflip.com:443 "GET /games/crash HTTP/1.1" 429 6245
DEBUG:urllib3.connectionpool:Resetting dropped connection: api.bloxflip.com
DEBUG:urllib3.connectionpool:https://api.bloxflip.com:443 "GET /games/crash HTTP/1.1" 429 6266
DEBUG:urllib3.connectionpool:Resetting dropped connection: api.bloxflip.com
DEBUG:urllib3.connectionpool:https://api.bloxflip.com:443 "GET /games/crash HTTP/1.1" 429 6266
DEBUG:urllib3.connectionpool:Resetting dropped connection: api.bloxflip.com
DEBUG:urllib3.connectionpool:https://api.bloxflip.com:443 "GET /games/crash HTTP/1.1" 429 6266
DEBUG:urllib3.connectionpool:Resetting dropped connection: api.bloxflip.com
DEBUG:urllib3.connectionpool:https://api.bloxflip.com:443 "GET /games/crash HTTP/1.1" 429 6266
DEBUG:urllib3.connectionpool:Resetting dropped connection: api.bloxflip.com
DEBUG:urllib3.connectionpool:https://api.bloxflip.com:443 "GET /games/crash HTTP/1.1" 429 6287
DEBUG:urllib3.connectionpool:Resetting dropped connection: api.bloxflip.com
DEBUG:urllib3.connectionpool:https://api.bloxflip.com:443 "GET /games/crash HTTP/1.1" 429 6287
DEBUG:urllib3.connectionpool:Resetting dropped connection: api.bloxflip.com
DEBUG:urllib3.connectionpool:https://api.bloxflip.com:443 "GET /games/crash HTTP/1.1" 429 6285
DEBUG:urllib3.connectionpool:Resetting dropped connection: api.bloxflip.com
DEBUG:urllib3.connectionpool:https://api.bloxflip.com:443 "GET /games/crash HTTP/1.1" 429 6266
DEBUG:urllib3.connectionpool:Resetting dropped connection: api.bloxflip.com
DEBUG:urllib3.connectionpool:https://api.bloxflip.com:443 "GET /games/crash HTTP/1.1" 429 6266
DEBUG:urllib3.connectionpool:Resetting dropped connection: api.bloxflip.com
DEBUG:urllib3.connectionpool:https://api.bloxflip.com:443 "GET /games/crash HTTP/1.1" 429 6309
DEBUG:urllib3.connectionpool:Resetting dropped connection: api.bloxflip.com
DEBUG:urllib3.connectionpool:https://api.bloxflip.com:443 "GET /games/crash HTTP/1.1" 429 6266
DEBUG:urllib3.connectionpool:Resetting dropped connection: api.bloxflip.com
DEBUG:urllib3.connectionpool:https://api.bloxflip.com:443 "GET /games/crash HTTP/1.1" 429 6286
DEBUG:urllib3.connectionpool:Resetting dropped connection: api.bloxflip.com
DEBUG:urllib3.connectionpool:https://api.bloxflip.com:443 "GET /games/crash HTTP/1.1" 429 6266
DEBUG:urllib3.connectionpool:Resetting dropped connection: api.bloxflip.com
DEBUG:urllib3.connectionpool:https://api.bloxflip.com:443 "GET /games/crash HTTP/1.1" 429 6265
DEBUG:urllib3.connectionpool:Resetting dropped connection: api.bloxflip.com
DEBUG:urllib3.connectionpool:https://api.bloxflip.com:443 "GET /games/crash HTTP/1.1" 429 6266
DEBUG:urllib3.connectionpool:Resetting dropped connection: api.bloxflip.com
DEBUG:urllib3.connectionpool:https://api.bloxflip.com:443 "GET /games/crash HTTP/1.1" 429 6287
DEBUG:urllib3.connectionpool:Resetting dropped connection: api.bloxflip.com
DEBUG:urllib3.connectionpool:https://api.bloxflip.com:443 "GET /games/crash HTTP/1.1" 429 6287
DEBUG:urllib3.connectionpool:Resetting dropped connection: api.bloxflip.com
DEBUG:urllib3.connectionpool:https://api.bloxflip.com:443 "GET /games/crash HTTP/1.1" 429 6287
DEBUG:urllib3.connectionpool:Resetting dropped connection: api.bloxflip.com
DEBUG:urllib3.connectionpool:https://api.bloxflip.com:443 "GET /games/crash HTTP/1.1" 429 6266
DEBUG:urllib3.connectionpool:Resetting dropped connection: api.bloxflip.com
DEBUG:urllib3.connectionpool:https://api.bloxflip.com:443 "GET /games/crash HTTP/1.1" 429 6286
DEBUG:urllib3.connectionpool:Resetting dropped connection: api.bloxflip.com
DEBUG:urllib3.connectionpool:https://api.bloxflip.com:443 "GET /games/crash HTTP/1.1" 429 6287
DEBUG:urllib3.connectionpool:Resetting dropped connection: api.bloxflip.com
DEBUG:urllib3.connectionpool:https://api.bloxflip.com:443 "GET /games/crash HTTP/1.1" 429 6266
DEBUG:urllib3.connectionpool:Resetting dropped connection: api.bloxflip.com
DEBUG:urllib3.connectionpool:https://api.bloxflip.com:443 "GET /games/crash HTTP/1.1" 429 6266
DEBUG:urllib3.connectionpool:Resetting dropped connection: api.bloxflip.com
DEBUG:urllib3.connectionpool:https://api.bloxflip.com:443 "GET /games/crash HTTP/1.1" 429 6287
DEBUG:urllib3.connectionpool:Resetting dropped connection: api.bloxflip.com
DEBUG:urllib3.connectionpool:https://api.bloxflip.com:443 "GET /games/crash HTTP/1.1" 429 6266
DEBUG:urllib3.connectionpool:Resetting dropped connection: api.bloxflip.com
DEBUG:urllib3.connectionpool:https://api.bloxflip.com:443 "GET /games/crash HTTP/1.1" 429 6266
DEBUG:urllib3.connectionpool:Resetting dropped connection: api.bloxflip.com
DEBUG:urllib3.connectionpool:https://api.bloxflip.com:443 "GET /games/crash HTTP/1.1" 429 6287
DEBUG:urllib3.connectionpool:Resetting dropped connection: api.bloxflip.com
DEBUG:urllib3.connectionpool:https://api.bloxflip.com:443 "GET /games/crash HTTP/1.1" 429 6287
DEBUG:urllib3.connectionpool:Resetting dropped connection: api.bloxflip.com
DEBUG:urllib3.connectionpool:https://api.bloxflip.com:443 "GET /games/crash HTTP/1.1" 429 6287
DEBUG:urllib3.connectionpool:Resetting dropped connection: api.bloxflip.com
DEBUG:urllib3.connectionpool:https://api.bloxflip.com:443 "GET /games/crash HTTP/1.1" 429 6265
DEBUG:urllib3.connectionpool:Resetting dropped connection: api.bloxflip.com
DEBUG:urllib3.connectionpool:https://api.bloxflip.com:443 "GET /games/crash HTTP/1.1" 429 6287
DEBUG:urllib3.connectionpool:Resetting dropped connection: api.bloxflip.com
DEBUG:urllib3.connectionpool:https://api.bloxflip.com:443 "GET /games/crash HTTP/1.1" 429 6266
DEBUG:urllib3.connectionpool:Resetting dropped connection: api.bloxflip.com
DEBUG:urllib3.connectionpool:https://api.bloxflip.com:443 "GET /games/crash HTTP/1.1" 429 6266
DEBUG:urllib3.connectionpool:Resetting dropped connection: api.bloxflip.com
DEBUG:urllib3.connectionpool:https://api.bloxflip.com:443 "GET /games/crash HTTP/1.1" 429 6266
DEBUG:urllib3.connectionpool:Resetting dropped connection: api.bloxflip.com
DEBUG:urllib3.connectionpool:https://api.bloxflip.com:443 "GET /games/crash HTTP/1.1" 429 6266
DEBUG:urllib3.connectionpool:Resetting dropped connection: api.bloxflip.com
DEBUG:urllib3.connectionpool:https://api.bloxflip.com:443 "GET /games/crash HTTP/1.1" 429 6287
DEBUG:urllib3.connectionpool:Resetting dropped connection: api.bloxflip.com
DEBUG:urllib3.connectionpool:https://api.bloxflip.com:443 "GET /games/crash HTTP/1.1" 429 6287
DEBUG:urllib3.connectionpool:Resetting dropped connection: api.bloxflip.com
DEBUG:urllib3.connectionpool:https://api.bloxflip.com:443 "GET /games/crash HTTP/1.1" 429 6287
DEBUG:urllib3.connectionpool:Resetting dropped connection: api.bloxflip.com
DEBUG:urllib3.connectionpool:https://api.bloxflip.com:443 "GET /games/crash HTTP/1.1" 429 6266
DEBUG:urllib3.connectionpool:Resetting dropped connection: api.bloxflip.com
DEBUG:urllib3.connectionpool:https://api.bloxflip.com:443 "GET /games/crash HTTP/1.1" 429 6266
DEBUG:urllib3.connectionpool:Resetting dropped connection: api.bloxflip.com
DEBUG:urllib3.connectionpool:https://api.bloxflip.com:443 "GET /games/crash HTTP/1.1" 429 6266
DEBUG:urllib3.connectionpool:Resetting dropped connection: api.bloxflip.com
DEBUG:urllib3.connectionpool:https://api.bloxflip.com:443 "GET /games/crash HTTP/1.1" 429 6266
DEBUG:urllib3.connectionpool:Resetting dropped connection: api.bloxflip.com
DEBUG:urllib3.connectionpool:https://api.bloxflip.com:443 "GET /games/crash HTTP/1.1" 429 6287
DEBUG:urllib3.connectionpool:Resetting dropped connection: api.bloxflip.com
DEBUG:urllib3.connectionpool:https://api.bloxflip.com:443 "GET /games/crash HTTP/1.1" 429 6287
DEBUG:urllib3.connectionpool:Resetting dropped connection: api.bloxflip.com
DEBUG:urllib3.connectionpool:https://api.bloxflip.com:443 "GET /games/crash HTTP/1.1" 429 6266
DEBUG:urllib3.connectionpool:Resetting dropped connection: api.bloxflip.com
DEBUG:urllib3.connectionpool:https://api.bloxflip.com:443 "GET /games/crash HTTP/1.1" 429 6287
DEBUG:urllib3.connectionpool:Resetting dropped connection: api.bloxflip.com
DEBUG:urllib3.connectionpool:https://api.bloxflip.com:443 "GET /games/crash HTTP/1.1" 429 6266
DEBUG:urllib3.connectionpool:Resetting dropped connection: api.bloxflip.com
DEBUG:urllib3.connectionpool:https://api.bloxflip.com:443 "GET /games/crash HTTP/1.1" 429 6287
DEBUG:urllib3.connectionpool:Resetting dropped connection: api.bloxflip.com
DEBUG:urllib3.connectionpool:https://api.bloxflip.com:443 "GET /games/crash HTTP/1.1" 429 6287
DEBUG:urllib3.connectionpool:Resetting dropped connection: api.bloxflip.com
DEBUG:urllib3.connectionpool:https://api.bloxflip.com:443 "GET /games/crash HTTP/1.1" 429 6266
DEBUG:urllib3.connectionpool:Resetting dropped connection: api.bloxflip.com
DEBUG:urllib3.connectionpool:https://api.bloxflip.com:443 "GET /games/crash HTTP/1.1" 429 6266
DEBUG:urllib3.connectionpool:Resetting dropped connection: api.bloxflip.com
DEBUG:urllib3.connectionpool:https://api.bloxflip.com:443 "GET /games/crash HTTP/1.1" 429 6287
DEBUG:urllib3.connectionpool:Resetting dropped connection: api.bloxflip.com
DEBUG:urllib3.connectionpool:https://api.bloxflip.com:443 "GET /games/crash HTTP/1.1" 429 6266
DEBUG:urllib3.connectionpool:Resetting dropped connection: api.bloxflip.com
DEBUG:urllib3.connectionpool:https://api.bloxflip.com:443 "GET /games/crash HTTP/1.1" 429 6266
DEBUG:urllib3.connectionpool:Resetting dropped connection: api.bloxflip.com
DEBUG:urllib3.connectionpool:https://api.bloxflip.com:443 "GET /games/crash HTTP/1.1" 429 6287
DEBUG:urllib3.connectionpool:Resetting dropped connection: api.bloxflip.com
DEBUG:urllib3.connectionpool:https://api.bloxflip.com:443 "GET /games/crash HTTP/1.1" 429 6287
DEBUG:urllib3.connectionpool:Resetting dropped connection: api.bloxflip.com
DEBUG:urllib3.connectionpool:https://api.bloxflip.com:443 "GET /games/crash HTTP/1.1" 429 6266
DEBUG:urllib3.connectionpool:Resetting dropped connection: api.bloxflip.com
DEBUG:urllib3.connectionpool:https://api.bloxflip.com:443 "GET /games/crash HTTP/1.1" 429 6266
DEBUG:urllib3.connectionpool:Resetting dropped connection: api.bloxflip.com
DEBUG:urllib3.connectionpool:https://api.bloxflip.com:443 "GET /games/crash HTTP/1.1" 429 6287
DEBUG:urllib3.connectionpool:Resetting dropped connection: api.bloxflip.com
DEBUG:urllib3.connectionpool:https://api.bloxflip.com:443 "GET /games/crash HTTP/1.1" 429 6266
DEBUG:urllib3.connectionpool:Resetting dropped connection: api.bloxflip.com
DEBUG:urllib3.connectionpool:https://api.bloxflip.com:443 "GET /games/crash HTTP/1.1" 429 6266
DEBUG:urllib3.connectionpool:Resetting dropped connection: api.bloxflip.com
DEBUG:urllib3.connectionpool:https://api.bloxflip.com:443 "GET /games/crash HTTP/1.1" 429 6287
DEBUG:urllib3.connectionpool:Resetting dropped connection: api.bloxflip.com
DEBUG:urllib3.connectionpool:https://api.bloxflip.com:443 "GET /games/crash HTTP/1.1" 429 6287
DEBUG:urllib3.connectionpool:Resetting dropped connection: api.bloxflip.com
DEBUG:urllib3.connectionpool:https://api.bloxflip.com:443 "GET /games/crash HTTP/1.1" 429 6287
DEBUG:urllib3.connectionpool:Resetting dropped connection: api.bloxflip.com
DEBUG:urllib3.connectionpool:https://api.bloxflip.com:443 "GET /games/crash HTTP/1.1" 429 6286
DEBUG:urllib3.connectionpool:Resetting dropped connection: api.bloxflip.com
DEBUG:urllib3.connectionpool:https://api.bloxflip.com:443 "GET /games/crash HTTP/1.1" 429 6266
DEBUG:urllib3.connectionpool:Resetting dropped connection: api.bloxflip.com
DEBUG:urllib3.connectionpool:https://api.bloxflip.com:443 "GET /games/crash HTTP/1.1" 429 6266
DEBUG:urllib3.connectionpool:Resetting dropped connection: api.bloxflip.com
DEBUG:urllib3.connectionpool:https://api.bloxflip.com:443 "GET /games/crash HTTP/1.1" 429 6266
DEBUG:urllib3.connectionpool:Resetting dropped connection: api.bloxflip.com
DEBUG:urllib3.connectionpool:https://api.bloxflip.com:443 "GET /games/crash HTTP/1.1" 429 6287
DEBUG:urllib3.connectionpool:Resetting dropped connection: api.bloxflip.com
DEBUG:urllib3.connectionpool:https://api.bloxflip.com:443 "GET /games/crash HTTP/1.1" 429 6287
DEBUG:urllib3.connectionpool:Resetting dropped connection: api.bloxflip.com
DEBUG:urllib3.connectionpool:https://api.bloxflip.com:443 "GET /games/crash HTTP/1.1" 429 6287
DEBUG:urllib3.connectionpool:Resetting dropped connection: api.bloxflip.com
DEBUG:urllib3.connectionpool:https://api.bloxflip.com:443 "GET /games/crash HTTP/1.1" 429 6266
DEBUG:urllib3.connectionpool:Resetting dropped connection: api.bloxflip.com
DEBUG:urllib3.connectionpool:https://api.bloxflip.com:443 "GET /games/crash HTTP/1.1" 429 6266
DEBUG:urllib3.connectionpool:Resetting dropped connection: api.bloxflip.com
DEBUG:urllib3.connectionpool:https://api.bloxflip.com:443 "GET /games/crash HTTP/1.1" 429 6266
DEBUG:urllib3.connectionpool:Resetting dropped connection: api.bloxflip.com
DEBUG:urllib3.connectionpool:https://api.bloxflip.com:443 "GET /games/crash HTTP/1.1" 429 6287
DEBUG:urllib3.connectionpool:Resetting dropped connection: api.bloxflip.com
DEBUG:urllib3.connectionpool:https://api.bloxflip.com:443 "GET /games/crash HTTP/1.1" 429 6266
DEBUG:urllib3.connectionpool:Resetting dropped connection: api.bloxflip.com
DEBUG:urllib3.connectionpool:https://api.bloxflip.com:443 "GET /games/crash HTTP/1.1" 429 6266
DEBUG:urllib3.connectionpool:Resetting dropped connection: api.bloxflip.com
DEBUG:urllib3.connectionpool:https://api.bloxflip.com:443 "GET /games/crash HTTP/1.1" 429 6309
DEBUG:urllib3.connectionpool:Resetting dropped connection: api.bloxflip.com
DEBUG:urllib3.connectionpool:https://api.bloxflip.com:443 "GET /games/crash HTTP/1.1" 429 6287
DEBUG:urllib3.connectionpool:Resetting dropped connection: api.bloxflip.com
DEBUG:urllib3.connectionpool:https://api.bloxflip.com:443 "GET /games/crash HTTP/1.1" 429 6265
DEBUG:urllib3.connectionpool:Resetting dropped connection: api.bloxflip.com
DEBUG:urllib3.connectionpool:https://api.bloxflip.com:443 "GET /games/crash HTTP/1.1" 429 6266
DEBUG:urllib3.connectionpool:Resetting dropped connection: api.bloxflip.com
DEBUG:urllib3.connectionpool:https://api.bloxflip.com:443 "GET /games/crash HTTP/1.1" 429 6287
DEBUG:urllib3.connectionpool:Resetting dropped connection: api.bloxflip.com
DEBUG:urllib3.connectionpool:https://api.bloxflip.com:443 "GET /games/crash HTTP/1.1" 429 6266
DEBUG:urllib3.connectionpool:Resetting dropped connection: api.bloxflip.com
DEBUG:urllib3.connectionpool:https://api.bloxflip.com:443 "GET /games/crash HTTP/1.1" 429 6287
DEBUG:urllib3.connectionpool:Resetting dropped connection: api.bloxflip.com
DEBUG:urllib3.connectionpool:https://api.bloxflip.com:443 "GET /games/crash HTTP/1.1" 429 6287
DEBUG:urllib3.connectionpool:Resetting dropped connection: api.bloxflip.com
DEBUG:urllib3.connectionpool:https://api.bloxflip.com:443 "GET /games/crash HTTP/1.1" 429 6266
DEBUG:urllib3.connectionpool:Resetting dropped connection: api.bloxflip.com
DEBUG:urllib3.connectionpool:https://api.bloxflip.com:443 "GET /games/crash HTTP/1.1" 429 6266
DEBUG:urllib3.connectionpool:Resetting dropped connection: api.bloxflip.com
DEBUG:urllib3.connectionpool:https://api.bloxflip.com:443 "GET /games/crash HTTP/1.1" 429 6266
DEBUG:urllib3.connectionpool:Resetting dropped connection: api.bloxflip.com
DEBUG:urllib3.connectionpool:https://api.bloxflip.com:443 "GET /games/crash HTTP/1.1" 429 6287
DEBUG:urllib3.connectionpool:Resetting dropped connection: api.bloxflip.com
DEBUG:urllib3.connectionpool:https://api.bloxflip.com:443 "GET /games/crash HTTP/1.1" 429 6287
DEBUG:urllib3.connectionpool:Resetting dropped connection: api.bloxflip.com
DEBUG:urllib3.connectionpool:https://api.bloxflip.com:443 "GET /games/crash HTTP/1.1" 429 6266
DEBUG:urllib3.connectionpool:Resetting dropped connection: api.bloxflip.com
DEBUG:urllib3.connectionpool:https://api.bloxflip.com:443 "GET /games/crash HTTP/1.1" 429 6287
DEBUG:urllib3.connectionpool:Resetting dropped connection: api.bloxflip.com
DEBUG:urllib3.connectionpool:https://api.bloxflip.com:443 "GET /games/crash HTTP/1.1" 429 6266
DEBUG:urllib3.connectionpool:Resetting dropped connection: api.bloxflip.com
DEBUG:urllib3.connectionpool:https://api.bloxflip.com:443 "GET /games/crash HTTP/1.1" 429 6266
DEBUG:urllib3.connectionpool:Resetting dropped connection: api.bloxflip.com
DEBUG:urllib3.connectionpool:https://api.bloxflip.com:443 "GET /games/crash HTTP/1.1" 429 6266
DEBUG:urllib3.connectionpool:Resetting dropped connection: api.bloxflip.com
DEBUG:urllib3.connectionpool:https://api.bloxflip.com:443 "GET /games/crash HTTP/1.1" 429 6287
DEBUG:urllib3.connectionpool:Resetting dropped connection: api.bloxflip.com
DEBUG:urllib3.connectionpool:https://api.bloxflip.com:443 "GET /games/crash HTTP/1.1" 429 6287
DEBUG:urllib3.connectionpool:Resetting dropped connection: api.bloxflip.com
DEBUG:urllib3.connectionpool:https://api.bloxflip.com:443 "GET /games/crash HTTP/1.1" 429 6266
DEBUG:urllib3.connectionpool:Resetting dropped connection: api.bloxflip.com
DEBUG:urllib3.connectionpool:https://api.bloxflip.com:443 "GET /games/crash HTTP/1.1" 429 6266
DEBUG:urllib3.connectionpool:Resetting dropped connection: api.bloxflip.com
DEBUG:urllib3.connectionpool:https://api.bloxflip.com:443 "GET /games/crash HTTP/1.1" 429 6287
DEBUG:urllib3.connectionpool:Resetting dropped connection: api.bloxflip.com
DEBUG:urllib3.connectionpool:https://api.bloxflip.com:443 "GET /games/crash HTTP/1.1" 429 6266
DEBUG:urllib3.connectionpool:Resetting dropped connection: api.bloxflip.com
DEBUG:urllib3.connectionpool:https://api.bloxflip.com:443 "GET /games/crash HTTP/1.1" 429 6266
DEBUG:urllib3.connectionpool:Resetting dropped connection: api.bloxflip.com
DEBUG:urllib3.connectionpool:https://api.bloxflip.com:443 "GET /games/crash HTTP/1.1" 429 6287
DEBUG:urllib3.connectionpool:Resetting dropped connection: api.bloxflip.com
DEBUG:urllib3.connectionpool:https://api.bloxflip.com:443 "GET /games/crash HTTP/1.1" 429 6266
DEBUG:urllib3.connectionpool:Resetting dropped connection: api.bloxflip.com
DEBUG:urllib3.connectionpool:https://api.bloxflip.com:443 "GET /games/crash HTTP/1.1" 429 6265
DEBUG:urllib3.connectionpool:Resetting dropped connection: api.bloxflip.com
DEBUG:urllib3.connectionpool:https://api.bloxflip.com:443 "GET /games/crash HTTP/1.1" 429 6266
DEBUG:urllib3.connectionpool:Resetting dropped connection: api.bloxflip.com
DEBUG:urllib3.connectionpool:https://api.bloxflip.com:443 "GET /games/crash HTTP/1.1" 429 6266
DEBUG:urllib3.connectionpool:Resetting dropped connection: api.bloxflip.com
DEBUG:urllib3.connectionpool:https://api.bloxflip.com:443 "GET /games/crash HTTP/1.1" 429 6266
DEBUG:urllib3.connectionpool:Resetting dropped connection: api.bloxflip.com
DEBUG:urllib3.connectionpool:https://api.bloxflip.com:443 "GET /games/crash HTTP/1.1" 429 6287
DEBUG:urllib3.connectionpool:Resetting dropped connection: api.bloxflip.com
DEBUG:urllib3.connectionpool:https://api.bloxflip.com:443 "GET /games/crash HTTP/1.1" 429 6266
DEBUG:urllib3.connectionpool:Resetting dropped connection: api.bloxflip.com
DEBUG:urllib3.connectionpool:https://api.bloxflip.com:443 "GET /games/crash HTTP/1.1" 429 6266
DEBUG:urllib3.connectionpool:Resetting dropped connection: api.bloxflip.com
DEBUG:urllib3.connectionpool:https://api.bloxflip.com:443 "GET /games/crash HTTP/1.1" 429 6287
DEBUG:urllib3.connectionpool:Resetting dropped connection: api.bloxflip.com
DEBUG:urllib3.connectionpool:https://api.bloxflip.com:443 "GET /games/crash HTTP/1.1" 429 6287
DEBUG:urllib3.connectionpool:Resetting dropped connection: api.bloxflip.com
DEBUG:urllib3.connectionpool:https://api.bloxflip.com:443 "GET /games/crash HTTP/1.1" 429 6287
DEBUG:urllib3.connectionpool:Resetting dropped connection: api.bloxflip.com
DEBUG:urllib3.connectionpool:https://api.bloxflip.com:443 "GET /games/crash HTTP/1.1" 429 6287
DEBUG:urllib3.connectionpool:Resetting dropped connection: api.bloxflip.com
DEBUG:urllib3.connectionpool:https://api.bloxflip.com:443 "GET /games/crash HTTP/1.1" 429 6266
DEBUG:urllib3.connectionpool:Resetting dropped connection: api.bloxflip.com
DEBUG:urllib3.connectionpool:https://api.bloxflip.com:443 "GET /games/crash HTTP/1.1" 429 6287
DEBUG:urllib3.connectionpool:Resetting dropped connection: api.bloxflip.com
DEBUG:urllib3.connectionpool:https://api.bloxflip.com:443 "GET /games/crash HTTP/1.1" 429 6287
DEBUG:urllib3.connectionpool:Resetting dropped connection: api.bloxflip.com
DEBUG:urllib3.connectionpool:https://api.bloxflip.com:443 "GET /games/crash HTTP/1.1" 429 6286
DEBUG:urllib3.connectionpool:Resetting dropped connection: api.bloxflip.com
DEBUG:urllib3.connectionpool:https://api.bloxflip.com:443 "GET /games/crash HTTP/1.1" 429 6266
DEBUG:urllib3.connectionpool:Resetting dropped connection: api.bloxflip.com
DEBUG:urllib3.connectionpool:https://api.bloxflip.com:443 "GET /games/crash HTTP/1.1" 429 6266
DEBUG:urllib3.connectionpool:Resetting dropped connection: api.bloxflip.com
DEBUG:urllib3.connectionpool:https://api.bloxflip.com:443 "GET /games/crash HTTP/1.1" 429 6266
DEBUG:urllib3.connectionpool:Resetting dropped connection: api.bloxflip.com
DEBUG:urllib3.connectionpool:https://api.bloxflip.com:443 "GET /games/crash HTTP/1.1" 429 6266
DEBUG:urllib3.connectionpool:Resetting dropped connection: api.bloxflip.com
DEBUG:urllib3.connectionpool:https://api.bloxflip.com:443 "GET /games/crash HTTP/1.1" 429 6266
DEBUG:urllib3.connectionpool:Resetting dropped connection: api.bloxflip.com
DEBUG:urllib3.connectionpool:https://api.bloxflip.com:443 "GET /games/crash HTTP/1.1" 429 6266
DEBUG:urllib3.connectionpool:Resetting dropped connection: api.bloxflip.com
DEBUG:urllib3.connectionpool:https://api.bloxflip.com:443 "GET /games/crash HTTP/1.1" 429 6287
DEBUG:urllib3.connectionpool:Resetting dropped connection: api.bloxflip.com
DEBUG:urllib3.connectionpool:https://api.bloxflip.com:443 "GET /games/crash HTTP/1.1" 429 6287
DEBUG:urllib3.connectionpool:Resetting dropped connection: api.bloxflip.com
DEBUG:urllib3.connectionpool:https://api.bloxflip.com:443 "GET /games/crash HTTP/1.1" 429 6287
DEBUG:urllib3.connectionpool:Resetting dropped connection: api.bloxflip.com
DEBUG:urllib3.connectionpool:https://api.bloxflip.com:443 "GET /games/crash HTTP/1.1" 429 6266
DEBUG:urllib3.connectionpool:Resetting dropped connection: api.bloxflip.com
DEBUG:urllib3.connectionpool:https://api.bloxflip.com:443 "GET /games/crash HTTP/1.1" 429 6266
DEBUG:urllib3.connectionpool:Resetting dropped connection: api.bloxflip.com
DEBUG:urllib3.connectionpool:https://api.bloxflip.com:443 "GET /games/crash HTTP/1.1" 429 6266
DEBUG:urllib3.connectionpool:Resetting dropped connection: api.bloxflip.com
DEBUG:urllib3.connectionpool:https://api.bloxflip.com:443 "GET /games/crash HTTP/1.1" 429 6264
DEBUG:urllib3.connectionpool:Resetting dropped connection: api.bloxflip.com
DEBUG:urllib3.connectionpool:https://api.bloxflip.com:443 "GET /games/crash HTTP/1.1" 200 None
DEBUG:urllib3.connectionpool:https://api.bloxflip.com:443 "GET /games/crash HTTP/1.1" 200 None
DEBUG:urllib3.connectionpool:https://api.bloxflip.com:443 "GET /games/crash HTTP/1.1" 429 5882
DEBUG:urllib3.connectionpool:Resetting dropped connection: api.bloxflip.com
DEBUG:urllib3.connectionpool:https://api.bloxflip.com:443 "GET /games/crash HTTP/1.1" 200 None
DEBUG:urllib3.connectionpool:https://api.bloxflip.com:443 "GET /games/crash HTTP/1.1" 200 None
DEBUG:urllib3.connectionpool:https://api.bloxflip.com:443 "GET /games/crash HTTP/1.1" 429 5882
DEBUG:urllib3.connectionpool:Resetting dropped connection: api.bloxflip.com
DEBUG:urllib3.connectionpool:https://api.bloxflip.com:443 "GET /games/crash HTTP/1.1" 200 None
DEBUG:urllib3.connectionpool:https://api.bloxflip.com:443 "GET /games/crash HTTP/1.1" 200 None
DEBUG:urllib3.connectionpool:https://api.bloxflip.com:443 "GET /games/crash HTTP/1.1" 429 5881
DEBUG:urllib3.connectionpool:Resetting dropped connection: api.bloxflip.com
DEBUG:urllib3.connectionpool:https://api.bloxflip.com:443 "GET /games/crash HTTP/1.1" 200 None
DEBUG:urllib3.connectionpool:https://api.bloxflip.com:443 "GET /games/crash HTTP/1.1" 429 5861
DEBUG:urllib3.connectionpool:Resetting dropped connection: api.bloxflip.com
DEBUG:urllib3.connectionpool:https://api.bloxflip.com:443 "GET /games/crash HTTP/1.1" 200 None
DEBUG:urllib3.connectionpool:https://api.bloxflip.com:443 "GET /games/crash HTTP/1.1" 200 None
DEBUG:urllib3.connectionpool:https://api.bloxflip.com:443 "GET /games/crash HTTP/1.1" 200 None
DEBUG:urllib3.connectionpool:https://api.bloxflip.com:443 "GET /games/crash HTTP/1.1" 429 5861
DEBUG:urllib3.connectionpool:Resetting dropped connection: api.bloxflip.com
DEBUG:urllib3.connectionpool:https://api.bloxflip.com:443 "GET /games/crash HTTP/1.1" 200 None
DEBUG:urllib3.connectionpool:https://api.bloxflip.com:443 "GET /games/crash HTTP/1.1" 429 5861
DEBUG:urllib3.connectionpool:Resetting dropped connection: api.bloxflip.com
DEBUG:urllib3.connectionpool:https://api.bloxflip.com:443 "GET /games/crash HTTP/1.1" 200 None
DEBUG:urllib3.connectionpool:https://api.bloxflip.com:443 "GET /games/crash HTTP/1.1" 200 None
DEBUG:urllib3.connectionpool:https://api.bloxflip.com:443 "GET /games/crash HTTP/1.1" 429 5860
DEBUG:urllib3.connectionpool:Resetting dropped connection: api.bloxflip.com
DEBUG:urllib3.connectionpool:https://api.bloxflip.com:443 "GET /games/crash HTTP/1.1" 403 None
DEBUG:urllib3.connectionpool:https://api.bloxflip.com:443 "GET /games/crash HTTP/1.1" 429 5882
DEBUG:urllib3.connectionpool:Resetting dropped connection: api.bloxflip.com
DEBUG:urllib3.connectionpool:https://api.bloxflip.com:443 "GET /games/crash HTTP/1.1" 200 None
DEBUG:urllib3.connectionpool:https://api.bloxflip.com:443 "GET /games/crash HTTP/1.1" 200 None
DEBUG:urllib3.connectionpool:https://api.bloxflip.com:443 "GET /games/crash HTTP/1.1" 429 5882
DEBUG:urllib3.connectionpool:Resetting dropped connection: api.bloxflip.com
DEBUG:urllib3.connectionpool:https://api.bloxflip.com:443 "GET /games/crash HTTP/1.1" 200 None
DEBUG:urllib3.connectionpool:https://api.bloxflip.com:443 "GET /games/crash HTTP/1.1" 429 5882
DEBUG:urllib3.connectionpool:Resetting dropped connection: api.bloxflip.com
DEBUG:urllib3.connectionpool:https://api.bloxflip.com:443 "GET /games/crash HTTP/1.1" 200 None
DEBUG:urllib3.connectionpool:https://api.bloxflip.com:443 "GET /games/crash HTTP/1.1" 200 None
DEBUG:urllib3.connectionpool:https://api.bloxflip.com:443 "GET /games/crash HTTP/1.1" 429 5861
DEBUG:urllib3.connectionpool:Resetting dropped connection: api.bloxflip.com
DEBUG:urllib3.connectionpool:https://api.bloxflip.com:443 "GET /games/crash HTTP/1.1" 200 None
DEBUG:urllib3.connectionpool:https://api.bloxflip.com:443 "GET /games/crash HTTP/1.1" 200 None
DEBUG:urllib3.connectionpool:https://api.bloxflip.com:443 "GET /games/crash HTTP/1.1" 429 5861
DEBUG:urllib3.connectionpool:Resetting dropped connection: api.bloxflip.com
DEBUG:urllib3.connectionpool:https://api.bloxflip.com:443 "GET /games/crash HTTP/1.1" 200 None
DEBUG:urllib3.connectionpool:https://api.bloxflip.com:443 "GET /games/crash HTTP/1.1" 200 None
DEBUG:urllib3.connectionpool:https://api.bloxflip.com:443 "GET /games/crash HTTP/1.1" 429 5882
DEBUG:urllib3.connectionpool:Resetting dropped connection: api.bloxflip.com
DEBUG:urllib3.connectionpool:https://api.bloxflip.com:443 "GET /games/crash HTTP/1.1" 200 None
DEBUG:urllib3.connectionpool:https://api.bloxflip.com:443 "GET /games/crash HTTP/1.1" 429 5860
DEBUG:urllib3.connectionpool:Resetting dropped connection: api.bloxflip.com
DEBUG:urllib3.connectionpool:https://api.bloxflip.com:443 "GET /games/crash HTTP/1.1" 200 None
DEBUG:urllib3.connectionpool:https://api.bloxflip.com:443 "GET /games/crash HTTP/1.1" 403 None
DEBUG:urllib3.connectionpool:https://api.bloxflip.com:443 "GET /games/crash HTTP/1.1" 429 5860
DEBUG:urllib3.connectionpool:Resetting dropped connection: api.bloxflip.com
DEBUG:urllib3.connectionpool:https://api.bloxflip.com:443 "GET /games/crash HTTP/1.1" 403 None
DEBUG:urllib3.connectionpool:https://api.bloxflip.com:443 "GET /games/crash HTTP/1.1" 429 5882
DEBUG:urllib3.connectionpool:Resetting dropped connection: api.bloxflip.com
DEBUG:urllib3.connectionpool:https://api.bloxflip.com:443 "GET /games/crash HTTP/1.1" 200 None
DEBUG:urllib3.connectionpool:https://api.bloxflip.com:443 "GET /games/crash HTTP/1.1" 429 5861
DEBUG:urllib3.connectionpool:Resetting dropped connection: api.bloxflip.com
DEBUG:urllib3.connectionpool:https://api.bloxflip.com:443 "GET /games/crash HTTP/1.1" 403 None
DEBUG:urllib3.connectionpool:https://api.bloxflip.com:443 "GET /games/crash HTTP/1.1" 429 5882
DEBUG:urllib3.connectionpool:Resetting dropped connection: api.bloxflip.com
DEBUG:urllib3.connectionpool:https://api.bloxflip.com:443 "GET /games/crash HTTP/1.1" 429 6266
DEBUG:urllib3.connectionpool:Resetting dropped connection: api.bloxflip.com
DEBUG:urllib3.connectionpool:https://api.bloxflip.com:443 "GET /games/crash HTTP/1.1" 200 None
DEBUG:urllib3.connectionpool:https://api.bloxflip.com:443 "GET /games/crash HTTP/1.1" 200 None
DEBUG:urllib3.connectionpool:https://api.bloxflip.com:443 "GET /games/crash HTTP/1.1" 429 5861
DEBUG:urllib3.connectionpool:Resetting dropped connection: api.bloxflip.com
DEBUG:urllib3.connectionpool:https://api.bloxflip.com:443 "GET /games/crash HTTP/1.1" 200 None
DEBUG:urllib3.connectionpool:https://api.bloxflip.com:443 "GET /games/crash HTTP/1.1" 429 5861
DEBUG:urllib3.connectionpool:Resetting dropped connection: api.bloxflip.com
DEBUG:urllib3.connectionpool:https://api.bloxflip.com:443 "GET /games/crash HTTP/1.1" 200 None
DEBUG:urllib3.connectionpool:https://api.bloxflip.com:443 "GET /games/crash HTTP/1.1" 429 5882
DEBUG:urllib3.connectionpool:Resetting dropped connection: api.bloxflip.com
DEBUG:urllib3.connectionpool:https://api.bloxflip.com:443 "GET /games/crash HTTP/1.1" 200 None
DEBUG:urllib3.connectionpool:https://api.bloxflip.com:443 "GET /games/crash HTTP/1.1" 200 None
DEBUG:urllib3.connectionpool:https://api.bloxflip.com:443 "GET /games/crash HTTP/1.1" 429 5881
DEBUG:urllib3.connectionpool:Resetting dropped connection: api.bloxflip.com
DEBUG:urllib3.connectionpool:https://api.bloxflip.com:443 "GET /games/crash HTTP/1.1" 403 None
DEBUG:urllib3.connectionpool:https://api.bloxflip.com:443 "GET /games/crash HTTP/1.1" 429 5882
DEBUG:urllib3.connectionpool:Resetting dropped connection: api.bloxflip.com
DEBUG:urllib3.connectionpool:https://api.bloxflip.com:443 "GET /games/crash HTTP/1.1" 200 None
DEBUG:urllib3.connectionpool:https://api.bloxflip.com:443 "GET /games/crash HTTP/1.1" 200 None
DEBUG:urllib3.connectionpool:https://api.bloxflip.com:443 "GET /games/crash HTTP/1.1" 429 5882
DEBUG:urllib3.connectionpool:Resetting dropped connection: api.bloxflip.com
DEBUG:urllib3.connectionpool:https://api.bloxflip.com:443 "GET /games/crash HTTP/1.1" 200 None
DEBUG:urllib3.connectionpool:https://api.bloxflip.com:443 "GET /games/crash HTTP/1.1" 200 None
DEBUG:urllib3.connectionpool:https://api.bloxflip.com:443 "GET /games/crash HTTP/1.1" 429 5882
DEBUG:urllib3.connectionpool:Resetting dropped connection: api.bloxflip.com
DEBUG:urllib3.connectionpool:https://api.bloxflip.com:443 "GET /games/crash HTTP/1.1" 200 None
DEBUG:urllib3.connectionpool:https://api.bloxflip.com:443 "GET /games/crash HTTP/1.1" 200 None
DEBUG:urllib3.connectionpool:https://api.bloxflip.com:443 "GET /games/crash HTTP/1.1" 429 5861
DEBUG:urllib3.connectionpool:Resetting dropped connection: api.bloxflip.com
DEBUG:urllib3.connectionpool:https://api.bloxflip.com:443 "GET /games/crash HTTP/1.1" 200 None
DEBUG:urllib3.connectionpool:https://api.bloxflip.com:443 "GET /games/crash HTTP/1.1" 200 None
DEBUG:urllib3.connectionpool:https://api.bloxflip.com:443 "GET /games/crash HTTP/1.1" 429 5882
DEBUG:urllib3.connectionpool:Resetting dropped connection: api.bloxflip.com
DEBUG:urllib3.connectionpool:https://api.bloxflip.com:443 "GET /games/crash HTTP/1.1" 200 None
DEBUG:urllib3.connectionpool:https://api.bloxflip.com:443 "GET /games/crash HTTP/1.1" 429 5861
DEBUG:urllib3.connectionpool:Resetting dropped connection: api.bloxflip.com
DEBUG:urllib3.connectionpool:https://api.bloxflip.com:443 "GET /games/crash HTTP/1.1" 403 None
DEBUG:urllib3.connectionpool:https://api.bloxflip.com:443 "GET /games/crash HTTP/1.1" 429 5882
DEBUG:urllib3.connectionpool:Resetting dropped connection: api.bloxflip.com
DEBUG:urllib3.connectionpool:https://api.bloxflip.com:443 "GET /games/crash HTTP/1.1" 200 None
DEBUG:urllib3.connectionpool:https://api.bloxflip.com:443 "GET /games/crash HTTP/1.1" 429 5861
DEBUG:urllib3.connectionpool:Resetting dropped connection: api.bloxflip.com
DEBUG:urllib3.connectionpool:https://api.bloxflip.com:443 "GET /games/crash HTTP/1.1" 200 None
DEBUG:urllib3.connectionpool:https://api.bloxflip.com:443 "GET /games/crash HTTP/1.1" 429 5861
DEBUG:urllib3.connectionpool:Resetting dropped connection: api.bloxflip.com
DEBUG:urllib3.connectionpool:https://api.bloxflip.com:443 "GET /games/crash HTTP/1.1" 200 None
DEBUG:urllib3.connectionpool:https://api.bloxflip.com:443 "GET /games/crash HTTP/1.1" 200 None
DEBUG:urllib3.connectionpool:https://api.bloxflip.com:443 "GET /games/crash HTTP/1.1" 429 5860
DEBUG:urllib3.connectionpool:Resetting dropped connection: api.bloxflip.com
DEBUG:urllib3.connectionpool:https://api.bloxflip.com:443 "GET /games/crash HTTP/1.1" 403 None
DEBUG:urllib3.connectionpool:https://api.bloxflip.com:443 "GET /games/crash HTTP/1.1" 429 5882
DEBUG:urllib3.connectionpool:Resetting dropped connection: api.bloxflip.com
DEBUG:urllib3.connectionpool:https://api.bloxflip.com:443 "GET /games/crash HTTP/1.1" 429 6266
DEBUG:urllib3.connectionpool:Resetting dropped connection: api.bloxflip.com
DEBUG:urllib3.connectionpool:https://api.bloxflip.com:443 "GET /games/crash HTTP/1.1" 200 None
DEBUG:urllib3.connectionpool:https://api.bloxflip.com:443 "GET /games/crash HTTP/1.1" 200 None
DEBUG:urllib3.connectionpool:https://api.bloxflip.com:443 "GET /games/crash HTTP/1.1" 429 5882
DEBUG:urllib3.connectionpool:Resetting dropped connection: api.bloxflip.com
DEBUG:urllib3.connectionpool:https://api.bloxflip.com:443 "GET /games/crash HTTP/1.1" 200 None
DEBUG:urllib3.connectionpool:https://api.bloxflip.com:443 "GET /games/crash HTTP/1.1" 200 None
DEBUG:urllib3.connectionpool:https://api.bloxflip.com:443 "GET /games/crash HTTP/1.1" 429 5882
DEBUG:urllib3.connectionpool:Resetting dropped connection: api.bloxflip.com
DEBUG:urllib3.connectionpool:https://api.bloxflip.com:443 "GET /games/crash HTTP/1.1" 403 None
DEBUG:urllib3.connectionpool:https://api.bloxflip.com:443 "GET /games/crash HTTP/1.1" 429 5882
DEBUG:urllib3.connectionpool:Resetting dropped connection: api.bloxflip.com
DEBUG:urllib3.connectionpool:https://api.bloxflip.com:443 "GET /games/crash HTTP/1.1" 200 None
DEBUG:urllib3.connectionpool:https://api.bloxflip.com:443 "GET /games/crash HTTP/1.1" 200 None
DEBUG:urllib3.connectionpool:https://api.bloxflip.com:443 "GET /games/crash HTTP/1.1" 429 5880
DEBUG:urllib3.connectionpool:Resetting dropped connection: api.bloxflip.com
DEBUG:urllib3.connectionpool:https://api.bloxflip.com:443 "GET /games/crash HTTP/1.1" 200 None
DEBUG:urllib3.connectionpool:https://api.bloxflip.com:443 "GET /games/crash HTTP/1.1" 429 5882
DEBUG:urllib3.connectionpool:Resetting dropped connection: api.bloxflip.com
DEBUG:urllib3.connectionpool:https://api.bloxflip.com:443 "GET /games/crash HTTP/1.1" 200 None
DEBUG:urllib3.connectionpool:https://api.bloxflip.com:443 "GET /games/crash HTTP/1.1" 200 None
DEBUG:urllib3.connectionpool:https://api.bloxflip.com:443 "GET /games/crash HTTP/1.1" 429 5882
DEBUG:urllib3.connectionpool:Resetting dropped connection: api.bloxflip.com
DEBUG:urllib3.connectionpool:https://api.bloxflip.com:443 "GET /games/crash HTTP/1.1" 200 None
DEBUG:urllib3.connectionpool:https://api.bloxflip.com:443 "GET /games/crash HTTP/1.1" 429 5861
DEBUG:urllib3.connectionpool:Resetting dropped connection: api.bloxflip.com
DEBUG:urllib3.connectionpool:https://api.bloxflip.com:443 "GET /games/crash HTTP/1.1" 200 None
DEBUG:urllib3.connectionpool:https://api.bloxflip.com:443 "GET /games/crash HTTP/1.1" 200 None
DEBUG:urllib3.connectionpool:https://api.bloxflip.com:443 "GET /games/crash HTTP/1.1" 429 5861
DEBUG:urllib3.connectionpool:Resetting dropped connection: api.bloxflip.com
DEBUG:urllib3.connectionpool:https://api.bloxflip.com:443 "GET /games/crash HTTP/1.1" 200 None
DEBUG:urllib3.connectionpool:https://api.bloxflip.com:443 "GET /games/crash HTTP/1.1" 429 5860
DEBUG:urllib3.connectionpool:Resetting dropped connection: api.bloxflip.com
DEBUG:urllib3.connectionpool:https://api.bloxflip.com:443 "GET /games/crash HTTP/1.1" 200 None
DEBUG:urllib3.connectionpool:https://api.bloxflip.com:443 "GET /games/crash HTTP/1.1" 429 5861
DEBUG:urllib3.connectionpool:Resetting dropped connection: api.bloxflip.com
DEBUG:urllib3.connectionpool:https://api.bloxflip.com:443 "GET /games/crash HTTP/1.1" 200 None
DEBUG:urllib3.connectionpool:https://api.bloxflip.com:443 "GET /games/crash HTTP/1.1" 200 None
DEBUG:urllib3.connectionpool:https://api.bloxflip.com:443 "GET /games/crash HTTP/1.1" 429 5882
DEBUG:urllib3.connectionpool:Resetting dropped connection: api.bloxflip.com
DEBUG:urllib3.connectionpool:https://api.bloxflip.com:443 "GET /games/crash HTTP/1.1" 200 None
DEBUG:urllib3.connectionpool:https://api.bloxflip.com:443 "GET /games/crash HTTP/1.1" 200 None
DEBUG:urllib3.connectionpool:https://api.bloxflip.com:443 "GET /games/crash HTTP/1.1" 429 5882
DEBUG:urllib3.connectionpool:Resetting dropped connection: api.bloxflip.com
DEBUG:urllib3.connectionpool:https://api.bloxflip.com:443 "GET /games/crash HTTP/1.1" 200 None
DEBUG:urllib3.connectionpool:https://api.bloxflip.com:443 "GET /games/crash HTTP/1.1" 429 5882
DEBUG:urllib3.connectionpool:Resetting dropped connection: api.bloxflip.com
DEBUG:urllib3.connectionpool:https://api.bloxflip.com:443 "GET /games/crash HTTP/1.1" 200 None
DEBUG:urllib3.connectionpool:https://api.bloxflip.com:443 "GET /games/crash HTTP/1.1" 429 5839
DEBUG:urllib3.connectionpool:Resetting dropped connection: api.bloxflip.com
DEBUG:urllib3.connectionpool:https://api.bloxflip.com:443 "GET /games/crash HTTP/1.1" 200 None
DEBUG:urllib3.connectionpool:https://api.bloxflip.com:443 "GET /games/crash HTTP/1.1" 200 None
DEBUG:urllib3.connectionpool:https://api.bloxflip.com:443 "GET /games/crash HTTP/1.1" 429 5861
DEBUG:urllib3.connectionpool:Resetting dropped connection: api.bloxflip.com
DEBUG:urllib3.connectionpool:https://api.bloxflip.com:443 "GET /games/crash HTTP/1.1" 200 None
DEBUG:urllib3.connectionpool:https://api.bloxflip.com:443 "GET /games/crash HTTP/1.1" 403 None
DEBUG:urllib3.connectionpool:https://api.bloxflip.com:443 "GET /games/crash HTTP/1.1" 429 5882
DEBUG:urllib3.connectionpool:Resetting dropped connection: api.bloxflip.com
DEBUG:urllib3.connectionpool:https://api.bloxflip.com:443 "GET /games/crash HTTP/1.1" 200 None
DEBUG:urllib3.connectionpool:https://api.bloxflip.com:443 "GET /games/crash HTTP/1.1" 429 5860
DEBUG:urllib3.connectionpool:Resetting dropped connection: api.bloxflip.com
DEBUG:urllib3.connectionpool:https://api.bloxflip.com:443 "GET /games/crash HTTP/1.1" 200 None
DEBUG:urllib3.connectionpool:https://api.bloxflip.com:443 "GET /games/crash HTTP/1.1" 200 None
DEBUG:urllib3.connectionpool:https://api.bloxflip.com:443 "GET /games/crash HTTP/1.1" 429 5881
DEBUG:urllib3.connectionpool:Resetting dropped connection: api.bloxflip.com
DEBUG:urllib3.connectionpool:https://api.bloxflip.com:443 "GET /games/crash HTTP/1.1" 200 None
DEBUG:urllib3.connectionpool:Starting new HTTPS connection (1): api.bloxflip.com:443
DEBUG:urllib3.connectionpool:https://api.bloxflip.com:443 "GET /user HTTP/1.1" 200 None
DEBUG:urllib3.connectionpool:Starting new HTTPS connection (1): discord.com:443
DEBUG:urllib3.connectionpool:https://discord.com:443 "POST /api/webhooks/ HTTP/1.1" 404 40
DEBUG:playsound:Starting
ERROR:playsound:
    Error 305 for command:
        open "Assets\Win.mp3"
    Cannot specify extra characters after a string enclosed in quotation marks.
DEBUG:urllib3.connectionpool:Starting new HTTPS connection (1): bfpredictor.repl.co:443
ERROR:playsound:
    Error 263 for command:
        close "Assets\Win.mp3"
    The specified device is not open or is not recognized by MCI.
WARNING:playsound:Failed to close the file: "Assets\Win.mp3"
DEBUG:urllib3.connectionpool:https://bfpredictor.repl.co:443 "GET /multiplier HTTP/1.1" 200 17
DEBUG:urllib3.connectionpool:Starting new HTTPS connection (1): discord.com:443
DEBUG:urllib3.connectionpool:https://discord.com:443 "POST /api/webhooks/ HTTP/1.1" 404 40
DEBUG:urllib3.connectionpool:Starting new HTTPS connection (1): discord.com:443
DEBUG:urllib3.connectionpool:https://discord.com:443 "POST /api/webhooks/ HTTP/1.1" 404 40
DEBUG:urllib3.connectionpool:https://api.bloxflip.com:443 "GET /games/crash HTTP/1.1" 200 None
DEBUG:urllib3.connectionpool:https://api.bloxflip.com:443 "GET /games/crash HTTP/1.1" 200 None
DEBUG:urllib3.connectionpool:https://api.bloxflip.com:443 "GET /games/crash HTTP/1.1" 200 None
DEBUG:urllib3.connectionpool:https://api.bloxflip.com:443 "GET /games/crash HTTP/1.1" 200 None
DEBUG:urllib3.connectionpool:https://api.bloxflip.com:443 "GET /games/crash HTTP/1.1" 200 None
DEBUG:urllib3.connectionpool:https://api.bloxflip.com:443 "GET /games/crash HTTP/1.1" 200 None
DEBUG:urllib3.connectionpool:https://api.bloxflip.com:443 "GET /games/crash HTTP/1.1" 200 None
DEBUG:urllib3.connectionpool:https://api.bloxflip.com:443 "GET /games/crash HTTP/1.1" 200 None
DEBUG:urllib3.connectionpool:https://api.bloxflip.com:443 "GET /games/crash HTTP/1.1" 200 None
DEBUG:urllib3.connectionpool:https://api.bloxflip.com:443 "GET /games/crash HTTP/1.1" 200 None
DEBUG:urllib3.connectionpool:https://api.bloxflip.com:443 "GET /games/crash HTTP/1.1" 200 None
DEBUG:urllib3.connectionpool:https://api.bloxflip.com:443 "GET /games/crash HTTP/1.1" 200 None
DEBUG:urllib3.connectionpool:https://api.bloxflip.com:443 "GET /games/crash HTTP/1.1" 200 None
DEBUG:urllib3.connectionpool:https://api.bloxflip.com:443 "GET /games/crash HTTP/1.1" 200 None
DEBUG:urllib3.connectionpool:https://api.bloxflip.com:443 "GET /games/crash HTTP/1.1" 200 None
DEBUG:urllib3.connectionpool:https://api.bloxflip.com:443 "GET /games/crash HTTP/1.1" 200 None
DEBUG:urllib3.connectionpool:https://api.bloxflip.com:443 "GET /games/crash HTTP/1.1" 200 None
DEBUG:urllib3.connectionpool:https://api.bloxflip.com:443 "GET /games/crash HTTP/1.1" 200 None
DEBUG:urllib3.connectionpool:https://api.bloxflip.com:443 "GET /games/crash HTTP/1.1" 200 None
DEBUG:urllib3.connectionpool:https://api.bloxflip.com:443 "GET /games/crash HTTP/1.1" 200 None
DEBUG:urllib3.connectionpool:https://api.bloxflip.com:443 "GET /games/crash HTTP/1.1" 200 None
DEBUG:urllib3.connectionpool:https://api.bloxflip.com:443 "GET /games/crash HTTP/1.1" 200 None
DEBUG:urllib3.connectionpool:https://api.bloxflip.com:443 "GET /games/crash HTTP/1.1" 200 None
DEBUG:urllib3.connectionpool:https://api.bloxflip.com:443 "GET /games/crash HTTP/1.1" 200 None
DEBUG:urllib3.connectionpool:https://api.bloxflip.com:443 "GET /games/crash HTTP/1.1" 200 None
DEBUG:urllib3.connectionpool:https://api.bloxflip.com:443 "GET /games/crash HTTP/1.1" 200 None
DEBUG:urllib3.connectionpool:https://api.bloxflip.com:443 "GET /games/crash HTTP/1.1" 200 None
DEBUG:urllib3.connectionpool:https://api.bloxflip.com:443 "GET /games/crash HTTP/1.1" 200 None
DEBUG:urllib3.connectionpool:https://api.bloxflip.com:443 "GET /games/crash HTTP/1.1" 200 None
DEBUG:urllib3.connectionpool:https://api.bloxflip.com:443 "GET /games/crash HTTP/1.1" 200 None
DEBUG:urllib3.connectionpool:https://api.bloxflip.com:443 "GET /games/crash HTTP/1.1" 200 None
DEBUG:urllib3.connectionpool:https://api.bloxflip.com:443 "GET /games/crash HTTP/1.1" 200 None
DEBUG:urllib3.connectionpool:https://api.bloxflip.com:443 "GET /games/crash HTTP/1.1" 200 None
DEBUG:urllib3.connectionpool:https://api.bloxflip.com:443 "GET /games/crash HTTP/1.1" 200 None
DEBUG:urllib3.connectionpool:https://api.bloxflip.com:443 "GET /games/crash HTTP/1.1" 200 None
DEBUG:urllib3.connectionpool:https://api.bloxflip.com:443 "GET /games/crash HTTP/1.1" 200 None
DEBUG:urllib3.connectionpool:https://api.bloxflip.com:443 "GET /games/crash HTTP/1.1" 200 None
DEBUG:urllib3.connectionpool:https://api.bloxflip.com:443 "GET /games/crash HTTP/1.1" 200 None
DEBUG:urllib3.connectionpool:https://api.bloxflip.com:443 "GET /games/crash HTTP/1.1" 200 None
DEBUG:urllib3.connectionpool:https://api.bloxflip.com:443 "GET /games/crash HTTP/1.1" 200 None
DEBUG:urllib3.connectionpool:https://api.bloxflip.com:443 "GET /games/crash HTTP/1.1" 200 None
DEBUG:urllib3.connectionpool:https://api.bloxflip.com:443 "GET /games/crash HTTP/1.1" 200 None
DEBUG:urllib3.connectionpool:https://api.bloxflip.com:443 "GET /games/crash HTTP/1.1" 200 None
DEBUG:urllib3.connectionpool:https://api.bloxflip.com:443 "GET /games/crash HTTP/1.1" 200 None
DEBUG:urllib3.connectionpool:https://api.bloxflip.com:443 "GET /games/crash HTTP/1.1" 200 None
DEBUG:urllib3.connectionpool:https://api.bloxflip.com:443 "GET /games/crash HTTP/1.1" 200 None
DEBUG:urllib3.connectionpool:https://api.bloxflip.com:443 "GET /games/crash HTTP/1.1" 200 None
DEBUG:urllib3.connectionpool:https://api.bloxflip.com:443 "GET /games/crash HTTP/1.1" 200 None
DEBUG:urllib3.connectionpool:https://api.bloxflip.com:443 "GET /games/crash HTTP/1.1" 200 None
DEBUG:urllib3.connectionpool:https://api.bloxflip.com:443 "GET /games/crash HTTP/1.1" 200 None
DEBUG:urllib3.connectionpool:https://api.bloxflip.com:443 "GET /games/crash HTTP/1.1" 200 None
DEBUG:urllib3.connectionpool:https://api.bloxflip.com:443 "GET /games/crash HTTP/1.1" 200 None
DEBUG:urllib3.connectionpool:https://api.bloxflip.com:443 "GET /games/crash HTTP/1.1" 200 None
DEBUG:urllib3.connectionpool:https://api.bloxflip.com:443 "GET /games/crash HTTP/1.1" 200 None
DEBUG:urllib3.connectionpool:https://api.bloxflip.com:443 "GET /games/crash HTTP/1.1" 200 None
DEBUG:urllib3.connectionpool:https://api.bloxflip.com:443 "GET /games/crash HTTP/1.1" 200 None
DEBUG:urllib3.connectionpool:https://api.bloxflip.com:443 "GET /games/crash HTTP/1.1" 200 None
DEBUG:urllib3.connectionpool:https://api.bloxflip.com:443 "GET /games/crash HTTP/1.1" 200 None
DEBUG:urllib3.connectionpool:https://api.bloxflip.com:443 "GET /games/crash HTTP/1.1" 200 None
DEBUG:urllib3.connectionpool:https://api.bloxflip.com:443 "GET /games/crash HTTP/1.1" 200 None
DEBUG:urllib3.connectionpool:https://api.bloxflip.com:443 "GET /games/crash HTTP/1.1" 429 5882
DEBUG:urllib3.connectionpool:Resetting dropped connection: api.bloxflip.com
DEBUG:urllib3.connectionpool:https://api.bloxflip.com:443 "GET /games/crash HTTP/1.1" 200 None
DEBUG:urllib3.connectionpool:https://api.bloxflip.com:443 "GET /games/crash HTTP/1.1" 429 5861
DEBUG:urllib3.connectionpool:Resetting dropped connection: api.bloxflip.com
DEBUG:urllib3.connectionpool:https://api.bloxflip.com:443 "GET /games/crash HTTP/1.1" 200 None
DEBUG:urllib3.connectionpool:https://api.bloxflip.com:443 "GET /games/crash HTTP/1.1" 200 None
DEBUG:urllib3.connectionpool:https://api.bloxflip.com:443 "GET /games/crash HTTP/1.1" 429 5882
DEBUG:urllib3.connectionpool:Resetting dropped connection: api.bloxflip.com
DEBUG:urllib3.connectionpool:https://api.bloxflip.com:443 "GET /games/crash HTTP/1.1" 200 None
DEBUG:urllib3.connectionpool:https://api.bloxflip.com:443 "GET /games/crash HTTP/1.1" 429 5861
DEBUG:urllib3.connectionpool:Resetting dropped connection: api.bloxflip.com
DEBUG:urllib3.connectionpool:https://api.bloxflip.com:443 "GET /games/crash HTTP/1.1" 200 None
DEBUG:urllib3.connectionpool:https://api.bloxflip.com:443 "GET /games/crash HTTP/1.1" 200 None
DEBUG:urllib3.connectionpool:https://api.bloxflip.com:443 "GET /games/crash HTTP/1.1" 429 5882
DEBUG:urllib3.connectionpool:Resetting dropped connection: api.bloxflip.com
DEBUG:urllib3.connectionpool:https://api.bloxflip.com:443 "GET /games/crash HTTP/1.1" 429 6286
DEBUG:urllib3.connectionpool:Resetting dropped connection: api.bloxflip.com
DEBUG:urllib3.connectionpool:https://api.bloxflip.com:443 "GET /games/crash HTTP/1.1" 200 None
DEBUG:urllib3.connectionpool:https://api.bloxflip.com:443 "GET /games/crash HTTP/1.1" 429 5882
DEBUG:urllib3.connectionpool:Resetting dropped connection: api.bloxflip.com
DEBUG:urllib3.connectionpool:https://api.bloxflip.com:443 "GET /games/crash HTTP/1.1" 200 None
DEBUG:urllib3.connectionpool:https://api.bloxflip.com:443 "GET /games/crash HTTP/1.1" 200 None
DEBUG:urllib3.connectionpool:https://api.bloxflip.com:443 "GET /games/crash HTTP/1.1" 429 5882
DEBUG:urllib3.connectionpool:Resetting dropped connection: api.bloxflip.com
DEBUG:urllib3.connectionpool:https://api.bloxflip.com:443 "GET /games/crash HTTP/1.1" 200 None
DEBUG:urllib3.connectionpool:https://api.bloxflip.com:443 "GET /games/crash HTTP/1.1" 200 None
DEBUG:urllib3.connectionpool:https://api.bloxflip.com:443 "GET /games/crash HTTP/1.1" 429 5861
DEBUG:urllib3.connectionpool:Resetting dropped connection: api.bloxflip.com
DEBUG:urllib3.connectionpool:https://api.bloxflip.com:443 "GET /games/crash HTTP/1.1" 403 None
DEBUG:urllib3.connectionpool:https://api.bloxflip.com:443 "GET /games/crash HTTP/1.1" 429 5861
DEBUG:urllib3.connectionpool:Resetting dropped connection: api.bloxflip.com
DEBUG:urllib3.connectionpool:https://api.bloxflip.com:443 "GET /games/crash HTTP/1.1" 200 None
DEBUG:urllib3.connectionpool:https://api.bloxflip.com:443 "GET /games/crash HTTP/1.1" 200 None
DEBUG:urllib3.connectionpool:https://api.bloxflip.com:443 "GET /games/crash HTTP/1.1" 429 5861
DEBUG:urllib3.connectionpool:Resetting dropped connection: api.bloxflip.com
DEBUG:urllib3.connectionpool:https://api.bloxflip.com:443 "GET /games/crash HTTP/1.1" 200 None
DEBUG:urllib3.connectionpool:https://api.bloxflip.com:443 "GET /games/crash HTTP/1.1" 200 None
DEBUG:urllib3.connectionpool:https://api.bloxflip.com:443 "GET /games/crash HTTP/1.1" 429 5882
DEBUG:urllib3.connectionpool:Resetting dropped connection: api.bloxflip.com
DEBUG:urllib3.connectionpool:https://api.bloxflip.com:443 "GET /games/crash HTTP/1.1" 403 None
DEBUG:urllib3.connectionpool:https://api.bloxflip.com:443 "GET /games/crash HTTP/1.1" 429 5881
DEBUG:urllib3.connectionpool:Resetting dropped connection: api.bloxflip.com
DEBUG:urllib3.connectionpool:https://api.bloxflip.com:443 "GET /games/crash HTTP/1.1" 429 6287
DEBUG:urllib3.connectionpool:Resetting dropped connection: api.bloxflip.com
DEBUG:urllib3.connectionpool:https://api.bloxflip.com:443 "GET /games/crash HTTP/1.1" 403 None
DEBUG:urllib3.connectionpool:https://api.bloxflip.com:443 "GET /games/crash HTTP/1.1" 429 5882
DEBUG:urllib3.connectionpool:Resetting dropped connection: api.bloxflip.com
DEBUG:urllib3.connectionpool:https://api.bloxflip.com:443 "GET /games/crash HTTP/1.1" 200 None
DEBUG:urllib3.connectionpool:https://api.bloxflip.com:443 "GET /games/crash HTTP/1.1" 200 None
DEBUG:urllib3.connectionpool:https://api.bloxflip.com:443 "GET /games/crash HTTP/1.1" 429 5882
DEBUG:urllib3.connectionpool:Resetting dropped connection: api.bloxflip.com
DEBUG:urllib3.connectionpool:https://api.bloxflip.com:443 "GET /games/crash HTTP/1.1" 200 None
DEBUG:urllib3.connectionpool:https://api.bloxflip.com:443 "GET /games/crash HTTP/1.1" 429 5882
DEBUG:urllib3.connectionpool:Resetting dropped connection: api.bloxflip.com
DEBUG:urllib3.connectionpool:https://api.bloxflip.com:443 "GET /games/crash HTTP/1.1" 200 None
DEBUG:urllib3.connectionpool:https://api.bloxflip.com:443 "GET /games/crash HTTP/1.1" 200 None
DEBUG:urllib3.connectionpool:https://api.bloxflip.com:443 "GET /games/crash HTTP/1.1" 200 None
DEBUG:urllib3.connectionpool:https://api.bloxflip.com:443 "GET /games/crash HTTP/1.1" 429 5882
DEBUG:urllib3.connectionpool:Resetting dropped connection: api.bloxflip.com
DEBUG:urllib3.connectionpool:https://api.bloxflip.com:443 "GET /games/crash HTTP/1.1" 200 None
DEBUG:urllib3.connectionpool:https://api.bloxflip.com:443 "GET /games/crash HTTP/1.1" 429 5861
DEBUG:urllib3.connectionpool:Resetting dropped connection: api.bloxflip.com
DEBUG:urllib3.connectionpool:https://api.bloxflip.com:443 "GET /games/crash HTTP/1.1" 200 None
DEBUG:urllib3.connectionpool:https://api.bloxflip.com:443 "GET /games/crash HTTP/1.1" 200 None
DEBUG:urllib3.connectionpool:https://api.bloxflip.com:443 "GET /games/crash HTTP/1.1" 429 5861
DEBUG:urllib3.connectionpool:Resetting dropped connection: api.bloxflip.com
DEBUG:urllib3.connectionpool:https://api.bloxflip.com:443 "GET /games/crash HTTP/1.1" 200 None
DEBUG:urllib3.connectionpool:https://api.bloxflip.com:443 "GET /games/crash HTTP/1.1" 200 None
DEBUG:urllib3.connectionpool:https://api.bloxflip.com:443 "GET /games/crash HTTP/1.1" 429 5860
DEBUG:urllib3.connectionpool:Resetting dropped connection: api.bloxflip.com
DEBUG:urllib3.connectionpool:https://api.bloxflip.com:443 "GET /games/crash HTTP/1.1" 200 None
DEBUG:urllib3.connectionpool:https://api.bloxflip.com:443 "GET /games/crash HTTP/1.1" 200 None
DEBUG:urllib3.connectionpool:https://api.bloxflip.com:443 "GET /games/crash HTTP/1.1" 429 5882
DEBUG:urllib3.connectionpool:Resetting dropped connection: api.bloxflip.com
DEBUG:urllib3.connectionpool:https://api.bloxflip.com:443 "GET /games/crash HTTP/1.1" 200 None
DEBUG:urllib3.connectionpool:https://api.bloxflip.com:443 "GET /games/crash HTTP/1.1" 429 5861
DEBUG:urllib3.connectionpool:Resetting dropped connection: api.bloxflip.com
DEBUG:urllib3.connectionpool:https://api.bloxflip.com:443 "GET /games/crash HTTP/1.1" 200 None
DEBUG:urllib3.connectionpool:https://api.bloxflip.com:443 "GET /games/crash HTTP/1.1" 200 None
DEBUG:urllib3.connectionpool:https://api.bloxflip.com:443 "GET /games/crash HTTP/1.1" 429 5860
DEBUG:urllib3.connectionpool:Resetting dropped connection: api.bloxflip.com
DEBUG:urllib3.connectionpool:https://api.bloxflip.com:443 "GET /games/crash HTTP/1.1" 200 None
DEBUG:urllib3.connectionpool:https://api.bloxflip.com:443 "GET /games/crash HTTP/1.1" 429 5882
DEBUG:urllib3.connectionpool:Resetting dropped connection: api.bloxflip.com
DEBUG:urllib3.connectionpool:https://api.bloxflip.com:443 "GET /games/crash HTTP/1.1" 200 None
DEBUG:urllib3.connectionpool:https://api.bloxflip.com:443 "GET /games/crash HTTP/1.1" 429 5861
DEBUG:urllib3.connectionpool:Resetting dropped connection: api.bloxflip.com
DEBUG:urllib3.connectionpool:https://api.bloxflip.com:443 "GET /games/crash HTTP/1.1" 200 None
DEBUG:urllib3.connectionpool:https://api.bloxflip.com:443 "GET /games/crash HTTP/1.1" 429 5860
DEBUG:urllib3.connectionpool:Resetting dropped connection: api.bloxflip.com
DEBUG:urllib3.connectionpool:https://api.bloxflip.com:443 "GET /games/crash HTTP/1.1" 200 None
DEBUG:urllib3.connectionpool:https://api.bloxflip.com:443 "GET /games/crash HTTP/1.1" 200 None
DEBUG:urllib3.connectionpool:https://api.bloxflip.com:443 "GET /games/crash HTTP/1.1" 429 5882
DEBUG:urllib3.connectionpool:Resetting dropped connection: api.bloxflip.com
DEBUG:urllib3.connectionpool:https://api.bloxflip.com:443 "GET /games/crash HTTP/1.1" 200 None
DEBUG:urllib3.connectionpool:https://api.bloxflip.com:443 "GET /games/crash HTTP/1.1" 429 5861
DEBUG:urllib3.connectionpool:Resetting dropped connection: api.bloxflip.com
DEBUG:urllib3.connectionpool:https://api.bloxflip.com:443 "GET /games/crash HTTP/1.1" 200 None
DEBUG:urllib3.connectionpool:https://api.bloxflip.com:443 "GET /games/crash HTTP/1.1" 429 5861
DEBUG:urllib3.connectionpool:Resetting dropped connection: api.bloxflip.com
DEBUG:urllib3.connectionpool:https://api.bloxflip.com:443 "GET /games/crash HTTP/1.1" 200 None
DEBUG:urllib3.connectionpool:https://api.bloxflip.com:443 "GET /games/crash HTTP/1.1" 429 5882
DEBUG:urllib3.connectionpool:Resetting dropped connection: api.bloxflip.com
DEBUG:urllib3.connectionpool:https://api.bloxflip.com:443 "GET /games/crash HTTP/1.1" 200 None
DEBUG:urllib3.connectionpool:https://api.bloxflip.com:443 "GET /games/crash HTTP/1.1" 200 None
DEBUG:urllib3.connectionpool:https://api.bloxflip.com:443 "GET /games/crash HTTP/1.1" 429 5861
DEBUG:urllib3.connectionpool:Resetting dropped connection: api.bloxflip.com
DEBUG:urllib3.connectionpool:https://api.bloxflip.com:443 "GET /games/crash HTTP/1.1" 200 None
DEBUG:urllib3.connectionpool:https://api.bloxflip.com:443 "GET /games/crash HTTP/1.1" 200 None
DEBUG:urllib3.connectionpool:https://api.bloxflip.com:443 "GET /games/crash HTTP/1.1" 429 5861
DEBUG:urllib3.connectionpool:Resetting dropped connection: api.bloxflip.com
DEBUG:urllib3.connectionpool:https://api.bloxflip.com:443 "GET /games/crash HTTP/1.1" 200 None
DEBUG:urllib3.connectionpool:https://api.bloxflip.com:443 "GET /games/crash HTTP/1.1" 429 5882
DEBUG:urllib3.connectionpool:Resetting dropped connection: api.bloxflip.com
DEBUG:urllib3.connectionpool:https://api.bloxflip.com:443 "GET /games/crash HTTP/1.1" 200 None
DEBUG:urllib3.connectionpool:https://api.bloxflip.com:443 "GET /games/crash HTTP/1.1" 200 None
DEBUG:urllib3.connectionpool:https://api.bloxflip.com:443 "GET /games/crash HTTP/1.1" 429 5882
DEBUG:urllib3.connectionpool:Resetting dropped connection: api.bloxflip.com
DEBUG:urllib3.connectionpool:https://api.bloxflip.com:443 "GET /games/crash HTTP/1.1" 200 None
DEBUG:urllib3.connectionpool:https://api.bloxflip.com:443 "GET /games/crash HTTP/1.1" 200 None
DEBUG:urllib3.connectionpool:https://api.bloxflip.com:443 "GET /games/crash HTTP/1.1" 429 5882
DEBUG:urllib3.connectionpool:Resetting dropped connection: api.bloxflip.com
DEBUG:urllib3.connectionpool:https://api.bloxflip.com:443 "GET /games/crash HTTP/1.1" 200 None
DEBUG:urllib3.connectionpool:https://api.bloxflip.com:443 "GET /games/crash HTTP/1.1" 200 None
DEBUG:urllib3.connectionpool:https://api.bloxflip.com:443 "GET /games/crash HTTP/1.1" 429 5861
DEBUG:urllib3.connectionpool:Resetting dropped connection: api.bloxflip.com
DEBUG:urllib3.connectionpool:https://api.bloxflip.com:443 "GET /games/crash HTTP/1.1" 200 None
DEBUG:urllib3.connectionpool:https://api.bloxflip.com:443 "GET /games/crash HTTP/1.1" 429 5882
DEBUG:urllib3.connectionpool:Resetting dropped connection: api.bloxflip.com
DEBUG:urllib3.connectionpool:https://api.bloxflip.com:443 "GET /games/crash HTTP/1.1" 200 None
DEBUG:urllib3.connectionpool:https://api.bloxflip.com:443 "GET /games/crash HTTP/1.1" 429 5861
DEBUG:urllib3.connectionpool:Resetting dropped connection: api.bloxflip.com
DEBUG:urllib3.connectionpool:https://api.bloxflip.com:443 "GET /games/crash HTTP/1.1" 200 None
DEBUG:urllib3.connectionpool:https://api.bloxflip.com:443 "GET /games/crash HTTP/1.1" 200 None
DEBUG:urllib3.connectionpool:https://api.bloxflip.com:443 "GET /games/crash HTTP/1.1" 429 5880
DEBUG:urllib3.connectionpool:Resetting dropped connection: api.bloxflip.com
DEBUG:urllib3.connectionpool:https://api.bloxflip.com:443 "GET /games/crash HTTP/1.1" 200 None
DEBUG:urllib3.connectionpool:https://api.bloxflip.com:443 "GET /games/crash HTTP/1.1" 429 5882
DEBUG:urllib3.connectionpool:Resetting dropped connection: api.bloxflip.com
DEBUG:urllib3.connectionpool:https://api.bloxflip.com:443 "GET /games/crash HTTP/1.1" 200 None
DEBUG:urllib3.connectionpool:https://api.bloxflip.com:443 "GET /games/crash HTTP/1.1" 429 5882
DEBUG:urllib3.connectionpool:Resetting dropped connection: api.bloxflip.com
DEBUG:urllib3.connectionpool:https://api.bloxflip.com:443 "GET /games/crash HTTP/1.1" 200 None
DEBUG:urllib3.connectionpool:https://api.bloxflip.com:443 "GET /games/crash HTTP/1.1" 200 None
DEBUG:urllib3.connectionpool:https://api.bloxflip.com:443 "GET /games/crash HTTP/1.1" 429 5861
DEBUG:urllib3.connectionpool:Resetting dropped connection: api.bloxflip.com
DEBUG:urllib3.connectionpool:https://api.bloxflip.com:443 "GET /games/crash HTTP/1.1" 200 None
DEBUG:urllib3.connectionpool:https://api.bloxflip.com:443 "GET /games/crash HTTP/1.1" 200 None
DEBUG:urllib3.connectionpool:https://api.bloxflip.com:443 "GET /games/crash HTTP/1.1" 403 None
DEBUG:urllib3.connectionpool:https://api.bloxflip.com:443 "GET /games/crash HTTP/1.1" 429 5861
DEBUG:urllib3.connectionpool:Resetting dropped connection: api.bloxflip.com
DEBUG:urllib3.connectionpool:https://api.bloxflip.com:443 "GET /games/crash HTTP/1.1" 200 None
DEBUG:urllib3.connectionpool:https://api.bloxflip.com:443 "GET /games/crash HTTP/1.1" 429 5861
DEBUG:urllib3.connectionpool:Resetting dropped connection: api.bloxflip.com
DEBUG:urllib3.connectionpool:https://api.bloxflip.com:443 "GET /games/crash HTTP/1.1" 200 None
DEBUG:urllib3.connectionpool:https://api.bloxflip.com:443 "GET /games/crash HTTP/1.1" 429 5861
DEBUG:urllib3.connectionpool:Resetting dropped connection: api.bloxflip.com
DEBUG:urllib3.connectionpool:https://api.bloxflip.com:443 "GET /games/crash HTTP/1.1" 200 None
DEBUG:urllib3.connectionpool:https://api.bloxflip.com:443 "GET /games/crash HTTP/1.1" 429 5882
DEBUG:urllib3.connectionpool:Resetting dropped connection: api.bloxflip.com
DEBUG:urllib3.connectionpool:https://api.bloxflip.com:443 "GET /games/crash HTTP/1.1" 403 None
DEBUG:urllib3.connectionpool:https://api.bloxflip.com:443 "GET /games/crash HTTP/1.1" 429 5882
DEBUG:urllib3.connectionpool:Resetting dropped connection: api.bloxflip.com
DEBUG:urllib3.connectionpool:https://api.bloxflip.com:443 "GET /games/crash HTTP/1.1" 200 None
DEBUG:urllib3.connectionpool:https://api.bloxflip.com:443 "GET /games/crash HTTP/1.1" 429 5882
DEBUG:urllib3.connectionpool:Resetting dropped connection: api.bloxflip.com
DEBUG:urllib3.connectionpool:https://api.bloxflip.com:443 "GET /games/crash HTTP/1.1" 403 None
DEBUG:urllib3.connectionpool:https://api.bloxflip.com:443 "GET /games/crash HTTP/1.1" 429 5861
DEBUG:urllib3.connectionpool:Resetting dropped connection: api.bloxflip.com
DEBUG:urllib3.connectionpool:https://api.bloxflip.com:443 "GET /games/crash HTTP/1.1" 200 None
DEBUG:urllib3.connectionpool:https://api.bloxflip.com:443 "GET /games/crash HTTP/1.1" 429 5882
DEBUG:urllib3.connectionpool:Resetting dropped connection: api.bloxflip.com
DEBUG:urllib3.connectionpool:https://api.bloxflip.com:443 "GET /games/crash HTTP/1.1" 200 None
DEBUG:urllib3.connectionpool:https://api.bloxflip.com:443 "GET /games/crash HTTP/1.1" 200 None
DEBUG:urllib3.connectionpool:https://api.bloxflip.com:443 "GET /games/crash HTTP/1.1" 429 5882
DEBUG:urllib3.connectionpool:Resetting dropped connection: api.bloxflip.com
DEBUG:urllib3.connectionpool:https://api.bloxflip.com:443 "GET /games/crash HTTP/1.1" 200 None
DEBUG:urllib3.connectionpool:https://api.bloxflip.com:443 "GET /games/crash HTTP/1.1" 429 5882
DEBUG:urllib3.connectionpool:Resetting dropped connection: api.bloxflip.com
DEBUG:urllib3.connectionpool:https://api.bloxflip.com:443 "GET /games/crash HTTP/1.1" 200 None
DEBUG:urllib3.connectionpool:https://api.bloxflip.com:443 "GET /games/crash HTTP/1.1" 200 None
DEBUG:urllib3.connectionpool:https://api.bloxflip.com:443 "GET /games/crash HTTP/1.1" 429 5882
DEBUG:urllib3.connectionpool:Resetting dropped connection: api.bloxflip.com
DEBUG:urllib3.connectionpool:https://api.bloxflip.com:443 "GET /games/crash HTTP/1.1" 200 None
DEBUG:urllib3.connectionpool:https://api.bloxflip.com:443 "GET /games/crash HTTP/1.1" 200 None
DEBUG:urllib3.connectionpool:https://api.bloxflip.com:443 "GET /games/crash HTTP/1.1" 429 5861
DEBUG:urllib3.connectionpool:Resetting dropped connection: api.bloxflip.com
DEBUG:urllib3.connectionpool:https://api.bloxflip.com:443 "GET /games/crash HTTP/1.1" 200 None
DEBUG:urllib3.connectionpool:https://api.bloxflip.com:443 "GET /games/crash HTTP/1.1" 200 None
DEBUG:urllib3.connectionpool:https://api.bloxflip.com:443 "GET /games/crash HTTP/1.1" 429 5882
DEBUG:urllib3.connectionpool:Resetting dropped connection: api.bloxflip.com
DEBUG:urllib3.connectionpool:https://api.bloxflip.com:443 "GET /games/crash HTTP/1.1" 200 None
DEBUG:urllib3.connectionpool:https://api.bloxflip.com:443 "GET /games/crash HTTP/1.1" 200 None
DEBUG:urllib3.connectionpool:https://api.bloxflip.com:443 "GET /games/crash HTTP/1.1" 429 5861
DEBUG:urllib3.connectionpool:Resetting dropped connection: api.bloxflip.com
DEBUG:urllib3.connectionpool:https://api.bloxflip.com:443 "GET /games/crash HTTP/1.1" 200 None
DEBUG:urllib3.connectionpool:https://api.bloxflip.com:443 "GET /games/crash HTTP/1.1" 429 5861
DEBUG:urllib3.connectionpool:Resetting dropped connection: api.bloxflip.com
DEBUG:urllib3.connectionpool:https://api.bloxflip.com:443 "GET /games/crash HTTP/1.1" 200 None
DEBUG:urllib3.connectionpool:https://api.bloxflip.com:443 "GET /games/crash HTTP/1.1" 200 None
DEBUG:urllib3.connectionpool:https://api.bloxflip.com:443 "GET /games/crash HTTP/1.1" 429 5882
DEBUG:urllib3.connectionpool:Resetting dropped connection: api.bloxflip.com
DEBUG:urllib3.connectionpool:https://api.bloxflip.com:443 "GET /games/crash HTTP/1.1" 200 None
DEBUG:urllib3.connectionpool:https://api.bloxflip.com:443 "GET /games/crash HTTP/1.1" 429 5903
DEBUG:urllib3.connectionpool:Resetting dropped connection: api.bloxflip.com
DEBUG:urllib3.connectionpool:https://api.bloxflip.com:443 "GET /games/crash HTTP/1.1" 200 None
DEBUG:urllib3.connectionpool:https://api.bloxflip.com:443 "GET /games/crash HTTP/1.1" 429 5882
DEBUG:urllib3.connectionpool:Resetting dropped connection: api.bloxflip.com
DEBUG:urllib3.connectionpool:https://api.bloxflip.com:443 "GET /games/crash HTTP/1.1" 200 None
DEBUG:urllib3.connectionpool:https://api.bloxflip.com:443 "GET /games/crash HTTP/1.1" 200 None
DEBUG:urllib3.connectionpool:https://api.bloxflip.com:443 "GET /games/crash HTTP/1.1" 429 5882
DEBUG:urllib3.connectionpool:Resetting dropped connection: api.bloxflip.com
DEBUG:urllib3.connectionpool:https://api.bloxflip.com:443 "GET /games/crash HTTP/1.1" 200 None
DEBUG:urllib3.connectionpool:https://api.bloxflip.com:443 "GET /games/crash HTTP/1.1" 200 None
DEBUG:urllib3.connectionpool:https://api.bloxflip.com:443 "GET /games/crash HTTP/1.1" 429 5903
DEBUG:urllib3.connectionpool:Resetting dropped connection: api.bloxflip.com
DEBUG:urllib3.connectionpool:https://api.bloxflip.com:443 "GET /games/crash HTTP/1.1" 200 None
DEBUG:urllib3.connectionpool:https://api.bloxflip.com:443 "GET /games/crash HTTP/1.1" 200 None
DEBUG:urllib3.connectionpool:https://api.bloxflip.com:443 "GET /games/crash HTTP/1.1" 429 5882
DEBUG:urllib3.connectionpool:Resetting dropped connection: api.bloxflip.com
DEBUG:urllib3.connectionpool:https://api.bloxflip.com:443 "GET /games/crash HTTP/1.1" 200 None
DEBUG:urllib3.connectionpool:https://api.bloxflip.com:443 "GET /games/crash HTTP/1.1" 429 5882
DEBUG:urllib3.connectionpool:Resetting dropped connection: api.bloxflip.com
DEBUG:urllib3.connectionpool:https://api.bloxflip.com:443 "GET /games/crash HTTP/1.1" 200 None
DEBUG:urllib3.connectionpool:https://api.bloxflip.com:443 "GET /games/crash HTTP/1.1" 200 None
DEBUG:urllib3.connectionpool:https://api.bloxflip.com:443 "GET /games/crash HTTP/1.1" 429 5882
DEBUG:urllib3.connectionpool:Resetting dropped connection: api.bloxflip.com
DEBUG:urllib3.connectionpool:https://api.bloxflip.com:443 "GET /games/crash HTTP/1.1" 200 None
DEBUG:urllib3.connectionpool:https://api.bloxflip.com:443 "GET /games/crash HTTP/1.1" 200 None
DEBUG:urllib3.connectionpool:https://api.bloxflip.com:443 "GET /games/crash HTTP/1.1" 429 5882
DEBUG:urllib3.connectionpool:Resetting dropped connection: api.bloxflip.com
DEBUG:urllib3.connectionpool:https://api.bloxflip.com:443 "GET /games/crash HTTP/1.1" 200 None
DEBUG:urllib3.connectionpool:https://api.bloxflip.com:443 "GET /games/crash HTTP/1.1" 429 5882
DEBUG:urllib3.connectionpool:Resetting dropped connection: api.bloxflip.com
DEBUG:urllib3.connectionpool:https://api.bloxflip.com:443 "GET /games/crash HTTP/1.1" 200 None
DEBUG:urllib3.connectionpool:https://api.bloxflip.com:443 "GET /games/crash HTTP/1.1" 200 None
DEBUG:urllib3.connectionpool:https://api.bloxflip.com:443 "GET /games/crash HTTP/1.1" 429 5882
DEBUG:urllib3.connectionpool:Resetting dropped connection: api.bloxflip.com
DEBUG:urllib3.connectionpool:https://api.bloxflip.com:443 "GET /games/crash HTTP/1.1" 200 None
DEBUG:urllib3.connectionpool:https://api.bloxflip.com:443 "GET /games/crash HTTP/1.1" 429 5861
DEBUG:urllib3.connectionpool:Resetting dropped connection: api.bloxflip.com
DEBUG:urllib3.connectionpool:https://api.bloxflip.com:443 "GET /games/crash HTTP/1.1" 200 None
DEBUG:urllib3.connectionpool:https://api.bloxflip.com:443 "GET /games/crash HTTP/1.1" 200 None
DEBUG:urllib3.connectionpool:https://api.bloxflip.com:443 "GET /games/crash HTTP/1.1" 429 5881
DEBUG:urllib3.connectionpool:Resetting dropped connection: api.bloxflip.com
DEBUG:urllib3.connectionpool:https://api.bloxflip.com:443 "GET /games/crash HTTP/1.1" 200 None
DEBUG:urllib3.connectionpool:https://api.bloxflip.com:443 "GET /games/crash HTTP/1.1" 200 None
DEBUG:urllib3.connectionpool:https://api.bloxflip.com:443 "GET /games/crash HTTP/1.1" 429 5882
DEBUG:urllib3.connectionpool:Resetting dropped connection: api.bloxflip.com
DEBUG:urllib3.connectionpool:https://api.bloxflip.com:443 "GET /games/crash HTTP/1.1" 403 None
DEBUG:urllib3.connectionpool:https://api.bloxflip.com:443 "GET /games/crash HTTP/1.1" 429 5882
DEBUG:urllib3.connectionpool:Resetting dropped connection: api.bloxflip.com
DEBUG:urllib3.connectionpool:https://api.bloxflip.com:443 "GET /games/crash HTTP/1.1" 200 None
DEBUG:urllib3.connectionpool:https://api.bloxflip.com:443 "GET /games/crash HTTP/1.1" 429 5861
DEBUG:urllib3.connectionpool:Resetting dropped connection: api.bloxflip.com
DEBUG:urllib3.connectionpool:https://api.bloxflip.com:443 "GET /games/crash HTTP/1.1" 200 None
DEBUG:urllib3.connectionpool:https://api.bloxflip.com:443 "GET /games/crash HTTP/1.1" 429 5882
DEBUG:urllib3.connectionpool:Resetting dropped connection: api.bloxflip.com
DEBUG:urllib3.connectionpool:https://api.bloxflip.com:443 "GET /games/crash HTTP/1.1" 200 None
DEBUG:urllib3.connectionpool:https://api.bloxflip.com:443 "GET /games/crash HTTP/1.1" 429 5861
DEBUG:urllib3.connectionpool:Resetting dropped connection: api.bloxflip.com
DEBUG:urllib3.connectionpool:https://api.bloxflip.com:443 "GET /games/crash HTTP/1.1" 200 None
DEBUG:urllib3.connectionpool:https://api.bloxflip.com:443 "GET /games/crash HTTP/1.1" 200 None
DEBUG:urllib3.connectionpool:https://api.bloxflip.com:443 "GET /games/crash HTTP/1.1" 429 5861
DEBUG:urllib3.connectionpool:Resetting dropped connection: api.bloxflip.com
DEBUG:urllib3.connectionpool:https://api.bloxflip.com:443 "GET /games/crash HTTP/1.1" 200 None
DEBUG:urllib3.connectionpool:https://api.bloxflip.com:443 "GET /games/crash HTTP/1.1" 200 None
DEBUG:urllib3.connectionpool:https://api.bloxflip.com:443 "GET /games/crash HTTP/1.1" 429 5881
DEBUG:urllib3.connectionpool:Resetting dropped connection: api.bloxflip.com
DEBUG:urllib3.connectionpool:https://api.bloxflip.com:443 "GET /games/crash HTTP/1.1" 200 None
DEBUG:urllib3.connectionpool:https://api.bloxflip.com:443 "GET /games/crash HTTP/1.1" 200 None
DEBUG:urllib3.connectionpool:https://api.bloxflip.com:443 "GET /games/crash HTTP/1.1" 429 5861
DEBUG:urllib3.connectionpool:Resetting dropped connection: api.bloxflip.com
DEBUG:urllib3.connectionpool:https://api.bloxflip.com:443 "GET /games/crash HTTP/1.1" 200 None
DEBUG:urllib3.connectionpool:https://api.bloxflip.com:443 "GET /games/crash HTTP/1.1" 429 5861
DEBUG:urllib3.connectionpool:Resetting dropped connection: api.bloxflip.com
DEBUG:urllib3.connectionpool:https://api.bloxflip.com:443 "GET /games/crash HTTP/1.1" 200 None
DEBUG:urllib3.connectionpool:https://api.bloxflip.com:443 "GET /games/crash HTTP/1.1" 429 5882
DEBUG:urllib3.connectionpool:Resetting dropped connection: api.bloxflip.com
DEBUG:urllib3.connectionpool:https://api.bloxflip.com:443 "GET /games/crash HTTP/1.1" 200 None
DEBUG:urllib3.connectionpool:https://api.bloxflip.com:443 "GET /games/crash HTTP/1.1" 429 5882
DEBUG:urllib3.connectionpool:Resetting dropped connection: api.bloxflip.com
DEBUG:urllib3.connectionpool:https://api.bloxflip.com:443 "GET /games/crash HTTP/1.1" 403 None
DEBUG:urllib3.connectionpool:https://api.bloxflip.com:443 "GET /games/crash HTTP/1.1" 429 5882
DEBUG:urllib3.connectionpool:Resetting dropped connection: api.bloxflip.com
DEBUG:urllib3.connectionpool:https://api.bloxflip.com:443 "GET /games/crash HTTP/1.1" 200 None
DEBUG:urllib3.connectionpool:https://api.bloxflip.com:443 "GET /games/crash HTTP/1.1" 200 None
DEBUG:urllib3.connectionpool:https://api.bloxflip.com:443 "GET /games/crash HTTP/1.1" 429 5861
DEBUG:urllib3.connectionpool:Resetting dropped connection: api.bloxflip.com
DEBUG:urllib3.connectionpool:https://api.bloxflip.com:443 "GET /games/crash HTTP/1.1" 403 None
DEBUG:urllib3.connectionpool:https://api.bloxflip.com:443 "GET /games/crash HTTP/1.1" 429 5882
DEBUG:urllib3.connectionpool:Resetting dropped connection: api.bloxflip.com
DEBUG:urllib3.connectionpool:https://api.bloxflip.com:443 "GET /games/crash HTTP/1.1" 200 None
DEBUG:urllib3.connectionpool:https://api.bloxflip.com:443 "GET /games/crash HTTP/1.1" 200 None
DEBUG:urllib3.connectionpool:https://api.bloxflip.com:443 "GET /games/crash HTTP/1.1" 429 5861
DEBUG:urllib3.connectionpool:Resetting dropped connection: api.bloxflip.com
DEBUG:urllib3.connectionpool:https://api.bloxflip.com:443 "GET /games/crash HTTP/1.1" 200 None
DEBUG:urllib3.connectionpool:https://api.bloxflip.com:443 "GET /games/crash HTTP/1.1" 200 None
DEBUG:urllib3.connectionpool:https://api.bloxflip.com:443 "GET /games/crash HTTP/1.1" 200 None
DEBUG:urllib3.connectionpool:https://api.bloxflip.com:443 "GET /games/crash HTTP/1.1" 429 5882
DEBUG:urllib3.connectionpool:Resetting dropped connection: api.bloxflip.com
DEBUG:urllib3.connectionpool:https://api.bloxflip.com:443 "GET /games/crash HTTP/1.1" 200 None
DEBUG:urllib3.connectionpool:https://api.bloxflip.com:443 "GET /games/crash HTTP/1.1" 200 None
DEBUG:urllib3.connectionpool:https://api.bloxflip.com:443 "GET /games/crash HTTP/1.1" 429 5882
DEBUG:urllib3.connectionpool:Resetting dropped connection: api.bloxflip.com
DEBUG:urllib3.connectionpool:https://api.bloxflip.com:443 "GET /games/crash HTTP/1.1" 200 None
DEBUG:urllib3.connectionpool:https://api.bloxflip.com:443 "GET /games/crash HTTP/1.1" 429 5861
DEBUG:urllib3.connectionpool:Resetting dropped connection: api.bloxflip.com
DEBUG:urllib3.connectionpool:https://api.bloxflip.com:443 "GET /games/crash HTTP/1.1" 200 None
DEBUG:urllib3.connectionpool:https://api.bloxflip.com:443 "GET /games/crash HTTP/1.1" 200 None
DEBUG:urllib3.connectionpool:https://api.bloxflip.com:443 "GET /games/crash HTTP/1.1" 429 5861
DEBUG:urllib3.connectionpool:Resetting dropped connection: api.bloxflip.com
DEBUG:urllib3.connectionpool:https://api.bloxflip.com:443 "GET /games/crash HTTP/1.1" 200 None
DEBUG:urllib3.connectionpool:https://api.bloxflip.com:443 "GET /games/crash HTTP/1.1" 429 5882
DEBUG:urllib3.connectionpool:Resetting dropped connection: api.bloxflip.com
DEBUG:urllib3.connectionpool:https://api.bloxflip.com:443 "GET /games/crash HTTP/1.1" 200 None
DEBUG:urllib3.connectionpool:https://api.bloxflip.com:443 "GET /games/crash HTTP/1.1" 200 None
DEBUG:urllib3.connectionpool:https://api.bloxflip.com:443 "GET /games/crash HTTP/1.1" 429 5882
DEBUG:urllib3.connectionpool:Resetting dropped connection: api.bloxflip.com
DEBUG:urllib3.connectionpool:https://api.bloxflip.com:443 "GET /games/crash HTTP/1.1" 403 None
DEBUG:urllib3.connectionpool:https://api.bloxflip.com:443 "GET /games/crash HTTP/1.1" 429 5881
DEBUG:urllib3.connectionpool:Resetting dropped connection: api.bloxflip.com
DEBUG:urllib3.connectionpool:https://api.bloxflip.com:443 "GET /games/crash HTTP/1.1" 200 None
DEBUG:urllib3.connectionpool:https://api.bloxflip.com:443 "GET /games/crash HTTP/1.1" 429 5882
DEBUG:urllib3.connectionpool:Resetting dropped connection: api.bloxflip.com
DEBUG:urllib3.connectionpool:https://api.bloxflip.com:443 "GET /games/crash HTTP/1.1" 200 None
DEBUG:urllib3.connectionpool:https://api.bloxflip.com:443 "GET /games/crash HTTP/1.1" 200 None
DEBUG:urllib3.connectionpool:https://api.bloxflip.com:443 "GET /games/crash HTTP/1.1" 429 5861
DEBUG:urllib3.connectionpool:Resetting dropped connection: api.bloxflip.com
DEBUG:urllib3.connectionpool:https://api.bloxflip.com:443 "GET /games/crash HTTP/1.1" 200 None
DEBUG:urllib3.connectionpool:https://api.bloxflip.com:443 "GET /games/crash HTTP/1.1" 429 5861
DEBUG:urllib3.connectionpool:Resetting dropped connection: api.bloxflip.com
DEBUG:urllib3.connectionpool:https://api.bloxflip.com:443 "GET /games/crash HTTP/1.1" 200 None
DEBUG:urllib3.connectionpool:https://api.bloxflip.com:443 "GET /games/crash HTTP/1.1" 200 None
DEBUG:urllib3.connectionpool:https://api.bloxflip.com:443 "GET /games/crash HTTP/1.1" 429 5882
DEBUG:urllib3.connectionpool:Resetting dropped connection: api.bloxflip.com
DEBUG:urllib3.connectionpool:https://api.bloxflip.com:443 "GET /games/crash HTTP/1.1" 200 None
DEBUG:urllib3.connectionpool:https://api.bloxflip.com:443 "GET /games/crash HTTP/1.1" 429 5861
DEBUG:urllib3.connectionpool:Resetting dropped connection: api.bloxflip.com
DEBUG:urllib3.connectionpool:https://api.bloxflip.com:443 "GET /games/crash HTTP/1.1" 200 None
DEBUG:urllib3.connectionpool:https://api.bloxflip.com:443 "GET /games/crash HTTP/1.1" 200 None
DEBUG:urllib3.connectionpool:https://api.bloxflip.com:443 "GET /games/crash HTTP/1.1" 429 5861
DEBUG:urllib3.connectionpool:Resetting dropped connection: api.bloxflip.com
DEBUG:urllib3.connectionpool:https://api.bloxflip.com:443 "GET /games/crash HTTP/1.1" 200 None
DEBUG:urllib3.connectionpool:https://api.bloxflip.com:443 "GET /games/crash HTTP/1.1" 200 None
DEBUG:urllib3.connectionpool:https://api.bloxflip.com:443 "GET /games/crash HTTP/1.1" 429 5882
DEBUG:urllib3.connectionpool:Resetting dropped connection: api.bloxflip.com
DEBUG:urllib3.connectionpool:https://api.bloxflip.com:443 "GET /games/crash HTTP/1.1" 200 None
DEBUG:urllib3.connectionpool:https://api.bloxflip.com:443 "GET /games/crash HTTP/1.1" 200 None
DEBUG:urllib3.connectionpool:https://api.bloxflip.com:443 "GET /games/crash HTTP/1.1" 429 5861
DEBUG:urllib3.connectionpool:Resetting dropped connection: api.bloxflip.com
DEBUG:urllib3.connectionpool:https://api.bloxflip.com:443 "GET /games/crash HTTP/1.1" 403 None
DEBUG:urllib3.connectionpool:https://api.bloxflip.com:443 "GET /games/crash HTTP/1.1" 429 5882
DEBUG:urllib3.connectionpool:Resetting dropped connection: api.bloxflip.com
DEBUG:urllib3.connectionpool:https://api.bloxflip.com:443 "GET /games/crash HTTP/1.1" 429 6287
DEBUG:urllib3.connectionpool:Resetting dropped connection: api.bloxflip.com
DEBUG:urllib3.connectionpool:https://api.bloxflip.com:443 "GET /games/crash HTTP/1.1" 200 None
DEBUG:urllib3.connectionpool:https://api.bloxflip.com:443 "GET /games/crash HTTP/1.1" 200 None
DEBUG:urllib3.connectionpool:https://api.bloxflip.com:443 "GET /games/crash HTTP/1.1" 429 5861
DEBUG:urllib3.connectionpool:Resetting dropped connection: api.bloxflip.com
DEBUG:urllib3.connectionpool:https://api.bloxflip.com:443 "GET /games/crash HTTP/1.1" 403 None
DEBUG:urllib3.connectionpool:https://api.bloxflip.com:443 "GET /games/crash HTTP/1.1" 429 5881
DEBUG:urllib3.connectionpool:Resetting dropped connection: api.bloxflip.com
DEBUG:urllib3.connectionpool:https://api.bloxflip.com:443 "GET /games/crash HTTP/1.1" 200 None
DEBUG:urllib3.connectionpool:https://api.bloxflip.com:443 "GET /games/crash HTTP/1.1" 429 5882
DEBUG:urllib3.connectionpool:Resetting dropped connection: api.bloxflip.com
DEBUG:urllib3.connectionpool:https://api.bloxflip.com:443 "GET /games/crash HTTP/1.1" 403 None
DEBUG:urllib3.connectionpool:https://api.bloxflip.com:443 "GET /games/crash HTTP/1.1" 429 5882
DEBUG:urllib3.connectionpool:Resetting dropped connection: api.bloxflip.com
DEBUG:urllib3.connectionpool:https://api.bloxflip.com:443 "GET /games/crash HTTP/1.1" 200 None
DEBUG:urllib3.connectionpool:https://api.bloxflip.com:443 "GET /games/crash HTTP/1.1" 200 None
DEBUG:urllib3.connectionpool:https://api.bloxflip.com:443 "GET /games/crash HTTP/1.1" 429 5882
DEBUG:urllib3.connectionpool:Resetting dropped connection: api.bloxflip.com
DEBUG:urllib3.connectionpool:https://api.bloxflip.com:443 "GET /games/crash HTTP/1.1" 200 None
DEBUG:urllib3.connectionpool:https://api.bloxflip.com:443 "GET /games/crash HTTP/1.1" 200 None
DEBUG:urllib3.connectionpool:https://api.bloxflip.com:443 "GET /games/crash HTTP/1.1" 429 5882
DEBUG:urllib3.connectionpool:Resetting dropped connection: api.bloxflip.com
DEBUG:urllib3.connectionpool:https://api.bloxflip.com:443 "GET /games/crash HTTP/1.1" 403 None
DEBUG:urllib3.connectionpool:https://api.bloxflip.com:443 "GET /games/crash HTTP/1.1" 429 5861
DEBUG:urllib3.connectionpool:Resetting dropped connection: api.bloxflip.com
DEBUG:urllib3.connectionpool:https://api.bloxflip.com:443 "GET /games/crash HTTP/1.1" 200 None
DEBUG:urllib3.connectionpool:https://api.bloxflip.com:443 "GET /games/crash HTTP/1.1" 200 None
DEBUG:urllib3.connectionpool:https://api.bloxflip.com:443 "GET /games/crash HTTP/1.1" 429 5882
DEBUG:urllib3.connectionpool:Resetting dropped connection: api.bloxflip.com
DEBUG:urllib3.connectionpool:https://api.bloxflip.com:443 "GET /games/crash HTTP/1.1" 200 None
DEBUG:urllib3.connectionpool:https://api.bloxflip.com:443 "GET /games/crash HTTP/1.1" 200 None
DEBUG:urllib3.connectionpool:https://api.bloxflip.com:443 "GET /games/crash HTTP/1.1" 200 None
DEBUG:urllib3.connectionpool:https://api.bloxflip.com:443 "GET /games/crash HTTP/1.1" 429 5882
DEBUG:urllib3.connectionpool:Resetting dropped connection: api.bloxflip.com
DEBUG:urllib3.connectionpool:https://api.bloxflip.com:443 "GET /games/crash HTTP/1.1" 200 None
DEBUG:urllib3.connectionpool:https://api.bloxflip.com:443 "GET /games/crash HTTP/1.1" 429 5861
DEBUG:urllib3.connectionpool:Resetting dropped connection: api.bloxflip.com
DEBUG:urllib3.connectionpool:https://api.bloxflip.com:443 "GET /games/crash HTTP/1.1" 200 None
DEBUG:urllib3.connectionpool:https://api.bloxflip.com:443 "GET /games/crash HTTP/1.1" 200 None
DEBUG:urllib3.connectionpool:https://api.bloxflip.com:443 "GET /games/crash HTTP/1.1" 429 5881
DEBUG:urllib3.connectionpool:Resetting dropped connection: api.bloxflip.com
DEBUG:urllib3.connectionpool:https://api.bloxflip.com:443 "GET /games/crash HTTP/1.1" 200 None
DEBUG:urllib3.connectionpool:https://api.bloxflip.com:443 "GET /games/crash HTTP/1.1" 200 None
DEBUG:urllib3.connectionpool:https://api.bloxflip.com:443 "GET /games/crash HTTP/1.1" 429 5860
DEBUG:urllib3.connectionpool:Resetting dropped connection: api.bloxflip.com
DEBUG:urllib3.connectionpool:https://api.bloxflip.com:443 "GET /games/crash HTTP/1.1" 200 None
DEBUG:urllib3.connectionpool:https://api.bloxflip.com:443 "GET /games/crash HTTP/1.1" 429 5882
DEBUG:urllib3.connectionpool:Resetting dropped connection: api.bloxflip.com
DEBUG:urllib3.connectionpool:https://api.bloxflip.com:443 "GET /games/crash HTTP/1.1" 200 None
DEBUG:urllib3.connectionpool:https://api.bloxflip.com:443 "GET /games/crash HTTP/1.1" 429 5882
DEBUG:urllib3.connectionpool:Resetting dropped connection: api.bloxflip.com
DEBUG:urllib3.connectionpool:https://api.bloxflip.com:443 "GET /games/crash HTTP/1.1" 200 None
DEBUG:urllib3.connectionpool:https://api.bloxflip.com:443 "GET /games/crash HTTP/1.1" 200 None
DEBUG:urllib3.connectionpool:https://api.bloxflip.com:443 "GET /games/crash HTTP/1.1" 429 5882
DEBUG:urllib3.connectionpool:Resetting dropped connection: api.bloxflip.com
DEBUG:urllib3.connectionpool:https://api.bloxflip.com:443 "GET /games/crash HTTP/1.1" 200 None
DEBUG:urllib3.connectionpool:https://api.bloxflip.com:443 "GET /games/crash HTTP/1.1" 429 5882
DEBUG:urllib3.connectionpool:Resetting dropped connection: api.bloxflip.com
DEBUG:urllib3.connectionpool:https://api.bloxflip.com:443 "GET /games/crash HTTP/1.1" 200 None
DEBUG:urllib3.connectionpool:https://api.bloxflip.com:443 "GET /games/crash HTTP/1.1" 200 None
DEBUG:urllib3.connectionpool:https://api.bloxflip.com:443 "GET /games/crash HTTP/1.1" 429 5881
DEBUG:urllib3.connectionpool:Resetting dropped connection: api.bloxflip.com
DEBUG:urllib3.connectionpool:https://api.bloxflip.com:443 "GET /games/crash HTTP/1.1" 200 None
DEBUG:urllib3.connectionpool:https://api.bloxflip.com:443 "GET /games/crash HTTP/1.1" 429 5882
DEBUG:urllib3.connectionpool:Resetting dropped connection: api.bloxflip.com
DEBUG:urllib3.connectionpool:https://api.bloxflip.com:443 "GET /games/crash HTTP/1.1" 200 None
DEBUG:urllib3.connectionpool:https://api.bloxflip.com:443 "GET /games/crash HTTP/1.1" 429 5861
DEBUG:urllib3.connectionpool:Resetting dropped connection: api.bloxflip.com
DEBUG:urllib3.connectionpool:https://api.bloxflip.com:443 "GET /games/crash HTTP/1.1" 200 None
DEBUG:urllib3.connectionpool:https://api.bloxflip.com:443 "GET /games/crash HTTP/1.1" 429 5882
DEBUG:urllib3.connectionpool:Resetting dropped connection: api.bloxflip.com
DEBUG:urllib3.connectionpool:https://api.bloxflip.com:443 "GET /games/crash HTTP/1.1" 200 None
DEBUG:urllib3.connectionpool:https://api.bloxflip.com:443 "GET /user HTTP/1.1" 200 None
DEBUG:urllib3.connectionpool:Starting new HTTPS connection (1): discord.com:443
DEBUG:urllib3.connectionpool:https://discord.com:443 "POST /api/webhooks/ HTTP/1.1" 404 40
DEBUG:playsound:Starting
DEBUG:urllib3.connectionpool:Starting new HTTPS connection (1): bfpredictor.repl.co:443
DEBUG:urllib3.connectionpool:https://bfpredictor.repl.co:443 "GET /multiplier HTTP/1.1" 200 17
DEBUG:urllib3.connectionpool:Starting new HTTPS connection (1): discord.com:443
DEBUG:urllib3.connectionpool:https://discord.com:443 "POST /api/webhooks/ HTTP/1.1" 404 40
DEBUG:urllib3.connectionpool:Starting new HTTPS connection (1): discord.com:443
DEBUG:urllib3.connectionpool:https://discord.com:443 "POST /api/webhooks/ HTTP/1.1" 404 40
DEBUG:playsound:Returning
DEBUG:urllib3.connectionpool:https://api.bloxflip.com:443 "GET /games/crash HTTP/1.1" 200 None
DEBUG:urllib3.connectionpool:https://api.bloxflip.com:443 "GET /games/crash HTTP/1.1" 200 None
DEBUG:urllib3.connectionpool:https://api.bloxflip.com:443 "GET /games/crash HTTP/1.1" 403 None
DEBUG:urllib3.connectionpool:https://api.bloxflip.com:443 "GET /games/crash HTTP/1.1" 403 None
DEBUG:urllib3.connectionpool:https://api.bloxflip.com:443 "GET /games/crash HTTP/1.1" 403 None
DEBUG:urllib3.connectionpool:https://api.bloxflip.com:443 "GET /games/crash HTTP/1.1" 403 None
DEBUG:urllib3.connectionpool:https://api.bloxflip.com:443 "GET /games/crash HTTP/1.1" 403 None
DEBUG:urllib3.connectionpool:https://api.bloxflip.com:443 "GET /games/crash HTTP/1.1" 403 None
DEBUG:urllib3.connectionpool:https://api.bloxflip.com:443 "GET /games/crash HTTP/1.1" 403 None
DEBUG:urllib3.connectionpool:https://api.bloxflip.com:443 "GET /games/crash HTTP/1.1" 200 None
DEBUG:urllib3.connectionpool:https://api.bloxflip.com:443 "GET /games/crash HTTP/1.1" 200 None
DEBUG:urllib3.connectionpool:https://api.bloxflip.com:443 "GET /games/crash HTTP/1.1" 200 None
DEBUG:urllib3.connectionpool:https://api.bloxflip.com:443 "GET /games/crash HTTP/1.1" 200 None
DEBUG:urllib3.connectionpool:https://api.bloxflip.com:443 "GET /games/crash HTTP/1.1" 403 None
DEBUG:urllib3.connectionpool:https://api.bloxflip.com:443 "GET /games/crash HTTP/1.1" 403 None
DEBUG:urllib3.connectionpool:https://api.bloxflip.com:443 "GET /games/crash HTTP/1.1" 200 None
DEBUG:urllib3.connectionpool:https://api.bloxflip.com:443 "GET /games/crash HTTP/1.1" 403 None
DEBUG:urllib3.connectionpool:https://api.bloxflip.com:443 "GET /games/crash HTTP/1.1" 403 None
DEBUG:urllib3.connectionpool:https://api.bloxflip.com:443 "GET /games/crash HTTP/1.1" 403 None
DEBUG:urllib3.connectionpool:https://api.bloxflip.com:443 "GET /games/crash HTTP/1.1" 403 None
DEBUG:urllib3.connectionpool:https://api.bloxflip.com:443 "GET /games/crash HTTP/1.1" 403 None
DEBUG:urllib3.connectionpool:https://api.bloxflip.com:443 "GET /games/crash HTTP/1.1" 403 None
DEBUG:urllib3.connectionpool:https://api.bloxflip.com:443 "GET /games/crash HTTP/1.1" 403 None
DEBUG:urllib3.connectionpool:https://api.bloxflip.com:443 "GET /games/crash HTTP/1.1" 403 None
DEBUG:urllib3.connectionpool:https://api.bloxflip.com:443 "GET /games/crash HTTP/1.1" 403 None
DEBUG:urllib3.connectionpool:https://api.bloxflip.com:443 "GET /games/crash HTTP/1.1" 403 None
DEBUG:urllib3.connectionpool:https://api.bloxflip.com:443 "GET /games/crash HTTP/1.1" 403 None
DEBUG:urllib3.connectionpool:https://api.bloxflip.com:443 "GET /games/crash HTTP/1.1" 403 None
DEBUG:urllib3.connectionpool:https://api.bloxflip.com:443 "GET /games/crash HTTP/1.1" 403 None
DEBUG:urllib3.connectionpool:https://api.bloxflip.com:443 "GET /games/crash HTTP/1.1" 403 None
DEBUG:urllib3.connectionpool:https://api.bloxflip.com:443 "GET /games/crash HTTP/1.1" 403 None
DEBUG:urllib3.connectionpool:https://api.bloxflip.com:443 "GET /games/crash HTTP/1.1" 403 None
DEBUG:urllib3.connectionpool:https://api.bloxflip.com:443 "GET /games/crash HTTP/1.1" 403 None
DEBUG:urllib3.connectionpool:https://api.bloxflip.com:443 "GET /games/crash HTTP/1.1" 403 None
DEBUG:urllib3.connectionpool:https://api.bloxflip.com:443 "GET /games/crash HTTP/1.1" 403 None
DEBUG:urllib3.connectionpool:https://api.bloxflip.com:443 "GET /games/crash HTTP/1.1" 403 None
DEBUG:urllib3.connectionpool:https://api.bloxflip.com:443 "GET /games/crash HTTP/1.1" 403 None
DEBUG:urllib3.connectionpool:https://api.bloxflip.com:443 "GET /games/crash HTTP/1.1" 403 None
DEBUG:urllib3.connectionpool:https://api.bloxflip.com:443 "GET /games/crash HTTP/1.1" 403 None
DEBUG:urllib3.connectionpool:https://api.bloxflip.com:443 "GET /games/crash HTTP/1.1" 403 None
DEBUG:urllib3.connectionpool:https://api.bloxflip.com:443 "GET /games/crash HTTP/1.1" 403 None
DEBUG:urllib3.connectionpool:https://api.bloxflip.com:443 "GET /games/crash HTTP/1.1" 429 5882
DEBUG:urllib3.connectionpool:Resetting dropped connection: api.bloxflip.com
DEBUG:urllib3.connectionpool:https://api.bloxflip.com:443 "GET /games/crash HTTP/1.1" 200 None
DEBUG:urllib3.connectionpool:https://api.bloxflip.com:443 "GET /games/crash HTTP/1.1" 200 None
DEBUG:urllib3.connectionpool:https://api.bloxflip.com:443 "GET /games/crash HTTP/1.1" 429 5861
DEBUG:urllib3.connectionpool:Resetting dropped connection: api.bloxflip.com
DEBUG:urllib3.connectionpool:https://api.bloxflip.com:443 "GET /games/crash HTTP/1.1" 200 None
DEBUG:urllib3.connectionpool:https://api.bloxflip.com:443 "GET /games/crash HTTP/1.1" 429 5881
DEBUG:urllib3.connectionpool:Resetting dropped connection: api.bloxflip.com
DEBUG:urllib3.connectionpool:https://api.bloxflip.com:443 "GET /games/crash HTTP/1.1" 200 None
DEBUG:urllib3.connectionpool:https://api.bloxflip.com:443 "GET /games/crash HTTP/1.1" 200 None
DEBUG:urllib3.connectionpool:https://api.bloxflip.com:443 "GET /games/crash HTTP/1.1" 429 5882
DEBUG:urllib3.connectionpool:Resetting dropped connection: api.bloxflip.com
DEBUG:urllib3.connectionpool:https://api.bloxflip.com:443 "GET /games/crash HTTP/1.1" 200 None
DEBUG:urllib3.connectionpool:https://api.bloxflip.com:443 "GET /games/crash HTTP/1.1" 200 None
DEBUG:urllib3.connectionpool:https://api.bloxflip.com:443 "GET /games/crash HTTP/1.1" 429 5882
DEBUG:urllib3.connectionpool:Resetting dropped connection: api.bloxflip.com
DEBUG:urllib3.connectionpool:https://api.bloxflip.com:443 "GET /games/crash HTTP/1.1" 403 None
DEBUG:urllib3.connectionpool:https://api.bloxflip.com:443 "GET /games/crash HTTP/1.1" 429 5882
DEBUG:urllib3.connectionpool:Resetting dropped connection: api.bloxflip.com
DEBUG:urllib3.connectionpool:https://api.bloxflip.com:443 "GET /games/crash HTTP/1.1" 200 None
DEBUG:urllib3.connectionpool:https://api.bloxflip.com:443 "GET /games/crash HTTP/1.1" 429 5882
DEBUG:urllib3.connectionpool:Resetting dropped connection: api.bloxflip.com
DEBUG:urllib3.connectionpool:https://api.bloxflip.com:443 "GET /games/crash HTTP/1.1" 200 None
DEBUG:urllib3.connectionpool:https://api.bloxflip.com:443 "GET /games/crash HTTP/1.1" 429 5882
DEBUG:urllib3.connectionpool:Resetting dropped connection: api.bloxflip.com
DEBUG:urllib3.connectionpool:https://api.bloxflip.com:443 "GET /games/crash HTTP/1.1" 200 None
DEBUG:urllib3.connectionpool:https://api.bloxflip.com:443 "GET /games/crash HTTP/1.1" 429 5882
DEBUG:urllib3.connectionpool:Resetting dropped connection: api.bloxflip.com
DEBUG:urllib3.connectionpool:https://api.bloxflip.com:443 "GET /games/crash HTTP/1.1" 200 None
DEBUG:urllib3.connectionpool:https://api.bloxflip.com:443 "GET /games/crash HTTP/1.1" 403 None
DEBUG:urllib3.connectionpool:https://api.bloxflip.com:443 "GET /games/crash HTTP/1.1" 429 5882
DEBUG:urllib3.connectionpool:Resetting dropped connection: api.bloxflip.com
DEBUG:urllib3.connectionpool:https://api.bloxflip.com:443 "GET /games/crash HTTP/1.1" 200 None
DEBUG:urllib3.connectionpool:https://api.bloxflip.com:443 "GET /games/crash HTTP/1.1" 429 5861
DEBUG:urllib3.connectionpool:Resetting dropped connection: api.bloxflip.com
DEBUG:urllib3.connectionpool:https://api.bloxflip.com:443 "GET /games/crash HTTP/1.1" 200 None
DEBUG:urllib3.connectionpool:https://api.bloxflip.com:443 "GET /games/crash HTTP/1.1" 200 None
DEBUG:urllib3.connectionpool:https://api.bloxflip.com:443 "GET /games/crash HTTP/1.1" 429 5882
DEBUG:urllib3.connectionpool:Resetting dropped connection: api.bloxflip.com
DEBUG:urllib3.connectionpool:https://api.bloxflip.com:443 "GET /games/crash HTTP/1.1" 200 None
DEBUG:urllib3.connectionpool:https://api.bloxflip.com:443 "GET /games/crash HTTP/1.1" 429 5861
DEBUG:urllib3.connectionpool:Resetting dropped connection: api.bloxflip.com
DEBUG:urllib3.connectionpool:https://api.bloxflip.com:443 "GET /games/crash HTTP/1.1" 403 None
DEBUG:urllib3.connectionpool:https://api.bloxflip.com:443 "GET /games/crash HTTP/1.1" 429 5882
DEBUG:urllib3.connectionpool:Resetting dropped connection: api.bloxflip.com
DEBUG:urllib3.connectionpool:https://api.bloxflip.com:443 "GET /games/crash HTTP/1.1" 200 None
DEBUG:urllib3.connectionpool:https://api.bloxflip.com:443 "GET /games/crash HTTP/1.1" 429 5861
DEBUG:urllib3.connectionpool:Resetting dropped connection: api.bloxflip.com
DEBUG:urllib3.connectionpool:https://api.bloxflip.com:443 "GET /games/crash HTTP/1.1" 200 None
DEBUG:urllib3.connectionpool:https://api.bloxflip.com:443 "GET /games/crash HTTP/1.1" 429 5882
DEBUG:urllib3.connectionpool:Resetting dropped connection: api.bloxflip.com
DEBUG:urllib3.connectionpool:https://api.bloxflip.com:443 "GET /games/crash HTTP/1.1" 200 None
DEBUG:urllib3.connectionpool:https://api.bloxflip.com:443 "GET /games/crash HTTP/1.1" 200 None
DEBUG:urllib3.connectionpool:https://api.bloxflip.com:443 "GET /games/crash HTTP/1.1" 429 5882
DEBUG:urllib3.connectionpool:Resetting dropped connection: api.bloxflip.com
DEBUG:urllib3.connectionpool:https://api.bloxflip.com:443 "GET /games/crash HTTP/1.1" 403 None
DEBUG:urllib3.connectionpool:https://api.bloxflip.com:443 "GET /games/crash HTTP/1.1" 429 5882
DEBUG:urllib3.connectionpool:Resetting dropped connection: api.bloxflip.com
DEBUG:urllib3.connectionpool:https://api.bloxflip.com:443 "GET /games/crash HTTP/1.1" 200 None
DEBUG:urllib3.connectionpool:https://api.bloxflip.com:443 "GET /games/crash HTTP/1.1" 429 5861
DEBUG:urllib3.connectionpool:Resetting dropped connection: api.bloxflip.com
DEBUG:urllib3.connectionpool:https://api.bloxflip.com:443 "GET /games/crash HTTP/1.1" 200 None
DEBUG:urllib3.connectionpool:https://api.bloxflip.com:443 "GET /games/crash HTTP/1.1" 200 None
DEBUG:urllib3.connectionpool:https://api.bloxflip.com:443 "GET /games/crash HTTP/1.1" 200 None
DEBUG:urllib3.connectionpool:https://api.bloxflip.com:443 "GET /games/crash HTTP/1.1" 429 5861
DEBUG:urllib3.connectionpool:Resetting dropped connection: api.bloxflip.com
DEBUG:urllib3.connectionpool:https://api.bloxflip.com:443 "GET /games/crash HTTP/1.1" 200 None
DEBUG:urllib3.connectionpool:https://api.bloxflip.com:443 "GET /games/crash HTTP/1.1" 200 None
DEBUG:urllib3.connectionpool:https://api.bloxflip.com:443 "GET /games/crash HTTP/1.1" 429 5861
DEBUG:urllib3.connectionpool:Resetting dropped connection: api.bloxflip.com
DEBUG:urllib3.connectionpool:https://api.bloxflip.com:443 "GET /games/crash HTTP/1.1" 200 None
DEBUG:urllib3.connectionpool:https://api.bloxflip.com:443 "GET /games/crash HTTP/1.1" 429 5861
DEBUG:urllib3.connectionpool:Resetting dropped connection: api.bloxflip.com
DEBUG:urllib3.connectionpool:https://api.bloxflip.com:443 "GET /games/crash HTTP/1.1" 200 None
DEBUG:urllib3.connectionpool:https://api.bloxflip.com:443 "GET /games/crash HTTP/1.1" 429 5861
DEBUG:urllib3.connectionpool:Resetting dropped connection: api.bloxflip.com
DEBUG:urllib3.connectionpool:https://api.bloxflip.com:443 "GET /games/crash HTTP/1.1" 200 None
DEBUG:urllib3.connectionpool:https://api.bloxflip.com:443 "GET /games/crash HTTP/1.1" 429 5882
DEBUG:urllib3.connectionpool:Resetting dropped connection: api.bloxflip.com
DEBUG:urllib3.connectionpool:https://api.bloxflip.com:443 "GET /games/crash HTTP/1.1" 200 None
DEBUG:urllib3.connectionpool:https://api.bloxflip.com:443 "GET /games/crash HTTP/1.1" 429 5882
DEBUG:urllib3.connectionpool:Resetting dropped connection: api.bloxflip.com
DEBUG:urllib3.connectionpool:https://api.bloxflip.com:443 "GET /games/crash HTTP/1.1" 200 None
DEBUG:urllib3.connectionpool:https://api.bloxflip.com:443 "GET /games/crash HTTP/1.1" 200 None
DEBUG:urllib3.connectionpool:https://api.bloxflip.com:443 "GET /games/crash HTTP/1.1" 429 5882
DEBUG:urllib3.connectionpool:Resetting dropped connection: api.bloxflip.com
DEBUG:urllib3.connectionpool:https://api.bloxflip.com:443 "GET /games/crash HTTP/1.1" 200 None
DEBUG:urllib3.connectionpool:https://api.bloxflip.com:443 "GET /games/crash HTTP/1.1" 200 None
DEBUG:urllib3.connectionpool:https://api.bloxflip.com:443 "GET /games/crash HTTP/1.1" 429 5882
DEBUG:urllib3.connectionpool:Resetting dropped connection: api.bloxflip.com
DEBUG:urllib3.connectionpool:https://api.bloxflip.com:443 "GET /games/crash HTTP/1.1" 200 None
DEBUG:urllib3.connectionpool:https://api.bloxflip.com:443 "GET /games/crash HTTP/1.1" 429 5882
DEBUG:urllib3.connectionpool:Resetting dropped connection: api.bloxflip.com
DEBUG:urllib3.connectionpool:https://api.bloxflip.com:443 "GET /games/crash HTTP/1.1" 403 None
DEBUG:urllib3.connectionpool:https://api.bloxflip.com:443 "GET /games/crash HTTP/1.1" 429 5882
DEBUG:urllib3.connectionpool:Resetting dropped connection: api.bloxflip.com
DEBUG:urllib3.connectionpool:https://api.bloxflip.com:443 "GET /games/crash HTTP/1.1" 200 None
DEBUG:urllib3.connectionpool:https://api.bloxflip.com:443 "GET /games/crash HTTP/1.1" 200 None
DEBUG:urllib3.connectionpool:https://api.bloxflip.com:443 "GET /games/crash HTTP/1.1" 429 5861
DEBUG:urllib3.connectionpool:Resetting dropped connection: api.bloxflip.com
DEBUG:urllib3.connectionpool:https://api.bloxflip.com:443 "GET /games/crash HTTP/1.1" 200 None
DEBUG:urllib3.connectionpool:https://api.bloxflip.com:443 "GET /games/crash HTTP/1.1" 200 None
DEBUG:urllib3.connectionpool:https://api.bloxflip.com:443 "GET /games/crash HTTP/1.1" 429 5882
DEBUG:urllib3.connectionpool:Resetting dropped connection: api.bloxflip.com
DEBUG:urllib3.connectionpool:https://api.bloxflip.com:443 "GET /games/crash HTTP/1.1" 200 None
DEBUG:urllib3.connectionpool:https://api.bloxflip.com:443 "GET /games/crash HTTP/1.1" 200 None
DEBUG:urllib3.connectionpool:https://api.bloxflip.com:443 "GET /games/crash HTTP/1.1" 429 5882
DEBUG:urllib3.connectionpool:Resetting dropped connection: api.bloxflip.com
DEBUG:urllib3.connectionpool:https://api.bloxflip.com:443 "GET /games/crash HTTP/1.1" 200 None
DEBUG:urllib3.connectionpool:https://api.bloxflip.com:443 "GET /games/crash HTTP/1.1" 200 None
DEBUG:urllib3.connectionpool:https://api.bloxflip.com:443 "GET /games/crash HTTP/1.1" 429 5881
DEBUG:urllib3.connectionpool:Resetting dropped connection: api.bloxflip.com
DEBUG:urllib3.connectionpool:https://api.bloxflip.com:443 "GET /games/crash HTTP/1.1" 200 None
DEBUG:urllib3.connectionpool:https://api.bloxflip.com:443 "GET /games/crash HTTP/1.1" 200 None
DEBUG:urllib3.connectionpool:https://api.bloxflip.com:443 "GET /games/crash HTTP/1.1" 429 5881
DEBUG:urllib3.connectionpool:Resetting dropped connection: api.bloxflip.com
DEBUG:urllib3.connectionpool:https://api.bloxflip.com:443 "GET /games/crash HTTP/1.1" 403 None
DEBUG:urllib3.connectionpool:https://api.bloxflip.com:443 "GET /games/crash HTTP/1.1" 429 5882
DEBUG:urllib3.connectionpool:Resetting dropped connection: api.bloxflip.com
DEBUG:urllib3.connectionpool:https://api.bloxflip.com:443 "GET /games/crash HTTP/1.1" 200 None
DEBUG:urllib3.connectionpool:https://api.bloxflip.com:443 "GET /games/crash HTTP/1.1" 429 5861
DEBUG:urllib3.connectionpool:Resetting dropped connection: api.bloxflip.com
DEBUG:urllib3.connectionpool:https://api.bloxflip.com:443 "GET /games/crash HTTP/1.1" 200 None
DEBUG:urllib3.connectionpool:https://api.bloxflip.com:443 "GET /games/crash HTTP/1.1" 200 None
DEBUG:urllib3.connectionpool:https://api.bloxflip.com:443 "GET /games/crash HTTP/1.1" 429 5882
DEBUG:urllib3.connectionpool:Resetting dropped connection: api.bloxflip.com
DEBUG:urllib3.connectionpool:https://api.bloxflip.com:443 "GET /games/crash HTTP/1.1" 200 None
DEBUG:urllib3.connectionpool:https://api.bloxflip.com:443 "GET /games/crash HTTP/1.1" 200 None
DEBUG:urllib3.connectionpool:https://api.bloxflip.com:443 "GET /games/crash HTTP/1.1" 429 5882
DEBUG:urllib3.connectionpool:Resetting dropped connection: api.bloxflip.com
DEBUG:urllib3.connectionpool:https://api.bloxflip.com:443 "GET /games/crash HTTP/1.1" 403 None
DEBUG:urllib3.connectionpool:https://api.bloxflip.com:443 "GET /games/crash HTTP/1.1" 429 5881
DEBUG:urllib3.connectionpool:Resetting dropped connection: api.bloxflip.com
DEBUG:urllib3.connectionpool:https://api.bloxflip.com:443 "GET /games/crash HTTP/1.1" 429 6266
DEBUG:urllib3.connectionpool:Resetting dropped connection: api.bloxflip.com
DEBUG:urllib3.connectionpool:https://api.bloxflip.com:443 "GET /games/crash HTTP/1.1" 200 None
DEBUG:urllib3.connectionpool:https://api.bloxflip.com:443 "GET /games/crash HTTP/1.1" 200 None
DEBUG:urllib3.connectionpool:https://api.bloxflip.com:443 "GET /games/crash HTTP/1.1" 200 None
DEBUG:urllib3.connectionpool:https://api.bloxflip.com:443 "GET /games/crash HTTP/1.1" 429 5861
DEBUG:urllib3.connectionpool:Resetting dropped connection: api.bloxflip.com
DEBUG:urllib3.connectionpool:https://api.bloxflip.com:443 "GET /games/crash HTTP/1.1" 200 None
DEBUG:urllib3.connectionpool:https://api.bloxflip.com:443 "GET /games/crash HTTP/1.1" 429 5882
DEBUG:urllib3.connectionpool:Resetting dropped connection: api.bloxflip.com
DEBUG:urllib3.connectionpool:https://api.bloxflip.com:443 "GET /games/crash HTTP/1.1" 403 None
DEBUG:urllib3.connectionpool:https://api.bloxflip.com:443 "GET /games/crash HTTP/1.1" 429 5882
DEBUG:urllib3.connectionpool:Resetting dropped connection: api.bloxflip.com
DEBUG:urllib3.connectionpool:https://api.bloxflip.com:443 "GET /games/crash HTTP/1.1" 200 None
DEBUG:urllib3.connectionpool:https://api.bloxflip.com:443 "GET /games/crash HTTP/1.1" 200 None
DEBUG:urllib3.connectionpool:https://api.bloxflip.com:443 "GET /games/crash HTTP/1.1" 429 5882
DEBUG:urllib3.connectionpool:Resetting dropped connection: api.bloxflip.com
DEBUG:urllib3.connectionpool:https://api.bloxflip.com:443 "GET /games/crash HTTP/1.1" 200 None
DEBUG:urllib3.connectionpool:https://api.bloxflip.com:443 "GET /games/crash HTTP/1.1" 429 5882
DEBUG:urllib3.connectionpool:Resetting dropped connection: api.bloxflip.com
DEBUG:urllib3.connectionpool:https://api.bloxflip.com:443 "GET /games/crash HTTP/1.1" 403 None
DEBUG:urllib3.connectionpool:https://api.bloxflip.com:443 "GET /games/crash HTTP/1.1" 429 5882
DEBUG:urllib3.connectionpool:Resetting dropped connection: api.bloxflip.com
DEBUG:urllib3.connectionpool:https://api.bloxflip.com:443 "GET /games/crash HTTP/1.1" 403 None
DEBUG:urllib3.connectionpool:https://api.bloxflip.com:443 "GET /games/crash HTTP/1.1" 429 5882
DEBUG:urllib3.connectionpool:Resetting dropped connection: api.bloxflip.com
DEBUG:urllib3.connectionpool:https://api.bloxflip.com:443 "GET /games/crash HTTP/1.1" 200 None
DEBUG:urllib3.connectionpool:https://api.bloxflip.com:443 "GET /games/crash HTTP/1.1" 429 5882
DEBUG:urllib3.connectionpool:Resetting dropped connection: api.bloxflip.com
DEBUG:urllib3.connectionpool:https://api.bloxflip.com:443 "GET /games/crash HTTP/1.1" 200 None
DEBUG:urllib3.connectionpool:https://api.bloxflip.com:443 "GET /games/crash HTTP/1.1" 429 5861
DEBUG:urllib3.connectionpool:Resetting dropped connection: api.bloxflip.com
DEBUG:urllib3.connectionpool:https://api.bloxflip.com:443 "GET /games/crash HTTP/1.1" 403 None
DEBUG:urllib3.connectionpool:https://api.bloxflip.com:443 "GET /games/crash HTTP/1.1" 429 5882
DEBUG:urllib3.connectionpool:Resetting dropped connection: api.bloxflip.com
DEBUG:urllib3.connectionpool:https://api.bloxflip.com:443 "GET /games/crash HTTP/1.1" 200 None
DEBUG:urllib3.connectionpool:https://api.bloxflip.com:443 "GET /games/crash HTTP/1.1" 200 None
DEBUG:urllib3.connectionpool:https://api.bloxflip.com:443 "GET /games/crash HTTP/1.1" 200 None
DEBUG:urllib3.connectionpool:https://api.bloxflip.com:443 "GET /games/crash HTTP/1.1" 200 None
DEBUG:urllib3.connectionpool:https://api.bloxflip.com:443 "GET /games/crash HTTP/1.1" 200 None
DEBUG:urllib3.connectionpool:https://api.bloxflip.com:443 "GET /games/crash HTTP/1.1" 200 None
DEBUG:urllib3.connectionpool:https://api.bloxflip.com:443 "GET /games/crash HTTP/1.1" 200 None
DEBUG:urllib3.connectionpool:https://api.bloxflip.com:443 "GET /games/crash HTTP/1.1" 200 None
DEBUG:urllib3.connectionpool:https://api.bloxflip.com:443 "GET /games/crash HTTP/1.1" 200 None
DEBUG:urllib3.connectionpool:https://api.bloxflip.com:443 "GET /games/crash HTTP/1.1" 200 None
DEBUG:urllib3.connectionpool:https://api.bloxflip.com:443 "GET /games/crash HTTP/1.1" 200 None
DEBUG:urllib3.connectionpool:https://api.bloxflip.com:443 "GET /games/crash HTTP/1.1" 200 None
DEBUG:urllib3.connectionpool:https://api.bloxflip.com:443 "GET /games/crash HTTP/1.1" 200 None
DEBUG:urllib3.connectionpool:https://api.bloxflip.com:443 "GET /games/crash HTTP/1.1" 200 None
DEBUG:urllib3.connectionpool:https://api.bloxflip.com:443 "GET /games/crash HTTP/1.1" 200 None
DEBUG:urllib3.connectionpool:https://api.bloxflip.com:443 "GET /games/crash HTTP/1.1" 200 None
DEBUG:urllib3.connectionpool:https://api.bloxflip.com:443 "GET /games/crash HTTP/1.1" 200 None
DEBUG:urllib3.connectionpool:https://api.bloxflip.com:443 "GET /games/crash HTTP/1.1" 200 None
DEBUG:urllib3.connectionpool:https://api.bloxflip.com:443 "GET /games/crash HTTP/1.1" 200 None
DEBUG:urllib3.connectionpool:https://api.bloxflip.com:443 "GET /games/crash HTTP/1.1" 200 None
DEBUG:urllib3.connectionpool:https://api.bloxflip.com:443 "GET /games/crash HTTP/1.1" 200 None
DEBUG:urllib3.connectionpool:https://api.bloxflip.com:443 "GET /games/crash HTTP/1.1" 200 None
DEBUG:urllib3.connectionpool:https://api.bloxflip.com:443 "GET /games/crash HTTP/1.1" 200 None
DEBUG:urllib3.connectionpool:https://api.bloxflip.com:443 "GET /games/crash HTTP/1.1" 200 None
DEBUG:urllib3.connectionpool:https://api.bloxflip.com:443 "GET /games/crash HTTP/1.1" 200 None
DEBUG:urllib3.connectionpool:https://api.bloxflip.com:443 "GET /games/crash HTTP/1.1" 200 None
DEBUG:urllib3.connectionpool:https://api.bloxflip.com:443 "GET /games/crash HTTP/1.1" 200 None
DEBUG:urllib3.connectionpool:https://api.bloxflip.com:443 "GET /games/crash HTTP/1.1" 200 None
DEBUG:urllib3.connectionpool:https://api.bloxflip.com:443 "GET /games/crash HTTP/1.1" 200 None
DEBUG:urllib3.connectionpool:https://api.bloxflip.com:443 "GET /games/crash HTTP/1.1" 200 None
DEBUG:urllib3.connectionpool:https://api.bloxflip.com:443 "GET /games/crash HTTP/1.1" 200 None
DEBUG:urllib3.connectionpool:https://api.bloxflip.com:443 "GET /games/crash HTTP/1.1" 200 None
DEBUG:urllib3.connectionpool:https://api.bloxflip.com:443 "GET /games/crash HTTP/1.1" 200 None
DEBUG:urllib3.connectionpool:https://api.bloxflip.com:443 "GET /games/crash HTTP/1.1" 200 None
DEBUG:urllib3.connectionpool:https://api.bloxflip.com:443 "GET /games/crash HTTP/1.1" 200 None
DEBUG:urllib3.connectionpool:https://api.bloxflip.com:443 "GET /games/crash HTTP/1.1" 200 None
DEBUG:urllib3.connectionpool:https://api.bloxflip.com:443 "GET /games/crash HTTP/1.1" 200 None
DEBUG:urllib3.connectionpool:https://api.bloxflip.com:443 "GET /games/crash HTTP/1.1" 403 None
DEBUG:urllib3.connectionpool:https://api.bloxflip.com:443 "GET /games/crash HTTP/1.1" 403 None
DEBUG:urllib3.connectionpool:https://api.bloxflip.com:443 "GET /games/crash HTTP/1.1" 403 None
DEBUG:urllib3.connectionpool:https://api.bloxflip.com:443 "GET /games/crash HTTP/1.1" 403 None
DEBUG:urllib3.connectionpool:https://api.bloxflip.com:443 "GET /games/crash HTTP/1.1" 403 None
DEBUG:urllib3.connectionpool:https://api.bloxflip.com:443 "GET /games/crash HTTP/1.1" 403 None
DEBUG:urllib3.connectionpool:https://api.bloxflip.com:443 "GET /games/crash HTTP/1.1" 403 None
DEBUG:urllib3.connectionpool:https://api.bloxflip.com:443 "GET /games/crash HTTP/1.1" 403 None
DEBUG:urllib3.connectionpool:https://api.bloxflip.com:443 "GET /games/crash HTTP/1.1" 403 None
DEBUG:urllib3.connectionpool:https://api.bloxflip.com:443 "GET /games/crash HTTP/1.1" 403 None
DEBUG:urllib3.connectionpool:https://api.bloxflip.com:443 "GET /games/crash HTTP/1.1" 403 None
DEBUG:urllib3.connectionpool:https://api.bloxflip.com:443 "GET /games/crash HTTP/1.1" 403 None
DEBUG:urllib3.connectionpool:https://api.bloxflip.com:443 "GET /games/crash HTTP/1.1" 403 None
DEBUG:urllib3.connectionpool:https://api.bloxflip.com:443 "GET /games/crash HTTP/1.1" 403 None
DEBUG:urllib3.connectionpool:https://api.bloxflip.com:443 "GET /games/crash HTTP/1.1" 403 None
DEBUG:urllib3.connectionpool:https://api.bloxflip.com:443 "GET /games/crash HTTP/1.1" 403 None
DEBUG:urllib3.connectionpool:https://api.bloxflip.com:443 "GET /games/crash HTTP/1.1" 403 None
DEBUG:urllib3.connectionpool:https://api.bloxflip.com:443 "GET /games/crash HTTP/1.1" 403 None
DEBUG:urllib3.connectionpool:https://api.bloxflip.com:443 "GET /games/crash HTTP/1.1" 403 None
DEBUG:urllib3.connectionpool:https://api.bloxflip.com:443 "GET /games/crash HTTP/1.1" 403 None
DEBUG:urllib3.connectionpool:https://api.bloxflip.com:443 "GET /games/crash HTTP/1.1" 403 None
DEBUG:urllib3.connectionpool:https://api.bloxflip.com:443 "GET /games/crash HTTP/1.1" 403 None
DEBUG:urllib3.connectionpool:https://api.bloxflip.com:443 "GET /games/crash HTTP/1.1" 403 None
DEBUG:urllib3.connectionpool:https://api.bloxflip.com:443 "GET /games/crash HTTP/1.1" 403 None
DEBUG:urllib3.connectionpool:https://api.bloxflip.com:443 "GET /games/crash HTTP/1.1" 403 None
DEBUG:urllib3.connectionpool:https://api.bloxflip.com:443 "GET /games/crash HTTP/1.1" 403 None
DEBUG:urllib3.connectionpool:https://api.bloxflip.com:443 "GET /games/crash HTTP/1.1" 403 None
DEBUG:urllib3.connectionpool:https://api.bloxflip.com:443 "GET /games/crash HTTP/1.1" 403 None
DEBUG:urllib3.connectionpool:https://api.bloxflip.com:443 "GET /games/crash HTTP/1.1" 403 None
DEBUG:urllib3.connectionpool:https://api.bloxflip.com:443 "GET /games/crash HTTP/1.1" 429 5861
DEBUG:urllib3.connectionpool:Resetting dropped connection: api.bloxflip.com
DEBUG:urllib3.connectionpool:https://api.bloxflip.com:443 "GET /games/crash HTTP/1.1" 429 6287
DEBUG:urllib3.connectionpool:Resetting dropped connection: api.bloxflip.com
DEBUG:urllib3.connectionpool:https://api.bloxflip.com:443 "GET /games/crash HTTP/1.1" 429 6266
DEBUG:urllib3.connectionpool:Resetting dropped connection: api.bloxflip.com
DEBUG:urllib3.connectionpool:https://api.bloxflip.com:443 "GET /games/crash HTTP/1.1" 429 6287
DEBUG:urllib3.connectionpool:Resetting dropped connection: api.bloxflip.com
DEBUG:urllib3.connectionpool:https://api.bloxflip.com:443 "GET /games/crash HTTP/1.1" 429 6264
DEBUG:urllib3.connectionpool:Resetting dropped connection: api.bloxflip.com
DEBUG:urllib3.connectionpool:https://api.bloxflip.com:443 "GET /games/crash HTTP/1.1" 429 6266
DEBUG:urllib3.connectionpool:Resetting dropped connection: api.bloxflip.com
DEBUG:urllib3.connectionpool:https://api.bloxflip.com:443 "GET /games/crash HTTP/1.1" 429 6287
DEBUG:urllib3.connectionpool:Resetting dropped connection: api.bloxflip.com
DEBUG:urllib3.connectionpool:https://api.bloxflip.com:443 "GET /games/crash HTTP/1.1" 429 6287
DEBUG:urllib3.connectionpool:Resetting dropped connection: api.bloxflip.com
DEBUG:urllib3.connectionpool:https://api.bloxflip.com:443 "GET /games/crash HTTP/1.1" 429 6266
DEBUG:urllib3.connectionpool:Resetting dropped connection: api.bloxflip.com
DEBUG:urllib3.connectionpool:https://api.bloxflip.com:443 "GET /games/crash HTTP/1.1" 429 6266
DEBUG:urllib3.connectionpool:Resetting dropped connection: api.bloxflip.com
DEBUG:urllib3.connectionpool:https://api.bloxflip.com:443 "GET /games/crash HTTP/1.1" 429 6287
DEBUG:urllib3.connectionpool:Resetting dropped connection: api.bloxflip.com
DEBUG:urllib3.connectionpool:https://api.bloxflip.com:443 "GET /games/crash HTTP/1.1" 429 6266
DEBUG:urllib3.connectionpool:Resetting dropped connection: api.bloxflip.com
DEBUG:urllib3.connectionpool:https://api.bloxflip.com:443 "GET /games/crash HTTP/1.1" 429 6287
DEBUG:urllib3.connectionpool:Resetting dropped connection: api.bloxflip.com
DEBUG:urllib3.connectionpool:https://api.bloxflip.com:443 "GET /games/crash HTTP/1.1" 429 6265
DEBUG:urllib3.connectionpool:Resetting dropped connection: api.bloxflip.com
DEBUG:urllib3.connectionpool:https://api.bloxflip.com:443 "GET /games/crash HTTP/1.1" 429 6266
DEBUG:urllib3.connectionpool:Resetting dropped connection: api.bloxflip.com
DEBUG:urllib3.connectionpool:https://api.bloxflip.com:443 "GET /games/crash HTTP/1.1" 429 6287
DEBUG:urllib3.connectionpool:Resetting dropped connection: api.bloxflip.com
DEBUG:urllib3.connectionpool:https://api.bloxflip.com:443 "GET /games/crash HTTP/1.1" 429 6265
DEBUG:urllib3.connectionpool:Resetting dropped connection: api.bloxflip.com
DEBUG:urllib3.connectionpool:https://api.bloxflip.com:443 "GET /games/crash HTTP/1.1" 429 6266
DEBUG:urllib3.connectionpool:Resetting dropped connection: api.bloxflip.com
DEBUG:urllib3.connectionpool:https://api.bloxflip.com:443 "GET /games/crash HTTP/1.1" 429 6287
DEBUG:urllib3.connectionpool:Resetting dropped connection: api.bloxflip.com
DEBUG:urllib3.connectionpool:https://api.bloxflip.com:443 "GET /games/crash HTTP/1.1" 429 6287
DEBUG:urllib3.connectionpool:Resetting dropped connection: api.bloxflip.com
DEBUG:urllib3.connectionpool:https://api.bloxflip.com:443 "GET /games/crash HTTP/1.1" 429 6287
DEBUG:urllib3.connectionpool:Resetting dropped connection: api.bloxflip.com
DEBUG:urllib3.connectionpool:https://api.bloxflip.com:443 "GET /games/crash HTTP/1.1" 429 6287
DEBUG:urllib3.connectionpool:Resetting dropped connection: api.bloxflip.com
DEBUG:urllib3.connectionpool:https://api.bloxflip.com:443 "GET /games/crash HTTP/1.1" 429 6287
DEBUG:urllib3.connectionpool:Resetting dropped connection: api.bloxflip.com
DEBUG:urllib3.connectionpool:https://api.bloxflip.com:443 "GET /games/crash HTTP/1.1" 429 6266
DEBUG:urllib3.connectionpool:Resetting dropped connection: api.bloxflip.com
DEBUG:urllib3.connectionpool:https://api.bloxflip.com:443 "GET /games/crash HTTP/1.1" 429 6266
DEBUG:urllib3.connectionpool:Resetting dropped connection: api.bloxflip.com
DEBUG:urllib3.connectionpool:https://api.bloxflip.com:443 "GET /games/crash HTTP/1.1" 429 6266
DEBUG:urllib3.connectionpool:Resetting dropped connection: api.bloxflip.com
DEBUG:urllib3.connectionpool:https://api.bloxflip.com:443 "GET /games/crash HTTP/1.1" 429 6266
DEBUG:urllib3.connectionpool:Resetting dropped connection: api.bloxflip.com
DEBUG:urllib3.connectionpool:https://api.bloxflip.com:443 "GET /games/crash HTTP/1.1" 429 6266
DEBUG:urllib3.connectionpool:Resetting dropped connection: api.bloxflip.com
DEBUG:urllib3.connectionpool:https://api.bloxflip.com:443 "GET /games/crash HTTP/1.1" 429 6287
DEBUG:urllib3.connectionpool:Resetting dropped connection: api.bloxflip.com
DEBUG:urllib3.connectionpool:https://api.bloxflip.com:443 "GET /games/crash HTTP/1.1" 429 6287
DEBUG:urllib3.connectionpool:Resetting dropped connection: api.bloxflip.com
DEBUG:urllib3.connectionpool:https://api.bloxflip.com:443 "GET /games/crash HTTP/1.1" 429 6266
DEBUG:urllib3.connectionpool:Resetting dropped connection: api.bloxflip.com
DEBUG:urllib3.connectionpool:https://api.bloxflip.com:443 "GET /games/crash HTTP/1.1" 429 6286
DEBUG:urllib3.connectionpool:Resetting dropped connection: api.bloxflip.com
DEBUG:urllib3.connectionpool:https://api.bloxflip.com:443 "GET /games/crash HTTP/1.1" 429 6266
DEBUG:urllib3.connectionpool:Resetting dropped connection: api.bloxflip.com
DEBUG:urllib3.connectionpool:https://api.bloxflip.com:443 "GET /games/crash HTTP/1.1" 429 6287
DEBUG:urllib3.connectionpool:Resetting dropped connection: api.bloxflip.com
DEBUG:urllib3.connectionpool:https://api.bloxflip.com:443 "GET /games/crash HTTP/1.1" 429 6286
DEBUG:urllib3.connectionpool:Resetting dropped connection: api.bloxflip.com
DEBUG:urllib3.connectionpool:https://api.bloxflip.com:443 "GET /games/crash HTTP/1.1" 429 6286
DEBUG:urllib3.connectionpool:Resetting dropped connection: api.bloxflip.com
DEBUG:urllib3.connectionpool:https://api.bloxflip.com:443 "GET /games/crash HTTP/1.1" 429 6266
DEBUG:urllib3.connectionpool:Resetting dropped connection: api.bloxflip.com
DEBUG:urllib3.connectionpool:https://api.bloxflip.com:443 "GET /games/crash HTTP/1.1" 429 6266
DEBUG:urllib3.connectionpool:Resetting dropped connection: api.bloxflip.com
DEBUG:urllib3.connectionpool:https://api.bloxflip.com:443 "GET /games/crash HTTP/1.1" 429 6287
DEBUG:urllib3.connectionpool:Resetting dropped connection: api.bloxflip.com
DEBUG:urllib3.connectionpool:https://api.bloxflip.com:443 "GET /games/crash HTTP/1.1" 429 6266
DEBUG:urllib3.connectionpool:Resetting dropped connection: api.bloxflip.com
DEBUG:urllib3.connectionpool:https://api.bloxflip.com:443 "GET /games/crash HTTP/1.1" 429 6286
DEBUG:urllib3.connectionpool:Resetting dropped connection: api.bloxflip.com
DEBUG:urllib3.connectionpool:https://api.bloxflip.com:443 "GET /games/crash HTTP/1.1" 429 6287
DEBUG:urllib3.connectionpool:Resetting dropped connection: api.bloxflip.com
DEBUG:urllib3.connectionpool:https://api.bloxflip.com:443 "GET /games/crash HTTP/1.1" 429 6287
DEBUG:urllib3.connectionpool:Resetting dropped connection: api.bloxflip.com
DEBUG:urllib3.connectionpool:https://api.bloxflip.com:443 "GET /games/crash HTTP/1.1" 429 6287
DEBUG:urllib3.connectionpool:Resetting dropped connection: api.bloxflip.com
DEBUG:urllib3.connectionpool:https://api.bloxflip.com:443 "GET /games/crash HTTP/1.1" 429 6287
DEBUG:urllib3.connectionpool:Resetting dropped connection: api.bloxflip.com
DEBUG:urllib3.connectionpool:https://api.bloxflip.com:443 "GET /games/crash HTTP/1.1" 429 6286
DEBUG:urllib3.connectionpool:Resetting dropped connection: api.bloxflip.com
DEBUG:urllib3.connectionpool:https://api.bloxflip.com:443 "GET /games/crash HTTP/1.1" 429 6287
DEBUG:urllib3.connectionpool:Resetting dropped connection: api.bloxflip.com
DEBUG:urllib3.connectionpool:https://api.bloxflip.com:443 "GET /games/crash HTTP/1.1" 429 6266
DEBUG:urllib3.connectionpool:Resetting dropped connection: api.bloxflip.com
DEBUG:urllib3.connectionpool:https://api.bloxflip.com:443 "GET /games/crash HTTP/1.1" 429 6266
DEBUG:urllib3.connectionpool:Resetting dropped connection: api.bloxflip.com
DEBUG:urllib3.connectionpool:https://api.bloxflip.com:443 "GET /games/crash HTTP/1.1" 429 6287
DEBUG:urllib3.connectionpool:Resetting dropped connection: api.bloxflip.com
DEBUG:urllib3.connectionpool:https://api.bloxflip.com:443 "GET /games/crash HTTP/1.1" 429 6287
DEBUG:urllib3.connectionpool:Resetting dropped connection: api.bloxflip.com
DEBUG:urllib3.connectionpool:https://api.bloxflip.com:443 "GET /games/crash HTTP/1.1" 429 6266
DEBUG:urllib3.connectionpool:Resetting dropped connection: api.bloxflip.com
DEBUG:urllib3.connectionpool:https://api.bloxflip.com:443 "GET /games/crash HTTP/1.1" 429 6286
DEBUG:urllib3.connectionpool:Resetting dropped connection: api.bloxflip.com
DEBUG:urllib3.connectionpool:https://api.bloxflip.com:443 "GET /games/crash HTTP/1.1" 429 6266
DEBUG:urllib3.connectionpool:Resetting dropped connection: api.bloxflip.com
DEBUG:urllib3.connectionpool:https://api.bloxflip.com:443 "GET /games/crash HTTP/1.1" 429 6266
DEBUG:urllib3.connectionpool:Resetting dropped connection: api.bloxflip.com
DEBUG:urllib3.connectionpool:https://api.bloxflip.com:443 "GET /games/crash HTTP/1.1" 429 6287
DEBUG:urllib3.connectionpool:Resetting dropped connection: api.bloxflip.com
DEBUG:urllib3.connectionpool:https://api.bloxflip.com:443 "GET /games/crash HTTP/1.1" 429 6287
DEBUG:urllib3.connectionpool:Resetting dropped connection: api.bloxflip.com
DEBUG:urllib3.connectionpool:https://api.bloxflip.com:443 "GET /games/crash HTTP/1.1" 429 6287
DEBUG:urllib3.connectionpool:Resetting dropped connection: api.bloxflip.com
DEBUG:urllib3.connectionpool:https://api.bloxflip.com:443 "GET /games/crash HTTP/1.1" 429 6266
DEBUG:urllib3.connectionpool:Resetting dropped connection: api.bloxflip.com
DEBUG:urllib3.connectionpool:https://api.bloxflip.com:443 "GET /games/crash HTTP/1.1" 429 6287
DEBUG:urllib3.connectionpool:Resetting dropped connection: api.bloxflip.com
DEBUG:urllib3.connectionpool:https://api.bloxflip.com:443 "GET /games/crash HTTP/1.1" 429 6287
DEBUG:urllib3.connectionpool:Resetting dropped connection: api.bloxflip.com
DEBUG:urllib3.connectionpool:https://api.bloxflip.com:443 "GET /games/crash HTTP/1.1" 429 6287
DEBUG:urllib3.connectionpool:Resetting dropped connection: api.bloxflip.com
DEBUG:urllib3.connectionpool:https://api.bloxflip.com:443 "GET /games/crash HTTP/1.1" 429 6286
DEBUG:urllib3.connectionpool:Resetting dropped connection: api.bloxflip.com
DEBUG:urllib3.connectionpool:https://api.bloxflip.com:443 "GET /games/crash HTTP/1.1" 429 6266
DEBUG:urllib3.connectionpool:Resetting dropped connection: api.bloxflip.com
DEBUG:urllib3.connectionpool:https://api.bloxflip.com:443 "GET /games/crash HTTP/1.1" 429 6266
DEBUG:urllib3.connectionpool:Resetting dropped connection: api.bloxflip.com
DEBUG:urllib3.connectionpool:https://api.bloxflip.com:443 "GET /games/crash HTTP/1.1" 429 6245
DEBUG:urllib3.connectionpool:Resetting dropped connection: api.bloxflip.com
DEBUG:urllib3.connectionpool:https://api.bloxflip.com:443 "GET /games/crash HTTP/1.1" 200 None
DEBUG:urllib3.connectionpool:https://api.bloxflip.com:443 "GET /games/crash HTTP/1.1" 200 None
DEBUG:urllib3.connectionpool:https://api.bloxflip.com:443 "GET /games/crash HTTP/1.1" 429 5882
DEBUG:urllib3.connectionpool:Resetting dropped connection: api.bloxflip.com
DEBUG:urllib3.connectionpool:https://api.bloxflip.com:443 "GET /games/crash HTTP/1.1" 200 None
DEBUG:urllib3.connectionpool:https://api.bloxflip.com:443 "GET /games/crash HTTP/1.1" 429 5861
DEBUG:urllib3.connectionpool:Resetting dropped connection: api.bloxflip.com
DEBUG:urllib3.connectionpool:https://api.bloxflip.com:443 "GET /games/crash HTTP/1.1" 200 None
DEBUG:urllib3.connectionpool:https://api.bloxflip.com:443 "GET /games/crash HTTP/1.1" 200 None
DEBUG:urllib3.connectionpool:https://api.bloxflip.com:443 "GET /games/crash HTTP/1.1" 429 5882
DEBUG:urllib3.connectionpool:Resetting dropped connection: api.bloxflip.com
DEBUG:urllib3.connectionpool:https://api.bloxflip.com:443 "GET /games/crash HTTP/1.1" 200 None
DEBUG:urllib3.connectionpool:https://api.bloxflip.com:443 "GET /games/crash HTTP/1.1" 429 5882
DEBUG:urllib3.connectionpool:Resetting dropped connection: api.bloxflip.com
DEBUG:urllib3.connectionpool:https://api.bloxflip.com:443 "GET /games/crash HTTP/1.1" 200 None
DEBUG:urllib3.connectionpool:https://api.bloxflip.com:443 "GET /games/crash HTTP/1.1" 429 5861
DEBUG:urllib3.connectionpool:Resetting dropped connection: api.bloxflip.com
DEBUG:urllib3.connectionpool:https://api.bloxflip.com:443 "GET /games/crash HTTP/1.1" 200 None
DEBUG:urllib3.connectionpool:https://api.bloxflip.com:443 "GET /games/crash HTTP/1.1" 429 5882
DEBUG:urllib3.connectionpool:Resetting dropped connection: api.bloxflip.com
DEBUG:urllib3.connectionpool:https://api.bloxflip.com:443 "GET /games/crash HTTP/1.1" 200 None
DEBUG:urllib3.connectionpool:https://api.bloxflip.com:443 "GET /games/crash HTTP/1.1" 429 5882
DEBUG:urllib3.connectionpool:Resetting dropped connection: api.bloxflip.com
DEBUG:urllib3.connectionpool:https://api.bloxflip.com:443 "GET /games/crash HTTP/1.1" 200 None
DEBUG:urllib3.connectionpool:https://api.bloxflip.com:443 "GET /games/crash HTTP/1.1" 200 None
DEBUG:urllib3.connectionpool:https://api.bloxflip.com:443 "GET /games/crash HTTP/1.1" 200 None
DEBUG:urllib3.connectionpool:https://api.bloxflip.com:443 "GET /games/crash HTTP/1.1" 429 5882
DEBUG:urllib3.connectionpool:Resetting dropped connection: api.bloxflip.com
DEBUG:urllib3.connectionpool:https://api.bloxflip.com:443 "GET /games/crash HTTP/1.1" 200 None
DEBUG:urllib3.connectionpool:https://api.bloxflip.com:443 "GET /games/crash HTTP/1.1" 200 None
DEBUG:urllib3.connectionpool:https://api.bloxflip.com:443 "GET /games/crash HTTP/1.1" 429 5882
DEBUG:urllib3.connectionpool:Resetting dropped connection: api.bloxflip.com
DEBUG:urllib3.connectionpool:https://api.bloxflip.com:443 "GET /games/crash HTTP/1.1" 200 None
DEBUG:urllib3.connectionpool:https://api.bloxflip.com:443 "GET /games/crash HTTP/1.1" 429 5882
DEBUG:urllib3.connectionpool:Resetting dropped connection: api.bloxflip.com
DEBUG:urllib3.connectionpool:https://api.bloxflip.com:443 "GET /games/crash HTTP/1.1" 403 None
DEBUG:urllib3.connectionpool:https://api.bloxflip.com:443 "GET /games/crash HTTP/1.1" 429 5881
DEBUG:urllib3.connectionpool:Resetting dropped connection: api.bloxflip.com
DEBUG:urllib3.connectionpool:https://api.bloxflip.com:443 "GET /games/crash HTTP/1.1" 200 None
DEBUG:urllib3.connectionpool:https://api.bloxflip.com:443 "GET /games/crash HTTP/1.1" 429 5861
DEBUG:urllib3.connectionpool:Resetting dropped connection: api.bloxflip.com
DEBUG:urllib3.connectionpool:https://api.bloxflip.com:443 "GET /games/crash HTTP/1.1" 200 None
DEBUG:urllib3.connectionpool:https://api.bloxflip.com:443 "GET /games/crash HTTP/1.1" 200 None
DEBUG:urllib3.connectionpool:https://api.bloxflip.com:443 "GET /games/crash HTTP/1.1" 429 5882
DEBUG:urllib3.connectionpool:Resetting dropped connection: api.bloxflip.com
DEBUG:urllib3.connectionpool:https://api.bloxflip.com:443 "GET /games/crash HTTP/1.1" 200 None
DEBUG:urllib3.connectionpool:https://api.bloxflip.com:443 "GET /games/crash HTTP/1.1" 429 5882
DEBUG:urllib3.connectionpool:Resetting dropped connection: api.bloxflip.com
DEBUG:urllib3.connectionpool:https://api.bloxflip.com:443 "GET /games/crash HTTP/1.1" 200 None
DEBUG:urllib3.connectionpool:https://api.bloxflip.com:443 "GET /games/crash HTTP/1.1" 200 None
DEBUG:urllib3.connectionpool:https://api.bloxflip.com:443 "GET /games/crash HTTP/1.1" 429 5882
DEBUG:urllib3.connectionpool:Resetting dropped connection: api.bloxflip.com
DEBUG:urllib3.connectionpool:https://api.bloxflip.com:443 "GET /games/crash HTTP/1.1" 200 None
DEBUG:urllib3.connectionpool:https://api.bloxflip.com:443 "GET /games/crash HTTP/1.1" 429 5882
DEBUG:urllib3.connectionpool:Resetting dropped connection: api.bloxflip.com
DEBUG:urllib3.connectionpool:https://api.bloxflip.com:443 "GET /games/crash HTTP/1.1" 200 None
DEBUG:urllib3.connectionpool:https://api.bloxflip.com:443 "GET /games/crash HTTP/1.1" 429 5882
DEBUG:urllib3.connectionpool:Resetting dropped connection: api.bloxflip.com
DEBUG:urllib3.connectionpool:https://api.bloxflip.com:443 "GET /games/crash HTTP/1.1" 200 None
DEBUG:urllib3.connectionpool:https://api.bloxflip.com:443 "GET /games/crash HTTP/1.1" 429 5861
DEBUG:urllib3.connectionpool:Resetting dropped connection: api.bloxflip.com
DEBUG:urllib3.connectionpool:https://api.bloxflip.com:443 "GET /games/crash HTTP/1.1" 200 None
DEBUG:urllib3.connectionpool:https://api.bloxflip.com:443 "GET /games/crash HTTP/1.1" 200 None
DEBUG:urllib3.connectionpool:https://api.bloxflip.com:443 "GET /games/crash HTTP/1.1" 429 5882
DEBUG:urllib3.connectionpool:Resetting dropped connection: api.bloxflip.com
DEBUG:urllib3.connectionpool:https://api.bloxflip.com:443 "GET /games/crash HTTP/1.1" 403 None
DEBUG:urllib3.connectionpool:https://api.bloxflip.com:443 "GET /games/crash HTTP/1.1" 429 5882
DEBUG:urllib3.connectionpool:Resetting dropped connection: api.bloxflip.com
DEBUG:urllib3.connectionpool:https://api.bloxflip.com:443 "GET /games/crash HTTP/1.1" 200 None
DEBUG:urllib3.connectionpool:https://api.bloxflip.com:443 "GET /games/crash HTTP/1.1" 429 5861
DEBUG:urllib3.connectionpool:Resetting dropped connection: api.bloxflip.com
DEBUG:urllib3.connectionpool:https://api.bloxflip.com:443 "GET /games/crash HTTP/1.1" 403 None
DEBUG:urllib3.connectionpool:https://api.bloxflip.com:443 "GET /games/crash HTTP/1.1" 429 5882
DEBUG:urllib3.connectionpool:Resetting dropped connection: api.bloxflip.com
DEBUG:urllib3.connectionpool:https://api.bloxflip.com:443 "GET /games/crash HTTP/1.1" 200 None
DEBUG:urllib3.connectionpool:https://api.bloxflip.com:443 "GET /games/crash HTTP/1.1" 429 5882
DEBUG:urllib3.connectionpool:Resetting dropped connection: api.bloxflip.com
DEBUG:urllib3.connectionpool:https://api.bloxflip.com:443 "GET /games/crash HTTP/1.1" 200 None
DEBUG:urllib3.connectionpool:https://api.bloxflip.com:443 "GET /games/crash HTTP/1.1" 200 None
DEBUG:urllib3.connectionpool:https://api.bloxflip.com:443 "GET /games/crash HTTP/1.1" 429 5882
DEBUG:urllib3.connectionpool:Resetting dropped connection: api.bloxflip.com
DEBUG:urllib3.connectionpool:https://api.bloxflip.com:443 "GET /games/crash HTTP/1.1" 200 None
DEBUG:urllib3.connectionpool:https://api.bloxflip.com:443 "GET /games/crash HTTP/1.1" 429 5882
DEBUG:urllib3.connectionpool:Resetting dropped connection: api.bloxflip.com
DEBUG:urllib3.connectionpool:https://api.bloxflip.com:443 "GET /games/crash HTTP/1.1" 403 None
DEBUG:urllib3.connectionpool:https://api.bloxflip.com:443 "GET /games/crash HTTP/1.1" 429 5881
DEBUG:urllib3.connectionpool:Resetting dropped connection: api.bloxflip.com
DEBUG:urllib3.connectionpool:https://api.bloxflip.com:443 "GET /games/crash HTTP/1.1" 200 None
DEBUG:urllib3.connectionpool:https://api.bloxflip.com:443 "GET /games/crash HTTP/1.1" 429 5882
DEBUG:urllib3.connectionpool:Resetting dropped connection: api.bloxflip.com
DEBUG:urllib3.connectionpool:https://api.bloxflip.com:443 "GET /games/crash HTTP/1.1" 200 None
DEBUG:urllib3.connectionpool:https://api.bloxflip.com:443 "GET /games/crash HTTP/1.1" 200 None
DEBUG:urllib3.connectionpool:https://api.bloxflip.com:443 "GET /games/crash HTTP/1.1" 429 5882
DEBUG:urllib3.connectionpool:Resetting dropped connection: api.bloxflip.com
DEBUG:urllib3.connectionpool:https://api.bloxflip.com:443 "GET /games/crash HTTP/1.1" 200 None
DEBUG:urllib3.connectionpool:https://api.bloxflip.com:443 "GET /games/crash HTTP/1.1" 429 5882
DEBUG:urllib3.connectionpool:Resetting dropped connection: api.bloxflip.com
DEBUG:urllib3.connectionpool:https://api.bloxflip.com:443 "GET /games/crash HTTP/1.1" 200 None
DEBUG:urllib3.connectionpool:https://api.bloxflip.com:443 "GET /games/crash HTTP/1.1" 200 None
DEBUG:urllib3.connectionpool:https://api.bloxflip.com:443 "GET /games/crash HTTP/1.1" 429 5882
DEBUG:urllib3.connectionpool:Resetting dropped connection: api.bloxflip.com
DEBUG:urllib3.connectionpool:https://api.bloxflip.com:443 "GET /games/crash HTTP/1.1" 200 None
DEBUG:urllib3.connectionpool:https://api.bloxflip.com:443 "GET /games/crash HTTP/1.1" 200 None
DEBUG:urllib3.connectionpool:https://api.bloxflip.com:443 "GET /games/crash HTTP/1.1" 429 5861
DEBUG:urllib3.connectionpool:Resetting dropped connection: api.bloxflip.com
DEBUG:urllib3.connectionpool:https://api.bloxflip.com:443 "GET /games/crash HTTP/1.1" 200 None
DEBUG:urllib3.connectionpool:https://api.bloxflip.com:443 "GET /games/crash HTTP/1.1" 429 5861
DEBUG:urllib3.connectionpool:Resetting dropped connection: api.bloxflip.com
DEBUG:urllib3.connectionpool:https://api.bloxflip.com:443 "GET /games/crash HTTP/1.1" 200 None
DEBUG:urllib3.connectionpool:https://api.bloxflip.com:443 "GET /games/crash HTTP/1.1" 200 None
DEBUG:urllib3.connectionpool:https://api.bloxflip.com:443 "GET /games/crash HTTP/1.1" 429 5882
DEBUG:urllib3.connectionpool:Resetting dropped connection: api.bloxflip.com
DEBUG:urllib3.connectionpool:https://api.bloxflip.com:443 "GET /games/crash HTTP/1.1" 403 None
DEBUG:urllib3.connectionpool:https://api.bloxflip.com:443 "GET /games/crash HTTP/1.1" 429 5882
DEBUG:urllib3.connectionpool:Resetting dropped connection: api.bloxflip.com
DEBUG:urllib3.connectionpool:https://api.bloxflip.com:443 "GET /games/crash HTTP/1.1" 403 None
DEBUG:urllib3.connectionpool:https://api.bloxflip.com:443 "GET /games/crash HTTP/1.1" 429 5882
DEBUG:urllib3.connectionpool:Resetting dropped connection: api.bloxflip.com
DEBUG:urllib3.connectionpool:https://api.bloxflip.com:443 "GET /games/crash HTTP/1.1" 200 None
DEBUG:urllib3.connectionpool:https://api.bloxflip.com:443 "GET /games/crash HTTP/1.1" 429 5861
DEBUG:urllib3.connectionpool:Resetting dropped connection: api.bloxflip.com
DEBUG:urllib3.connectionpool:https://api.bloxflip.com:443 "GET /games/crash HTTP/1.1" 200 None
DEBUG:urllib3.connectionpool:https://api.bloxflip.com:443 "GET /games/crash HTTP/1.1" 429 5882
DEBUG:urllib3.connectionpool:Resetting dropped connection: api.bloxflip.com
DEBUG:urllib3.connectionpool:https://api.bloxflip.com:443 "GET /games/crash HTTP/1.1" 200 None
DEBUG:urllib3.connectionpool:https://api.bloxflip.com:443 "GET /games/crash HTTP/1.1" 200 None
DEBUG:urllib3.connectionpool:https://api.bloxflip.com:443 "GET /games/crash HTTP/1.1" 429 5861
DEBUG:urllib3.connectionpool:Resetting dropped connection: api.bloxflip.com
DEBUG:urllib3.connectionpool:https://api.bloxflip.com:443 "GET /games/crash HTTP/1.1" 403 None
DEBUG:urllib3.connectionpool:https://api.bloxflip.com:443 "GET /games/crash HTTP/1.1" 429 5861
DEBUG:urllib3.connectionpool:Resetting dropped connection: api.bloxflip.com
DEBUG:urllib3.connectionpool:https://api.bloxflip.com:443 "GET /games/crash HTTP/1.1" 403 None
DEBUG:urllib3.connectionpool:https://api.bloxflip.com:443 "GET /games/crash HTTP/1.1" 429 5881
DEBUG:urllib3.connectionpool:Resetting dropped connection: api.bloxflip.com
DEBUG:urllib3.connectionpool:https://api.bloxflip.com:443 "GET /games/crash HTTP/1.1" 200 None
DEBUG:urllib3.connectionpool:https://api.bloxflip.com:443 "GET /games/crash HTTP/1.1" 429 5860
DEBUG:urllib3.connectionpool:Resetting dropped connection: api.bloxflip.com
DEBUG:urllib3.connectionpool:https://api.bloxflip.com:443 "GET /games/crash HTTP/1.1" 200 None
DEBUG:urllib3.connectionpool:https://api.bloxflip.com:443 "GET /games/crash HTTP/1.1" 429 5861
DEBUG:urllib3.connectionpool:Resetting dropped connection: api.bloxflip.com
DEBUG:urllib3.connectionpool:https://api.bloxflip.com:443 "GET /games/crash HTTP/1.1" 200 None
DEBUG:urllib3.connectionpool:https://api.bloxflip.com:443 "GET /games/crash HTTP/1.1" 429 5882
DEBUG:urllib3.connectionpool:Resetting dropped connection: api.bloxflip.com
DEBUG:urllib3.connectionpool:https://api.bloxflip.com:443 "GET /games/crash HTTP/1.1" 200 None
DEBUG:urllib3.connectionpool:https://api.bloxflip.com:443 "GET /games/crash HTTP/1.1" 200 None
DEBUG:urllib3.connectionpool:https://api.bloxflip.com:443 "GET /games/crash HTTP/1.1" 429 5882
DEBUG:urllib3.connectionpool:Resetting dropped connection: api.bloxflip.com
DEBUG:urllib3.connectionpool:https://api.bloxflip.com:443 "GET /games/crash HTTP/1.1" 200 None
DEBUG:urllib3.connectionpool:https://api.bloxflip.com:443 "GET /games/crash HTTP/1.1" 200 None
DEBUG:urllib3.connectionpool:https://api.bloxflip.com:443 "GET /games/crash HTTP/1.1" 429 5881
DEBUG:urllib3.connectionpool:Resetting dropped connection: api.bloxflip.com
DEBUG:urllib3.connectionpool:https://api.bloxflip.com:443 "GET /games/crash HTTP/1.1" 200 None
DEBUG:urllib3.connectionpool:https://api.bloxflip.com:443 "GET /games/crash HTTP/1.1" 200 None
DEBUG:urllib3.connectionpool:https://api.bloxflip.com:443 "GET /games/crash HTTP/1.1" 429 5881
DEBUG:urllib3.connectionpool:Resetting dropped connection: api.bloxflip.com
DEBUG:urllib3.connectionpool:https://api.bloxflip.com:443 "GET /games/crash HTTP/1.1" 200 None
DEBUG:urllib3.connectionpool:https://api.bloxflip.com:443 "GET /games/crash HTTP/1.1" 429 5882
DEBUG:urllib3.connectionpool:Resetting dropped connection: api.bloxflip.com
DEBUG:urllib3.connectionpool:https://api.bloxflip.com:443 "GET /games/crash HTTP/1.1" 200 None
DEBUG:urllib3.connectionpool:https://api.bloxflip.com:443 "GET /games/crash HTTP/1.1" 429 5861
DEBUG:urllib3.connectionpool:Resetting dropped connection: api.bloxflip.com
DEBUG:urllib3.connectionpool:https://api.bloxflip.com:443 "GET /games/crash HTTP/1.1" 200 None
DEBUG:urllib3.connectionpool:https://api.bloxflip.com:443 "GET /games/crash HTTP/1.1" 429 5861
DEBUG:urllib3.connectionpool:Resetting dropped connection: api.bloxflip.com
DEBUG:urllib3.connectionpool:https://api.bloxflip.com:443 "GET /games/crash HTTP/1.1" 200 None
DEBUG:urllib3.connectionpool:https://api.bloxflip.com:443 "GET /games/crash HTTP/1.1" 200 None
DEBUG:urllib3.connectionpool:https://api.bloxflip.com:443 "GET /games/crash HTTP/1.1" 429 5861
DEBUG:urllib3.connectionpool:Resetting dropped connection: api.bloxflip.com
DEBUG:urllib3.connectionpool:https://api.bloxflip.com:443 "GET /games/crash HTTP/1.1" 200 None
DEBUG:urllib3.connectionpool:https://api.bloxflip.com:443 "GET /games/crash HTTP/1.1" 429 5861
DEBUG:urllib3.connectionpool:Resetting dropped connection: api.bloxflip.com
DEBUG:urllib3.connectionpool:https://api.bloxflip.com:443 "GET /games/crash HTTP/1.1" 200 None
DEBUG:urllib3.connectionpool:https://api.bloxflip.com:443 "GET /games/crash HTTP/1.1" 429 5881
DEBUG:urllib3.connectionpool:Resetting dropped connection: api.bloxflip.com
DEBUG:urllib3.connectionpool:https://api.bloxflip.com:443 "GET /games/crash HTTP/1.1" 403 None
DEBUG:urllib3.connectionpool:https://api.bloxflip.com:443 "GET /games/crash HTTP/1.1" 429 5882
DEBUG:urllib3.connectionpool:Resetting dropped connection: api.bloxflip.com
DEBUG:urllib3.connectionpool:https://api.bloxflip.com:443 "GET /games/crash HTTP/1.1" 200 None
DEBUG:urllib3.connectionpool:https://api.bloxflip.com:443 "GET /games/crash HTTP/1.1" 200 None
DEBUG:urllib3.connectionpool:https://api.bloxflip.com:443 "GET /games/crash HTTP/1.1" 429 5882
DEBUG:urllib3.connectionpool:Resetting dropped connection: api.bloxflip.com
DEBUG:urllib3.connectionpool:https://api.bloxflip.com:443 "GET /games/crash HTTP/1.1" 200 None
DEBUG:urllib3.connectionpool:https://api.bloxflip.com:443 "GET /games/crash HTTP/1.1" 429 5882
DEBUG:urllib3.connectionpool:Resetting dropped connection: api.bloxflip.com
DEBUG:urllib3.connectionpool:https://api.bloxflip.com:443 "GET /games/crash HTTP/1.1" 200 None
DEBUG:urllib3.connectionpool:https://api.bloxflip.com:443 "GET /games/crash HTTP/1.1" 200 None
DEBUG:urllib3.connectionpool:https://api.bloxflip.com:443 "GET /games/crash HTTP/1.1" 429 5861
DEBUG:urllib3.connectionpool:Resetting dropped connection: api.bloxflip.com
DEBUG:urllib3.connectionpool:https://api.bloxflip.com:443 "GET /games/crash HTTP/1.1" 200 None
DEBUG:urllib3.connectionpool:https://api.bloxflip.com:443 "GET /games/crash HTTP/1.1" 429 5861
DEBUG:urllib3.connectionpool:Resetting dropped connection: api.bloxflip.com
DEBUG:urllib3.connectionpool:https://api.bloxflip.com:443 "GET /games/crash HTTP/1.1" 200 None
DEBUG:urllib3.connectionpool:https://api.bloxflip.com:443 "GET /games/crash HTTP/1.1" 429 5861
DEBUG:urllib3.connectionpool:Resetting dropped connection: api.bloxflip.com
DEBUG:urllib3.connectionpool:https://api.bloxflip.com:443 "GET /games/crash HTTP/1.1" 403 None
DEBUG:urllib3.connectionpool:https://api.bloxflip.com:443 "GET /games/crash HTTP/1.1" 429 5882
DEBUG:urllib3.connectionpool:Resetting dropped connection: api.bloxflip.com
DEBUG:urllib3.connectionpool:https://api.bloxflip.com:443 "GET /games/crash HTTP/1.1" 429 6266
DEBUG:urllib3.connectionpool:Resetting dropped connection: api.bloxflip.com
DEBUG:urllib3.connectionpool:https://api.bloxflip.com:443 "GET /games/crash HTTP/1.1" 200 None
DEBUG:urllib3.connectionpool:https://api.bloxflip.com:443 "GET /games/crash HTTP/1.1" 200 None
DEBUG:urllib3.connectionpool:https://api.bloxflip.com:443 "GET /games/crash HTTP/1.1" 429 5860
DEBUG:urllib3.connectionpool:Resetting dropped connection: api.bloxflip.com
DEBUG:urllib3.connectionpool:https://api.bloxflip.com:443 "GET /games/crash HTTP/1.1" 200 None
DEBUG:urllib3.connectionpool:https://api.bloxflip.com:443 "GET /games/crash HTTP/1.1" 200 None
DEBUG:urllib3.connectionpool:https://api.bloxflip.com:443 "GET /games/crash HTTP/1.1" 429 5861
DEBUG:urllib3.connectionpool:Resetting dropped connection: api.bloxflip.com
DEBUG:urllib3.connectionpool:https://api.bloxflip.com:443 "GET /games/crash HTTP/1.1" 200 None
DEBUG:urllib3.connectionpool:https://api.bloxflip.com:443 "GET /games/crash HTTP/1.1" 200 None
DEBUG:urllib3.connectionpool:https://api.bloxflip.com:443 "GET /games/crash HTTP/1.1" 429 5861
DEBUG:urllib3.connectionpool:Resetting dropped connection: api.bloxflip.com
DEBUG:urllib3.connectionpool:https://api.bloxflip.com:443 "GET /games/crash HTTP/1.1" 200 None
DEBUG:urllib3.connectionpool:https://api.bloxflip.com:443 "GET /games/crash HTTP/1.1" 429 5882
DEBUG:urllib3.connectionpool:Resetting dropped connection: api.bloxflip.com
DEBUG:urllib3.connectionpool:https://api.bloxflip.com:443 "GET /games/crash HTTP/1.1" 200 None
DEBUG:urllib3.connectionpool:https://api.bloxflip.com:443 "GET /games/crash HTTP/1.1" 200 None
DEBUG:urllib3.connectionpool:https://api.bloxflip.com:443 "GET /games/crash HTTP/1.1" 200 None
DEBUG:urllib3.connectionpool:https://api.bloxflip.com:443 "GET /games/crash HTTP/1.1" 429 5861
DEBUG:urllib3.connectionpool:Resetting dropped connection: api.bloxflip.com
DEBUG:urllib3.connectionpool:https://api.bloxflip.com:443 "GET /games/crash HTTP/1.1" 200 None
DEBUG:urllib3.connectionpool:https://api.bloxflip.com:443 "GET /games/crash HTTP/1.1" 429 5882
DEBUG:urllib3.connectionpool:Resetting dropped connection: api.bloxflip.com
DEBUG:urllib3.connectionpool:https://api.bloxflip.com:443 "GET /games/crash HTTP/1.1" 200 None
DEBUG:urllib3.connectionpool:https://api.bloxflip.com:443 "GET /games/crash HTTP/1.1" 200 None
DEBUG:urllib3.connectionpool:https://api.bloxflip.com:443 "GET /games/crash HTTP/1.1" 429 5882
DEBUG:urllib3.connectionpool:Resetting dropped connection: api.bloxflip.com
DEBUG:urllib3.connectionpool:https://api.bloxflip.com:443 "GET /games/crash HTTP/1.1" 200 None
DEBUG:urllib3.connectionpool:https://api.bloxflip.com:443 "GET /games/crash HTTP/1.1" 200 None
DEBUG:urllib3.connectionpool:https://api.bloxflip.com:443 "GET /games/crash HTTP/1.1" 429 5903
DEBUG:urllib3.connectionpool:Resetting dropped connection: api.bloxflip.com
DEBUG:urllib3.connectionpool:https://api.bloxflip.com:443 "GET /games/crash HTTP/1.1" 200 None
DEBUG:urllib3.connectionpool:https://api.bloxflip.com:443 "GET /games/crash HTTP/1.1" 429 5860
DEBUG:urllib3.connectionpool:Resetting dropped connection: api.bloxflip.com
DEBUG:urllib3.connectionpool:https://api.bloxflip.com:443 "GET /games/crash HTTP/1.1" 200 None
DEBUG:urllib3.connectionpool:https://api.bloxflip.com:443 "GET /games/crash HTTP/1.1" 429 5861
DEBUG:urllib3.connectionpool:Resetting dropped connection: api.bloxflip.com
DEBUG:urllib3.connectionpool:https://api.bloxflip.com:443 "GET /games/crash HTTP/1.1" 200 None
DEBUG:urllib3.connectionpool:https://api.bloxflip.com:443 "GET /games/crash HTTP/1.1" 200 None
DEBUG:urllib3.connectionpool:https://api.bloxflip.com:443 "GET /games/crash HTTP/1.1" 200 None
DEBUG:urllib3.connectionpool:https://api.bloxflip.com:443 "GET /games/crash HTTP/1.1" 200 None
DEBUG:urllib3.connectionpool:https://api.bloxflip.com:443 "GET /games/crash HTTP/1.1" 429 5882
DEBUG:urllib3.connectionpool:Resetting dropped connection: api.bloxflip.com
DEBUG:urllib3.connectionpool:https://api.bloxflip.com:443 "GET /games/crash HTTP/1.1" 403 None
DEBUG:urllib3.connectionpool:https://api.bloxflip.com:443 "GET /games/crash HTTP/1.1" 429 5882
DEBUG:urllib3.connectionpool:Resetting dropped connection: api.bloxflip.com
DEBUG:urllib3.connectionpool:https://api.bloxflip.com:443 "GET /games/crash HTTP/1.1" 200 None
DEBUG:urllib3.connectionpool:https://api.bloxflip.com:443 "GET /games/crash HTTP/1.1" 429 5861
DEBUG:urllib3.connectionpool:Resetting dropped connection: api.bloxflip.com
DEBUG:urllib3.connectionpool:https://api.bloxflip.com:443 "GET /games/crash HTTP/1.1" 403 None
DEBUG:urllib3.connectionpool:https://api.bloxflip.com:443 "GET /games/crash HTTP/1.1" 429 5882
DEBUG:urllib3.connectionpool:Resetting dropped connection: api.bloxflip.com
DEBUG:urllib3.connectionpool:https://api.bloxflip.com:443 "GET /games/crash HTTP/1.1" 403 None
DEBUG:urllib3.connectionpool:https://api.bloxflip.com:443 "GET /games/crash HTTP/1.1" 429 5882
DEBUG:urllib3.connectionpool:Resetting dropped connection: api.bloxflip.com
DEBUG:urllib3.connectionpool:https://api.bloxflip.com:443 "GET /games/crash HTTP/1.1" 200 None
DEBUG:urllib3.connectionpool:https://api.bloxflip.com:443 "GET /games/crash HTTP/1.1" 429 5881
DEBUG:urllib3.connectionpool:Resetting dropped connection: api.bloxflip.com
DEBUG:urllib3.connectionpool:https://api.bloxflip.com:443 "GET /games/crash HTTP/1.1" 200 None
DEBUG:urllib3.connectionpool:https://api.bloxflip.com:443 "GET /games/crash HTTP/1.1" 200 None
DEBUG:urllib3.connectionpool:https://api.bloxflip.com:443 "GET /games/crash HTTP/1.1" 429 5861
DEBUG:urllib3.connectionpool:Resetting dropped connection: api.bloxflip.com
DEBUG:urllib3.connectionpool:https://api.bloxflip.com:443 "GET /games/crash HTTP/1.1" 200 None
DEBUG:urllib3.connectionpool:https://api.bloxflip.com:443 "GET /games/crash HTTP/1.1" 200 None
DEBUG:urllib3.connectionpool:https://api.bloxflip.com:443 "GET /games/crash HTTP/1.1" 429 5882
DEBUG:urllib3.connectionpool:Resetting dropped connection: api.bloxflip.com
DEBUG:urllib3.connectionpool:https://api.bloxflip.com:443 "GET /games/crash HTTP/1.1" 403 None
DEBUG:urllib3.connectionpool:https://api.bloxflip.com:443 "GET /games/crash HTTP/1.1" 429 5882
DEBUG:urllib3.connectionpool:Resetting dropped connection: api.bloxflip.com
DEBUG:urllib3.connectionpool:https://api.bloxflip.com:443 "GET /games/crash HTTP/1.1" 200 None
DEBUG:urllib3.connectionpool:https://api.bloxflip.com:443 "GET /games/crash HTTP/1.1" 429 5882
DEBUG:urllib3.connectionpool:Resetting dropped connection: api.bloxflip.com
DEBUG:urllib3.connectionpool:https://api.bloxflip.com:443 "GET /games/crash HTTP/1.1" 200 None
DEBUG:urllib3.connectionpool:https://api.bloxflip.com:443 "GET /games/crash HTTP/1.1" 200 None
DEBUG:urllib3.connectionpool:https://api.bloxflip.com:443 "GET /games/crash HTTP/1.1" 429 5882
DEBUG:urllib3.connectionpool:Resetting dropped connection: api.bloxflip.com
DEBUG:urllib3.connectionpool:https://api.bloxflip.com:443 "GET /games/crash HTTP/1.1" 200 None
DEBUG:urllib3.connectionpool:https://api.bloxflip.com:443 "GET /games/crash HTTP/1.1" 200 None
DEBUG:urllib3.connectionpool:https://api.bloxflip.com:443 "GET /games/crash HTTP/1.1" 429 5882
DEBUG:urllib3.connectionpool:Resetting dropped connection: api.bloxflip.com
DEBUG:urllib3.connectionpool:https://api.bloxflip.com:443 "GET /games/crash HTTP/1.1" 200 None
DEBUG:urllib3.connectionpool:https://api.bloxflip.com:443 "GET /games/crash HTTP/1.1" 429 5861
DEBUG:urllib3.connectionpool:Resetting dropped connection: api.bloxflip.com
DEBUG:urllib3.connectionpool:https://api.bloxflip.com:443 "GET /games/crash HTTP/1.1" 200 None
DEBUG:urllib3.connectionpool:https://api.bloxflip.com:443 "GET /games/crash HTTP/1.1" 429 5882
DEBUG:urllib3.connectionpool:Resetting dropped connection: api.bloxflip.com
DEBUG:urllib3.connectionpool:https://api.bloxflip.com:443 "GET /games/crash HTTP/1.1" 200 None
DEBUG:urllib3.connectionpool:https://api.bloxflip.com:443 "GET /games/crash HTTP/1.1" 200 None
DEBUG:urllib3.connectionpool:https://api.bloxflip.com:443 "GET /games/crash HTTP/1.1" 403 None
DEBUG:urllib3.connectionpool:https://api.bloxflip.com:443 "GET /games/crash HTTP/1.1" 429 5861
DEBUG:urllib3.connectionpool:Resetting dropped connection: api.bloxflip.com
DEBUG:urllib3.connectionpool:https://api.bloxflip.com:443 "GET /games/crash HTTP/1.1" 200 None
DEBUG:urllib3.connectionpool:https://api.bloxflip.com:443 "GET /games/crash HTTP/1.1" 429 5882
DEBUG:urllib3.connectionpool:Resetting dropped connection: api.bloxflip.com
DEBUG:urllib3.connectionpool:https://api.bloxflip.com:443 "GET /games/crash HTTP/1.1" 200 None
DEBUG:urllib3.connectionpool:https://api.bloxflip.com:443 "GET /games/crash HTTP/1.1" 200 None
DEBUG:urllib3.connectionpool:https://api.bloxflip.com:443 "GET /games/crash HTTP/1.1" 429 5882
DEBUG:urllib3.connectionpool:Resetting dropped connection: api.bloxflip.com
DEBUG:urllib3.connectionpool:https://api.bloxflip.com:443 "GET /games/crash HTTP/1.1" 200 None
DEBUG:urllib3.connectionpool:https://api.bloxflip.com:443 "GET /games/crash HTTP/1.1" 429 5882
DEBUG:urllib3.connectionpool:Resetting dropped connection: api.bloxflip.com
DEBUG:urllib3.connectionpool:https://api.bloxflip.com:443 "GET /games/crash HTTP/1.1" 200 None
DEBUG:urllib3.connectionpool:https://api.bloxflip.com:443 "GET /games/crash HTTP/1.1" 200 None
DEBUG:urllib3.connectionpool:https://api.bloxflip.com:443 "GET /games/crash HTTP/1.1" 429 5882
DEBUG:urllib3.connectionpool:Resetting dropped connection: api.bloxflip.com
DEBUG:urllib3.connectionpool:https://api.bloxflip.com:443 "GET /games/crash HTTP/1.1" 200 None
DEBUG:urllib3.connectionpool:https://api.bloxflip.com:443 "GET /games/crash HTTP/1.1" 429 5881
DEBUG:urllib3.connectionpool:Resetting dropped connection: api.bloxflip.com
DEBUG:urllib3.connectionpool:https://api.bloxflip.com:443 "GET /games/crash HTTP/1.1" 200 None
DEBUG:urllib3.connectionpool:https://api.bloxflip.com:443 "GET /games/crash HTTP/1.1" 200 None
DEBUG:urllib3.connectionpool:https://api.bloxflip.com:443 "GET /games/crash HTTP/1.1" 429 5881
DEBUG:urllib3.connectionpool:Resetting dropped connection: api.bloxflip.com
DEBUG:urllib3.connectionpool:https://api.bloxflip.com:443 "GET /games/crash HTTP/1.1" 200 None
DEBUG:urllib3.connectionpool:https://api.bloxflip.com:443 "GET /games/crash HTTP/1.1" 429 5882
DEBUG:urllib3.connectionpool:Resetting dropped connection: api.bloxflip.com
DEBUG:urllib3.connectionpool:https://api.bloxflip.com:443 "GET /games/crash HTTP/1.1" 200 None
DEBUG:urllib3.connectionpool:https://api.bloxflip.com:443 "GET /games/crash HTTP/1.1" 429 5882
DEBUG:urllib3.connectionpool:Resetting dropped connection: api.bloxflip.com
DEBUG:urllib3.connectionpool:https://api.bloxflip.com:443 "GET /games/crash HTTP/1.1" 200 None
DEBUG:urllib3.connectionpool:https://api.bloxflip.com:443 "GET /games/crash HTTP/1.1" 200 None
DEBUG:urllib3.connectionpool:https://api.bloxflip.com:443 "GET /games/crash HTTP/1.1" 429 5861
DEBUG:urllib3.connectionpool:Resetting dropped connection: api.bloxflip.com
DEBUG:urllib3.connectionpool:https://api.bloxflip.com:443 "GET /games/crash HTTP/1.1" 200 None
DEBUG:urllib3.connectionpool:https://api.bloxflip.com:443 "GET /games/crash HTTP/1.1" 200 None
DEBUG:urllib3.connectionpool:https://api.bloxflip.com:443 "GET /games/crash HTTP/1.1" 429 5882
DEBUG:urllib3.connectionpool:Resetting dropped connection: api.bloxflip.com
DEBUG:urllib3.connectionpool:https://api.bloxflip.com:443 "GET /games/crash HTTP/1.1" 200 None
DEBUG:urllib3.connectionpool:https://api.bloxflip.com:443 "GET /games/crash HTTP/1.1" 429 5861
DEBUG:urllib3.connectionpool:Resetting dropped connection: api.bloxflip.com
DEBUG:urllib3.connectionpool:https://api.bloxflip.com:443 "GET /games/crash HTTP/1.1" 200 None
DEBUG:urllib3.connectionpool:https://api.bloxflip.com:443 "GET /games/crash HTTP/1.1" 200 None
DEBUG:urllib3.connectionpool:https://api.bloxflip.com:443 "GET /games/crash HTTP/1.1" 429 5861
DEBUG:urllib3.connectionpool:Resetting dropped connection: api.bloxflip.com
DEBUG:urllib3.connectionpool:https://api.bloxflip.com:443 "GET /games/crash HTTP/1.1" 200 None
DEBUG:urllib3.connectionpool:https://api.bloxflip.com:443 "GET /games/crash HTTP/1.1" 200 None
DEBUG:urllib3.connectionpool:https://api.bloxflip.com:443 "GET /games/crash HTTP/1.1" 429 5861
DEBUG:urllib3.connectionpool:Resetting dropped connection: api.bloxflip.com
DEBUG:urllib3.connectionpool:https://api.bloxflip.com:443 "GET /games/crash HTTP/1.1" 200 None
DEBUG:urllib3.connectionpool:https://api.bloxflip.com:443 "GET /games/crash HTTP/1.1" 429 5881
DEBUG:urllib3.connectionpool:Resetting dropped connection: api.bloxflip.com
DEBUG:urllib3.connectionpool:https://api.bloxflip.com:443 "GET /games/crash HTTP/1.1" 200 None
DEBUG:urllib3.connectionpool:https://api.bloxflip.com:443 "GET /games/crash HTTP/1.1" 429 5861
DEBUG:urllib3.connectionpool:Resetting dropped connection: api.bloxflip.com
DEBUG:urllib3.connectionpool:https://api.bloxflip.com:443 "GET /games/crash HTTP/1.1" 200 None
DEBUG:urllib3.connectionpool:https://api.bloxflip.com:443 "GET /games/crash HTTP/1.1" 200 None
DEBUG:urllib3.connectionpool:https://api.bloxflip.com:443 "GET /games/crash HTTP/1.1" 429 5882
DEBUG:urllib3.connectionpool:Resetting dropped connection: api.bloxflip.com
DEBUG:urllib3.connectionpool:https://api.bloxflip.com:443 "GET /games/crash HTTP/1.1" 200 None
DEBUG:urllib3.connectionpool:https://api.bloxflip.com:443 "GET /games/crash HTTP/1.1" 429 5882
DEBUG:urllib3.connectionpool:Resetting dropped connection: api.bloxflip.com
DEBUG:urllib3.connectionpool:https://api.bloxflip.com:443 "GET /games/crash HTTP/1.1" 429 6266
DEBUG:urllib3.connectionpool:Resetting dropped connection: api.bloxflip.com
DEBUG:urllib3.connectionpool:https://api.bloxflip.com:443 "GET /games/crash HTTP/1.1" 200 None
DEBUG:urllib3.connectionpool:https://api.bloxflip.com:443 "GET /games/crash HTTP/1.1" 200 None
DEBUG:urllib3.connectionpool:https://api.bloxflip.com:443 "GET /games/crash HTTP/1.1" 429 5861
DEBUG:urllib3.connectionpool:Resetting dropped connection: api.bloxflip.com
DEBUG:urllib3.connectionpool:https://api.bloxflip.com:443 "GET /games/crash HTTP/1.1" 200 None
DEBUG:urllib3.connectionpool:https://api.bloxflip.com:443 "GET /games/crash HTTP/1.1" 429 5861
DEBUG:urllib3.connectionpool:Resetting dropped connection: api.bloxflip.com
DEBUG:urllib3.connectionpool:https://api.bloxflip.com:443 "GET /games/crash HTTP/1.1" 200 None
DEBUG:urllib3.connectionpool:https://api.bloxflip.com:443 "GET /games/crash HTTP/1.1" 429 5882
DEBUG:urllib3.connectionpool:Resetting dropped connection: api.bloxflip.com
DEBUG:urllib3.connectionpool:https://api.bloxflip.com:443 "GET /games/crash HTTP/1.1" 200 None
DEBUG:urllib3.connectionpool:https://api.bloxflip.com:443 "GET /games/crash HTTP/1.1" 403 None
DEBUG:urllib3.connectionpool:https://api.bloxflip.com:443 "GET /games/crash HTTP/1.1" 429 5861
DEBUG:urllib3.connectionpool:Resetting dropped connection: api.bloxflip.com
DEBUG:urllib3.connectionpool:https://api.bloxflip.com:443 "GET /games/crash HTTP/1.1" 200 None
DEBUG:urllib3.connectionpool:https://api.bloxflip.com:443 "GET /games/crash HTTP/1.1" 200 None
DEBUG:urllib3.connectionpool:https://api.bloxflip.com:443 "GET /games/crash HTTP/1.1" 429 5882
DEBUG:urllib3.connectionpool:Resetting dropped connection: api.bloxflip.com
DEBUG:urllib3.connectionpool:https://api.bloxflip.com:443 "GET /games/crash HTTP/1.1" 200 None
DEBUG:urllib3.connectionpool:https://api.bloxflip.com:443 "GET /games/crash HTTP/1.1" 429 5882
DEBUG:urllib3.connectionpool:Resetting dropped connection: api.bloxflip.com
DEBUG:urllib3.connectionpool:https://api.bloxflip.com:443 "GET /games/crash HTTP/1.1" 200 None
DEBUG:urllib3.connectionpool:https://api.bloxflip.com:443 "GET /games/crash HTTP/1.1" 200 None
DEBUG:urllib3.connectionpool:https://api.bloxflip.com:443 "GET /games/crash HTTP/1.1" 429 5861
DEBUG:urllib3.connectionpool:Resetting dropped connection: api.bloxflip.com
DEBUG:urllib3.connectionpool:https://api.bloxflip.com:443 "GET /games/crash HTTP/1.1" 200 None
DEBUG:urllib3.connectionpool:https://api.bloxflip.com:443 "GET /games/crash HTTP/1.1" 200 None
DEBUG:urllib3.connectionpool:https://api.bloxflip.com:443 "GET /games/crash HTTP/1.1" 429 5882
DEBUG:urllib3.connectionpool:Resetting dropped connection: api.bloxflip.com
DEBUG:urllib3.connectionpool:https://api.bloxflip.com:443 "GET /games/crash HTTP/1.1" 403 None
DEBUG:urllib3.connectionpool:https://api.bloxflip.com:443 "GET /games/crash HTTP/1.1" 429 5882
DEBUG:urllib3.connectionpool:Resetting dropped connection: api.bloxflip.com
DEBUG:urllib3.connectionpool:https://api.bloxflip.com:443 "GET /games/crash HTTP/1.1" 200 None
DEBUG:urllib3.connectionpool:https://api.bloxflip.com:443 "GET /games/crash HTTP/1.1" 429 5882
DEBUG:urllib3.connectionpool:Resetting dropped connection: api.bloxflip.com
DEBUG:urllib3.connectionpool:https://api.bloxflip.com:443 "GET /games/crash HTTP/1.1" 403 None
DEBUG:urllib3.connectionpool:https://api.bloxflip.com:443 "GET /games/crash HTTP/1.1" 403 None
DEBUG:urllib3.connectionpool:https://api.bloxflip.com:443 "GET /games/crash HTTP/1.1" 429 5882
DEBUG:urllib3.connectionpool:Resetting dropped connection: api.bloxflip.com
DEBUG:urllib3.connectionpool:https://api.bloxflip.com:443 "GET /games/crash HTTP/1.1" 429 6287
DEBUG:urllib3.connectionpool:Resetting dropped connection: api.bloxflip.com
DEBUG:urllib3.connectionpool:https://api.bloxflip.com:443 "GET /games/crash HTTP/1.1" 200 None
DEBUG:urllib3.connectionpool:https://api.bloxflip.com:443 "GET /games/crash HTTP/1.1" 200 None
DEBUG:urllib3.connectionpool:https://api.bloxflip.com:443 "GET /games/crash HTTP/1.1" 403 None
DEBUG:urllib3.connectionpool:https://api.bloxflip.com:443 "GET /games/crash HTTP/1.1" 429 5882
DEBUG:urllib3.connectionpool:Resetting dropped connection: api.bloxflip.com
DEBUG:urllib3.connectionpool:https://api.bloxflip.com:443 "GET /games/crash HTTP/1.1" 429 6287
DEBUG:urllib3.connectionpool:Resetting dropped connection: api.bloxflip.com
DEBUG:urllib3.connectionpool:https://api.bloxflip.com:443 "GET /games/crash HTTP/1.1" 200 None
DEBUG:urllib3.connectionpool:https://api.bloxflip.com:443 "GET /games/crash HTTP/1.1" 200 None
DEBUG:urllib3.connectionpool:https://api.bloxflip.com:443 "GET /games/crash HTTP/1.1" 200 None
DEBUG:urllib3.connectionpool:https://api.bloxflip.com:443 "GET /games/crash HTTP/1.1" 429 5882
DEBUG:urllib3.connectionpool:Resetting dropped connection: api.bloxflip.com
DEBUG:urllib3.connectionpool:https://api.bloxflip.com:443 "GET /games/crash HTTP/1.1" 200 None
DEBUG:urllib3.connectionpool:https://api.bloxflip.com:443 "GET /games/crash HTTP/1.1" 200 None
DEBUG:urllib3.connectionpool:https://api.bloxflip.com:443 "GET /games/crash HTTP/1.1" 429 5882
DEBUG:urllib3.connectionpool:Resetting dropped connection: api.bloxflip.com
DEBUG:urllib3.connectionpool:https://api.bloxflip.com:443 "GET /games/crash HTTP/1.1" 200 None
DEBUG:urllib3.connectionpool:https://api.bloxflip.com:443 "GET /games/crash HTTP/1.1" 200 None
DEBUG:urllib3.connectionpool:https://api.bloxflip.com:443 "GET /games/crash HTTP/1.1" 429 5882
DEBUG:urllib3.connectionpool:Resetting dropped connection: api.bloxflip.com
DEBUG:urllib3.connectionpool:https://api.bloxflip.com:443 "GET /games/crash HTTP/1.1" 200 None
DEBUG:urllib3.connectionpool:https://api.bloxflip.com:443 "GET /games/crash HTTP/1.1" 200 None
DEBUG:urllib3.connectionpool:https://api.bloxflip.com:443 "GET /games/crash HTTP/1.1" 429 5882
DEBUG:urllib3.connectionpool:Resetting dropped connection: api.bloxflip.com
DEBUG:urllib3.connectionpool:https://api.bloxflip.com:443 "GET /games/crash HTTP/1.1" 200 None
DEBUG:urllib3.connectionpool:https://api.bloxflip.com:443 "GET /games/crash HTTP/1.1" 429 5882
DEBUG:urllib3.connectionpool:Resetting dropped connection: api.bloxflip.com
DEBUG:urllib3.connectionpool:https://api.bloxflip.com:443 "GET /games/crash HTTP/1.1" 200 None
DEBUG:urllib3.connectionpool:https://api.bloxflip.com:443 "GET /games/crash HTTP/1.1" 429 5882
DEBUG:urllib3.connectionpool:Resetting dropped connection: api.bloxflip.com
DEBUG:urllib3.connectionpool:https://api.bloxflip.com:443 "GET /games/crash HTTP/1.1" 403 None
DEBUG:urllib3.connectionpool:https://api.bloxflip.com:443 "GET /games/crash HTTP/1.1" 429 5882
DEBUG:urllib3.connectionpool:Resetting dropped connection: api.bloxflip.com
DEBUG:urllib3.connectionpool:https://api.bloxflip.com:443 "GET /games/crash HTTP/1.1" 200 None
DEBUG:urllib3.connectionpool:https://api.bloxflip.com:443 "GET /games/crash HTTP/1.1" 200 None
DEBUG:urllib3.connectionpool:https://api.bloxflip.com:443 "GET /games/crash HTTP/1.1" 429 5882
DEBUG:urllib3.connectionpool:Resetting dropped connection: api.bloxflip.com
DEBUG:urllib3.connectionpool:https://api.bloxflip.com:443 "GET /games/crash HTTP/1.1" 200 None
DEBUG:urllib3.connectionpool:https://api.bloxflip.com:443 "GET /games/crash HTTP/1.1" 200 None
DEBUG:urllib3.connectionpool:https://api.bloxflip.com:443 "GET /games/crash HTTP/1.1" 429 5882
DEBUG:urllib3.connectionpool:Resetting dropped connection: api.bloxflip.com
DEBUG:urllib3.connectionpool:https://api.bloxflip.com:443 "GET /games/crash HTTP/1.1" 200 None
DEBUG:urllib3.connectionpool:https://api.bloxflip.com:443 "GET /games/crash HTTP/1.1" 429 5861
DEBUG:urllib3.connectionpool:Resetting dropped connection: api.bloxflip.com
DEBUG:urllib3.connectionpool:https://api.bloxflip.com:443 "GET /games/crash HTTP/1.1" 200 None
DEBUG:urllib3.connectionpool:https://api.bloxflip.com:443 "GET /games/crash HTTP/1.1" 200 None
DEBUG:urllib3.connectionpool:https://api.bloxflip.com:443 "GET /games/crash HTTP/1.1" 429 5882
DEBUG:urllib3.connectionpool:Resetting dropped connection: api.bloxflip.com
DEBUG:urllib3.connectionpool:https://api.bloxflip.com:443 "GET /games/crash HTTP/1.1" 200 None
DEBUG:urllib3.connectionpool:https://api.bloxflip.com:443 "GET /games/crash HTTP/1.1" 200 None
DEBUG:urllib3.connectionpool:https://api.bloxflip.com:443 "GET /games/crash HTTP/1.1" 429 5882
DEBUG:urllib3.connectionpool:Resetting dropped connection: api.bloxflip.com
DEBUG:urllib3.connectionpool:https://api.bloxflip.com:443 "GET /games/crash HTTP/1.1" 200 None
DEBUG:urllib3.connectionpool:https://api.bloxflip.com:443 "GET /games/crash HTTP/1.1" 200 None
DEBUG:urllib3.connectionpool:https://api.bloxflip.com:443 "GET /games/crash HTTP/1.1" 429 5882
DEBUG:urllib3.connectionpool:Resetting dropped connection: api.bloxflip.com
DEBUG:urllib3.connectionpool:https://api.bloxflip.com:443 "GET /games/crash HTTP/1.1" 403 None
DEBUG:urllib3.connectionpool:https://api.bloxflip.com:443 "GET /games/crash HTTP/1.1" 429 5882
DEBUG:urllib3.connectionpool:Resetting dropped connection: api.bloxflip.com
DEBUG:urllib3.connectionpool:https://api.bloxflip.com:443 "GET /games/crash HTTP/1.1" 200 None
DEBUG:urllib3.connectionpool:https://api.bloxflip.com:443 "GET /games/crash HTTP/1.1" 429 5861
DEBUG:urllib3.connectionpool:Resetting dropped connection: api.bloxflip.com
DEBUG:urllib3.connectionpool:https://api.bloxflip.com:443 "GET /games/crash HTTP/1.1" 200 None
DEBUG:urllib3.connectionpool:https://api.bloxflip.com:443 "GET /games/crash HTTP/1.1" 200 None
DEBUG:urllib3.connectionpool:https://api.bloxflip.com:443 "GET /games/crash HTTP/1.1" 429 5861
DEBUG:urllib3.connectionpool:Resetting dropped connection: api.bloxflip.com
DEBUG:urllib3.connectionpool:https://api.bloxflip.com:443 "GET /games/crash HTTP/1.1" 200 None
DEBUG:urllib3.connectionpool:https://api.bloxflip.com:443 "GET /games/crash HTTP/1.1" 200 None
DEBUG:urllib3.connectionpool:https://api.bloxflip.com:443 "GET /games/crash HTTP/1.1" 429 5882
DEBUG:urllib3.connectionpool:Resetting dropped connection: api.bloxflip.com
DEBUG:urllib3.connectionpool:https://api.bloxflip.com:443 "GET /games/crash HTTP/1.1" 200 None
DEBUG:urllib3.connectionpool:https://api.bloxflip.com:443 "GET /games/crash HTTP/1.1" 429 5861
DEBUG:urllib3.connectionpool:Resetting dropped connection: api.bloxflip.com
DEBUG:urllib3.connectionpool:https://api.bloxflip.com:443 "GET /games/crash HTTP/1.1" 200 None
DEBUG:urllib3.connectionpool:https://api.bloxflip.com:443 "GET /games/crash HTTP/1.1" 200 None
DEBUG:urllib3.connectionpool:https://api.bloxflip.com:443 "GET /games/crash HTTP/1.1" 429 5861
DEBUG:urllib3.connectionpool:Resetting dropped connection: api.bloxflip.com
DEBUG:urllib3.connectionpool:https://api.bloxflip.com:443 "GET /games/crash HTTP/1.1" 200 None
DEBUG:urllib3.connectionpool:https://api.bloxflip.com:443 "GET /games/crash HTTP/1.1" 200 None
DEBUG:urllib3.connectionpool:https://api.bloxflip.com:443 "GET /games/crash HTTP/1.1" 429 5861
DEBUG:urllib3.connectionpool:Resetting dropped connection: api.bloxflip.com
DEBUG:urllib3.connectionpool:https://api.bloxflip.com:443 "GET /games/crash HTTP/1.1" 200 None
DEBUG:urllib3.connectionpool:https://api.bloxflip.com:443 "GET /games/crash HTTP/1.1" 429 5882
DEBUG:urllib3.connectionpool:Resetting dropped connection: api.bloxflip.com
DEBUG:urllib3.connectionpool:https://api.bloxflip.com:443 "GET /games/crash HTTP/1.1" 200 None
DEBUG:urllib3.connectionpool:https://api.bloxflip.com:443 "GET /games/crash HTTP/1.1" 200 None
DEBUG:urllib3.connectionpool:https://api.bloxflip.com:443 "GET /games/crash HTTP/1.1" 429 5882
DEBUG:urllib3.connectionpool:Resetting dropped connection: api.bloxflip.com
DEBUG:urllib3.connectionpool:https://api.bloxflip.com:443 "GET /games/crash HTTP/1.1" 403 None
DEBUG:urllib3.connectionpool:https://api.bloxflip.com:443 "GET /games/crash HTTP/1.1" 429 5882
DEBUG:urllib3.connectionpool:Resetting dropped connection: api.bloxflip.com
DEBUG:urllib3.connectionpool:https://api.bloxflip.com:443 "GET /games/crash HTTP/1.1" 429 6265
DEBUG:urllib3.connectionpool:Resetting dropped connection: api.bloxflip.com
DEBUG:urllib3.connectionpool:https://api.bloxflip.com:443 "GET /games/crash HTTP/1.1" 200 None
DEBUG:urllib3.connectionpool:https://api.bloxflip.com:443 "GET /games/crash HTTP/1.1" 200 None
DEBUG:urllib3.connectionpool:https://api.bloxflip.com:443 "GET /games/crash HTTP/1.1" 429 5882
DEBUG:urllib3.connectionpool:Resetting dropped connection: api.bloxflip.com
DEBUG:urllib3.connectionpool:https://api.bloxflip.com:443 "GET /games/crash HTTP/1.1" 200 None
DEBUG:urllib3.connectionpool:https://api.bloxflip.com:443 "GET /games/crash HTTP/1.1" 200 None
DEBUG:urllib3.connectionpool:https://api.bloxflip.com:443 "GET /games/crash HTTP/1.1" 429 5882
DEBUG:urllib3.connectionpool:Resetting dropped connection: api.bloxflip.com
DEBUG:urllib3.connectionpool:https://api.bloxflip.com:443 "GET /games/crash HTTP/1.1" 200 None
DEBUG:urllib3.connectionpool:https://api.bloxflip.com:443 "GET /games/crash HTTP/1.1" 429 5882
DEBUG:urllib3.connectionpool:Resetting dropped connection: api.bloxflip.com
DEBUG:urllib3.connectionpool:https://api.bloxflip.com:443 "GET /games/crash HTTP/1.1" 200 None
DEBUG:urllib3.connectionpool:https://api.bloxflip.com:443 "GET /games/crash HTTP/1.1" 429 5861
DEBUG:urllib3.connectionpool:Resetting dropped connection: api.bloxflip.com
DEBUG:urllib3.connectionpool:https://api.bloxflip.com:443 "GET /games/crash HTTP/1.1" 200 None
DEBUG:urllib3.connectionpool:https://api.bloxflip.com:443 "GET /games/crash HTTP/1.1" 200 None
DEBUG:urllib3.connectionpool:https://api.bloxflip.com:443 "GET /games/crash HTTP/1.1" 429 5861
DEBUG:urllib3.connectionpool:Resetting dropped connection: api.bloxflip.com
DEBUG:urllib3.connectionpool:https://api.bloxflip.com:443 "GET /games/crash HTTP/1.1" 403 None
DEBUG:urllib3.connectionpool:https://api.bloxflip.com:443 "GET /games/crash HTTP/1.1" 429 5882
DEBUG:urllib3.connectionpool:Resetting dropped connection: api.bloxflip.com
DEBUG:urllib3.connectionpool:https://api.bloxflip.com:443 "GET /games/crash HTTP/1.1" 200 None
DEBUG:urllib3.connectionpool:https://api.bloxflip.com:443 "GET /games/crash HTTP/1.1" 200 None
DEBUG:urllib3.connectionpool:https://api.bloxflip.com:443 "GET /games/crash HTTP/1.1" 429 5882
DEBUG:urllib3.connectionpool:Resetting dropped connection: api.bloxflip.com
DEBUG:urllib3.connectionpool:https://api.bloxflip.com:443 "GET /games/crash HTTP/1.1" 200 None
DEBUG:urllib3.connectionpool:https://api.bloxflip.com:443 "GET /games/crash HTTP/1.1" 429 5882
DEBUG:urllib3.connectionpool:Resetting dropped connection: api.bloxflip.com
DEBUG:urllib3.connectionpool:https://api.bloxflip.com:443 "GET /games/crash HTTP/1.1" 200 None
DEBUG:urllib3.connectionpool:https://api.bloxflip.com:443 "GET /games/crash HTTP/1.1" 200 None
DEBUG:urllib3.connectionpool:https://api.bloxflip.com:443 "GET /games/crash HTTP/1.1" 429 5882
DEBUG:urllib3.connectionpool:Resetting dropped connection: api.bloxflip.com
DEBUG:urllib3.connectionpool:https://api.bloxflip.com:443 "GET /games/crash HTTP/1.1" 200 None
DEBUG:urllib3.connectionpool:https://api.bloxflip.com:443 "GET /games/crash HTTP/1.1" 200 None
DEBUG:urllib3.connectionpool:https://api.bloxflip.com:443 "GET /games/crash HTTP/1.1" 429 5881
DEBUG:urllib3.connectionpool:Resetting dropped connection: api.bloxflip.com
DEBUG:urllib3.connectionpool:https://api.bloxflip.com:443 "GET /games/crash HTTP/1.1" 200 None
DEBUG:urllib3.connectionpool:https://api.bloxflip.com:443 "GET /games/crash HTTP/1.1" 429 5882
DEBUG:urllib3.connectionpool:Resetting dropped connection: api.bloxflip.com
DEBUG:urllib3.connectionpool:https://api.bloxflip.com:443 "GET /games/crash HTTP/1.1" 200 None
DEBUG:urllib3.connectionpool:https://api.bloxflip.com:443 "GET /games/crash HTTP/1.1" 200 None
DEBUG:urllib3.connectionpool:https://api.bloxflip.com:443 "GET /games/crash HTTP/1.1" 429 5882
DEBUG:urllib3.connectionpool:Resetting dropped connection: api.bloxflip.com
DEBUG:urllib3.connectionpool:https://api.bloxflip.com:443 "GET /games/crash HTTP/1.1" 200 None
DEBUG:urllib3.connectionpool:https://api.bloxflip.com:443 "GET /games/crash HTTP/1.1" 429 5861
DEBUG:urllib3.connectionpool:Resetting dropped connection: api.bloxflip.com
DEBUG:urllib3.connectionpool:https://api.bloxflip.com:443 "GET /games/crash HTTP/1.1" 200 None
DEBUG:urllib3.connectionpool:https://api.bloxflip.com:443 "GET /games/crash HTTP/1.1" 200 None
DEBUG:urllib3.connectionpool:https://api.bloxflip.com:443 "GET /games/crash HTTP/1.1" 429 5861
DEBUG:urllib3.connectionpool:Resetting dropped connection: api.bloxflip.com
DEBUG:urllib3.connectionpool:https://api.bloxflip.com:443 "GET /games/crash HTTP/1.1" 200 None
DEBUG:urllib3.connectionpool:https://api.bloxflip.com:443 "GET /games/crash HTTP/1.1" 200 None
DEBUG:urllib3.connectionpool:https://api.bloxflip.com:443 "GET /games/crash HTTP/1.1" 429 5882
DEBUG:urllib3.connectionpool:Resetting dropped connection: api.bloxflip.com
DEBUG:urllib3.connectionpool:https://api.bloxflip.com:443 "GET /games/crash HTTP/1.1" 403 None
DEBUG:urllib3.connectionpool:https://api.bloxflip.com:443 "GET /games/crash HTTP/1.1" 429 5882
DEBUG:urllib3.connectionpool:Resetting dropped connection: api.bloxflip.com
DEBUG:urllib3.connectionpool:https://api.bloxflip.com:443 "GET /games/crash HTTP/1.1" 200 None
DEBUG:urllib3.connectionpool:https://api.bloxflip.com:443 "GET /games/crash HTTP/1.1" 200 None
DEBUG:urllib3.connectionpool:https://api.bloxflip.com:443 "GET /games/crash HTTP/1.1" 429 5860
DEBUG:urllib3.connectionpool:Resetting dropped connection: api.bloxflip.com
DEBUG:urllib3.connectionpool:https://api.bloxflip.com:443 "GET /games/crash HTTP/1.1" 200 None
DEBUG:urllib3.connectionpool:https://api.bloxflip.com:443 "GET /games/crash HTTP/1.1" 200 None
DEBUG:urllib3.connectionpool:https://api.bloxflip.com:443 "GET /games/crash HTTP/1.1" 429 5882
DEBUG:urllib3.connectionpool:Resetting dropped connection: api.bloxflip.com
DEBUG:urllib3.connectionpool:https://api.bloxflip.com:443 "GET /games/crash HTTP/1.1" 200 None
DEBUG:urllib3.connectionpool:https://api.bloxflip.com:443 "GET /games/crash HTTP/1.1" 429 5861
DEBUG:urllib3.connectionpool:Resetting dropped connection: api.bloxflip.com
DEBUG:urllib3.connectionpool:https://api.bloxflip.com:443 "GET /games/crash HTTP/1.1" 200 None
DEBUG:urllib3.connectionpool:https://api.bloxflip.com:443 "GET /games/crash HTTP/1.1" 200 None
DEBUG:urllib3.connectionpool:https://api.bloxflip.com:443 "GET /games/crash HTTP/1.1" 429 5882
DEBUG:urllib3.connectionpool:Resetting dropped connection: api.bloxflip.com
DEBUG:urllib3.connectionpool:https://api.bloxflip.com:443 "GET /games/crash HTTP/1.1" 200 None
DEBUG:urllib3.connectionpool:https://api.bloxflip.com:443 "GET /games/crash HTTP/1.1" 429 5882
DEBUG:urllib3.connectionpool:Resetting dropped connection: api.bloxflip.com
DEBUG:urllib3.connectionpool:https://api.bloxflip.com:443 "GET /games/crash HTTP/1.1" 200 None
DEBUG:urllib3.connectionpool:https://api.bloxflip.com:443 "GET /games/crash HTTP/1.1" 429 5903
DEBUG:urllib3.connectionpool:Resetting dropped connection: api.bloxflip.com
DEBUG:urllib3.connectionpool:https://api.bloxflip.com:443 "GET /games/crash HTTP/1.1" 200 None
DEBUG:urllib3.connectionpool:https://api.bloxflip.com:443 "GET /games/crash HTTP/1.1" 200 None
DEBUG:urllib3.connectionpool:https://api.bloxflip.com:443 "GET /games/crash HTTP/1.1" 429 5860
DEBUG:urllib3.connectionpool:Resetting dropped connection: api.bloxflip.com
DEBUG:urllib3.connectionpool:https://api.bloxflip.com:443 "GET /games/crash HTTP/1.1" 200 None
DEBUG:urllib3.connectionpool:https://api.bloxflip.com:443 "GET /games/crash HTTP/1.1" 429 5861
DEBUG:urllib3.connectionpool:Resetting dropped connection: api.bloxflip.com
DEBUG:urllib3.connectionpool:https://api.bloxflip.com:443 "GET /games/crash HTTP/1.1" 200 None
DEBUG:urllib3.connectionpool:https://api.bloxflip.com:443 "GET /games/crash HTTP/1.1" 200 None
DEBUG:urllib3.connectionpool:https://api.bloxflip.com:443 "GET /games/crash HTTP/1.1" 429 5882
DEBUG:urllib3.connectionpool:Resetting dropped connection: api.bloxflip.com
DEBUG:urllib3.connectionpool:https://api.bloxflip.com:443 "GET /games/crash HTTP/1.1" 200 None
DEBUG:urllib3.connectionpool:https://api.bloxflip.com:443 "GET /games/crash HTTP/1.1" 200 None
DEBUG:urllib3.connectionpool:https://api.bloxflip.com:443 "GET /games/crash HTTP/1.1" 429 5882
DEBUG:urllib3.connectionpool:Resetting dropped connection: api.bloxflip.com
DEBUG:urllib3.connectionpool:https://api.bloxflip.com:443 "GET /games/crash HTTP/1.1" 200 None
DEBUG:urllib3.connectionpool:https://api.bloxflip.com:443 "GET /games/crash HTTP/1.1" 429 5882
DEBUG:urllib3.connectionpool:Resetting dropped connection: api.bloxflip.com
DEBUG:urllib3.connectionpool:https://api.bloxflip.com:443 "GET /games/crash HTTP/1.1" 200 None
DEBUG:urllib3.connectionpool:https://api.bloxflip.com:443 "GET /games/crash HTTP/1.1" 200 None
DEBUG:urllib3.connectionpool:https://api.bloxflip.com:443 "GET /games/crash HTTP/1.1" 429 5882
DEBUG:urllib3.connectionpool:Resetting dropped connection: api.bloxflip.com
DEBUG:urllib3.connectionpool:https://api.bloxflip.com:443 "GET /games/crash HTTP/1.1" 403 None
DEBUG:urllib3.connectionpool:https://api.bloxflip.com:443 "GET /games/crash HTTP/1.1" 429 5861
DEBUG:urllib3.connectionpool:Resetting dropped connection: api.bloxflip.com
DEBUG:urllib3.connectionpool:https://api.bloxflip.com:443 "GET /games/crash HTTP/1.1" 403 None
DEBUG:urllib3.connectionpool:https://api.bloxflip.com:443 "GET /games/crash HTTP/1.1" 429 5882
DEBUG:urllib3.connectionpool:Resetting dropped connection: api.bloxflip.com
DEBUG:urllib3.connectionpool:https://api.bloxflip.com:443 "GET /games/crash HTTP/1.1" 200 None
DEBUG:urllib3.connectionpool:https://api.bloxflip.com:443 "GET /games/crash HTTP/1.1" 429 5903
DEBUG:urllib3.connectionpool:Resetting dropped connection: api.bloxflip.com
DEBUG:urllib3.connectionpool:https://api.bloxflip.com:443 "GET /games/crash HTTP/1.1" 200 None
DEBUG:urllib3.connectionpool:https://api.bloxflip.com:443 "GET /games/crash HTTP/1.1" 200 None
DEBUG:urllib3.connectionpool:https://api.bloxflip.com:443 "GET /games/crash HTTP/1.1" 429 5882
DEBUG:urllib3.connectionpool:Resetting dropped connection: api.bloxflip.com
DEBUG:urllib3.connectionpool:https://api.bloxflip.com:443 "GET /games/crash HTTP/1.1" 200 None
DEBUG:urllib3.connectionpool:https://api.bloxflip.com:443 "GET /games/crash HTTP/1.1" 429 5882
DEBUG:urllib3.connectionpool:Resetting dropped connection: api.bloxflip.com
DEBUG:urllib3.connectionpool:https://api.bloxflip.com:443 "GET /games/crash HTTP/1.1" 200 None
DEBUG:urllib3.connectionpool:https://api.bloxflip.com:443 "GET /games/crash HTTP/1.1" 200 None
DEBUG:urllib3.connectionpool:https://api.bloxflip.com:443 "GET /games/crash HTTP/1.1" 429 5861
DEBUG:urllib3.connectionpool:Resetting dropped connection: api.bloxflip.com
DEBUG:urllib3.connectionpool:https://api.bloxflip.com:443 "GET /games/crash HTTP/1.1" 200 None
DEBUG:urllib3.connectionpool:https://api.bloxflip.com:443 "GET /games/crash HTTP/1.1" 200 None
DEBUG:urllib3.connectionpool:https://api.bloxflip.com:443 "GET /games/crash HTTP/1.1" 429 5882
DEBUG:urllib3.connectionpool:Resetting dropped connection: api.bloxflip.com
DEBUG:urllib3.connectionpool:https://api.bloxflip.com:443 "GET /games/crash HTTP/1.1" 200 None
DEBUG:urllib3.connectionpool:https://api.bloxflip.com:443 "GET /games/crash HTTP/1.1" 429 5861
DEBUG:urllib3.connectionpool:Resetting dropped connection: api.bloxflip.com
DEBUG:urllib3.connectionpool:https://api.bloxflip.com:443 "GET /games/crash HTTP/1.1" 200 None
DEBUG:urllib3.connectionpool:https://api.bloxflip.com:443 "GET /games/crash HTTP/1.1" 429 5881
DEBUG:urllib3.connectionpool:Resetting dropped connection: api.bloxflip.com
DEBUG:urllib3.connectionpool:https://api.bloxflip.com:443 "GET /games/crash HTTP/1.1" 200 None
DEBUG:urllib3.connectionpool:https://api.bloxflip.com:443 "GET /games/crash HTTP/1.1" 429 5882
DEBUG:urllib3.connectionpool:Resetting dropped connection: api.bloxflip.com
DEBUG:urllib3.connectionpool:https://api.bloxflip.com:443 "GET /games/crash HTTP/1.1" 200 None
DEBUG:urllib3.connectionpool:https://api.bloxflip.com:443 "GET /games/crash HTTP/1.1" 200 None
DEBUG:urllib3.connectionpool:https://api.bloxflip.com:443 "GET /games/crash HTTP/1.1" 429 5882
DEBUG:urllib3.connectionpool:Resetting dropped connection: api.bloxflip.com
DEBUG:urllib3.connectionpool:https://api.bloxflip.com:443 "GET /games/crash HTTP/1.1" 200 None
DEBUG:urllib3.connectionpool:https://api.bloxflip.com:443 "GET /games/crash HTTP/1.1" 200 None
DEBUG:urllib3.connectionpool:https://api.bloxflip.com:443 "GET /games/crash HTTP/1.1" 429 5860
DEBUG:urllib3.connectionpool:Resetting dropped connection: api.bloxflip.com
DEBUG:urllib3.connectionpool:https://api.bloxflip.com:443 "GET /games/crash HTTP/1.1" 429 6266
DEBUG:urllib3.connectionpool:Resetting dropped connection: api.bloxflip.com
DEBUG:urllib3.connectionpool:https://api.bloxflip.com:443 "GET /games/crash HTTP/1.1" 200 None
DEBUG:urllib3.connectionpool:https://api.bloxflip.com:443 "GET /games/crash HTTP/1.1" 200 None
DEBUG:urllib3.connectionpool:https://api.bloxflip.com:443 "GET /games/crash HTTP/1.1" 429 5880
DEBUG:urllib3.connectionpool:Resetting dropped connection: api.bloxflip.com
DEBUG:urllib3.connectionpool:https://api.bloxflip.com:443 "GET /games/crash HTTP/1.1" 200 None
DEBUG:urllib3.connectionpool:https://api.bloxflip.com:443 "GET /games/crash HTTP/1.1" 429 5882
DEBUG:urllib3.connectionpool:Resetting dropped connection: api.bloxflip.com
DEBUG:urllib3.connectionpool:https://api.bloxflip.com:443 "GET /games/crash HTTP/1.1" 200 None
DEBUG:urllib3.connectionpool:https://api.bloxflip.com:443 "GET /games/crash HTTP/1.1" 200 None
DEBUG:urllib3.connectionpool:https://api.bloxflip.com:443 "GET /games/crash HTTP/1.1" 200 None
DEBUG:urllib3.connectionpool:https://api.bloxflip.com:443 "GET /games/crash HTTP/1.1" 200 None
DEBUG:urllib3.connectionpool:https://api.bloxflip.com:443 "GET /games/crash HTTP/1.1" 200 None
DEBUG:urllib3.connectionpool:https://api.bloxflip.com:443 "GET /games/crash HTTP/1.1" 429 5882
DEBUG:urllib3.connectionpool:Resetting dropped connection: api.bloxflip.com
DEBUG:urllib3.connectionpool:https://api.bloxflip.com:443 "GET /games/crash HTTP/1.1" 200 None
DEBUG:urllib3.connectionpool:https://api.bloxflip.com:443 "GET /games/crash HTTP/1.1" 200 None
DEBUG:urllib3.connectionpool:https://api.bloxflip.com:443 "GET /games/crash HTTP/1.1" 200 None
DEBUG:urllib3.connectionpool:https://api.bloxflip.com:443 "GET /games/crash HTTP/1.1" 429 5861
DEBUG:urllib3.connectionpool:Resetting dropped connection: api.bloxflip.com
DEBUG:urllib3.connectionpool:https://api.bloxflip.com:443 "GET /games/crash HTTP/1.1" 200 None
DEBUG:urllib3.connectionpool:https://api.bloxflip.com:443 "GET /games/crash HTTP/1.1" 429 5861
DEBUG:urllib3.connectionpool:Resetting dropped connection: api.bloxflip.com
DEBUG:urllib3.connectionpool:https://api.bloxflip.com:443 "GET /games/crash HTTP/1.1" 200 None
DEBUG:urllib3.connectionpool:https://api.bloxflip.com:443 "GET /games/crash HTTP/1.1" 200 None
DEBUG:urllib3.connectionpool:https://api.bloxflip.com:443 "GET /games/crash HTTP/1.1" 429 5882
DEBUG:urllib3.connectionpool:Resetting dropped connection: api.bloxflip.com
DEBUG:urllib3.connectionpool:https://api.bloxflip.com:443 "GET /games/crash HTTP/1.1" 200 None
DEBUG:urllib3.connectionpool:https://api.bloxflip.com:443 "GET /games/crash HTTP/1.1" 200 None
DEBUG:urllib3.connectionpool:https://api.bloxflip.com:443 "GET /games/crash HTTP/1.1" 429 5861
DEBUG:urllib3.connectionpool:Resetting dropped connection: api.bloxflip.com
DEBUG:urllib3.connectionpool:https://api.bloxflip.com:443 "GET /games/crash HTTP/1.1" 200 None
DEBUG:urllib3.connectionpool:https://api.bloxflip.com:443 "GET /games/crash HTTP/1.1" 200 None
DEBUG:urllib3.connectionpool:https://api.bloxflip.com:443 "GET /games/crash HTTP/1.1" 429 5861
DEBUG:urllib3.connectionpool:Resetting dropped connection: api.bloxflip.com
DEBUG:urllib3.connectionpool:https://api.bloxflip.com:443 "GET /games/crash HTTP/1.1" 403 None
DEBUG:urllib3.connectionpool:https://api.bloxflip.com:443 "GET /games/crash HTTP/1.1" 429 5882
DEBUG:urllib3.connectionpool:Resetting dropped connection: api.bloxflip.com
DEBUG:urllib3.connectionpool:https://api.bloxflip.com:443 "GET /games/crash HTTP/1.1" 429 6287
DEBUG:urllib3.connectionpool:Resetting dropped connection: api.bloxflip.com
DEBUG:urllib3.connectionpool:https://api.bloxflip.com:443 "GET /games/crash HTTP/1.1" 200 None
DEBUG:urllib3.connectionpool:https://api.bloxflip.com:443 "GET /games/crash HTTP/1.1" 200 None
DEBUG:urllib3.connectionpool:https://api.bloxflip.com:443 "GET /games/crash HTTP/1.1" 429 5882
DEBUG:urllib3.connectionpool:Resetting dropped connection: api.bloxflip.com
DEBUG:urllib3.connectionpool:https://api.bloxflip.com:443 "GET /games/crash HTTP/1.1" 200 None
DEBUG:urllib3.connectionpool:https://api.bloxflip.com:443 "GET /games/crash HTTP/1.1" 200 None
DEBUG:urllib3.connectionpool:https://api.bloxflip.com:443 "GET /games/crash HTTP/1.1" 200 None
DEBUG:urllib3.connectionpool:https://api.bloxflip.com:443 "GET /games/crash HTTP/1.1" 429 5861
DEBUG:urllib3.connectionpool:Resetting dropped connection: api.bloxflip.com
DEBUG:urllib3.connectionpool:https://api.bloxflip.com:443 "GET /games/crash HTTP/1.1" 429 6287
DEBUG:urllib3.connectionpool:Resetting dropped connection: api.bloxflip.com
DEBUG:urllib3.connectionpool:https://api.bloxflip.com:443 "GET /games/crash HTTP/1.1" 403 None
DEBUG:urllib3.connectionpool:https://api.bloxflip.com:443 "GET /games/crash HTTP/1.1" 429 5882
DEBUG:urllib3.connectionpool:Resetting dropped connection: api.bloxflip.com
DEBUG:urllib3.connectionpool:https://api.bloxflip.com:443 "GET /games/crash HTTP/1.1" 200 None
DEBUG:urllib3.connectionpool:https://api.bloxflip.com:443 "GET /user HTTP/1.1" 200 None
DEBUG:urllib3.connectionpool:Starting new HTTPS connection (1): discord.com:443
DEBUG:urllib3.connectionpool:https://discord.com:443 "POST /api/webhooks/ HTTP/1.1" 404 40
DEBUG:playsound:Starting
DEBUG:urllib3.connectionpool:Starting new HTTPS connection (1): bfpredictor.repl.co:443
DEBUG:urllib3.connectionpool:https://bfpredictor.repl.co:443 "GET /multiplier HTTP/1.1" 200 17
DEBUG:urllib3.connectionpool:Starting new HTTPS connection (1): discord.com:443
DEBUG:urllib3.connectionpool:https://discord.com:443 "POST /api/webhooks/ HTTP/1.1" 404 40
DEBUG:urllib3.connectionpool:Starting new HTTPS connection (1): discord.com:443
DEBUG:urllib3.connectionpool:https://discord.com:443 "POST /api/webhooks/ HTTP/1.1" 404 40
DEBUG:playsound:Returning
DEBUG:urllib3.connectionpool:https://api.bloxflip.com:443 "GET /games/crash HTTP/1.1" 200 None
DEBUG:urllib3.connectionpool:https://api.bloxflip.com:443 "GET /games/crash HTTP/1.1" 200 None
DEBUG:urllib3.connectionpool:https://api.bloxflip.com:443 "GET /games/crash HTTP/1.1" 200 None
DEBUG:urllib3.connectionpool:https://api.bloxflip.com:443 "GET /games/crash HTTP/1.1" 200 None
DEBUG:urllib3.connectionpool:https://api.bloxflip.com:443 "GET /games/crash HTTP/1.1" 200 None
DEBUG:urllib3.connectionpool:https://api.bloxflip.com:443 "GET /games/crash HTTP/1.1" 200 None
DEBUG:urllib3.connectionpool:https://api.bloxflip.com:443 "GET /games/crash HTTP/1.1" 200 None
DEBUG:urllib3.connectionpool:https://api.bloxflip.com:443 "GET /games/crash HTTP/1.1" 200 None
DEBUG:urllib3.connectionpool:https://api.bloxflip.com:443 "GET /games/crash HTTP/1.1" 200 None
DEBUG:urllib3.connectionpool:https://api.bloxflip.com:443 "GET /games/crash HTTP/1.1" 200 None
DEBUG:urllib3.connectionpool:https://api.bloxflip.com:443 "GET /games/crash HTTP/1.1" 200 None
DEBUG:urllib3.connectionpool:https://api.bloxflip.com:443 "GET /games/crash HTTP/1.1" 200 None
DEBUG:urllib3.connectionpool:https://api.bloxflip.com:443 "GET /games/crash HTTP/1.1" 200 None
DEBUG:urllib3.connectionpool:https://api.bloxflip.com:443 "GET /games/crash HTTP/1.1" 200 None
DEBUG:urllib3.connectionpool:https://api.bloxflip.com:443 "GET /games/crash HTTP/1.1" 200 None
DEBUG:urllib3.connectionpool:https://api.bloxflip.com:443 "GET /games/crash HTTP/1.1" 200 None
DEBUG:urllib3.connectionpool:https://api.bloxflip.com:443 "GET /games/crash HTTP/1.1" 200 None
DEBUG:urllib3.connectionpool:https://api.bloxflip.com:443 "GET /games/crash HTTP/1.1" 200 None
DEBUG:urllib3.connectionpool:https://api.bloxflip.com:443 "GET /games/crash HTTP/1.1" 200 None
DEBUG:urllib3.connectionpool:https://api.bloxflip.com:443 "GET /games/crash HTTP/1.1" 200 None
DEBUG:urllib3.connectionpool:https://api.bloxflip.com:443 "GET /games/crash HTTP/1.1" 200 None
DEBUG:urllib3.connectionpool:https://api.bloxflip.com:443 "GET /games/crash HTTP/1.1" 200 None
DEBUG:urllib3.connectionpool:https://api.bloxflip.com:443 "GET /games/crash HTTP/1.1" 200 None
DEBUG:urllib3.connectionpool:https://api.bloxflip.com:443 "GET /games/crash HTTP/1.1" 200 None
DEBUG:urllib3.connectionpool:https://api.bloxflip.com:443 "GET /games/crash HTTP/1.1" 200 None
DEBUG:urllib3.connectionpool:https://api.bloxflip.com:443 "GET /games/crash HTTP/1.1" 200 None
DEBUG:urllib3.connectionpool:https://api.bloxflip.com:443 "GET /games/crash HTTP/1.1" 200 None
DEBUG:urllib3.connectionpool:https://api.bloxflip.com:443 "GET /games/crash HTTP/1.1" 200 None
DEBUG:urllib3.connectionpool:https://api.bloxflip.com:443 "GET /games/crash HTTP/1.1" 200 None
DEBUG:urllib3.connectionpool:https://api.bloxflip.com:443 "GET /games/crash HTTP/1.1" 200 None
DEBUG:urllib3.connectionpool:https://api.bloxflip.com:443 "GET /games/crash HTTP/1.1" 200 None
DEBUG:urllib3.connectionpool:https://api.bloxflip.com:443 "GET /games/crash HTTP/1.1" 200 None
DEBUG:urllib3.connectionpool:https://api.bloxflip.com:443 "GET /games/crash HTTP/1.1" 200 None
DEBUG:urllib3.connectionpool:https://api.bloxflip.com:443 "GET /games/crash HTTP/1.1" 200 None
DEBUG:urllib3.connectionpool:https://api.bloxflip.com:443 "GET /games/crash HTTP/1.1" 200 None
DEBUG:urllib3.connectionpool:https://api.bloxflip.com:443 "GET /games/crash HTTP/1.1" 200 None
DEBUG:urllib3.connectionpool:https://api.bloxflip.com:443 "GET /games/crash HTTP/1.1" 200 None
DEBUG:urllib3.connectionpool:https://api.bloxflip.com:443 "GET /games/crash HTTP/1.1" 200 None
DEBUG:urllib3.connectionpool:https://api.bloxflip.com:443 "GET /games/crash HTTP/1.1" 200 None
DEBUG:urllib3.connectionpool:https://api.bloxflip.com:443 "GET /games/crash HTTP/1.1" 200 None
DEBUG:urllib3.connectionpool:https://api.bloxflip.com:443 "GET /games/crash HTTP/1.1" 200 None
DEBUG:urllib3.connectionpool:https://api.bloxflip.com:443 "GET /games/crash HTTP/1.1" 200 None
DEBUG:urllib3.connectionpool:https://api.bloxflip.com:443 "GET /games/crash HTTP/1.1" 200 None
DEBUG:urllib3.connectionpool:https://api.bloxflip.com:443 "GET /games/crash HTTP/1.1" 200 None
DEBUG:urllib3.connectionpool:https://api.bloxflip.com:443 "GET /games/crash HTTP/1.1" 200 None
DEBUG:urllib3.connectionpool:https://api.bloxflip.com:443 "GET /games/crash HTTP/1.1" 200 None
DEBUG:urllib3.connectionpool:https://api.bloxflip.com:443 "GET /games/crash HTTP/1.1" 200 None
DEBUG:urllib3.connectionpool:https://api.bloxflip.com:443 "GET /games/crash HTTP/1.1" 200 None
DEBUG:urllib3.connectionpool:https://api.bloxflip.com:443 "GET /games/crash HTTP/1.1" 200 None
DEBUG:urllib3.connectionpool:https://api.bloxflip.com:443 "GET /games/crash HTTP/1.1" 200 None
DEBUG:urllib3.connectionpool:https://api.bloxflip.com:443 "GET /games/crash HTTP/1.1" 200 None
DEBUG:urllib3.connectionpool:https://api.bloxflip.com:443 "GET /games/crash HTTP/1.1" 200 None
DEBUG:urllib3.connectionpool:https://api.bloxflip.com:443 "GET /games/crash HTTP/1.1" 200 None
DEBUG:urllib3.connectionpool:https://api.bloxflip.com:443 "GET /games/crash HTTP/1.1" 200 None
DEBUG:urllib3.connectionpool:https://api.bloxflip.com:443 "GET /games/crash HTTP/1.1" 200 None
DEBUG:urllib3.connectionpool:https://api.bloxflip.com:443 "GET /games/crash HTTP/1.1" 200 None
DEBUG:urllib3.connectionpool:https://api.bloxflip.com:443 "GET /games/crash HTTP/1.1" 200 None
DEBUG:urllib3.connectionpool:https://api.bloxflip.com:443 "GET /games/crash HTTP/1.1" 200 None
DEBUG:urllib3.connectionpool:https://api.bloxflip.com:443 "GET /games/crash HTTP/1.1" 200 None
DEBUG:urllib3.connectionpool:https://api.bloxflip.com:443 "GET /games/crash HTTP/1.1" 200 None
DEBUG:urllib3.connectionpool:https://api.bloxflip.com:443 "GET /games/crash HTTP/1.1" 403 None
DEBUG:urllib3.connectionpool:https://api.bloxflip.com:443 "GET /games/crash HTTP/1.1" 403 None
DEBUG:urllib3.connectionpool:https://api.bloxflip.com:443 "GET /games/crash HTTP/1.1" 403 None
DEBUG:urllib3.connectionpool:https://api.bloxflip.com:443 "GET /games/crash HTTP/1.1" 429 5881
DEBUG:urllib3.connectionpool:Resetting dropped connection: api.bloxflip.com
DEBUG:urllib3.connectionpool:https://api.bloxflip.com:443 "GET /games/crash HTTP/1.1" 200 None
DEBUG:urllib3.connectionpool:https://api.bloxflip.com:443 "GET /games/crash HTTP/1.1" 200 None
DEBUG:urllib3.connectionpool:https://api.bloxflip.com:443 "GET /games/crash HTTP/1.1" 200 None
DEBUG:urllib3.connectionpool:https://api.bloxflip.com:443 "GET /games/crash HTTP/1.1" 429 5882
DEBUG:urllib3.connectionpool:Resetting dropped connection: api.bloxflip.com
DEBUG:urllib3.connectionpool:https://api.bloxflip.com:443 "GET /games/crash HTTP/1.1" 200 None
DEBUG:urllib3.connectionpool:https://api.bloxflip.com:443 "GET /games/crash HTTP/1.1" 200 None
DEBUG:urllib3.connectionpool:https://api.bloxflip.com:443 "GET /games/crash HTTP/1.1" 429 5861
DEBUG:urllib3.connectionpool:Resetting dropped connection: api.bloxflip.com
DEBUG:urllib3.connectionpool:https://api.bloxflip.com:443 "GET /games/crash HTTP/1.1" 200 None
DEBUG:urllib3.connectionpool:https://api.bloxflip.com:443 "GET /games/crash HTTP/1.1" 200 None
DEBUG:urllib3.connectionpool:https://api.bloxflip.com:443 "GET /games/crash HTTP/1.1" 429 5882
DEBUG:urllib3.connectionpool:Resetting dropped connection: api.bloxflip.com
DEBUG:urllib3.connectionpool:https://api.bloxflip.com:443 "GET /games/crash HTTP/1.1" 200 None
DEBUG:urllib3.connectionpool:https://api.bloxflip.com:443 "GET /games/crash HTTP/1.1" 429 5882
DEBUG:urllib3.connectionpool:Resetting dropped connection: api.bloxflip.com
DEBUG:urllib3.connectionpool:https://api.bloxflip.com:443 "GET /games/crash HTTP/1.1" 200 None
DEBUG:urllib3.connectionpool:https://api.bloxflip.com:443 "GET /games/crash HTTP/1.1" 429 5861
DEBUG:urllib3.connectionpool:Resetting dropped connection: api.bloxflip.com
DEBUG:urllib3.connectionpool:https://api.bloxflip.com:443 "GET /games/crash HTTP/1.1" 200 None
DEBUG:urllib3.connectionpool:https://api.bloxflip.com:443 "GET /games/crash HTTP/1.1" 200 None
DEBUG:urllib3.connectionpool:https://api.bloxflip.com:443 "GET /games/crash HTTP/1.1" 429 5861
DEBUG:urllib3.connectionpool:Resetting dropped connection: api.bloxflip.com
DEBUG:urllib3.connectionpool:https://api.bloxflip.com:443 "GET /games/crash HTTP/1.1" 200 None
DEBUG:urllib3.connectionpool:https://api.bloxflip.com:443 "GET /games/crash HTTP/1.1" 429 5882
DEBUG:urllib3.connectionpool:Resetting dropped connection: api.bloxflip.com
DEBUG:urllib3.connectionpool:https://api.bloxflip.com:443 "GET /games/crash HTTP/1.1" 200 None
DEBUG:urllib3.connectionpool:https://api.bloxflip.com:443 "GET /games/crash HTTP/1.1" 429 5882
DEBUG:urllib3.connectionpool:Resetting dropped connection: api.bloxflip.com
DEBUG:urllib3.connectionpool:https://api.bloxflip.com:443 "GET /games/crash HTTP/1.1" 200 None
DEBUG:urllib3.connectionpool:https://api.bloxflip.com:443 "GET /games/crash HTTP/1.1" 429 5882
DEBUG:urllib3.connectionpool:Resetting dropped connection: api.bloxflip.com
DEBUG:urllib3.connectionpool:https://api.bloxflip.com:443 "GET /games/crash HTTP/1.1" 200 None
DEBUG:urllib3.connectionpool:https://api.bloxflip.com:443 "GET /games/crash HTTP/1.1" 429 5861
DEBUG:urllib3.connectionpool:Resetting dropped connection: api.bloxflip.com
DEBUG:urllib3.connectionpool:https://api.bloxflip.com:443 "GET /games/crash HTTP/1.1" 200 None
DEBUG:urllib3.connectionpool:https://api.bloxflip.com:443 "GET /games/crash HTTP/1.1" 200 None
DEBUG:urllib3.connectionpool:https://api.bloxflip.com:443 "GET /games/crash HTTP/1.1" 429 5882
DEBUG:urllib3.connectionpool:Resetting dropped connection: api.bloxflip.com
DEBUG:urllib3.connectionpool:https://api.bloxflip.com:443 "GET /games/crash HTTP/1.1" 200 None
DEBUG:urllib3.connectionpool:https://api.bloxflip.com:443 "GET /games/crash HTTP/1.1" 429 5882
DEBUG:urllib3.connectionpool:Resetting dropped connection: api.bloxflip.com
DEBUG:urllib3.connectionpool:https://api.bloxflip.com:443 "GET /games/crash HTTP/1.1" 403 None
DEBUG:urllib3.connectionpool:https://api.bloxflip.com:443 "GET /games/crash HTTP/1.1" 429 5882
DEBUG:urllib3.connectionpool:Resetting dropped connection: api.bloxflip.com
DEBUG:urllib3.connectionpool:https://api.bloxflip.com:443 "GET /games/crash HTTP/1.1" 200 None
DEBUG:urllib3.connectionpool:https://api.bloxflip.com:443 "GET /games/crash HTTP/1.1" 200 None
DEBUG:urllib3.connectionpool:https://api.bloxflip.com:443 "GET /games/crash HTTP/1.1" 429 5882
DEBUG:urllib3.connectionpool:Resetting dropped connection: api.bloxflip.com
DEBUG:urllib3.connectionpool:https://api.bloxflip.com:443 "GET /games/crash HTTP/1.1" 200 None
DEBUG:urllib3.connectionpool:https://api.bloxflip.com:443 "GET /games/crash HTTP/1.1" 200 None
DEBUG:urllib3.connectionpool:https://api.bloxflip.com:443 "GET /games/crash HTTP/1.1" 429 5882
DEBUG:urllib3.connectionpool:Resetting dropped connection: api.bloxflip.com
DEBUG:urllib3.connectionpool:https://api.bloxflip.com:443 "GET /games/crash HTTP/1.1" 200 None
DEBUG:urllib3.connectionpool:https://api.bloxflip.com:443 "GET /games/crash HTTP/1.1" 429 5882
DEBUG:urllib3.connectionpool:Resetting dropped connection: api.bloxflip.com
DEBUG:urllib3.connectionpool:https://api.bloxflip.com:443 "GET /games/crash HTTP/1.1" 200 None
DEBUG:urllib3.connectionpool:https://api.bloxflip.com:443 "GET /games/crash HTTP/1.1" 200 None
DEBUG:urllib3.connectionpool:https://api.bloxflip.com:443 "GET /games/crash HTTP/1.1" 429 5882
DEBUG:urllib3.connectionpool:Resetting dropped connection: api.bloxflip.com
DEBUG:urllib3.connectionpool:https://api.bloxflip.com:443 "GET /games/crash HTTP/1.1" 200 None
DEBUG:urllib3.connectionpool:https://api.bloxflip.com:443 "GET /games/crash HTTP/1.1" 429 5861
DEBUG:urllib3.connectionpool:Resetting dropped connection: api.bloxflip.com
DEBUG:urllib3.connectionpool:https://api.bloxflip.com:443 "GET /games/crash HTTP/1.1" 200 None
DEBUG:urllib3.connectionpool:https://api.bloxflip.com:443 "GET /games/crash HTTP/1.1" 200 None
DEBUG:urllib3.connectionpool:https://api.bloxflip.com:443 "GET /games/crash HTTP/1.1" 429 5861
DEBUG:urllib3.connectionpool:Resetting dropped connection: api.bloxflip.com
DEBUG:urllib3.connectionpool:https://api.bloxflip.com:443 "GET /games/crash HTTP/1.1" 200 None
DEBUG:urllib3.connectionpool:https://api.bloxflip.com:443 "GET /games/crash HTTP/1.1" 200 None
DEBUG:urllib3.connectionpool:https://api.bloxflip.com:443 "GET /games/crash HTTP/1.1" 429 5903
DEBUG:urllib3.connectionpool:Resetting dropped connection: api.bloxflip.com
DEBUG:urllib3.connectionpool:https://api.bloxflip.com:443 "GET /games/crash HTTP/1.1" 200 None
DEBUG:urllib3.connectionpool:https://api.bloxflip.com:443 "GET /games/crash HTTP/1.1" 200 None
DEBUG:urllib3.connectionpool:https://api.bloxflip.com:443 "GET /games/crash HTTP/1.1" 429 5882
DEBUG:urllib3.connectionpool:Resetting dropped connection: api.bloxflip.com
DEBUG:urllib3.connectionpool:https://api.bloxflip.com:443 "GET /games/crash HTTP/1.1" 200 None
DEBUG:urllib3.connectionpool:https://api.bloxflip.com:443 "GET /games/crash HTTP/1.1" 429 5861
DEBUG:urllib3.connectionpool:Resetting dropped connection: api.bloxflip.com
DEBUG:urllib3.connectionpool:https://api.bloxflip.com:443 "GET /games/crash HTTP/1.1" 200 None
DEBUG:urllib3.connectionpool:https://api.bloxflip.com:443 "GET /games/crash HTTP/1.1" 429 5861
DEBUG:urllib3.connectionpool:Resetting dropped connection: api.bloxflip.com
DEBUG:urllib3.connectionpool:https://api.bloxflip.com:443 "GET /games/crash HTTP/1.1" 200 None
DEBUG:urllib3.connectionpool:https://api.bloxflip.com:443 "GET /games/crash HTTP/1.1" 200 None
DEBUG:urllib3.connectionpool:https://api.bloxflip.com:443 "GET /games/crash HTTP/1.1" 429 5882
DEBUG:urllib3.connectionpool:Resetting dropped connection: api.bloxflip.com
DEBUG:urllib3.connectionpool:https://api.bloxflip.com:443 "GET /games/crash HTTP/1.1" 200 None
DEBUG:urllib3.connectionpool:https://api.bloxflip.com:443 "GET /games/crash HTTP/1.1" 429 5882
DEBUG:urllib3.connectionpool:Resetting dropped connection: api.bloxflip.com
DEBUG:urllib3.connectionpool:https://api.bloxflip.com:443 "GET /games/crash HTTP/1.1" 200 None
DEBUG:urllib3.connectionpool:https://api.bloxflip.com:443 "GET /games/crash HTTP/1.1" 429 5882
DEBUG:urllib3.connectionpool:Resetting dropped connection: api.bloxflip.com
DEBUG:urllib3.connectionpool:https://api.bloxflip.com:443 "GET /games/crash HTTP/1.1" 200 None
DEBUG:urllib3.connectionpool:https://api.bloxflip.com:443 "GET /games/crash HTTP/1.1" 403 None
DEBUG:urllib3.connectionpool:https://api.bloxflip.com:443 "GET /games/crash HTTP/1.1" 429 5903
DEBUG:urllib3.connectionpool:Resetting dropped connection: api.bloxflip.com
DEBUG:urllib3.connectionpool:https://api.bloxflip.com:443 "GET /games/crash HTTP/1.1" 429 6287
DEBUG:urllib3.connectionpool:Resetting dropped connection: api.bloxflip.com
DEBUG:urllib3.connectionpool:https://api.bloxflip.com:443 "GET /games/crash HTTP/1.1" 200 None
DEBUG:urllib3.connectionpool:https://api.bloxflip.com:443 "GET /games/crash HTTP/1.1" 429 5882
DEBUG:urllib3.connectionpool:Resetting dropped connection: api.bloxflip.com
DEBUG:urllib3.connectionpool:https://api.bloxflip.com:443 "GET /games/crash HTTP/1.1" 200 None
DEBUG:urllib3.connectionpool:https://api.bloxflip.com:443 "GET /games/crash HTTP/1.1" 200 None
DEBUG:urllib3.connectionpool:https://api.bloxflip.com:443 "GET /games/crash HTTP/1.1" 429 5861
DEBUG:urllib3.connectionpool:Resetting dropped connection: api.bloxflip.com
DEBUG:urllib3.connectionpool:https://api.bloxflip.com:443 "GET /games/crash HTTP/1.1" 200 None
DEBUG:urllib3.connectionpool:https://api.bloxflip.com:443 "GET /games/crash HTTP/1.1" 429 5882
DEBUG:urllib3.connectionpool:Resetting dropped connection: api.bloxflip.com
DEBUG:urllib3.connectionpool:https://api.bloxflip.com:443 "GET /games/crash HTTP/1.1" 200 None
DEBUG:urllib3.connectionpool:https://api.bloxflip.com:443 "GET /games/crash HTTP/1.1" 200 None
DEBUG:urllib3.connectionpool:https://api.bloxflip.com:443 "GET /games/crash HTTP/1.1" 429 5861
DEBUG:urllib3.connectionpool:Resetting dropped connection: api.bloxflip.com
DEBUG:urllib3.connectionpool:https://api.bloxflip.com:443 "GET /games/crash HTTP/1.1" 200 None
DEBUG:urllib3.connectionpool:https://api.bloxflip.com:443 "GET /games/crash HTTP/1.1" 200 None
DEBUG:urllib3.connectionpool:https://api.bloxflip.com:443 "GET /games/crash HTTP/1.1" 429 5882
DEBUG:urllib3.connectionpool:Resetting dropped connection: api.bloxflip.com
DEBUG:urllib3.connectionpool:https://api.bloxflip.com:443 "GET /games/crash HTTP/1.1" 200 None
DEBUG:urllib3.connectionpool:https://api.bloxflip.com:443 "GET /games/crash HTTP/1.1" 200 None
DEBUG:urllib3.connectionpool:https://api.bloxflip.com:443 "GET /games/crash HTTP/1.1" 429 5861
DEBUG:urllib3.connectionpool:Resetting dropped connection: api.bloxflip.com
DEBUG:urllib3.connectionpool:https://api.bloxflip.com:443 "GET /games/crash HTTP/1.1" 200 None
DEBUG:urllib3.connectionpool:https://api.bloxflip.com:443 "GET /games/crash HTTP/1.1" 200 None
DEBUG:urllib3.connectionpool:https://api.bloxflip.com:443 "GET /games/crash HTTP/1.1" 429 5882
DEBUG:urllib3.connectionpool:Resetting dropped connection: api.bloxflip.com
DEBUG:urllib3.connectionpool:https://api.bloxflip.com:443 "GET /games/crash HTTP/1.1" 403 None
DEBUG:urllib3.connectionpool:https://api.bloxflip.com:443 "GET /games/crash HTTP/1.1" 429 5882
DEBUG:urllib3.connectionpool:Resetting dropped connection: api.bloxflip.com
DEBUG:urllib3.connectionpool:https://api.bloxflip.com:443 "GET /games/crash HTTP/1.1" 429 6287
DEBUG:urllib3.connectionpool:Resetting dropped connection: api.bloxflip.com
DEBUG:urllib3.connectionpool:https://api.bloxflip.com:443 "GET /games/crash HTTP/1.1" 200 None
DEBUG:urllib3.connectionpool:https://api.bloxflip.com:443 "GET /games/crash HTTP/1.1" 200 None
DEBUG:urllib3.connectionpool:https://api.bloxflip.com:443 "GET /games/crash HTTP/1.1" 429 5861
DEBUG:urllib3.connectionpool:Resetting dropped connection: api.bloxflip.com
DEBUG:urllib3.connectionpool:https://api.bloxflip.com:443 "GET /games/crash HTTP/1.1" 200 None
DEBUG:urllib3.connectionpool:https://api.bloxflip.com:443 "GET /games/crash HTTP/1.1" 200 None
DEBUG:urllib3.connectionpool:https://api.bloxflip.com:443 "GET /games/crash HTTP/1.1" 429 5882
DEBUG:urllib3.connectionpool:Resetting dropped connection: api.bloxflip.com
DEBUG:urllib3.connectionpool:https://api.bloxflip.com:443 "GET /games/crash HTTP/1.1" 200 None
DEBUG:urllib3.connectionpool:https://api.bloxflip.com:443 "GET /games/crash HTTP/1.1" 429 5882
DEBUG:urllib3.connectionpool:Resetting dropped connection: api.bloxflip.com
DEBUG:urllib3.connectionpool:https://api.bloxflip.com:443 "GET /games/crash HTTP/1.1" 200 None
DEBUG:urllib3.connectionpool:https://api.bloxflip.com:443 "GET /games/crash HTTP/1.1" 429 5903
DEBUG:urllib3.connectionpool:Resetting dropped connection: api.bloxflip.com
DEBUG:urllib3.connectionpool:https://api.bloxflip.com:443 "GET /games/crash HTTP/1.1" 200 None
DEBUG:urllib3.connectionpool:https://api.bloxflip.com:443 "GET /games/crash HTTP/1.1" 200 None
DEBUG:urllib3.connectionpool:https://api.bloxflip.com:443 "GET /games/crash HTTP/1.1" 200 None
DEBUG:urllib3.connectionpool:https://api.bloxflip.com:443 "GET /games/crash HTTP/1.1" 429 5882
DEBUG:urllib3.connectionpool:Resetting dropped connection: api.bloxflip.com
DEBUG:urllib3.connectionpool:https://api.bloxflip.com:443 "GET /games/crash HTTP/1.1" 200 None
DEBUG:urllib3.connectionpool:https://api.bloxflip.com:443 "GET /games/crash HTTP/1.1" 200 None
DEBUG:urllib3.connectionpool:https://api.bloxflip.com:443 "GET /games/crash HTTP/1.1" 429 5882
DEBUG:urllib3.connectionpool:Resetting dropped connection: api.bloxflip.com
DEBUG:urllib3.connectionpool:https://api.bloxflip.com:443 "GET /games/crash HTTP/1.1" 200 None
DEBUG:urllib3.connectionpool:https://api.bloxflip.com:443 "GET /games/crash HTTP/1.1" 429 5861
DEBUG:urllib3.connectionpool:Resetting dropped connection: api.bloxflip.com
DEBUG:urllib3.connectionpool:https://api.bloxflip.com:443 "GET /games/crash HTTP/1.1" 200 None
DEBUG:urllib3.connectionpool:https://api.bloxflip.com:443 "GET /games/crash HTTP/1.1" 429 5882
DEBUG:urllib3.connectionpool:Resetting dropped connection: api.bloxflip.com
DEBUG:urllib3.connectionpool:https://api.bloxflip.com:443 "GET /games/crash HTTP/1.1" 200 None
DEBUG:urllib3.connectionpool:https://api.bloxflip.com:443 "GET /games/crash HTTP/1.1" 429 5861
DEBUG:urllib3.connectionpool:Resetting dropped connection: api.bloxflip.com
DEBUG:urllib3.connectionpool:https://api.bloxflip.com:443 "GET /games/crash HTTP/1.1" 200 None
DEBUG:urllib3.connectionpool:https://api.bloxflip.com:443 "GET /games/crash HTTP/1.1" 429 5882
DEBUG:urllib3.connectionpool:Resetting dropped connection: api.bloxflip.com
DEBUG:urllib3.connectionpool:https://api.bloxflip.com:443 "GET /games/crash HTTP/1.1" 200 None
DEBUG:urllib3.connectionpool:https://api.bloxflip.com:443 "GET /games/crash HTTP/1.1" 429 5882
DEBUG:urllib3.connectionpool:Resetting dropped connection: api.bloxflip.com
DEBUG:urllib3.connectionpool:https://api.bloxflip.com:443 "GET /games/crash HTTP/1.1" 200 None
DEBUG:urllib3.connectionpool:https://api.bloxflip.com:443 "GET /games/crash HTTP/1.1" 200 None
DEBUG:urllib3.connectionpool:https://api.bloxflip.com:443 "GET /games/crash HTTP/1.1" 429 5903
DEBUG:urllib3.connectionpool:Resetting dropped connection: api.bloxflip.com
DEBUG:urllib3.connectionpool:https://api.bloxflip.com:443 "GET /games/crash HTTP/1.1" 200 None
DEBUG:urllib3.connectionpool:https://api.bloxflip.com:443 "GET /games/crash HTTP/1.1" 429 5861
DEBUG:urllib3.connectionpool:Resetting dropped connection: api.bloxflip.com
DEBUG:urllib3.connectionpool:https://api.bloxflip.com:443 "GET /games/crash HTTP/1.1" 200 None
DEBUG:urllib3.connectionpool:https://api.bloxflip.com:443 "GET /games/crash HTTP/1.1" 200 None
DEBUG:urllib3.connectionpool:https://api.bloxflip.com:443 "GET /games/crash HTTP/1.1" 429 5882
DEBUG:urllib3.connectionpool:Resetting dropped connection: api.bloxflip.com
DEBUG:urllib3.connectionpool:https://api.bloxflip.com:443 "GET /games/crash HTTP/1.1" 200 None
DEBUG:urllib3.connectionpool:https://api.bloxflip.com:443 "GET /games/crash HTTP/1.1" 429 5882
DEBUG:urllib3.connectionpool:Resetting dropped connection: api.bloxflip.com
DEBUG:urllib3.connectionpool:https://api.bloxflip.com:443 "GET /games/crash HTTP/1.1" 200 None
DEBUG:urllib3.connectionpool:https://api.bloxflip.com:443 "GET /games/crash HTTP/1.1" 200 None
DEBUG:urllib3.connectionpool:https://api.bloxflip.com:443 "GET /games/crash HTTP/1.1" 200 None
DEBUG:urllib3.connectionpool:https://api.bloxflip.com:443 "GET /games/crash HTTP/1.1" 429 5881
DEBUG:urllib3.connectionpool:Resetting dropped connection: api.bloxflip.com
DEBUG:urllib3.connectionpool:https://api.bloxflip.com:443 "GET /games/crash HTTP/1.1" 403 None
DEBUG:urllib3.connectionpool:https://api.bloxflip.com:443 "GET /games/crash HTTP/1.1" 429 5882
DEBUG:urllib3.connectionpool:Resetting dropped connection: api.bloxflip.com
DEBUG:urllib3.connectionpool:https://api.bloxflip.com:443 "GET /games/crash HTTP/1.1" 429 6287
DEBUG:urllib3.connectionpool:Resetting dropped connection: api.bloxflip.com
DEBUG:urllib3.connectionpool:https://api.bloxflip.com:443 "GET /games/crash HTTP/1.1" 200 None
DEBUG:urllib3.connectionpool:https://api.bloxflip.com:443 "GET /games/crash HTTP/1.1" 200 None
DEBUG:urllib3.connectionpool:https://api.bloxflip.com:443 "GET /games/crash HTTP/1.1" 429 5860
DEBUG:urllib3.connectionpool:Resetting dropped connection: api.bloxflip.com
DEBUG:urllib3.connectionpool:https://api.bloxflip.com:443 "GET /games/crash HTTP/1.1" 403 None
DEBUG:urllib3.connectionpool:https://api.bloxflip.com:443 "GET /games/crash HTTP/1.1" 429 5882
DEBUG:urllib3.connectionpool:Resetting dropped connection: api.bloxflip.com
DEBUG:urllib3.connectionpool:https://api.bloxflip.com:443 "GET /games/crash HTTP/1.1" 200 None
DEBUG:urllib3.connectionpool:https://api.bloxflip.com:443 "GET /games/crash HTTP/1.1" 429 5882
DEBUG:urllib3.connectionpool:Resetting dropped connection: api.bloxflip.com
DEBUG:urllib3.connectionpool:https://api.bloxflip.com:443 "GET /games/crash HTTP/1.1" 200 None
DEBUG:urllib3.connectionpool:https://api.bloxflip.com:443 "GET /games/crash HTTP/1.1" 429 5861
DEBUG:urllib3.connectionpool:Resetting dropped connection: api.bloxflip.com
DEBUG:urllib3.connectionpool:https://api.bloxflip.com:443 "GET /games/crash HTTP/1.1" 200 None
DEBUG:urllib3.connectionpool:https://api.bloxflip.com:443 "GET /games/crash HTTP/1.1" 200 None
DEBUG:urllib3.connectionpool:https://api.bloxflip.com:443 "GET /games/crash HTTP/1.1" 429 5882
DEBUG:urllib3.connectionpool:Resetting dropped connection: api.bloxflip.com
DEBUG:urllib3.connectionpool:https://api.bloxflip.com:443 "GET /games/crash HTTP/1.1" 200 None
DEBUG:urllib3.connectionpool:https://api.bloxflip.com:443 "GET /games/crash HTTP/1.1" 429 5882
DEBUG:urllib3.connectionpool:Resetting dropped connection: api.bloxflip.com
DEBUG:urllib3.connectionpool:https://api.bloxflip.com:443 "GET /games/crash HTTP/1.1" 200 None
DEBUG:urllib3.connectionpool:https://api.bloxflip.com:443 "GET /games/crash HTTP/1.1" 200 None
DEBUG:urllib3.connectionpool:https://api.bloxflip.com:443 "GET /games/crash HTTP/1.1" 200 None
DEBUG:urllib3.connectionpool:https://api.bloxflip.com:443 "GET /games/crash HTTP/1.1" 200 None
DEBUG:urllib3.connectionpool:https://api.bloxflip.com:443 "GET /games/crash HTTP/1.1" 429 5882
DEBUG:urllib3.connectionpool:Resetting dropped connection: api.bloxflip.com
DEBUG:urllib3.connectionpool:https://api.bloxflip.com:443 "GET /games/crash HTTP/1.1" 200 None
DEBUG:urllib3.connectionpool:https://api.bloxflip.com:443 "GET /games/crash HTTP/1.1" 200 None
DEBUG:urllib3.connectionpool:https://api.bloxflip.com:443 "GET /games/crash HTTP/1.1" 200 None
DEBUG:urllib3.connectionpool:https://api.bloxflip.com:443 "GET /games/crash HTTP/1.1" 429 5860
DEBUG:urllib3.connectionpool:Resetting dropped connection: api.bloxflip.com
DEBUG:urllib3.connectionpool:https://api.bloxflip.com:443 "GET /games/crash HTTP/1.1" 200 None
DEBUG:urllib3.connectionpool:https://api.bloxflip.com:443 "GET /games/crash HTTP/1.1" 200 None
DEBUG:urllib3.connectionpool:https://api.bloxflip.com:443 "GET /games/crash HTTP/1.1" 429 5882
DEBUG:urllib3.connectionpool:Resetting dropped connection: api.bloxflip.com
DEBUG:urllib3.connectionpool:https://api.bloxflip.com:443 "GET /games/crash HTTP/1.1" 200 None
DEBUG:urllib3.connectionpool:https://api.bloxflip.com:443 "GET /games/crash HTTP/1.1" 429 5882
DEBUG:urllib3.connectionpool:Resetting dropped connection: api.bloxflip.com
DEBUG:urllib3.connectionpool:https://api.bloxflip.com:443 "GET /games/crash HTTP/1.1" 200 None
DEBUG:urllib3.connectionpool:https://api.bloxflip.com:443 "GET /games/crash HTTP/1.1" 200 None
DEBUG:urllib3.connectionpool:https://api.bloxflip.com:443 "GET /games/crash HTTP/1.1" 429 5882
DEBUG:urllib3.connectionpool:Resetting dropped connection: api.bloxflip.com
DEBUG:urllib3.connectionpool:https://api.bloxflip.com:443 "GET /games/crash HTTP/1.1" 200 None
DEBUG:urllib3.connectionpool:https://api.bloxflip.com:443 "GET /games/crash HTTP/1.1" 429 5882
DEBUG:urllib3.connectionpool:Resetting dropped connection: api.bloxflip.com
DEBUG:urllib3.connectionpool:https://api.bloxflip.com:443 "GET /games/crash HTTP/1.1" 403 None
DEBUG:urllib3.connectionpool:https://api.bloxflip.com:443 "GET /games/crash HTTP/1.1" 429 5903
DEBUG:urllib3.connectionpool:Resetting dropped connection: api.bloxflip.com
DEBUG:urllib3.connectionpool:https://api.bloxflip.com:443 "GET /games/crash HTTP/1.1" 200 None
DEBUG:urllib3.connectionpool:https://api.bloxflip.com:443 "GET /games/crash HTTP/1.1" 429 5882
DEBUG:urllib3.connectionpool:Resetting dropped connection: api.bloxflip.com
DEBUG:urllib3.connectionpool:https://api.bloxflip.com:443 "GET /games/crash HTTP/1.1" 200 None
DEBUG:urllib3.connectionpool:https://api.bloxflip.com:443 "GET /games/crash HTTP/1.1" 429 5903
DEBUG:urllib3.connectionpool:Resetting dropped connection: api.bloxflip.com
DEBUG:urllib3.connectionpool:https://api.bloxflip.com:443 "GET /games/crash HTTP/1.1" 200 None
DEBUG:urllib3.connectionpool:https://api.bloxflip.com:443 "GET /games/crash HTTP/1.1" 200 None
DEBUG:urllib3.connectionpool:https://api.bloxflip.com:443 "GET /games/crash HTTP/1.1" 429 5882
DEBUG:urllib3.connectionpool:Resetting dropped connection: api.bloxflip.com
DEBUG:urllib3.connectionpool:https://api.bloxflip.com:443 "GET /games/crash HTTP/1.1" 200 None
DEBUG:urllib3.connectionpool:https://api.bloxflip.com:443 "GET /games/crash HTTP/1.1" 429 5861
DEBUG:urllib3.connectionpool:Resetting dropped connection: api.bloxflip.com
DEBUG:urllib3.connectionpool:https://api.bloxflip.com:443 "GET /games/crash HTTP/1.1" 200 None
DEBUG:urllib3.connectionpool:https://api.bloxflip.com:443 "GET /games/crash HTTP/1.1" 429 5861
DEBUG:urllib3.connectionpool:Resetting dropped connection: api.bloxflip.com
DEBUG:urllib3.connectionpool:https://api.bloxflip.com:443 "GET /games/crash HTTP/1.1" 200 None
DEBUG:urllib3.connectionpool:https://api.bloxflip.com:443 "GET /games/crash HTTP/1.1" 200 None
DEBUG:urllib3.connectionpool:https://api.bloxflip.com:443 "GET /games/crash HTTP/1.1" 429 5882
DEBUG:urllib3.connectionpool:Resetting dropped connection: api.bloxflip.com
DEBUG:urllib3.connectionpool:https://api.bloxflip.com:443 "GET /games/crash HTTP/1.1" 200 None
DEBUG:urllib3.connectionpool:https://api.bloxflip.com:443 "GET /games/crash HTTP/1.1" 200 None
DEBUG:urllib3.connectionpool:https://api.bloxflip.com:443 "GET /games/crash HTTP/1.1" 429 5882
DEBUG:urllib3.connectionpool:Resetting dropped connection: api.bloxflip.com
DEBUG:urllib3.connectionpool:https://api.bloxflip.com:443 "GET /games/crash HTTP/1.1" 200 None
DEBUG:urllib3.connectionpool:https://api.bloxflip.com:443 "GET /games/crash HTTP/1.1" 429 5882
DEBUG:urllib3.connectionpool:Resetting dropped connection: api.bloxflip.com
DEBUG:urllib3.connectionpool:https://api.bloxflip.com:443 "GET /games/crash HTTP/1.1" 200 None
DEBUG:urllib3.connectionpool:https://api.bloxflip.com:443 "GET /games/crash HTTP/1.1" 429 5882
DEBUG:urllib3.connectionpool:Resetting dropped connection: api.bloxflip.com
DEBUG:urllib3.connectionpool:https://api.bloxflip.com:443 "GET /games/crash HTTP/1.1" 200 None
DEBUG:urllib3.connectionpool:https://api.bloxflip.com:443 "GET /games/crash HTTP/1.1" 200 None
DEBUG:urllib3.connectionpool:https://api.bloxflip.com:443 "GET /games/crash HTTP/1.1" 429 5881
DEBUG:urllib3.connectionpool:Resetting dropped connection: api.bloxflip.com
DEBUG:urllib3.connectionpool:https://api.bloxflip.com:443 "GET /games/crash HTTP/1.1" 200 None
DEBUG:urllib3.connectionpool:https://api.bloxflip.com:443 "GET /games/crash HTTP/1.1" 429 5882
DEBUG:urllib3.connectionpool:Resetting dropped connection: api.bloxflip.com
DEBUG:urllib3.connectionpool:https://api.bloxflip.com:443 "GET /games/crash HTTP/1.1" 200 None
DEBUG:urllib3.connectionpool:https://api.bloxflip.com:443 "GET /games/crash HTTP/1.1" 429 5861
DEBUG:urllib3.connectionpool:Resetting dropped connection: api.bloxflip.com
DEBUG:urllib3.connectionpool:https://api.bloxflip.com:443 "GET /games/crash HTTP/1.1" 200 None
DEBUG:urllib3.connectionpool:https://api.bloxflip.com:443 "GET /games/crash HTTP/1.1" 200 None
DEBUG:urllib3.connectionpool:https://api.bloxflip.com:443 "GET /games/crash HTTP/1.1" 429 5861
DEBUG:urllib3.connectionpool:Resetting dropped connection: api.bloxflip.com
DEBUG:urllib3.connectionpool:https://api.bloxflip.com:443 "GET /games/crash HTTP/1.1" 200 None
DEBUG:urllib3.connectionpool:https://api.bloxflip.com:443 "GET /games/crash HTTP/1.1" 200 None
DEBUG:urllib3.connectionpool:https://api.bloxflip.com:443 "GET /games/crash HTTP/1.1" 429 5882
DEBUG:urllib3.connectionpool:Resetting dropped connection: api.bloxflip.com
DEBUG:urllib3.connectionpool:https://api.bloxflip.com:443 "GET /games/crash HTTP/1.1" 200 None
DEBUG:urllib3.connectionpool:https://api.bloxflip.com:443 "GET /games/crash HTTP/1.1" 200 None
DEBUG:urllib3.connectionpool:https://api.bloxflip.com:443 "GET /games/crash HTTP/1.1" 429 5881
DEBUG:urllib3.connectionpool:Resetting dropped connection: api.bloxflip.com
DEBUG:urllib3.connectionpool:https://api.bloxflip.com:443 "GET /games/crash HTTP/1.1" 200 None
DEBUG:urllib3.connectionpool:https://api.bloxflip.com:443 "GET /games/crash HTTP/1.1" 429 5861
DEBUG:urllib3.connectionpool:Resetting dropped connection: api.bloxflip.com
DEBUG:urllib3.connectionpool:https://api.bloxflip.com:443 "GET /games/crash HTTP/1.1" 200 None
DEBUG:urllib3.connectionpool:https://api.bloxflip.com:443 "GET /games/crash HTTP/1.1" 429 5882
DEBUG:urllib3.connectionpool:Resetting dropped connection: api.bloxflip.com
DEBUG:urllib3.connectionpool:https://api.bloxflip.com:443 "GET /games/crash HTTP/1.1" 200 None
DEBUG:urllib3.connectionpool:https://api.bloxflip.com:443 "GET /games/crash HTTP/1.1" 429 5861
DEBUG:urllib3.connectionpool:Resetting dropped connection: api.bloxflip.com
DEBUG:urllib3.connectionpool:https://api.bloxflip.com:443 "GET /games/crash HTTP/1.1" 200 None
DEBUG:urllib3.connectionpool:https://api.bloxflip.com:443 "GET /games/crash HTTP/1.1" 429 5861
DEBUG:urllib3.connectionpool:Resetting dropped connection: api.bloxflip.com
DEBUG:urllib3.connectionpool:https://api.bloxflip.com:443 "GET /games/crash HTTP/1.1" 200 None
DEBUG:urllib3.connectionpool:https://api.bloxflip.com:443 "GET /games/crash HTTP/1.1" 429 5882
DEBUG:urllib3.connectionpool:Resetting dropped connection: api.bloxflip.com
DEBUG:urllib3.connectionpool:https://api.bloxflip.com:443 "GET /games/crash HTTP/1.1" 200 None
DEBUG:urllib3.connectionpool:https://api.bloxflip.com:443 "GET /games/crash HTTP/1.1" 200 None
DEBUG:urllib3.connectionpool:https://api.bloxflip.com:443 "GET /games/crash HTTP/1.1" 429 5861
DEBUG:urllib3.connectionpool:Resetting dropped connection: api.bloxflip.com
DEBUG:urllib3.connectionpool:https://api.bloxflip.com:443 "GET /games/crash HTTP/1.1" 200 None
DEBUG:urllib3.connectionpool:https://api.bloxflip.com:443 "GET /games/crash HTTP/1.1" 429 5861
DEBUG:urllib3.connectionpool:Resetting dropped connection: api.bloxflip.com
DEBUG:urllib3.connectionpool:https://api.bloxflip.com:443 "GET /games/crash HTTP/1.1" 200 None
DEBUG:urllib3.connectionpool:https://api.bloxflip.com:443 "GET /games/crash HTTP/1.1" 200 None
DEBUG:urllib3.connectionpool:https://api.bloxflip.com:443 "GET /games/crash HTTP/1.1" 429 5882
DEBUG:urllib3.connectionpool:Resetting dropped connection: api.bloxflip.com
DEBUG:urllib3.connectionpool:https://api.bloxflip.com:443 "GET /games/crash HTTP/1.1" 200 None
DEBUG:urllib3.connectionpool:https://api.bloxflip.com:443 "GET /games/crash HTTP/1.1" 429 5882
DEBUG:urllib3.connectionpool:Resetting dropped connection: api.bloxflip.com
DEBUG:urllib3.connectionpool:https://api.bloxflip.com:443 "GET /games/crash HTTP/1.1" 200 None
DEBUG:urllib3.connectionpool:https://api.bloxflip.com:443 "GET /games/crash HTTP/1.1" 200 None
DEBUG:urllib3.connectionpool:https://api.bloxflip.com:443 "GET /games/crash HTTP/1.1" 200 None
DEBUG:urllib3.connectionpool:https://api.bloxflip.com:443 "GET /games/crash HTTP/1.1" 429 5882
DEBUG:urllib3.connectionpool:Resetting dropped connection: api.bloxflip.com
DEBUG:urllib3.connectionpool:https://api.bloxflip.com:443 "GET /games/crash HTTP/1.1" 200 None
DEBUG:urllib3.connectionpool:https://api.bloxflip.com:443 "GET /games/crash HTTP/1.1" 200 None
DEBUG:urllib3.connectionpool:https://api.bloxflip.com:443 "GET /games/crash HTTP/1.1" 429 5861
DEBUG:urllib3.connectionpool:Resetting dropped connection: api.bloxflip.com
DEBUG:urllib3.connectionpool:https://api.bloxflip.com:443 "GET /games/crash HTTP/1.1" 200 None
DEBUG:urllib3.connectionpool:https://api.bloxflip.com:443 "GET /games/crash HTTP/1.1" 429 5861
DEBUG:urllib3.connectionpool:Resetting dropped connection: api.bloxflip.com
DEBUG:urllib3.connectionpool:https://api.bloxflip.com:443 "GET /games/crash HTTP/1.1" 200 None
DEBUG:urllib3.connectionpool:https://api.bloxflip.com:443 "GET /games/crash HTTP/1.1" 200 None
DEBUG:urllib3.connectionpool:https://api.bloxflip.com:443 "GET /games/crash HTTP/1.1" 429 5861
DEBUG:urllib3.connectionpool:Resetting dropped connection: api.bloxflip.com
DEBUG:urllib3.connectionpool:https://api.bloxflip.com:443 "GET /games/crash HTTP/1.1" 403 None
DEBUG:urllib3.connectionpool:https://api.bloxflip.com:443 "GET /games/crash HTTP/1.1" 429 5881
DEBUG:urllib3.connectionpool:Resetting dropped connection: api.bloxflip.com
DEBUG:urllib3.connectionpool:https://api.bloxflip.com:443 "GET /games/crash HTTP/1.1" 200 None
DEBUG:urllib3.connectionpool:https://api.bloxflip.com:443 "GET /games/crash HTTP/1.1" 429 5881
DEBUG:urllib3.connectionpool:Resetting dropped connection: api.bloxflip.com
DEBUG:urllib3.connectionpool:https://api.bloxflip.com:443 "GET /games/crash HTTP/1.1" 200 None
DEBUG:urllib3.connectionpool:https://api.bloxflip.com:443 "GET /games/crash HTTP/1.1" 429 5882
DEBUG:urllib3.connectionpool:Resetting dropped connection: api.bloxflip.com
DEBUG:urllib3.connectionpool:https://api.bloxflip.com:443 "GET /games/crash HTTP/1.1" 200 None
DEBUG:urllib3.connectionpool:https://api.bloxflip.com:443 "GET /games/crash HTTP/1.1" 200 None
DEBUG:urllib3.connectionpool:https://api.bloxflip.com:443 "GET /games/crash HTTP/1.1" 429 5882
DEBUG:urllib3.connectionpool:Resetting dropped connection: api.bloxflip.com
DEBUG:urllib3.connectionpool:https://api.bloxflip.com:443 "GET /games/crash HTTP/1.1" 200 None
DEBUG:urllib3.connectionpool:https://api.bloxflip.com:443 "GET /games/crash HTTP/1.1" 429 5859
DEBUG:urllib3.connectionpool:Resetting dropped connection: api.bloxflip.com
DEBUG:urllib3.connectionpool:https://api.bloxflip.com:443 "GET /games/crash HTTP/1.1" 200 None
DEBUG:urllib3.connectionpool:https://api.bloxflip.com:443 "GET /games/crash HTTP/1.1" 200 None
DEBUG:urllib3.connectionpool:https://api.bloxflip.com:443 "GET /games/crash HTTP/1.1" 200 None
DEBUG:urllib3.connectionpool:https://api.bloxflip.com:443 "GET /games/crash HTTP/1.1" 429 5882
DEBUG:urllib3.connectionpool:Resetting dropped connection: api.bloxflip.com
DEBUG:urllib3.connectionpool:https://api.bloxflip.com:443 "GET /games/crash HTTP/1.1" 200 None
DEBUG:urllib3.connectionpool:https://api.bloxflip.com:443 "GET /games/crash HTTP/1.1" 429 5861
DEBUG:urllib3.connectionpool:Resetting dropped connection: api.bloxflip.com
DEBUG:urllib3.connectionpool:https://api.bloxflip.com:443 "GET /games/crash HTTP/1.1" 200 None
DEBUG:urllib3.connectionpool:https://api.bloxflip.com:443 "GET /games/crash HTTP/1.1" 429 5861
DEBUG:urllib3.connectionpool:Resetting dropped connection: api.bloxflip.com
DEBUG:urllib3.connectionpool:https://api.bloxflip.com:443 "GET /games/crash HTTP/1.1" 200 None
DEBUG:urllib3.connectionpool:https://api.bloxflip.com:443 "GET /games/crash HTTP/1.1" 429 5882
DEBUG:urllib3.connectionpool:Resetting dropped connection: api.bloxflip.com
DEBUG:urllib3.connectionpool:https://api.bloxflip.com:443 "GET /games/crash HTTP/1.1" 200 None
DEBUG:urllib3.connectionpool:https://api.bloxflip.com:443 "GET /games/crash HTTP/1.1" 200 None
DEBUG:urllib3.connectionpool:https://api.bloxflip.com:443 "GET /games/crash HTTP/1.1" 429 5882
DEBUG:urllib3.connectionpool:Resetting dropped connection: api.bloxflip.com
DEBUG:urllib3.connectionpool:https://api.bloxflip.com:443 "GET /games/crash HTTP/1.1" 403 None
DEBUG:urllib3.connectionpool:https://api.bloxflip.com:443 "GET /games/crash HTTP/1.1" 429 5882
DEBUG:urllib3.connectionpool:Resetting dropped connection: api.bloxflip.com
DEBUG:urllib3.connectionpool:https://api.bloxflip.com:443 "GET /games/crash HTTP/1.1" 200 None
DEBUG:urllib3.connectionpool:https://api.bloxflip.com:443 "GET /games/crash HTTP/1.1" 200 None
DEBUG:urllib3.connectionpool:https://api.bloxflip.com:443 "GET /games/crash HTTP/1.1" 429 5861
DEBUG:urllib3.connectionpool:Resetting dropped connection: api.bloxflip.com
DEBUG:urllib3.connectionpool:https://api.bloxflip.com:443 "GET /games/crash HTTP/1.1" 200 None
DEBUG:urllib3.connectionpool:https://api.bloxflip.com:443 "GET /games/crash HTTP/1.1" 429 5882
DEBUG:urllib3.connectionpool:Resetting dropped connection: api.bloxflip.com
DEBUG:urllib3.connectionpool:https://api.bloxflip.com:443 "GET /games/crash HTTP/1.1" 200 None
DEBUG:urllib3.connectionpool:https://api.bloxflip.com:443 "GET /games/crash HTTP/1.1" 200 None
DEBUG:urllib3.connectionpool:https://api.bloxflip.com:443 "GET /games/crash HTTP/1.1" 429 5882
DEBUG:urllib3.connectionpool:Resetting dropped connection: api.bloxflip.com
DEBUG:urllib3.connectionpool:https://api.bloxflip.com:443 "GET /games/crash HTTP/1.1" 200 None
DEBUG:urllib3.connectionpool:https://api.bloxflip.com:443 "GET /games/crash HTTP/1.1" 200 None
DEBUG:urllib3.connectionpool:https://api.bloxflip.com:443 "GET /games/crash HTTP/1.1" 429 5861
DEBUG:urllib3.connectionpool:Resetting dropped connection: api.bloxflip.com
DEBUG:urllib3.connectionpool:https://api.bloxflip.com:443 "GET /games/crash HTTP/1.1" 200 None
DEBUG:urllib3.connectionpool:https://api.bloxflip.com:443 "GET /games/crash HTTP/1.1" 429 5882
DEBUG:urllib3.connectionpool:Resetting dropped connection: api.bloxflip.com
DEBUG:urllib3.connectionpool:https://api.bloxflip.com:443 "GET /games/crash HTTP/1.1" 200 None
DEBUG:urllib3.connectionpool:https://api.bloxflip.com:443 "GET /games/crash HTTP/1.1" 429 5861
DEBUG:urllib3.connectionpool:Resetting dropped connection: api.bloxflip.com
DEBUG:urllib3.connectionpool:https://api.bloxflip.com:443 "GET /games/crash HTTP/1.1" 200 None
DEBUG:urllib3.connectionpool:https://api.bloxflip.com:443 "GET /games/crash HTTP/1.1" 200 None
DEBUG:urllib3.connectionpool:https://api.bloxflip.com:443 "GET /games/crash HTTP/1.1" 429 5861
DEBUG:urllib3.connectionpool:Resetting dropped connection: api.bloxflip.com
DEBUG:urllib3.connectionpool:https://api.bloxflip.com:443 "GET /games/crash HTTP/1.1" 403 None
DEBUG:urllib3.connectionpool:https://api.bloxflip.com:443 "GET /games/crash HTTP/1.1" 429 5861
DEBUG:urllib3.connectionpool:Resetting dropped connection: api.bloxflip.com
DEBUG:urllib3.connectionpool:https://api.bloxflip.com:443 "GET /games/crash HTTP/1.1" 200 None
DEBUG:urllib3.connectionpool:https://api.bloxflip.com:443 "GET /games/crash HTTP/1.1" 200 None
DEBUG:urllib3.connectionpool:https://api.bloxflip.com:443 "GET /games/crash HTTP/1.1" 200 None
DEBUG:urllib3.connectionpool:https://api.bloxflip.com:443 "GET /games/crash HTTP/1.1" 429 5882
DEBUG:urllib3.connectionpool:Resetting dropped connection: api.bloxflip.com
DEBUG:urllib3.connectionpool:https://api.bloxflip.com:443 "GET /games/crash HTTP/1.1" 200 None
DEBUG:urllib3.connectionpool:https://api.bloxflip.com:443 "GET /games/crash HTTP/1.1" 200 None
DEBUG:urllib3.connectionpool:https://api.bloxflip.com:443 "GET /games/crash HTTP/1.1" 429 5882
DEBUG:urllib3.connectionpool:Resetting dropped connection: api.bloxflip.com
DEBUG:urllib3.connectionpool:https://api.bloxflip.com:443 "GET /games/crash HTTP/1.1" 429 6287
DEBUG:urllib3.connectionpool:Resetting dropped connection: api.bloxflip.com
DEBUG:urllib3.connectionpool:https://api.bloxflip.com:443 "GET /games/crash HTTP/1.1" 429 6266
DEBUG:urllib3.connectionpool:Resetting dropped connection: api.bloxflip.com
DEBUG:urllib3.connectionpool:https://api.bloxflip.com:443 "GET /games/crash HTTP/1.1" 429 6287
DEBUG:urllib3.connectionpool:Resetting dropped connection: api.bloxflip.com
DEBUG:urllib3.connectionpool:https://api.bloxflip.com:443 "GET /games/crash HTTP/1.1" 429 6287
DEBUG:urllib3.connectionpool:Resetting dropped connection: api.bloxflip.com
DEBUG:urllib3.connectionpool:https://api.bloxflip.com:443 "GET /games/crash HTTP/1.1" 429 6287
DEBUG:urllib3.connectionpool:Resetting dropped connection: api.bloxflip.com
DEBUG:urllib3.connectionpool:https://api.bloxflip.com:443 "GET /games/crash HTTP/1.1" 429 6287
DEBUG:urllib3.connectionpool:Resetting dropped connection: api.bloxflip.com
DEBUG:urllib3.connectionpool:https://api.bloxflip.com:443 "GET /games/crash HTTP/1.1" 200 None
DEBUG:urllib3.connectionpool:https://api.bloxflip.com:443 "GET /games/crash HTTP/1.1" 429 5881
DEBUG:urllib3.connectionpool:Resetting dropped connection: api.bloxflip.com
DEBUG:urllib3.connectionpool:https://api.bloxflip.com:443 "GET /games/crash HTTP/1.1" 200 None
DEBUG:urllib3.connectionpool:https://api.bloxflip.com:443 "GET /games/crash HTTP/1.1" 200 None
DEBUG:urllib3.connectionpool:https://api.bloxflip.com:443 "GET /games/crash HTTP/1.1" 429 5903
DEBUG:urllib3.connectionpool:Resetting dropped connection: api.bloxflip.com
DEBUG:urllib3.connectionpool:https://api.bloxflip.com:443 "GET /games/crash HTTP/1.1" 200 None
DEBUG:urllib3.connectionpool:https://api.bloxflip.com:443 "GET /games/crash HTTP/1.1" 200 None
DEBUG:urllib3.connectionpool:https://api.bloxflip.com:443 "GET /games/crash HTTP/1.1" 429 5882
DEBUG:urllib3.connectionpool:Resetting dropped connection: api.bloxflip.com
DEBUG:urllib3.connectionpool:https://api.bloxflip.com:443 "GET /games/crash HTTP/1.1" 200 None
DEBUG:urllib3.connectionpool:https://api.bloxflip.com:443 "GET /games/crash HTTP/1.1" 200 None
DEBUG:urllib3.connectionpool:https://api.bloxflip.com:443 "GET /games/crash HTTP/1.1" 429 5882
DEBUG:urllib3.connectionpool:Resetting dropped connection: api.bloxflip.com
DEBUG:urllib3.connectionpool:https://api.bloxflip.com:443 "GET /games/crash HTTP/1.1" 429 6266
DEBUG:urllib3.connectionpool:Resetting dropped connection: api.bloxflip.com
DEBUG:urllib3.connectionpool:https://api.bloxflip.com:443 "GET /games/crash HTTP/1.1" 200 None
DEBUG:urllib3.connectionpool:https://api.bloxflip.com:443 "GET /games/crash HTTP/1.1" 429 5861
DEBUG:urllib3.connectionpool:Resetting dropped connection: api.bloxflip.com
DEBUG:urllib3.connectionpool:https://api.bloxflip.com:443 "GET /games/crash HTTP/1.1" 403 None
DEBUG:urllib3.connectionpool:https://api.bloxflip.com:443 "GET /games/crash HTTP/1.1" 429 5882
DEBUG:urllib3.connectionpool:Resetting dropped connection: api.bloxflip.com
DEBUG:urllib3.connectionpool:https://api.bloxflip.com:443 "GET /games/crash HTTP/1.1" 200 None
DEBUG:urllib3.connectionpool:https://api.bloxflip.com:443 "GET /games/crash HTTP/1.1" 200 None
DEBUG:urllib3.connectionpool:https://api.bloxflip.com:443 "GET /games/crash HTTP/1.1" 429 5882
DEBUG:urllib3.connectionpool:Resetting dropped connection: api.bloxflip.com
DEBUG:urllib3.connectionpool:https://api.bloxflip.com:443 "GET /games/crash HTTP/1.1" 200 None
DEBUG:urllib3.connectionpool:https://api.bloxflip.com:443 "GET /games/crash HTTP/1.1" 200 None
DEBUG:urllib3.connectionpool:https://api.bloxflip.com:443 "GET /games/crash HTTP/1.1" 429 5882
DEBUG:urllib3.connectionpool:Resetting dropped connection: api.bloxflip.com
DEBUG:urllib3.connectionpool:https://api.bloxflip.com:443 "GET /games/crash HTTP/1.1" 200 None
DEBUG:urllib3.connectionpool:https://api.bloxflip.com:443 "GET /games/crash HTTP/1.1" 200 None
DEBUG:urllib3.connectionpool:https://api.bloxflip.com:443 "GET /games/crash HTTP/1.1" 200 None
DEBUG:urllib3.connectionpool:https://api.bloxflip.com:443 "GET /games/crash HTTP/1.1" 429 5882
DEBUG:urllib3.connectionpool:Resetting dropped connection: api.bloxflip.com
DEBUG:urllib3.connectionpool:https://api.bloxflip.com:443 "GET /games/crash HTTP/1.1" 200 None
DEBUG:urllib3.connectionpool:https://api.bloxflip.com:443 "GET /games/crash HTTP/1.1" 429 5903
DEBUG:urllib3.connectionpool:Resetting dropped connection: api.bloxflip.com
DEBUG:urllib3.connectionpool:https://api.bloxflip.com:443 "GET /games/crash HTTP/1.1" 200 None
DEBUG:urllib3.connectionpool:https://api.bloxflip.com:443 "GET /games/crash HTTP/1.1" 200 None
DEBUG:urllib3.connectionpool:https://api.bloxflip.com:443 "GET /games/crash HTTP/1.1" 429 5880
DEBUG:urllib3.connectionpool:Resetting dropped connection: api.bloxflip.com
DEBUG:urllib3.connectionpool:https://api.bloxflip.com:443 "GET /games/crash HTTP/1.1" 200 None
DEBUG:urllib3.connectionpool:https://api.bloxflip.com:443 "GET /games/crash HTTP/1.1" 200 None
DEBUG:urllib3.connectionpool:https://api.bloxflip.com:443 "GET /games/crash HTTP/1.1" 429 5882
DEBUG:urllib3.connectionpool:Resetting dropped connection: api.bloxflip.com
DEBUG:urllib3.connectionpool:https://api.bloxflip.com:443 "GET /games/crash HTTP/1.1" 200 None
DEBUG:urllib3.connectionpool:https://api.bloxflip.com:443 "GET /games/crash HTTP/1.1" 429 5861
DEBUG:urllib3.connectionpool:Resetting dropped connection: api.bloxflip.com
DEBUG:urllib3.connectionpool:https://api.bloxflip.com:443 "GET /games/crash HTTP/1.1" 200 None
DEBUG:urllib3.connectionpool:https://api.bloxflip.com:443 "GET /games/crash HTTP/1.1" 200 None
DEBUG:urllib3.connectionpool:https://api.bloxflip.com:443 "GET /games/crash HTTP/1.1" 429 5882
DEBUG:urllib3.connectionpool:Resetting dropped connection: api.bloxflip.com
DEBUG:urllib3.connectionpool:https://api.bloxflip.com:443 "GET /games/crash HTTP/1.1" 403 None
DEBUG:urllib3.connectionpool:https://api.bloxflip.com:443 "GET /games/crash HTTP/1.1" 429 5861
DEBUG:urllib3.connectionpool:Resetting dropped connection: api.bloxflip.com
DEBUG:urllib3.connectionpool:https://api.bloxflip.com:443 "GET /games/crash HTTP/1.1" 429 6287
DEBUG:urllib3.connectionpool:Resetting dropped connection: api.bloxflip.com
DEBUG:urllib3.connectionpool:https://api.bloxflip.com:443 "GET /games/crash HTTP/1.1" 429 6266
DEBUG:urllib3.connectionpool:Resetting dropped connection: api.bloxflip.com
DEBUG:urllib3.connectionpool:https://api.bloxflip.com:443 "GET /games/crash HTTP/1.1" 200 None
DEBUG:urllib3.connectionpool:https://api.bloxflip.com:443 "GET /games/crash HTTP/1.1" 200 None
DEBUG:urllib3.connectionpool:https://api.bloxflip.com:443 "GET /games/crash HTTP/1.1" 429 5882
DEBUG:urllib3.connectionpool:Resetting dropped connection: api.bloxflip.com
DEBUG:urllib3.connectionpool:https://api.bloxflip.com:443 "GET /games/crash HTTP/1.1" 403 None
DEBUG:urllib3.connectionpool:https://api.bloxflip.com:443 "GET /games/crash HTTP/1.1" 429 5882
DEBUG:urllib3.connectionpool:Resetting dropped connection: api.bloxflip.com
DEBUG:urllib3.connectionpool:https://api.bloxflip.com:443 "GET /games/crash HTTP/1.1" 200 None
DEBUG:urllib3.connectionpool:https://api.bloxflip.com:443 "GET /games/crash HTTP/1.1" 429 5881
DEBUG:urllib3.connectionpool:Resetting dropped connection: api.bloxflip.com
DEBUG:urllib3.connectionpool:https://api.bloxflip.com:443 "GET /games/crash HTTP/1.1" 200 None
DEBUG:urllib3.connectionpool:https://api.bloxflip.com:443 "GET /games/crash HTTP/1.1" 200 None
DEBUG:urllib3.connectionpool:https://api.bloxflip.com:443 "GET /games/crash HTTP/1.1" 429 5861
DEBUG:urllib3.connectionpool:Resetting dropped connection: api.bloxflip.com
DEBUG:urllib3.connectionpool:https://api.bloxflip.com:443 "GET /games/crash HTTP/1.1" 200 None
DEBUG:urllib3.connectionpool:https://api.bloxflip.com:443 "GET /games/crash HTTP/1.1" 200 None
DEBUG:urllib3.connectionpool:https://api.bloxflip.com:443 "GET /games/crash HTTP/1.1" 429 5882
DEBUG:urllib3.connectionpool:Resetting dropped connection: api.bloxflip.com
DEBUG:urllib3.connectionpool:https://api.bloxflip.com:443 "GET /games/crash HTTP/1.1" 200 None
DEBUG:urllib3.connectionpool:https://api.bloxflip.com:443 "GET /games/crash HTTP/1.1" 200 None
DEBUG:urllib3.connectionpool:https://api.bloxflip.com:443 "GET /games/crash HTTP/1.1" 200 None
DEBUG:urllib3.connectionpool:https://api.bloxflip.com:443 "GET /games/crash HTTP/1.1" 429 5903
DEBUG:urllib3.connectionpool:Resetting dropped connection: api.bloxflip.com
DEBUG:urllib3.connectionpool:https://api.bloxflip.com:443 "GET /games/crash HTTP/1.1" 200 None
DEBUG:urllib3.connectionpool:https://api.bloxflip.com:443 "GET /games/crash HTTP/1.1" 429 5882
DEBUG:urllib3.connectionpool:Resetting dropped connection: api.bloxflip.com
DEBUG:urllib3.connectionpool:https://api.bloxflip.com:443 "GET /games/crash HTTP/1.1" 200 None
DEBUG:urllib3.connectionpool:https://api.bloxflip.com:443 "GET /games/crash HTTP/1.1" 429 5861
DEBUG:urllib3.connectionpool:Resetting dropped connection: api.bloxflip.com
DEBUG:urllib3.connectionpool:https://api.bloxflip.com:443 "GET /games/crash HTTP/1.1" 200 None
DEBUG:urllib3.connectionpool:https://api.bloxflip.com:443 "GET /games/crash HTTP/1.1" 429 5861
DEBUG:urllib3.connectionpool:Resetting dropped connection: api.bloxflip.com
DEBUG:urllib3.connectionpool:https://api.bloxflip.com:443 "GET /games/crash HTTP/1.1" 200 None
DEBUG:urllib3.connectionpool:https://api.bloxflip.com:443 "GET /user HTTP/1.1" 200 None
DEBUG:urllib3.connectionpool:Starting new HTTPS connection (1): discord.com:443
DEBUG:urllib3.connectionpool:https://discord.com:443 "POST /api/webhooks/ HTTP/1.1" 404 40
DEBUG:playsound:Starting
DEBUG:urllib3.connectionpool:Starting new HTTPS connection (1): bfpredictor.repl.co:443
DEBUG:urllib3.connectionpool:https://bfpredictor.repl.co:443 "GET /multiplier HTTP/1.1" 200 18
DEBUG:urllib3.connectionpool:Starting new HTTPS connection (1): discord.com:443
DEBUG:urllib3.connectionpool:https://discord.com:443 "POST /api/webhooks/ HTTP/1.1" 404 40
DEBUG:urllib3.connectionpool:Starting new HTTPS connection (1): discord.com:443
DEBUG:urllib3.connectionpool:https://discord.com:443 "POST /api/webhooks/ HTTP/1.1" 404 40
DEBUG:playsound:Returning
DEBUG:urllib3.connectionpool:https://api.bloxflip.com:443 "GET /games/crash HTTP/1.1" 200 None
DEBUG:urllib3.connectionpool:https://api.bloxflip.com:443 "GET /games/crash HTTP/1.1" 200 None
DEBUG:urllib3.connectionpool:https://api.bloxflip.com:443 "GET /games/crash HTTP/1.1" 200 None
DEBUG:urllib3.connectionpool:https://api.bloxflip.com:443 "GET /games/crash HTTP/1.1" 200 None
DEBUG:urllib3.connectionpool:https://api.bloxflip.com:443 "GET /games/crash HTTP/1.1" 200 None
DEBUG:urllib3.connectionpool:https://api.bloxflip.com:443 "GET /games/crash HTTP/1.1" 403 None
DEBUG:urllib3.connectionpool:https://api.bloxflip.com:443 "GET /games/crash HTTP/1.1" 403 None
DEBUG:urllib3.connectionpool:https://api.bloxflip.com:443 "GET /games/crash HTTP/1.1" 403 None
DEBUG:urllib3.connectionpool:https://api.bloxflip.com:443 "GET /games/crash HTTP/1.1" 403 None
DEBUG:urllib3.connectionpool:https://api.bloxflip.com:443 "GET /games/crash HTTP/1.1" 403 None
DEBUG:urllib3.connectionpool:https://api.bloxflip.com:443 "GET /games/crash HTTP/1.1" 403 None
DEBUG:urllib3.connectionpool:https://api.bloxflip.com:443 "GET /games/crash HTTP/1.1" 403 None
DEBUG:urllib3.connectionpool:https://api.bloxflip.com:443 "GET /games/crash HTTP/1.1" 403 None
DEBUG:urllib3.connectionpool:https://api.bloxflip.com:443 "GET /games/crash HTTP/1.1" 403 None
DEBUG:urllib3.connectionpool:https://api.bloxflip.com:443 "GET /games/crash HTTP/1.1" 403 None
DEBUG:urllib3.connectionpool:https://api.bloxflip.com:443 "GET /games/crash HTTP/1.1" 403 None
DEBUG:urllib3.connectionpool:https://api.bloxflip.com:443 "GET /games/crash HTTP/1.1" 403 None
DEBUG:urllib3.connectionpool:https://api.bloxflip.com:443 "GET /games/crash HTTP/1.1" 403 None
DEBUG:urllib3.connectionpool:https://api.bloxflip.com:443 "GET /games/crash HTTP/1.1" 403 None
DEBUG:urllib3.connectionpool:https://api.bloxflip.com:443 "GET /games/crash HTTP/1.1" 403 None
DEBUG:urllib3.connectionpool:https://api.bloxflip.com:443 "GET /games/crash HTTP/1.1" 403 None
DEBUG:urllib3.connectionpool:https://api.bloxflip.com:443 "GET /games/crash HTTP/1.1" 403 None
DEBUG:urllib3.connectionpool:https://api.bloxflip.com:443 "GET /games/crash HTTP/1.1" 403 None
DEBUG:urllib3.connectionpool:https://api.bloxflip.com:443 "GET /games/crash HTTP/1.1" 403 None
DEBUG:urllib3.connectionpool:https://api.bloxflip.com:443 "GET /games/crash HTTP/1.1" 403 None
DEBUG:urllib3.connectionpool:https://api.bloxflip.com:443 "GET /games/crash HTTP/1.1" 403 None
DEBUG:urllib3.connectionpool:https://api.bloxflip.com:443 "GET /games/crash HTTP/1.1" 403 None
DEBUG:urllib3.connectionpool:https://api.bloxflip.com:443 "GET /games/crash HTTP/1.1" 403 None
DEBUG:urllib3.connectionpool:https://api.bloxflip.com:443 "GET /games/crash HTTP/1.1" 403 None
DEBUG:urllib3.connectionpool:https://api.bloxflip.com:443 "GET /games/crash HTTP/1.1" 403 None
DEBUG:urllib3.connectionpool:https://api.bloxflip.com:443 "GET /games/crash HTTP/1.1" 403 None
DEBUG:urllib3.connectionpool:https://api.bloxflip.com:443 "GET /games/crash HTTP/1.1" 403 None
DEBUG:urllib3.connectionpool:https://api.bloxflip.com:443 "GET /games/crash HTTP/1.1" 403 None
DEBUG:urllib3.connectionpool:https://api.bloxflip.com:443 "GET /games/crash HTTP/1.1" 403 None
DEBUG:urllib3.connectionpool:https://api.bloxflip.com:443 "GET /games/crash HTTP/1.1" 403 None
DEBUG:urllib3.connectionpool:https://api.bloxflip.com:443 "GET /games/crash HTTP/1.1" 403 None
DEBUG:urllib3.connectionpool:https://api.bloxflip.com:443 "GET /games/crash HTTP/1.1" 403 None
DEBUG:urllib3.connectionpool:https://api.bloxflip.com:443 "GET /games/crash HTTP/1.1" 429 5882
DEBUG:urllib3.connectionpool:Resetting dropped connection: api.bloxflip.com
DEBUG:urllib3.connectionpool:https://api.bloxflip.com:443 "GET /games/crash HTTP/1.1" 429 6287
DEBUG:urllib3.connectionpool:Resetting dropped connection: api.bloxflip.com
DEBUG:urllib3.connectionpool:https://api.bloxflip.com:443 "GET /games/crash HTTP/1.1" 429 6287
DEBUG:urllib3.connectionpool:Resetting dropped connection: api.bloxflip.com
DEBUG:urllib3.connectionpool:https://api.bloxflip.com:443 "GET /games/crash HTTP/1.1" 200 None
DEBUG:urllib3.connectionpool:https://api.bloxflip.com:443 "GET /games/crash HTTP/1.1" 200 None
DEBUG:urllib3.connectionpool:https://api.bloxflip.com:443 "GET /games/crash HTTP/1.1" 429 5882
DEBUG:urllib3.connectionpool:Resetting dropped connection: api.bloxflip.com
DEBUG:urllib3.connectionpool:https://api.bloxflip.com:443 "GET /games/crash HTTP/1.1" 200 None
DEBUG:urllib3.connectionpool:https://api.bloxflip.com:443 "GET /games/crash HTTP/1.1" 429 5882
DEBUG:urllib3.connectionpool:Resetting dropped connection: api.bloxflip.com
DEBUG:urllib3.connectionpool:https://api.bloxflip.com:443 "GET /games/crash HTTP/1.1" 200 None
DEBUG:urllib3.connectionpool:https://api.bloxflip.com:443 "GET /games/crash HTTP/1.1" 200 None
DEBUG:urllib3.connectionpool:https://api.bloxflip.com:443 "GET /games/crash HTTP/1.1" 429 5882
DEBUG:urllib3.connectionpool:Resetting dropped connection: api.bloxflip.com
DEBUG:urllib3.connectionpool:https://api.bloxflip.com:443 "GET /games/crash HTTP/1.1" 200 None
DEBUG:urllib3.connectionpool:https://api.bloxflip.com:443 "GET /games/crash HTTP/1.1" 200 None
DEBUG:urllib3.connectionpool:https://api.bloxflip.com:443 "GET /games/crash HTTP/1.1" 429 5882
DEBUG:urllib3.connectionpool:Resetting dropped connection: api.bloxflip.com
DEBUG:urllib3.connectionpool:https://api.bloxflip.com:443 "GET /games/crash HTTP/1.1" 429 6287
DEBUG:urllib3.connectionpool:Resetting dropped connection: api.bloxflip.com
DEBUG:urllib3.connectionpool:https://api.bloxflip.com:443 "GET /games/crash HTTP/1.1" 200 None
DEBUG:urllib3.connectionpool:https://api.bloxflip.com:443 "GET /games/crash HTTP/1.1" 200 None
DEBUG:urllib3.connectionpool:https://api.bloxflip.com:443 "GET /games/crash HTTP/1.1" 429 5882
DEBUG:urllib3.connectionpool:Resetting dropped connection: api.bloxflip.com
DEBUG:urllib3.connectionpool:https://api.bloxflip.com:443 "GET /games/crash HTTP/1.1" 429 6287
DEBUG:urllib3.connectionpool:Resetting dropped connection: api.bloxflip.com
DEBUG:urllib3.connectionpool:https://api.bloxflip.com:443 "GET /games/crash HTTP/1.1" 200 None
DEBUG:urllib3.connectionpool:https://api.bloxflip.com:443 "GET /games/crash HTTP/1.1" 429 5860
DEBUG:urllib3.connectionpool:Resetting dropped connection: api.bloxflip.com
DEBUG:urllib3.connectionpool:https://api.bloxflip.com:443 "GET /games/crash HTTP/1.1" 200 None
DEBUG:urllib3.connectionpool:https://api.bloxflip.com:443 "GET /games/crash HTTP/1.1" 200 None
DEBUG:urllib3.connectionpool:https://api.bloxflip.com:443 "GET /games/crash HTTP/1.1" 429 5861
DEBUG:urllib3.connectionpool:Resetting dropped connection: api.bloxflip.com
DEBUG:urllib3.connectionpool:https://api.bloxflip.com:443 "GET /games/crash HTTP/1.1" 200 None
DEBUG:urllib3.connectionpool:https://api.bloxflip.com:443 "GET /games/crash HTTP/1.1" 403 None
DEBUG:urllib3.connectionpool:https://api.bloxflip.com:443 "GET /games/crash HTTP/1.1" 429 5861
DEBUG:urllib3.connectionpool:Resetting dropped connection: api.bloxflip.com
DEBUG:urllib3.connectionpool:https://api.bloxflip.com:443 "GET /games/crash HTTP/1.1" 200 None
DEBUG:urllib3.connectionpool:https://api.bloxflip.com:443 "GET /games/crash HTTP/1.1" 429 5881
DEBUG:urllib3.connectionpool:Resetting dropped connection: api.bloxflip.com
DEBUG:urllib3.connectionpool:https://api.bloxflip.com:443 "GET /games/crash HTTP/1.1" 200 None
DEBUG:urllib3.connectionpool:https://api.bloxflip.com:443 "GET /games/crash HTTP/1.1" 200 None
DEBUG:urllib3.connectionpool:https://api.bloxflip.com:443 "GET /games/crash HTTP/1.1" 200 None
DEBUG:urllib3.connectionpool:https://api.bloxflip.com:443 "GET /games/crash HTTP/1.1" 429 5882
DEBUG:urllib3.connectionpool:Resetting dropped connection: api.bloxflip.com
DEBUG:urllib3.connectionpool:https://api.bloxflip.com:443 "GET /games/crash HTTP/1.1" 200 None
DEBUG:urllib3.connectionpool:https://api.bloxflip.com:443 "GET /games/crash HTTP/1.1" 429 5882
DEBUG:urllib3.connectionpool:Resetting dropped connection: api.bloxflip.com
DEBUG:urllib3.connectionpool:https://api.bloxflip.com:443 "GET /games/crash HTTP/1.1" 429 6309
DEBUG:urllib3.connectionpool:Resetting dropped connection: api.bloxflip.com
DEBUG:urllib3.connectionpool:https://api.bloxflip.com:443 "GET /games/crash HTTP/1.1" 200 None
DEBUG:urllib3.connectionpool:https://api.bloxflip.com:443 "GET /games/crash HTTP/1.1" 429 5882
DEBUG:urllib3.connectionpool:Resetting dropped connection: api.bloxflip.com
DEBUG:urllib3.connectionpool:https://api.bloxflip.com:443 "GET /games/crash HTTP/1.1" 200 None
DEBUG:urllib3.connectionpool:https://api.bloxflip.com:443 "GET /games/crash HTTP/1.1" 200 None
DEBUG:urllib3.connectionpool:https://api.bloxflip.com:443 "GET /games/crash HTTP/1.1" 429 5882
DEBUG:urllib3.connectionpool:Resetting dropped connection: api.bloxflip.com
DEBUG:urllib3.connectionpool:https://api.bloxflip.com:443 "GET /games/crash HTTP/1.1" 200 None
DEBUG:urllib3.connectionpool:https://api.bloxflip.com:443 "GET /games/crash HTTP/1.1" 429 5882
DEBUG:urllib3.connectionpool:Resetting dropped connection: api.bloxflip.com
DEBUG:urllib3.connectionpool:https://api.bloxflip.com:443 "GET /games/crash HTTP/1.1" 200 None
DEBUG:urllib3.connectionpool:https://api.bloxflip.com:443 "GET /games/crash HTTP/1.1" 429 5861
DEBUG:urllib3.connectionpool:Resetting dropped connection: api.bloxflip.com
DEBUG:urllib3.connectionpool:https://api.bloxflip.com:443 "GET /games/crash HTTP/1.1" 429 6266
DEBUG:urllib3.connectionpool:Resetting dropped connection: api.bloxflip.com
DEBUG:urllib3.connectionpool:https://api.bloxflip.com:443 "GET /games/crash HTTP/1.1" 429 6265
DEBUG:urllib3.connectionpool:Resetting dropped connection: api.bloxflip.com
DEBUG:urllib3.connectionpool:https://api.bloxflip.com:443 "GET /games/crash HTTP/1.1" 429 6287
DEBUG:urllib3.connectionpool:Resetting dropped connection: api.bloxflip.com
DEBUG:urllib3.connectionpool:https://api.bloxflip.com:443 "GET /games/crash HTTP/1.1" 200 None
DEBUG:urllib3.connectionpool:https://api.bloxflip.com:443 "GET /games/crash HTTP/1.1" 200 None
DEBUG:urllib3.connectionpool:https://api.bloxflip.com:443 "GET /games/crash HTTP/1.1" 429 5882
DEBUG:urllib3.connectionpool:Resetting dropped connection: api.bloxflip.com
DEBUG:urllib3.connectionpool:https://api.bloxflip.com:443 "GET /games/crash HTTP/1.1" 200 None
DEBUG:urllib3.connectionpool:https://api.bloxflip.com:443 "GET /games/crash HTTP/1.1" 200 None
DEBUG:urllib3.connectionpool:https://api.bloxflip.com:443 "GET /games/crash HTTP/1.1" 429 5881
DEBUG:urllib3.connectionpool:Resetting dropped connection: api.bloxflip.com
DEBUG:urllib3.connectionpool:https://api.bloxflip.com:443 "GET /games/crash HTTP/1.1" 200 None
DEBUG:urllib3.connectionpool:https://api.bloxflip.com:443 "GET /games/crash HTTP/1.1" 429 5861
DEBUG:urllib3.connectionpool:Resetting dropped connection: api.bloxflip.com
DEBUG:urllib3.connectionpool:https://api.bloxflip.com:443 "GET /games/crash HTTP/1.1" 200 None
DEBUG:urllib3.connectionpool:https://api.bloxflip.com:443 "GET /games/crash HTTP/1.1" 429 5881
DEBUG:urllib3.connectionpool:Resetting dropped connection: api.bloxflip.com
DEBUG:urllib3.connectionpool:https://api.bloxflip.com:443 "GET /games/crash HTTP/1.1" 429 6264
DEBUG:urllib3.connectionpool:Resetting dropped connection: api.bloxflip.com
DEBUG:urllib3.connectionpool:https://api.bloxflip.com:443 "GET /games/crash HTTP/1.1" 200 None
DEBUG:urllib3.connectionpool:https://api.bloxflip.com:443 "GET /games/crash HTTP/1.1" 200 None
DEBUG:urllib3.connectionpool:https://api.bloxflip.com:443 "GET /games/crash HTTP/1.1" 429 5882
DEBUG:urllib3.connectionpool:Resetting dropped connection: api.bloxflip.com
DEBUG:urllib3.connectionpool:https://api.bloxflip.com:443 "GET /games/crash HTTP/1.1" 200 None
DEBUG:urllib3.connectionpool:https://api.bloxflip.com:443 "GET /games/crash HTTP/1.1" 429 5861
DEBUG:urllib3.connectionpool:Resetting dropped connection: api.bloxflip.com
DEBUG:urllib3.connectionpool:https://api.bloxflip.com:443 "GET /games/crash HTTP/1.1" 429 6287
DEBUG:urllib3.connectionpool:Resetting dropped connection: api.bloxflip.com
DEBUG:urllib3.connectionpool:https://api.bloxflip.com:443 "GET /games/crash HTTP/1.1" 200 None
DEBUG:urllib3.connectionpool:https://api.bloxflip.com:443 "GET /games/crash HTTP/1.1" 429 5882
DEBUG:urllib3.connectionpool:Resetting dropped connection: api.bloxflip.com
DEBUG:urllib3.connectionpool:https://api.bloxflip.com:443 "GET /games/crash HTTP/1.1" 429 6287
DEBUG:urllib3.connectionpool:Resetting dropped connection: api.bloxflip.com
DEBUG:urllib3.connectionpool:https://api.bloxflip.com:443 "GET /games/crash HTTP/1.1" 429 6287
DEBUG:urllib3.connectionpool:Resetting dropped connection: api.bloxflip.com
DEBUG:urllib3.connectionpool:https://api.bloxflip.com:443 "GET /games/crash HTTP/1.1" 429 6266
DEBUG:urllib3.connectionpool:Resetting dropped connection: api.bloxflip.com
DEBUG:urllib3.connectionpool:https://api.bloxflip.com:443 "GET /games/crash HTTP/1.1" 429 6266
DEBUG:urllib3.connectionpool:Resetting dropped connection: api.bloxflip.com
DEBUG:urllib3.connectionpool:https://api.bloxflip.com:443 "GET /games/crash HTTP/1.1" 429 6266
DEBUG:urllib3.connectionpool:Resetting dropped connection: api.bloxflip.com
DEBUG:urllib3.connectionpool:https://api.bloxflip.com:443 "GET /games/crash HTTP/1.1" 429 6287
DEBUG:urllib3.connectionpool:Resetting dropped connection: api.bloxflip.com
DEBUG:urllib3.connectionpool:https://api.bloxflip.com:443 "GET /games/crash HTTP/1.1" 429 6287
DEBUG:urllib3.connectionpool:Resetting dropped connection: api.bloxflip.com
DEBUG:urllib3.connectionpool:https://api.bloxflip.com:443 "GET /games/crash HTTP/1.1" 429 6266
DEBUG:urllib3.connectionpool:Resetting dropped connection: api.bloxflip.com
DEBUG:urllib3.connectionpool:https://api.bloxflip.com:443 "GET /games/crash HTTP/1.1" 200 None
DEBUG:urllib3.connectionpool:https://api.bloxflip.com:443 "GET /games/crash HTTP/1.1" 429 5882
DEBUG:urllib3.connectionpool:Resetting dropped connection: api.bloxflip.com
DEBUG:urllib3.connectionpool:https://api.bloxflip.com:443 "GET /games/crash HTTP/1.1" 429 6266
DEBUG:urllib3.connectionpool:Resetting dropped connection: api.bloxflip.com
DEBUG:urllib3.connectionpool:https://api.bloxflip.com:443 "GET /games/crash HTTP/1.1" 429 6266
DEBUG:urllib3.connectionpool:Resetting dropped connection: api.bloxflip.com
DEBUG:urllib3.connectionpool:https://api.bloxflip.com:443 "GET /games/crash HTTP/1.1" 200 None
DEBUG:urllib3.connectionpool:https://api.bloxflip.com:443 "GET /games/crash HTTP/1.1" 200 None
DEBUG:urllib3.connectionpool:https://api.bloxflip.com:443 "GET /games/crash HTTP/1.1" 200 None
DEBUG:urllib3.connectionpool:https://api.bloxflip.com:443 "GET /games/crash HTTP/1.1" 429 5882
DEBUG:urllib3.connectionpool:Resetting dropped connection: api.bloxflip.com
DEBUG:urllib3.connectionpool:https://api.bloxflip.com:443 "GET /games/crash HTTP/1.1" 200 None
DEBUG:urllib3.connectionpool:https://api.bloxflip.com:443 "GET /games/crash HTTP/1.1" 429 5882
DEBUG:urllib3.connectionpool:Resetting dropped connection: api.bloxflip.com
DEBUG:urllib3.connectionpool:https://api.bloxflip.com:443 "GET /games/crash HTTP/1.1" 429 6287
DEBUG:urllib3.connectionpool:Resetting dropped connection: api.bloxflip.com
DEBUG:urllib3.connectionpool:https://api.bloxflip.com:443 "GET /games/crash HTTP/1.1" 429 6266
DEBUG:urllib3.connectionpool:Resetting dropped connection: api.bloxflip.com
DEBUG:urllib3.connectionpool:https://api.bloxflip.com:443 "GET /games/crash HTTP/1.1" 200 None
DEBUG:urllib3.connectionpool:https://api.bloxflip.com:443 "GET /games/crash HTTP/1.1" 429 5882
DEBUG:urllib3.connectionpool:Resetting dropped connection: api.bloxflip.com
DEBUG:urllib3.connectionpool:https://api.bloxflip.com:443 "GET /games/crash HTTP/1.1" 200 None
DEBUG:urllib3.connectionpool:https://api.bloxflip.com:443 "GET /games/crash HTTP/1.1" 200 None
DEBUG:urllib3.connectionpool:https://api.bloxflip.com:443 "GET /games/crash HTTP/1.1" 200 None
DEBUG:urllib3.connectionpool:https://api.bloxflip.com:443 "GET /games/crash HTTP/1.1" 429 5903
DEBUG:urllib3.connectionpool:Resetting dropped connection: api.bloxflip.com
DEBUG:urllib3.connectionpool:https://api.bloxflip.com:443 "GET /games/crash HTTP/1.1" 200 None
DEBUG:urllib3.connectionpool:https://api.bloxflip.com:443 "GET /games/crash HTTP/1.1" 429 5861
DEBUG:urllib3.connectionpool:Resetting dropped connection: api.bloxflip.com
DEBUG:urllib3.connectionpool:https://api.bloxflip.com:443 "GET /games/crash HTTP/1.1" 200 None
DEBUG:urllib3.connectionpool:https://api.bloxflip.com:443 "GET /games/crash HTTP/1.1" 200 None
DEBUG:urllib3.connectionpool:https://api.bloxflip.com:443 "GET /games/crash HTTP/1.1" 429 5882
DEBUG:urllib3.connectionpool:Resetting dropped connection: api.bloxflip.com
DEBUG:urllib3.connectionpool:https://api.bloxflip.com:443 "GET /games/crash HTTP/1.1" 200 None
DEBUG:urllib3.connectionpool:https://api.bloxflip.com:443 "GET /games/crash HTTP/1.1" 200 None
DEBUG:urllib3.connectionpool:https://api.bloxflip.com:443 "GET /games/crash HTTP/1.1" 429 5882
DEBUG:urllib3.connectionpool:Resetting dropped connection: api.bloxflip.com
DEBUG:urllib3.connectionpool:https://api.bloxflip.com:443 "GET /games/crash HTTP/1.1" 200 None
DEBUG:urllib3.connectionpool:https://api.bloxflip.com:443 "GET /games/crash HTTP/1.1" 200 None
DEBUG:urllib3.connectionpool:https://api.bloxflip.com:443 "GET /games/crash HTTP/1.1" 429 5861
DEBUG:urllib3.connectionpool:Resetting dropped connection: api.bloxflip.com
DEBUG:urllib3.connectionpool:https://api.bloxflip.com:443 "GET /games/crash HTTP/1.1" 200 None
DEBUG:urllib3.connectionpool:https://api.bloxflip.com:443 "GET /games/crash HTTP/1.1" 200 None
DEBUG:urllib3.connectionpool:https://api.bloxflip.com:443 "GET /games/crash HTTP/1.1" 429 5861
DEBUG:urllib3.connectionpool:Resetting dropped connection: api.bloxflip.com
DEBUG:urllib3.connectionpool:https://api.bloxflip.com:443 "GET /games/crash HTTP/1.1" 200 None
DEBUG:urllib3.connectionpool:https://api.bloxflip.com:443 "GET /games/crash HTTP/1.1" 429 5881
DEBUG:urllib3.connectionpool:Resetting dropped connection: api.bloxflip.com
DEBUG:urllib3.connectionpool:https://api.bloxflip.com:443 "GET /games/crash HTTP/1.1" 200 None
DEBUG:urllib3.connectionpool:https://api.bloxflip.com:443 "GET /games/crash HTTP/1.1" 200 None
DEBUG:urllib3.connectionpool:https://api.bloxflip.com:443 "GET /games/crash HTTP/1.1" 429 5882
DEBUG:urllib3.connectionpool:Resetting dropped connection: api.bloxflip.com
DEBUG:urllib3.connectionpool:https://api.bloxflip.com:443 "GET /games/crash HTTP/1.1" 200 None
DEBUG:urllib3.connectionpool:https://api.bloxflip.com:443 "GET /games/crash HTTP/1.1" 429 5882
DEBUG:urllib3.connectionpool:Resetting dropped connection: api.bloxflip.com
DEBUG:urllib3.connectionpool:https://api.bloxflip.com:443 "GET /games/crash HTTP/1.1" 200 None
DEBUG:urllib3.connectionpool:https://api.bloxflip.com:443 "GET /games/crash HTTP/1.1" 429 5882
DEBUG:urllib3.connectionpool:Resetting dropped connection: api.bloxflip.com
DEBUG:urllib3.connectionpool:https://api.bloxflip.com:443 "GET /games/crash HTTP/1.1" 429 6287
DEBUG:urllib3.connectionpool:Resetting dropped connection: api.bloxflip.com
DEBUG:urllib3.connectionpool:https://api.bloxflip.com:443 "GET /games/crash HTTP/1.1" 429 6287
DEBUG:urllib3.connectionpool:Resetting dropped connection: api.bloxflip.com
DEBUG:urllib3.connectionpool:https://api.bloxflip.com:443 "GET /games/crash HTTP/1.1" 429 6287
DEBUG:urllib3.connectionpool:Resetting dropped connection: api.bloxflip.com
DEBUG:urllib3.connectionpool:https://api.bloxflip.com:443 "GET /games/crash HTTP/1.1" 429 6266
DEBUG:urllib3.connectionpool:Resetting dropped connection: api.bloxflip.com
DEBUG:urllib3.connectionpool:https://api.bloxflip.com:443 "GET /games/crash HTTP/1.1" 200 None
DEBUG:urllib3.connectionpool:https://api.bloxflip.com:443 "GET /games/crash HTTP/1.1" 429 5882
DEBUG:urllib3.connectionpool:Resetting dropped connection: api.bloxflip.com
DEBUG:urllib3.connectionpool:https://api.bloxflip.com:443 "GET /games/crash HTTP/1.1" 200 None
DEBUG:urllib3.connectionpool:https://api.bloxflip.com:443 "GET /games/crash HTTP/1.1" 200 None
DEBUG:urllib3.connectionpool:https://api.bloxflip.com:443 "GET /games/crash HTTP/1.1" 429 5861
DEBUG:urllib3.connectionpool:Resetting dropped connection: api.bloxflip.com
DEBUG:urllib3.connectionpool:https://api.bloxflip.com:443 "GET /games/crash HTTP/1.1" 200 None
DEBUG:urllib3.connectionpool:https://api.bloxflip.com:443 "GET /games/crash HTTP/1.1" 429 5861
DEBUG:urllib3.connectionpool:Resetting dropped connection: api.bloxflip.com
DEBUG:urllib3.connectionpool:https://api.bloxflip.com:443 "GET /games/crash HTTP/1.1" 429 6266
DEBUG:urllib3.connectionpool:Resetting dropped connection: api.bloxflip.com
DEBUG:urllib3.connectionpool:https://api.bloxflip.com:443 "GET /games/crash HTTP/1.1" 429 6287
DEBUG:urllib3.connectionpool:Resetting dropped connection: api.bloxflip.com
DEBUG:urllib3.connectionpool:https://api.bloxflip.com:443 "GET /games/crash HTTP/1.1" 200 None
DEBUG:urllib3.connectionpool:https://api.bloxflip.com:443 "GET /games/crash HTTP/1.1" 200 None
DEBUG:urllib3.connectionpool:https://api.bloxflip.com:443 "GET /games/crash HTTP/1.1" 429 5882
DEBUG:urllib3.connectionpool:Resetting dropped connection: api.bloxflip.com
DEBUG:urllib3.connectionpool:https://api.bloxflip.com:443 "GET /games/crash HTTP/1.1" 200 None
DEBUG:urllib3.connectionpool:https://api.bloxflip.com:443 "GET /games/crash HTTP/1.1" 429 5882
DEBUG:urllib3.connectionpool:Resetting dropped connection: api.bloxflip.com
DEBUG:urllib3.connectionpool:https://api.bloxflip.com:443 "GET /games/crash HTTP/1.1" 200 None
DEBUG:urllib3.connectionpool:https://api.bloxflip.com:443 "GET /games/crash HTTP/1.1" 200 None
DEBUG:urllib3.connectionpool:https://api.bloxflip.com:443 "GET /games/crash HTTP/1.1" 429 5881
DEBUG:urllib3.connectionpool:Resetting dropped connection: api.bloxflip.com
DEBUG:urllib3.connectionpool:https://api.bloxflip.com:443 "GET /games/crash HTTP/1.1" 429 6287
DEBUG:urllib3.connectionpool:Resetting dropped connection: api.bloxflip.com
DEBUG:urllib3.connectionpool:https://api.bloxflip.com:443 "GET /games/crash HTTP/1.1" 429 6287
DEBUG:urllib3.connectionpool:Resetting dropped connection: api.bloxflip.com
DEBUG:urllib3.connectionpool:https://api.bloxflip.com:443 "GET /games/crash HTTP/1.1" 429 6287
DEBUG:urllib3.connectionpool:Resetting dropped connection: api.bloxflip.com
DEBUG:urllib3.connectionpool:https://api.bloxflip.com:443 "GET /games/crash HTTP/1.1" 200 None
DEBUG:urllib3.connectionpool:https://api.bloxflip.com:443 "GET /games/crash HTTP/1.1" 429 5882
DEBUG:urllib3.connectionpool:Resetting dropped connection: api.bloxflip.com
DEBUG:urllib3.connectionpool:https://api.bloxflip.com:443 "GET /games/crash HTTP/1.1" 200 None
DEBUG:urllib3.connectionpool:https://api.bloxflip.com:443 "GET /games/crash HTTP/1.1" 200 None
DEBUG:urllib3.connectionpool:https://api.bloxflip.com:443 "GET /games/crash HTTP/1.1" 429 5882
DEBUG:urllib3.connectionpool:Resetting dropped connection: api.bloxflip.com
DEBUG:urllib3.connectionpool:https://api.bloxflip.com:443 "GET /games/crash HTTP/1.1" 403 None
DEBUG:urllib3.connectionpool:https://api.bloxflip.com:443 "GET /games/crash HTTP/1.1" 429 5861
DEBUG:urllib3.connectionpool:Resetting dropped connection: api.bloxflip.com
DEBUG:urllib3.connectionpool:https://api.bloxflip.com:443 "GET /games/crash HTTP/1.1" 200 None
DEBUG:urllib3.connectionpool:https://api.bloxflip.com:443 "GET /games/crash HTTP/1.1" 200 None
DEBUG:urllib3.connectionpool:https://api.bloxflip.com:443 "GET /games/crash HTTP/1.1" 429 5882
DEBUG:urllib3.connectionpool:Resetting dropped connection: api.bloxflip.com
DEBUG:urllib3.connectionpool:https://api.bloxflip.com:443 "GET /games/crash HTTP/1.1" 200 None
DEBUG:urllib3.connectionpool:https://api.bloxflip.com:443 "GET /games/crash HTTP/1.1" 429 5882
DEBUG:urllib3.connectionpool:Resetting dropped connection: api.bloxflip.com
DEBUG:urllib3.connectionpool:https://api.bloxflip.com:443 "GET /games/crash HTTP/1.1" 200 None
DEBUG:urllib3.connectionpool:https://api.bloxflip.com:443 "GET /games/crash HTTP/1.1" 200 None
DEBUG:urllib3.connectionpool:https://api.bloxflip.com:443 "GET /games/crash HTTP/1.1" 429 5882
DEBUG:urllib3.connectionpool:Resetting dropped connection: api.bloxflip.com
DEBUG:urllib3.connectionpool:https://api.bloxflip.com:443 "GET /games/crash HTTP/1.1" 429 6266
DEBUG:urllib3.connectionpool:Resetting dropped connection: api.bloxflip.com
DEBUG:urllib3.connectionpool:https://api.bloxflip.com:443 "GET /games/crash HTTP/1.1" 429 6287
DEBUG:urllib3.connectionpool:Resetting dropped connection: api.bloxflip.com
DEBUG:urllib3.connectionpool:https://api.bloxflip.com:443 "GET /games/crash HTTP/1.1" 429 6287
DEBUG:urllib3.connectionpool:Resetting dropped connection: api.bloxflip.com
DEBUG:urllib3.connectionpool:https://api.bloxflip.com:443 "GET /games/crash HTTP/1.1" 200 None
DEBUG:urllib3.connectionpool:https://api.bloxflip.com:443 "GET /games/crash HTTP/1.1" 200 None
DEBUG:urllib3.connectionpool:https://api.bloxflip.com:443 "GET /games/crash HTTP/1.1" 429 5882
DEBUG:urllib3.connectionpool:Resetting dropped connection: api.bloxflip.com
DEBUG:urllib3.connectionpool:https://api.bloxflip.com:443 "GET /games/crash HTTP/1.1" 403 None
DEBUG:urllib3.connectionpool:https://api.bloxflip.com:443 "GET /games/crash HTTP/1.1" 429 5882
DEBUG:urllib3.connectionpool:Resetting dropped connection: api.bloxflip.com
DEBUG:urllib3.connectionpool:https://api.bloxflip.com:443 "GET /games/crash HTTP/1.1" 403 None
DEBUG:urllib3.connectionpool:https://api.bloxflip.com:443 "GET /games/crash HTTP/1.1" 429 5882
DEBUG:urllib3.connectionpool:Resetting dropped connection: api.bloxflip.com
DEBUG:urllib3.connectionpool:https://api.bloxflip.com:443 "GET /games/crash HTTP/1.1" 200 None
DEBUG:urllib3.connectionpool:https://api.bloxflip.com:443 "GET /games/crash HTTP/1.1" 429 5882
DEBUG:urllib3.connectionpool:Resetting dropped connection: api.bloxflip.com
DEBUG:urllib3.connectionpool:https://api.bloxflip.com:443 "GET /games/crash HTTP/1.1" 200 None
DEBUG:urllib3.connectionpool:https://api.bloxflip.com:443 "GET /games/crash HTTP/1.1" 429 5882
DEBUG:urllib3.connectionpool:Resetting dropped connection: api.bloxflip.com
DEBUG:urllib3.connectionpool:https://api.bloxflip.com:443 "GET /games/crash HTTP/1.1" 200 None
DEBUG:urllib3.connectionpool:https://api.bloxflip.com:443 "GET /games/crash HTTP/1.1" 200 None
DEBUG:urllib3.connectionpool:https://api.bloxflip.com:443 "GET /games/crash HTTP/1.1" 429 5861
DEBUG:urllib3.connectionpool:Resetting dropped connection: api.bloxflip.com
DEBUG:urllib3.connectionpool:https://api.bloxflip.com:443 "GET /games/crash HTTP/1.1" 429 6287
DEBUG:urllib3.connectionpool:Resetting dropped connection: api.bloxflip.com
DEBUG:urllib3.connectionpool:https://api.bloxflip.com:443 "GET /games/crash HTTP/1.1" 200 None
DEBUG:urllib3.connectionpool:https://api.bloxflip.com:443 "GET /games/crash HTTP/1.1" 200 None
DEBUG:urllib3.connectionpool:https://api.bloxflip.com:443 "GET /games/crash HTTP/1.1" 429 5882
DEBUG:urllib3.connectionpool:Resetting dropped connection: api.bloxflip.com
DEBUG:urllib3.connectionpool:https://api.bloxflip.com:443 "GET /games/crash HTTP/1.1" 429 6287
DEBUG:urllib3.connectionpool:Resetting dropped connection: api.bloxflip.com
DEBUG:urllib3.connectionpool:https://api.bloxflip.com:443 "GET /games/crash HTTP/1.1" 429 6287
DEBUG:urllib3.connectionpool:Resetting dropped connection: api.bloxflip.com
DEBUG:urllib3.connectionpool:https://api.bloxflip.com:443 "GET /games/crash HTTP/1.1" 429 6266
DEBUG:urllib3.connectionpool:Resetting dropped connection: api.bloxflip.com
DEBUG:urllib3.connectionpool:https://api.bloxflip.com:443 "GET /games/crash HTTP/1.1" 429 6287
DEBUG:urllib3.connectionpool:Resetting dropped connection: api.bloxflip.com
DEBUG:urllib3.connectionpool:https://api.bloxflip.com:443 "GET /games/crash HTTP/1.1" 200 None
DEBUG:urllib3.connectionpool:https://api.bloxflip.com:443 "GET /games/crash HTTP/1.1" 429 5882
DEBUG:urllib3.connectionpool:Resetting dropped connection: api.bloxflip.com
DEBUG:urllib3.connectionpool:https://api.bloxflip.com:443 "GET /games/crash HTTP/1.1" 200 None
DEBUG:urllib3.connectionpool:https://api.bloxflip.com:443 "GET /games/crash HTTP/1.1" 429 5882
DEBUG:urllib3.connectionpool:Resetting dropped connection: api.bloxflip.com
DEBUG:urllib3.connectionpool:https://api.bloxflip.com:443 "GET /games/crash HTTP/1.1" 200 None
DEBUG:urllib3.connectionpool:https://api.bloxflip.com:443 "GET /games/crash HTTP/1.1" 200 None
DEBUG:urllib3.connectionpool:https://api.bloxflip.com:443 "GET /games/crash HTTP/1.1" 200 None
DEBUG:urllib3.connectionpool:https://api.bloxflip.com:443 "GET /games/crash HTTP/1.1" 429 5882
DEBUG:urllib3.connectionpool:Resetting dropped connection: api.bloxflip.com
DEBUG:urllib3.connectionpool:https://api.bloxflip.com:443 "GET /games/crash HTTP/1.1" 200 None
DEBUG:urllib3.connectionpool:https://api.bloxflip.com:443 "GET /games/crash HTTP/1.1" 429 5882
DEBUG:urllib3.connectionpool:Resetting dropped connection: api.bloxflip.com
DEBUG:urllib3.connectionpool:https://api.bloxflip.com:443 "GET /games/crash HTTP/1.1" 200 None
DEBUG:urllib3.connectionpool:https://api.bloxflip.com:443 "GET /games/crash HTTP/1.1" 429 5882
DEBUG:urllib3.connectionpool:Resetting dropped connection: api.bloxflip.com
DEBUG:urllib3.connectionpool:https://api.bloxflip.com:443 "GET /games/crash HTTP/1.1" 200 None
DEBUG:urllib3.connectionpool:https://api.bloxflip.com:443 "GET /games/crash HTTP/1.1" 200 None
DEBUG:urllib3.connectionpool:https://api.bloxflip.com:443 "GET /games/crash HTTP/1.1" 429 5861
DEBUG:urllib3.connectionpool:Resetting dropped connection: api.bloxflip.com
DEBUG:urllib3.connectionpool:https://api.bloxflip.com:443 "GET /games/crash HTTP/1.1" 200 None
DEBUG:urllib3.connectionpool:https://api.bloxflip.com:443 "GET /games/crash HTTP/1.1" 429 5882
DEBUG:urllib3.connectionpool:Resetting dropped connection: api.bloxflip.com
DEBUG:urllib3.connectionpool:https://api.bloxflip.com:443 "GET /games/crash HTTP/1.1" 200 None
DEBUG:urllib3.connectionpool:https://api.bloxflip.com:443 "GET /games/crash HTTP/1.1" 429 5882
DEBUG:urllib3.connectionpool:Resetting dropped connection: api.bloxflip.com
DEBUG:urllib3.connectionpool:https://api.bloxflip.com:443 "GET /games/crash HTTP/1.1" 200 None
DEBUG:urllib3.connectionpool:https://api.bloxflip.com:443 "GET /games/crash HTTP/1.1" 429 5882
DEBUG:urllib3.connectionpool:Resetting dropped connection: api.bloxflip.com
DEBUG:urllib3.connectionpool:https://api.bloxflip.com:443 "GET /games/crash HTTP/1.1" 200 None
DEBUG:urllib3.connectionpool:https://api.bloxflip.com:443 "GET /games/crash HTTP/1.1" 200 None
DEBUG:urllib3.connectionpool:https://api.bloxflip.com:443 "GET /games/crash HTTP/1.1" 429 5861
DEBUG:urllib3.connectionpool:Resetting dropped connection: api.bloxflip.com
DEBUG:urllib3.connectionpool:https://api.bloxflip.com:443 "GET /games/crash HTTP/1.1" 200 None
DEBUG:urllib3.connectionpool:https://api.bloxflip.com:443 "GET /games/crash HTTP/1.1" 429 5882
DEBUG:urllib3.connectionpool:Resetting dropped connection: api.bloxflip.com
DEBUG:urllib3.connectionpool:https://api.bloxflip.com:443 "GET /games/crash HTTP/1.1" 200 None
DEBUG:urllib3.connectionpool:https://api.bloxflip.com:443 "GET /games/crash HTTP/1.1" 429 5860
DEBUG:urllib3.connectionpool:Resetting dropped connection: api.bloxflip.com
DEBUG:urllib3.connectionpool:https://api.bloxflip.com:443 "GET /games/crash HTTP/1.1" 200 None
DEBUG:urllib3.connectionpool:https://api.bloxflip.com:443 "GET /games/crash HTTP/1.1" 200 None
DEBUG:urllib3.connectionpool:https://api.bloxflip.com:443 "GET /games/crash HTTP/1.1" 429 5882
DEBUG:urllib3.connectionpool:Resetting dropped connection: api.bloxflip.com
DEBUG:urllib3.connectionpool:https://api.bloxflip.com:443 "GET /games/crash HTTP/1.1" 200 None
DEBUG:urllib3.connectionpool:https://api.bloxflip.com:443 "GET /games/crash HTTP/1.1" 200 None
DEBUG:urllib3.connectionpool:https://api.bloxflip.com:443 "GET /games/crash HTTP/1.1" 429 5882
DEBUG:urllib3.connectionpool:Resetting dropped connection: api.bloxflip.com
DEBUG:urllib3.connectionpool:https://api.bloxflip.com:443 "GET /games/crash HTTP/1.1" 429 6287
DEBUG:urllib3.connectionpool:Resetting dropped connection: api.bloxflip.com
DEBUG:urllib3.connectionpool:https://api.bloxflip.com:443 "GET /games/crash HTTP/1.1" 200 None
DEBUG:urllib3.connectionpool:https://api.bloxflip.com:443 "GET /games/crash HTTP/1.1" 200 None
DEBUG:urllib3.connectionpool:https://api.bloxflip.com:443 "GET /games/crash HTTP/1.1" 429 5882
DEBUG:urllib3.connectionpool:Resetting dropped connection: api.bloxflip.com
DEBUG:urllib3.connectionpool:https://api.bloxflip.com:443 "GET /games/crash HTTP/1.1" 200 None
DEBUG:urllib3.connectionpool:https://api.bloxflip.com:443 "GET /games/crash HTTP/1.1" 429 5882
DEBUG:urllib3.connectionpool:Resetting dropped connection: api.bloxflip.com
DEBUG:urllib3.connectionpool:https://api.bloxflip.com:443 "GET /games/crash HTTP/1.1" 200 None
DEBUG:urllib3.connectionpool:https://api.bloxflip.com:443 "GET /games/crash HTTP/1.1" 429 5861
DEBUG:urllib3.connectionpool:Resetting dropped connection: api.bloxflip.com
DEBUG:urllib3.connectionpool:https://api.bloxflip.com:443 "GET /games/crash HTTP/1.1" 429 6286
DEBUG:urllib3.connectionpool:Resetting dropped connection: api.bloxflip.com
DEBUG:urllib3.connectionpool:https://api.bloxflip.com:443 "GET /games/crash HTTP/1.1" 200 None
DEBUG:urllib3.connectionpool:https://api.bloxflip.com:443 "GET /games/crash HTTP/1.1" 429 5882
DEBUG:urllib3.connectionpool:Resetting dropped connection: api.bloxflip.com
DEBUG:urllib3.connectionpool:https://api.bloxflip.com:443 "GET /games/crash HTTP/1.1" 429 6266
DEBUG:urllib3.connectionpool:Resetting dropped connection: api.bloxflip.com
DEBUG:urllib3.connectionpool:https://api.bloxflip.com:443 "GET /games/crash HTTP/1.1" 429 6287
DEBUG:urllib3.connectionpool:Resetting dropped connection: api.bloxflip.com
DEBUG:urllib3.connectionpool:https://api.bloxflip.com:443 "GET /games/crash HTTP/1.1" 200 None
DEBUG:urllib3.connectionpool:https://api.bloxflip.com:443 "GET /games/crash HTTP/1.1" 200 None
DEBUG:urllib3.connectionpool:https://api.bloxflip.com:443 "GET /games/crash HTTP/1.1" 429 5882
DEBUG:urllib3.connectionpool:Resetting dropped connection: api.bloxflip.com
DEBUG:urllib3.connectionpool:https://api.bloxflip.com:443 "GET /games/crash HTTP/1.1" 200 None
DEBUG:urllib3.connectionpool:https://api.bloxflip.com:443 "GET /games/crash HTTP/1.1" 429 5861
DEBUG:urllib3.connectionpool:Resetting dropped connection: api.bloxflip.com
DEBUG:urllib3.connectionpool:https://api.bloxflip.com:443 "GET /games/crash HTTP/1.1" 403 None
DEBUG:urllib3.connectionpool:https://api.bloxflip.com:443 "GET /games/crash HTTP/1.1" 429 5882
DEBUG:urllib3.connectionpool:Resetting dropped connection: api.bloxflip.com
DEBUG:urllib3.connectionpool:https://api.bloxflip.com:443 "GET /games/crash HTTP/1.1" 200 None
DEBUG:urllib3.connectionpool:https://api.bloxflip.com:443 "GET /games/crash HTTP/1.1" 200 None
DEBUG:urllib3.connectionpool:https://api.bloxflip.com:443 "GET /games/crash HTTP/1.1" 429 5881
DEBUG:urllib3.connectionpool:Resetting dropped connection: api.bloxflip.com
DEBUG:urllib3.connectionpool:https://api.bloxflip.com:443 "GET /games/crash HTTP/1.1" 200 None
DEBUG:urllib3.connectionpool:https://api.bloxflip.com:443 "GET /games/crash HTTP/1.1" 200 None
DEBUG:urllib3.connectionpool:https://api.bloxflip.com:443 "GET /games/crash HTTP/1.1" 429 5861
DEBUG:urllib3.connectionpool:Resetting dropped connection: api.bloxflip.com
DEBUG:urllib3.connectionpool:https://api.bloxflip.com:443 "GET /games/crash HTTP/1.1" 200 None
DEBUG:urllib3.connectionpool:https://api.bloxflip.com:443 "GET /games/crash HTTP/1.1" 429 5903
DEBUG:urllib3.connectionpool:Resetting dropped connection: api.bloxflip.com
DEBUG:urllib3.connectionpool:https://api.bloxflip.com:443 "GET /games/crash HTTP/1.1" 429 6286
DEBUG:urllib3.connectionpool:Resetting dropped connection: api.bloxflip.com
DEBUG:urllib3.connectionpool:https://api.bloxflip.com:443 "GET /games/crash HTTP/1.1" 403 None
DEBUG:urllib3.connectionpool:https://api.bloxflip.com:443 "GET /games/crash HTTP/1.1" 429 5882
DEBUG:urllib3.connectionpool:Resetting dropped connection: api.bloxflip.com
DEBUG:urllib3.connectionpool:https://api.bloxflip.com:443 "GET /games/crash HTTP/1.1" 429 6287
DEBUG:urllib3.connectionpool:Resetting dropped connection: api.bloxflip.com
DEBUG:urllib3.connectionpool:https://api.bloxflip.com:443 "GET /games/crash HTTP/1.1" 200 None
DEBUG:urllib3.connectionpool:https://api.bloxflip.com:443 "GET /games/crash HTTP/1.1" 429 5861
DEBUG:urllib3.connectionpool:Resetting dropped connection: api.bloxflip.com
DEBUG:urllib3.connectionpool:https://api.bloxflip.com:443 "GET /games/crash HTTP/1.1" 403 None
DEBUG:urllib3.connectionpool:https://api.bloxflip.com:443 "GET /games/crash HTTP/1.1" 429 5882
DEBUG:urllib3.connectionpool:Resetting dropped connection: api.bloxflip.com
DEBUG:urllib3.connectionpool:https://api.bloxflip.com:443 "GET /games/crash HTTP/1.1" 200 None
DEBUG:urllib3.connectionpool:https://api.bloxflip.com:443 "GET /games/crash HTTP/1.1" 429 5882
DEBUG:urllib3.connectionpool:Resetting dropped connection: api.bloxflip.com
DEBUG:urllib3.connectionpool:https://api.bloxflip.com:443 "GET /games/crash HTTP/1.1" 403 None
DEBUG:urllib3.connectionpool:https://api.bloxflip.com:443 "GET /games/crash HTTP/1.1" 429 5881
DEBUG:urllib3.connectionpool:Resetting dropped connection: api.bloxflip.com
DEBUG:urllib3.connectionpool:https://api.bloxflip.com:443 "GET /games/crash HTTP/1.1" 200 None
DEBUG:urllib3.connectionpool:https://api.bloxflip.com:443 "GET /games/crash HTTP/1.1" 429 5861
DEBUG:urllib3.connectionpool:Resetting dropped connection: api.bloxflip.com
DEBUG:urllib3.connectionpool:https://api.bloxflip.com:443 "GET /games/crash HTTP/1.1" 200 None
DEBUG:urllib3.connectionpool:https://api.bloxflip.com:443 "GET /games/crash HTTP/1.1" 200 None
DEBUG:urllib3.connectionpool:https://api.bloxflip.com:443 "GET /games/crash HTTP/1.1" 429 5882
DEBUG:urllib3.connectionpool:Resetting dropped connection: api.bloxflip.com
DEBUG:urllib3.connectionpool:https://api.bloxflip.com:443 "GET /games/crash HTTP/1.1" 200 None
DEBUG:urllib3.connectionpool:https://api.bloxflip.com:443 "GET /games/crash HTTP/1.1" 429 5882
DEBUG:urllib3.connectionpool:Resetting dropped connection: api.bloxflip.com
DEBUG:urllib3.connectionpool:https://api.bloxflip.com:443 "GET /games/crash HTTP/1.1" 200 None
DEBUG:urllib3.connectionpool:https://api.bloxflip.com:443 "GET /games/crash HTTP/1.1" 429 5881
DEBUG:urllib3.connectionpool:Resetting dropped connection: api.bloxflip.com
DEBUG:urllib3.connectionpool:https://api.bloxflip.com:443 "GET /games/crash HTTP/1.1" 200 None
DEBUG:urllib3.connectionpool:https://api.bloxflip.com:443 "GET /games/crash HTTP/1.1" 200 None
DEBUG:urllib3.connectionpool:https://api.bloxflip.com:443 "GET /games/crash HTTP/1.1" 429 5859
DEBUG:urllib3.connectionpool:Resetting dropped connection: api.bloxflip.com
DEBUG:urllib3.connectionpool:https://api.bloxflip.com:443 "GET /games/crash HTTP/1.1" 200 None
DEBUG:urllib3.connectionpool:https://api.bloxflip.com:443 "GET /games/crash HTTP/1.1" 200 None
DEBUG:urllib3.connectionpool:https://api.bloxflip.com:443 "GET /games/crash HTTP/1.1" 429 5882
DEBUG:urllib3.connectionpool:Resetting dropped connection: api.bloxflip.com
DEBUG:urllib3.connectionpool:https://api.bloxflip.com:443 "GET /games/crash HTTP/1.1" 200 None
DEBUG:urllib3.connectionpool:https://api.bloxflip.com:443 "GET /games/crash HTTP/1.1" 429 5861
DEBUG:urllib3.connectionpool:Resetting dropped connection: api.bloxflip.com
DEBUG:urllib3.connectionpool:https://api.bloxflip.com:443 "GET /games/crash HTTP/1.1" 429 6266
DEBUG:urllib3.connectionpool:Resetting dropped connection: api.bloxflip.com
DEBUG:urllib3.connectionpool:https://api.bloxflip.com:443 "GET /games/crash HTTP/1.1" 200 None
DEBUG:urllib3.connectionpool:https://api.bloxflip.com:443 "GET /games/crash HTTP/1.1" 429 5881
DEBUG:urllib3.connectionpool:Resetting dropped connection: api.bloxflip.com
DEBUG:urllib3.connectionpool:https://api.bloxflip.com:443 "GET /games/crash HTTP/1.1" 200 None
DEBUG:urllib3.connectionpool:https://api.bloxflip.com:443 "GET /games/crash HTTP/1.1" 200 None
DEBUG:urllib3.connectionpool:https://api.bloxflip.com:443 "GET /games/crash HTTP/1.1" 429 5882
DEBUG:urllib3.connectionpool:Resetting dropped connection: api.bloxflip.com
DEBUG:urllib3.connectionpool:https://api.bloxflip.com:443 "GET /games/crash HTTP/1.1" 403 None
DEBUG:urllib3.connectionpool:https://api.bloxflip.com:443 "GET /games/crash HTTP/1.1" 429 5882
DEBUG:urllib3.connectionpool:Resetting dropped connection: api.bloxflip.com
DEBUG:urllib3.connectionpool:https://api.bloxflip.com:443 "GET /games/crash HTTP/1.1" 403 None
DEBUG:urllib3.connectionpool:https://api.bloxflip.com:443 "GET /games/crash HTTP/1.1" 429 5882
DEBUG:urllib3.connectionpool:Resetting dropped connection: api.bloxflip.com
DEBUG:urllib3.connectionpool:https://api.bloxflip.com:443 "GET /games/crash HTTP/1.1" 200 None
DEBUG:urllib3.connectionpool:https://api.bloxflip.com:443 "GET /games/crash HTTP/1.1" 200 None
DEBUG:urllib3.connectionpool:https://api.bloxflip.com:443 "GET /games/crash HTTP/1.1" 429 5882
DEBUG:urllib3.connectionpool:Resetting dropped connection: api.bloxflip.com
DEBUG:urllib3.connectionpool:https://api.bloxflip.com:443 "GET /games/crash HTTP/1.1" 200 None
DEBUG:urllib3.connectionpool:https://api.bloxflip.com:443 "GET /games/crash HTTP/1.1" 200 None
DEBUG:urllib3.connectionpool:https://api.bloxflip.com:443 "GET /games/crash HTTP/1.1" 429 5882
DEBUG:urllib3.connectionpool:Resetting dropped connection: api.bloxflip.com
DEBUG:urllib3.connectionpool:https://api.bloxflip.com:443 "GET /games/crash HTTP/1.1" 429 6266
DEBUG:urllib3.connectionpool:Resetting dropped connection: api.bloxflip.com
DEBUG:urllib3.connectionpool:https://api.bloxflip.com:443 "GET /games/crash HTTP/1.1" 403 None
DEBUG:urllib3.connectionpool:https://api.bloxflip.com:443 "GET /games/crash HTTP/1.1" 429 5882
DEBUG:urllib3.connectionpool:Resetting dropped connection: api.bloxflip.com
DEBUG:urllib3.connectionpool:https://api.bloxflip.com:443 "GET /games/crash HTTP/1.1" 200 None
DEBUG:urllib3.connectionpool:https://api.bloxflip.com:443 "GET /games/crash HTTP/1.1" 429 5882
DEBUG:urllib3.connectionpool:Resetting dropped connection: api.bloxflip.com
DEBUG:urllib3.connectionpool:https://api.bloxflip.com:443 "GET /games/crash HTTP/1.1" 200 None
DEBUG:urllib3.connectionpool:https://api.bloxflip.com:443 "GET /games/crash HTTP/1.1" 200 None
DEBUG:urllib3.connectionpool:https://api.bloxflip.com:443 "GET /games/crash HTTP/1.1" 429 5882
DEBUG:urllib3.connectionpool:Resetting dropped connection: api.bloxflip.com
DEBUG:urllib3.connectionpool:https://api.bloxflip.com:443 "GET /games/crash HTTP/1.1" 200 None
DEBUG:urllib3.connectionpool:https://api.bloxflip.com:443 "GET /games/crash HTTP/1.1" 200 None
DEBUG:urllib3.connectionpool:https://api.bloxflip.com:443 "GET /games/crash HTTP/1.1" 429 5861
DEBUG:urllib3.connectionpool:Resetting dropped connection: api.bloxflip.com
DEBUG:urllib3.connectionpool:https://api.bloxflip.com:443 "GET /games/crash HTTP/1.1" 200 None
DEBUG:urllib3.connectionpool:https://api.bloxflip.com:443 "GET /games/crash HTTP/1.1" 429 5882
DEBUG:urllib3.connectionpool:Resetting dropped connection: api.bloxflip.com
DEBUG:urllib3.connectionpool:https://api.bloxflip.com:443 "GET /games/crash HTTP/1.1" 200 None
DEBUG:urllib3.connectionpool:https://api.bloxflip.com:443 "GET /games/crash HTTP/1.1" 200 None
DEBUG:urllib3.connectionpool:https://api.bloxflip.com:443 "GET /games/crash HTTP/1.1" 429 5860
DEBUG:urllib3.connectionpool:Resetting dropped connection: api.bloxflip.com
DEBUG:urllib3.connectionpool:https://api.bloxflip.com:443 "GET /games/crash HTTP/1.1" 200 None
DEBUG:urllib3.connectionpool:https://api.bloxflip.com:443 "GET /games/crash HTTP/1.1" 429 5882
DEBUG:urllib3.connectionpool:Resetting dropped connection: api.bloxflip.com
DEBUG:urllib3.connectionpool:https://api.bloxflip.com:443 "GET /games/crash HTTP/1.1" 200 None
DEBUG:urllib3.connectionpool:https://api.bloxflip.com:443 "GET /games/crash HTTP/1.1" 429 5882
DEBUG:urllib3.connectionpool:Resetting dropped connection: api.bloxflip.com
DEBUG:urllib3.connectionpool:https://api.bloxflip.com:443 "GET /games/crash HTTP/1.1" 403 None
DEBUG:urllib3.connectionpool:https://api.bloxflip.com:443 "GET /games/crash HTTP/1.1" 429 5882
DEBUG:urllib3.connectionpool:Resetting dropped connection: api.bloxflip.com
DEBUG:urllib3.connectionpool:https://api.bloxflip.com:443 "GET /games/crash HTTP/1.1" 429 6287
DEBUG:urllib3.connectionpool:Resetting dropped connection: api.bloxflip.com
DEBUG:urllib3.connectionpool:https://api.bloxflip.com:443 "GET /games/crash HTTP/1.1" 200 None
DEBUG:urllib3.connectionpool:https://api.bloxflip.com:443 "GET /games/crash HTTP/1.1" 200 None
DEBUG:urllib3.connectionpool:https://api.bloxflip.com:443 "GET /games/crash HTTP/1.1" 429 5882
DEBUG:urllib3.connectionpool:Resetting dropped connection: api.bloxflip.com
DEBUG:urllib3.connectionpool:https://api.bloxflip.com:443 "GET /games/crash HTTP/1.1" 429 6287
DEBUG:urllib3.connectionpool:Resetting dropped connection: api.bloxflip.com
DEBUG:urllib3.connectionpool:https://api.bloxflip.com:443 "GET /games/crash HTTP/1.1" 429 6287
DEBUG:urllib3.connectionpool:Resetting dropped connection: api.bloxflip.com
DEBUG:urllib3.connectionpool:https://api.bloxflip.com:443 "GET /games/crash HTTP/1.1" 200 None
DEBUG:urllib3.connectionpool:https://api.bloxflip.com:443 "GET /games/crash HTTP/1.1" 403 None
DEBUG:urllib3.connectionpool:https://api.bloxflip.com:443 "GET /games/crash HTTP/1.1" 429 5882
DEBUG:urllib3.connectionpool:Resetting dropped connection: api.bloxflip.com
DEBUG:urllib3.connectionpool:https://api.bloxflip.com:443 "GET /games/crash HTTP/1.1" 200 None
DEBUG:urllib3.connectionpool:https://api.bloxflip.com:443 "GET /games/crash HTTP/1.1" 429 5882
DEBUG:urllib3.connectionpool:Resetting dropped connection: api.bloxflip.com
DEBUG:urllib3.connectionpool:https://api.bloxflip.com:443 "GET /games/crash HTTP/1.1" 200 None
DEBUG:urllib3.connectionpool:https://api.bloxflip.com:443 "GET /games/crash HTTP/1.1" 429 5882
DEBUG:urllib3.connectionpool:Resetting dropped connection: api.bloxflip.com
DEBUG:urllib3.connectionpool:https://api.bloxflip.com:443 "GET /games/crash HTTP/1.1" 200 None
DEBUG:urllib3.connectionpool:https://api.bloxflip.com:443 "GET /games/crash HTTP/1.1" 200 None
DEBUG:urllib3.connectionpool:https://api.bloxflip.com:443 "GET /games/crash HTTP/1.1" 429 5882
DEBUG:urllib3.connectionpool:Resetting dropped connection: api.bloxflip.com
DEBUG:urllib3.connectionpool:https://api.bloxflip.com:443 "GET /games/crash HTTP/1.1" 429 6287
DEBUG:urllib3.connectionpool:Resetting dropped connection: api.bloxflip.com
DEBUG:urllib3.connectionpool:https://api.bloxflip.com:443 "GET /games/crash HTTP/1.1" 429 6287
DEBUG:urllib3.connectionpool:Resetting dropped connection: api.bloxflip.com
DEBUG:urllib3.connectionpool:https://api.bloxflip.com:443 "GET /games/crash HTTP/1.1" 429 6245
DEBUG:urllib3.connectionpool:Resetting dropped connection: api.bloxflip.com
DEBUG:urllib3.connectionpool:https://api.bloxflip.com:443 "GET /games/crash HTTP/1.1" 200 None
DEBUG:urllib3.connectionpool:https://api.bloxflip.com:443 "GET /games/crash HTTP/1.1" 429 5903
DEBUG:urllib3.connectionpool:Resetting dropped connection: api.bloxflip.com
DEBUG:urllib3.connectionpool:https://api.bloxflip.com:443 "GET /games/crash HTTP/1.1" 429 6287
DEBUG:urllib3.connectionpool:Resetting dropped connection: api.bloxflip.com
DEBUG:urllib3.connectionpool:https://api.bloxflip.com:443 "GET /games/crash HTTP/1.1" 200 None
DEBUG:urllib3.connectionpool:https://api.bloxflip.com:443 "GET /games/crash HTTP/1.1" 429 5882
DEBUG:urllib3.connectionpool:Resetting dropped connection: api.bloxflip.com
DEBUG:urllib3.connectionpool:https://api.bloxflip.com:443 "GET /games/crash HTTP/1.1" 200 None
DEBUG:urllib3.connectionpool:https://api.bloxflip.com:443 "GET /games/crash HTTP/1.1" 429 5861
DEBUG:urllib3.connectionpool:Resetting dropped connection: api.bloxflip.com
DEBUG:urllib3.connectionpool:https://api.bloxflip.com:443 "GET /games/crash HTTP/1.1" 200 None
DEBUG:urllib3.connectionpool:https://api.bloxflip.com:443 "GET /games/crash HTTP/1.1" 429 5882
DEBUG:urllib3.connectionpool:Resetting dropped connection: api.bloxflip.com
DEBUG:urllib3.connectionpool:https://api.bloxflip.com:443 "GET /games/crash HTTP/1.1" 200 None
DEBUG:urllib3.connectionpool:https://api.bloxflip.com:443 "GET /games/crash HTTP/1.1" 200 None
DEBUG:urllib3.connectionpool:https://api.bloxflip.com:443 "GET /games/crash HTTP/1.1" 429 5861
DEBUG:urllib3.connectionpool:Resetting dropped connection: api.bloxflip.com
DEBUG:urllib3.connectionpool:https://api.bloxflip.com:443 "GET /games/crash HTTP/1.1" 429 6286
DEBUG:urllib3.connectionpool:Resetting dropped connection: api.bloxflip.com
DEBUG:urllib3.connectionpool:https://api.bloxflip.com:443 "GET /games/crash HTTP/1.1" 200 None
DEBUG:urllib3.connectionpool:https://api.bloxflip.com:443 "GET /games/crash HTTP/1.1" 200 None
DEBUG:urllib3.connectionpool:https://api.bloxflip.com:443 "GET /games/crash HTTP/1.1" 429 5882
DEBUG:urllib3.connectionpool:Resetting dropped connection: api.bloxflip.com
DEBUG:urllib3.connectionpool:https://api.bloxflip.com:443 "GET /games/crash HTTP/1.1" 403 None
DEBUG:urllib3.connectionpool:https://api.bloxflip.com:443 "GET /games/crash HTTP/1.1" 429 5882
DEBUG:urllib3.connectionpool:Resetting dropped connection: api.bloxflip.com
DEBUG:urllib3.connectionpool:https://api.bloxflip.com:443 "GET /games/crash HTTP/1.1" 429 6287
DEBUG:urllib3.connectionpool:Resetting dropped connection: api.bloxflip.com
DEBUG:urllib3.connectionpool:https://api.bloxflip.com:443 "GET /games/crash HTTP/1.1" 200 None
DEBUG:urllib3.connectionpool:https://api.bloxflip.com:443 "GET /games/crash HTTP/1.1" 200 None
DEBUG:urllib3.connectionpool:https://api.bloxflip.com:443 "GET /games/crash HTTP/1.1" 429 5882
DEBUG:urllib3.connectionpool:Resetting dropped connection: api.bloxflip.com
DEBUG:urllib3.connectionpool:https://api.bloxflip.com:443 "GET /games/crash HTTP/1.1" 200 None
DEBUG:urllib3.connectionpool:https://api.bloxflip.com:443 "GET /games/crash HTTP/1.1" 200 None
DEBUG:urllib3.connectionpool:https://api.bloxflip.com:443 "GET /games/crash HTTP/1.1" 429 5882
DEBUG:urllib3.connectionpool:Resetting dropped connection: api.bloxflip.com
DEBUG:urllib3.connectionpool:https://api.bloxflip.com:443 "GET /games/crash HTTP/1.1" 200 None
DEBUG:urllib3.connectionpool:https://api.bloxflip.com:443 "GET /games/crash HTTP/1.1" 200 None
DEBUG:urllib3.connectionpool:https://api.bloxflip.com:443 "GET /games/crash HTTP/1.1" 429 5882
DEBUG:urllib3.connectionpool:Resetting dropped connection: api.bloxflip.com
DEBUG:urllib3.connectionpool:https://api.bloxflip.com:443 "GET /games/crash HTTP/1.1" 200 None
DEBUG:urllib3.connectionpool:https://api.bloxflip.com:443 "GET /games/crash HTTP/1.1" 200 None
DEBUG:urllib3.connectionpool:https://api.bloxflip.com:443 "GET /games/crash HTTP/1.1" 429 5882
DEBUG:urllib3.connectionpool:Resetting dropped connection: api.bloxflip.com
DEBUG:urllib3.connectionpool:https://api.bloxflip.com:443 "GET /games/crash HTTP/1.1" 200 None
DEBUG:urllib3.connectionpool:https://api.bloxflip.com:443 "GET /games/crash HTTP/1.1" 429 5882
DEBUG:urllib3.connectionpool:Resetting dropped connection: api.bloxflip.com
DEBUG:urllib3.connectionpool:https://api.bloxflip.com:443 "GET /games/crash HTTP/1.1" 200 None
DEBUG:urllib3.connectionpool:https://api.bloxflip.com:443 "GET /games/crash HTTP/1.1" 429 5861
DEBUG:urllib3.connectionpool:Resetting dropped connection: api.bloxflip.com
DEBUG:urllib3.connectionpool:https://api.bloxflip.com:443 "GET /games/crash HTTP/1.1" 429 6245
DEBUG:urllib3.connectionpool:Resetting dropped connection: api.bloxflip.com
DEBUG:urllib3.connectionpool:https://api.bloxflip.com:443 "GET /games/crash HTTP/1.1" 429 6287
DEBUG:urllib3.connectionpool:Resetting dropped connection: api.bloxflip.com
DEBUG:urllib3.connectionpool:https://api.bloxflip.com:443 "GET /games/crash HTTP/1.1" 200 None
DEBUG:urllib3.connectionpool:https://api.bloxflip.com:443 "GET /games/crash HTTP/1.1" 429 5882
DEBUG:urllib3.connectionpool:Resetting dropped connection: api.bloxflip.com
DEBUG:urllib3.connectionpool:https://api.bloxflip.com:443 "GET /games/crash HTTP/1.1" 200 None
DEBUG:urllib3.connectionpool:https://api.bloxflip.com:443 "GET /games/crash HTTP/1.1" 200 None
DEBUG:urllib3.connectionpool:https://api.bloxflip.com:443 "GET /games/crash HTTP/1.1" 429 5903
DEBUG:urllib3.connectionpool:Resetting dropped connection: api.bloxflip.com
DEBUG:urllib3.connectionpool:https://api.bloxflip.com:443 "GET /games/crash HTTP/1.1" 200 None
DEBUG:urllib3.connectionpool:https://api.bloxflip.com:443 "GET /games/crash HTTP/1.1" 429 5882
DEBUG:urllib3.connectionpool:Resetting dropped connection: api.bloxflip.com
DEBUG:urllib3.connectionpool:https://api.bloxflip.com:443 "GET /games/crash HTTP/1.1" 200 None
DEBUG:urllib3.connectionpool:https://api.bloxflip.com:443 "GET /games/crash HTTP/1.1" 200 None
DEBUG:urllib3.connectionpool:https://api.bloxflip.com:443 "GET /games/crash HTTP/1.1" 200 None
DEBUG:urllib3.connectionpool:https://api.bloxflip.com:443 "GET /games/crash HTTP/1.1" 429 5882
DEBUG:urllib3.connectionpool:Resetting dropped connection: api.bloxflip.com
DEBUG:urllib3.connectionpool:https://api.bloxflip.com:443 "GET /games/crash HTTP/1.1" 200 None
DEBUG:urllib3.connectionpool:https://api.bloxflip.com:443 "GET /games/crash HTTP/1.1" 429 5882
DEBUG:urllib3.connectionpool:Resetting dropped connection: api.bloxflip.com
DEBUG:urllib3.connectionpool:https://api.bloxflip.com:443 "GET /games/crash HTTP/1.1" 200 None
DEBUG:urllib3.connectionpool:https://api.bloxflip.com:443 "GET /games/crash HTTP/1.1" 200 None
DEBUG:urllib3.connectionpool:https://api.bloxflip.com:443 "GET /games/crash HTTP/1.1" 429 5882
DEBUG:urllib3.connectionpool:Resetting dropped connection: api.bloxflip.com
DEBUG:urllib3.connectionpool:https://api.bloxflip.com:443 "GET /games/crash HTTP/1.1" 200 None
DEBUG:urllib3.connectionpool:https://api.bloxflip.com:443 "GET /games/crash HTTP/1.1" 429 5882
DEBUG:urllib3.connectionpool:Resetting dropped connection: api.bloxflip.com
DEBUG:urllib3.connectionpool:https://api.bloxflip.com:443 "GET /games/crash HTTP/1.1" 200 None
DEBUG:urllib3.connectionpool:https://api.bloxflip.com:443 "GET /user HTTP/1.1" 200 None
DEBUG:urllib3.connectionpool:Starting new HTTPS connection (1): discord.com:443
DEBUG:urllib3.connectionpool:https://discord.com:443 "POST /api/webhooks/ HTTP/1.1" 404 40
DEBUG:playsound:Starting
DEBUG:urllib3.connectionpool:Starting new HTTPS connection (1): bfpredictor.repl.co:443
DEBUG:urllib3.connectionpool:https://bfpredictor.repl.co:443 "GET /multiplier HTTP/1.1" 200 17
DEBUG:urllib3.connectionpool:Starting new HTTPS connection (1): discord.com:443
DEBUG:urllib3.connectionpool:https://discord.com:443 "POST /api/webhooks/ HTTP/1.1" 404 40
DEBUG:urllib3.connectionpool:Starting new HTTPS connection (1): discord.com:443
DEBUG:urllib3.connectionpool:https://discord.com:443 "POST /api/webhooks/ HTTP/1.1" 404 40
DEBUG:playsound:Returning
DEBUG:urllib3.connectionpool:https://api.bloxflip.com:443 "GET /games/crash HTTP/1.1" 200 None
DEBUG:urllib3.connectionpool:https://api.bloxflip.com:443 "GET /games/crash HTTP/1.1" 200 None
DEBUG:urllib3.connectionpool:https://api.bloxflip.com:443 "GET /games/crash HTTP/1.1" 200 None
DEBUG:urllib3.connectionpool:https://api.bloxflip.com:443 "GET /games/crash HTTP/1.1" 200 None
DEBUG:urllib3.connectionpool:https://api.bloxflip.com:443 "GET /games/crash HTTP/1.1" 200 None
DEBUG:urllib3.connectionpool:https://api.bloxflip.com:443 "GET /games/crash HTTP/1.1" 200 None
DEBUG:urllib3.connectionpool:https://api.bloxflip.com:443 "GET /games/crash HTTP/1.1" 200 None
DEBUG:urllib3.connectionpool:https://api.bloxflip.com:443 "GET /games/crash HTTP/1.1" 200 None
DEBUG:urllib3.connectionpool:https://api.bloxflip.com:443 "GET /games/crash HTTP/1.1" 200 None
DEBUG:urllib3.connectionpool:https://api.bloxflip.com:443 "GET /games/crash HTTP/1.1" 200 None
DEBUG:urllib3.connectionpool:https://api.bloxflip.com:443 "GET /games/crash HTTP/1.1" 200 None
DEBUG:urllib3.connectionpool:https://api.bloxflip.com:443 "GET /games/crash HTTP/1.1" 200 None
DEBUG:urllib3.connectionpool:https://api.bloxflip.com:443 "GET /games/crash HTTP/1.1" 200 None
DEBUG:urllib3.connectionpool:https://api.bloxflip.com:443 "GET /games/crash HTTP/1.1" 200 None
DEBUG:urllib3.connectionpool:https://api.bloxflip.com:443 "GET /games/crash HTTP/1.1" 200 None
DEBUG:urllib3.connectionpool:https://api.bloxflip.com:443 "GET /games/crash HTTP/1.1" 200 None
DEBUG:urllib3.connectionpool:https://api.bloxflip.com:443 "GET /games/crash HTTP/1.1" 200 None
DEBUG:urllib3.connectionpool:https://api.bloxflip.com:443 "GET /games/crash HTTP/1.1" 200 None
DEBUG:urllib3.connectionpool:https://api.bloxflip.com:443 "GET /games/crash HTTP/1.1" 200 None
DEBUG:urllib3.connectionpool:https://api.bloxflip.com:443 "GET /games/crash HTTP/1.1" 200 None
DEBUG:urllib3.connectionpool:https://api.bloxflip.com:443 "GET /games/crash HTTP/1.1" 200 None
DEBUG:urllib3.connectionpool:https://api.bloxflip.com:443 "GET /games/crash HTTP/1.1" 200 None
DEBUG:urllib3.connectionpool:https://api.bloxflip.com:443 "GET /games/crash HTTP/1.1" 200 None
DEBUG:urllib3.connectionpool:https://api.bloxflip.com:443 "GET /games/crash HTTP/1.1" 200 None
DEBUG:urllib3.connectionpool:https://api.bloxflip.com:443 "GET /games/crash HTTP/1.1" 200 None
DEBUG:urllib3.connectionpool:https://api.bloxflip.com:443 "GET /games/crash HTTP/1.1" 200 None
DEBUG:urllib3.connectionpool:https://api.bloxflip.com:443 "GET /games/crash HTTP/1.1" 200 None
DEBUG:urllib3.connectionpool:https://api.bloxflip.com:443 "GET /games/crash HTTP/1.1" 200 None
DEBUG:urllib3.connectionpool:https://api.bloxflip.com:443 "GET /games/crash HTTP/1.1" 200 None
DEBUG:urllib3.connectionpool:https://api.bloxflip.com:443 "GET /games/crash HTTP/1.1" 200 None
DEBUG:urllib3.connectionpool:https://api.bloxflip.com:443 "GET /games/crash HTTP/1.1" 200 None
DEBUG:urllib3.connectionpool:https://api.bloxflip.com:443 "GET /games/crash HTTP/1.1" 200 None
DEBUG:urllib3.connectionpool:https://api.bloxflip.com:443 "GET /games/crash HTTP/1.1" 200 None
DEBUG:urllib3.connectionpool:https://api.bloxflip.com:443 "GET /games/crash HTTP/1.1" 200 None
DEBUG:urllib3.connectionpool:https://api.bloxflip.com:443 "GET /games/crash HTTP/1.1" 200 None
DEBUG:urllib3.connectionpool:https://api.bloxflip.com:443 "GET /games/crash HTTP/1.1" 200 None
DEBUG:urllib3.connectionpool:https://api.bloxflip.com:443 "GET /games/crash HTTP/1.1" 200 None
DEBUG:urllib3.connectionpool:https://api.bloxflip.com:443 "GET /games/crash HTTP/1.1" 200 None
DEBUG:urllib3.connectionpool:https://api.bloxflip.com:443 "GET /games/crash HTTP/1.1" 200 None
DEBUG:urllib3.connectionpool:https://api.bloxflip.com:443 "GET /games/crash HTTP/1.1" 200 None
DEBUG:urllib3.connectionpool:https://api.bloxflip.com:443 "GET /games/crash HTTP/1.1" 200 None
DEBUG:urllib3.connectionpool:https://api.bloxflip.com:443 "GET /games/crash HTTP/1.1" 200 None
DEBUG:urllib3.connectionpool:https://api.bloxflip.com:443 "GET /games/crash HTTP/1.1" 200 None
DEBUG:urllib3.connectionpool:https://api.bloxflip.com:443 "GET /games/crash HTTP/1.1" 200 None
DEBUG:urllib3.connectionpool:https://api.bloxflip.com:443 "GET /games/crash HTTP/1.1" 200 None
DEBUG:urllib3.connectionpool:https://api.bloxflip.com:443 "GET /games/crash HTTP/1.1" 200 None
DEBUG:urllib3.connectionpool:https://api.bloxflip.com:443 "GET /games/crash HTTP/1.1" 200 None
DEBUG:urllib3.connectionpool:https://api.bloxflip.com:443 "GET /games/crash HTTP/1.1" 429 5861
DEBUG:urllib3.connectionpool:Resetting dropped connection: api.bloxflip.com
DEBUG:urllib3.connectionpool:https://api.bloxflip.com:443 "GET /games/crash HTTP/1.1" 200 None
DEBUG:urllib3.connectionpool:https://api.bloxflip.com:443 "GET /games/crash HTTP/1.1" 429 5882
DEBUG:urllib3.connectionpool:Resetting dropped connection: api.bloxflip.com
DEBUG:urllib3.connectionpool:https://api.bloxflip.com:443 "GET /games/crash HTTP/1.1" 200 None
DEBUG:urllib3.connectionpool:https://api.bloxflip.com:443 "GET /games/crash HTTP/1.1" 200 None
DEBUG:urllib3.connectionpool:https://api.bloxflip.com:443 "GET /games/crash HTTP/1.1" 200 None
DEBUG:urllib3.connectionpool:https://api.bloxflip.com:443 "GET /games/crash HTTP/1.1" 429 5882
DEBUG:urllib3.connectionpool:Resetting dropped connection: api.bloxflip.com
DEBUG:urllib3.connectionpool:https://api.bloxflip.com:443 "GET /games/crash HTTP/1.1" 200 None
DEBUG:urllib3.connectionpool:https://api.bloxflip.com:443 "GET /games/crash HTTP/1.1" 200 None
DEBUG:urllib3.connectionpool:https://api.bloxflip.com:443 "GET /games/crash HTTP/1.1" 429 5861
DEBUG:urllib3.connectionpool:Resetting dropped connection: api.bloxflip.com
DEBUG:urllib3.connectionpool:https://api.bloxflip.com:443 "GET /games/crash HTTP/1.1" 200 None
DEBUG:urllib3.connectionpool:https://api.bloxflip.com:443 "GET /games/crash HTTP/1.1" 429 5882
DEBUG:urllib3.connectionpool:Resetting dropped connection: api.bloxflip.com
DEBUG:urllib3.connectionpool:https://api.bloxflip.com:443 "GET /games/crash HTTP/1.1" 429 6266
DEBUG:urllib3.connectionpool:Resetting dropped connection: api.bloxflip.com
DEBUG:urllib3.connectionpool:https://api.bloxflip.com:443 "GET /games/crash HTTP/1.1" 429 6287
DEBUG:urllib3.connectionpool:Resetting dropped connection: api.bloxflip.com
DEBUG:urllib3.connectionpool:https://api.bloxflip.com:443 "GET /games/crash HTTP/1.1" 403 None
DEBUG:urllib3.connectionpool:https://api.bloxflip.com:443 "GET /games/crash HTTP/1.1" 429 5882
DEBUG:urllib3.connectionpool:Resetting dropped connection: api.bloxflip.com
DEBUG:urllib3.connectionpool:https://api.bloxflip.com:443 "GET /games/crash HTTP/1.1" 200 None
DEBUG:urllib3.connectionpool:https://api.bloxflip.com:443 "GET /games/crash HTTP/1.1" 429 5861
DEBUG:urllib3.connectionpool:Resetting dropped connection: api.bloxflip.com
DEBUG:urllib3.connectionpool:https://api.bloxflip.com:443 "GET /games/crash HTTP/1.1" 200 None
DEBUG:urllib3.connectionpool:https://api.bloxflip.com:443 "GET /games/crash HTTP/1.1" 200 None
DEBUG:urllib3.connectionpool:https://api.bloxflip.com:443 "GET /games/crash HTTP/1.1" 200 None
DEBUG:urllib3.connectionpool:https://api.bloxflip.com:443 "GET /games/crash HTTP/1.1" 429 5861
DEBUG:urllib3.connectionpool:Resetting dropped connection: api.bloxflip.com
DEBUG:urllib3.connectionpool:https://api.bloxflip.com:443 "GET /games/crash HTTP/1.1" 200 None
DEBUG:urllib3.connectionpool:https://api.bloxflip.com:443 "GET /games/crash HTTP/1.1" 429 5861
DEBUG:urllib3.connectionpool:Resetting dropped connection: api.bloxflip.com
DEBUG:urllib3.connectionpool:https://api.bloxflip.com:443 "GET /games/crash HTTP/1.1" 200 None
DEBUG:urllib3.connectionpool:https://api.bloxflip.com:443 "GET /games/crash HTTP/1.1" 200 None
DEBUG:urllib3.connectionpool:https://api.bloxflip.com:443 "GET /games/crash HTTP/1.1" 429 5882
DEBUG:urllib3.connectionpool:Resetting dropped connection: api.bloxflip.com
DEBUG:urllib3.connectionpool:https://api.bloxflip.com:443 "GET /games/crash HTTP/1.1" 200 None
DEBUG:urllib3.connectionpool:https://api.bloxflip.com:443 "GET /games/crash HTTP/1.1" 429 5882
DEBUG:urllib3.connectionpool:Resetting dropped connection: api.bloxflip.com
DEBUG:urllib3.connectionpool:https://api.bloxflip.com:443 "GET /games/crash HTTP/1.1" 429 6287
DEBUG:urllib3.connectionpool:Resetting dropped connection: api.bloxflip.com
DEBUG:urllib3.connectionpool:https://api.bloxflip.com:443 "GET /games/crash HTTP/1.1" 200 None
DEBUG:urllib3.connectionpool:https://api.bloxflip.com:443 "GET /games/crash HTTP/1.1" 429 5861
DEBUG:urllib3.connectionpool:Resetting dropped connection: api.bloxflip.com
DEBUG:urllib3.connectionpool:https://api.bloxflip.com:443 "GET /games/crash HTTP/1.1" 200 None
DEBUG:urllib3.connectionpool:https://api.bloxflip.com:443 "GET /games/crash HTTP/1.1" 200 None
DEBUG:urllib3.connectionpool:https://api.bloxflip.com:443 "GET /games/crash HTTP/1.1" 429 5861
DEBUG:urllib3.connectionpool:Resetting dropped connection: api.bloxflip.com
DEBUG:urllib3.connectionpool:https://api.bloxflip.com:443 "GET /games/crash HTTP/1.1" 403 None
DEBUG:urllib3.connectionpool:https://api.bloxflip.com:443 "GET /games/crash HTTP/1.1" 429 5882
DEBUG:urllib3.connectionpool:Resetting dropped connection: api.bloxflip.com
DEBUG:urllib3.connectionpool:https://api.bloxflip.com:443 "GET /games/crash HTTP/1.1" 429 6266
DEBUG:urllib3.connectionpool:Resetting dropped connection: api.bloxflip.com
DEBUG:urllib3.connectionpool:https://api.bloxflip.com:443 "GET /games/crash HTTP/1.1" 200 None
DEBUG:urllib3.connectionpool:https://api.bloxflip.com:443 "GET /games/crash HTTP/1.1" 403 None
DEBUG:urllib3.connectionpool:https://api.bloxflip.com:443 "GET /games/crash HTTP/1.1" 429 5861
DEBUG:urllib3.connectionpool:Resetting dropped connection: api.bloxflip.com
DEBUG:urllib3.connectionpool:https://api.bloxflip.com:443 "GET /games/crash HTTP/1.1" 429 6287
DEBUG:urllib3.connectionpool:Resetting dropped connection: api.bloxflip.com
DEBUG:urllib3.connectionpool:https://api.bloxflip.com:443 "GET /games/crash HTTP/1.1" 200 None
DEBUG:urllib3.connectionpool:https://api.bloxflip.com:443 "GET /games/crash HTTP/1.1" 200 None
DEBUG:urllib3.connectionpool:https://api.bloxflip.com:443 "GET /games/crash HTTP/1.1" 429 5861
DEBUG:urllib3.connectionpool:Resetting dropped connection: api.bloxflip.com
DEBUG:urllib3.connectionpool:https://api.bloxflip.com:443 "GET /games/crash HTTP/1.1" 200 None
DEBUG:urllib3.connectionpool:https://api.bloxflip.com:443 "GET /games/crash HTTP/1.1" 200 None
DEBUG:urllib3.connectionpool:https://api.bloxflip.com:443 "GET /games/crash HTTP/1.1" 429 5861
DEBUG:urllib3.connectionpool:Resetting dropped connection: api.bloxflip.com
DEBUG:urllib3.connectionpool:https://api.bloxflip.com:443 "GET /games/crash HTTP/1.1" 200 None
DEBUG:urllib3.connectionpool:https://api.bloxflip.com:443 "GET /games/crash HTTP/1.1" 429 5882
DEBUG:urllib3.connectionpool:Resetting dropped connection: api.bloxflip.com
DEBUG:urllib3.connectionpool:https://api.bloxflip.com:443 "GET /games/crash HTTP/1.1" 200 None
DEBUG:urllib3.connectionpool:https://api.bloxflip.com:443 "GET /games/crash HTTP/1.1" 200 None
DEBUG:urllib3.connectionpool:https://api.bloxflip.com:443 "GET /games/crash HTTP/1.1" 429 5882
DEBUG:urllib3.connectionpool:Resetting dropped connection: api.bloxflip.com
DEBUG:urllib3.connectionpool:https://api.bloxflip.com:443 "GET /games/crash HTTP/1.1" 200 None
DEBUG:urllib3.connectionpool:https://api.bloxflip.com:443 "GET /games/crash HTTP/1.1" 200 None
DEBUG:urllib3.connectionpool:https://api.bloxflip.com:443 "GET /games/crash HTTP/1.1" 429 5881
DEBUG:urllib3.connectionpool:Resetting dropped connection: api.bloxflip.com
DEBUG:urllib3.connectionpool:https://api.bloxflip.com:443 "GET /games/crash HTTP/1.1" 200 None
DEBUG:urllib3.connectionpool:https://api.bloxflip.com:443 "GET /games/crash HTTP/1.1" 200 None
DEBUG:urllib3.connectionpool:https://api.bloxflip.com:443 "GET /games/crash HTTP/1.1" 429 5882
DEBUG:urllib3.connectionpool:Resetting dropped connection: api.bloxflip.com
DEBUG:urllib3.connectionpool:https://api.bloxflip.com:443 "GET /games/crash HTTP/1.1" 200 None
DEBUG:urllib3.connectionpool:https://api.bloxflip.com:443 "GET /games/crash HTTP/1.1" 429 5882
DEBUG:urllib3.connectionpool:Resetting dropped connection: api.bloxflip.com
DEBUG:urllib3.connectionpool:https://api.bloxflip.com:443 "GET /games/crash HTTP/1.1" 200 None
DEBUG:urllib3.connectionpool:https://api.bloxflip.com:443 "GET /games/crash HTTP/1.1" 200 None
DEBUG:urllib3.connectionpool:https://api.bloxflip.com:443 "GET /games/crash HTTP/1.1" 429 5882
DEBUG:urllib3.connectionpool:Resetting dropped connection: api.bloxflip.com
DEBUG:urllib3.connectionpool:https://api.bloxflip.com:443 "GET /games/crash HTTP/1.1" 200 None
DEBUG:urllib3.connectionpool:https://api.bloxflip.com:443 "GET /games/crash HTTP/1.1" 429 5861
DEBUG:urllib3.connectionpool:Resetting dropped connection: api.bloxflip.com
DEBUG:urllib3.connectionpool:https://api.bloxflip.com:443 "GET /games/crash HTTP/1.1" 200 None
DEBUG:urllib3.connectionpool:https://api.bloxflip.com:443 "GET /games/crash HTTP/1.1" 200 None
DEBUG:urllib3.connectionpool:https://api.bloxflip.com:443 "GET /games/crash HTTP/1.1" 200 None
DEBUG:urllib3.connectionpool:https://api.bloxflip.com:443 "GET /games/crash HTTP/1.1" 429 5903
DEBUG:urllib3.connectionpool:Resetting dropped connection: api.bloxflip.com
DEBUG:urllib3.connectionpool:https://api.bloxflip.com:443 "GET /games/crash HTTP/1.1" 200 None
DEBUG:urllib3.connectionpool:https://api.bloxflip.com:443 "GET /games/crash HTTP/1.1" 429 5882
DEBUG:urllib3.connectionpool:Resetting dropped connection: api.bloxflip.com
DEBUG:urllib3.connectionpool:https://api.bloxflip.com:443 "GET /games/crash HTTP/1.1" 429 6266
DEBUG:urllib3.connectionpool:Resetting dropped connection: api.bloxflip.com
DEBUG:urllib3.connectionpool:https://api.bloxflip.com:443 "GET /games/crash HTTP/1.1" 429 6287
DEBUG:urllib3.connectionpool:Resetting dropped connection: api.bloxflip.com
DEBUG:urllib3.connectionpool:https://api.bloxflip.com:443 "GET /games/crash HTTP/1.1" 200 None
DEBUG:urllib3.connectionpool:https://api.bloxflip.com:443 "GET /games/crash HTTP/1.1" 429 5861
DEBUG:urllib3.connectionpool:Resetting dropped connection: api.bloxflip.com
DEBUG:urllib3.connectionpool:https://api.bloxflip.com:443 "GET /games/crash HTTP/1.1" 200 None
DEBUG:urllib3.connectionpool:https://api.bloxflip.com:443 "GET /games/crash HTTP/1.1" 200 None
DEBUG:urllib3.connectionpool:https://api.bloxflip.com:443 "GET /games/crash HTTP/1.1" 429 5881
DEBUG:urllib3.connectionpool:Resetting dropped connection: api.bloxflip.com
DEBUG:urllib3.connectionpool:https://api.bloxflip.com:443 "GET /games/crash HTTP/1.1" 200 None
DEBUG:urllib3.connectionpool:https://api.bloxflip.com:443 "GET /games/crash HTTP/1.1" 429 5882
DEBUG:urllib3.connectionpool:Resetting dropped connection: api.bloxflip.com
DEBUG:urllib3.connectionpool:https://api.bloxflip.com:443 "GET /games/crash HTTP/1.1" 200 None
DEBUG:urllib3.connectionpool:https://api.bloxflip.com:443 "GET /games/crash HTTP/1.1" 200 None
DEBUG:urllib3.connectionpool:https://api.bloxflip.com:443 "GET /games/crash HTTP/1.1" 429 5882
DEBUG:urllib3.connectionpool:Resetting dropped connection: api.bloxflip.com
DEBUG:urllib3.connectionpool:https://api.bloxflip.com:443 "GET /games/crash HTTP/1.1" 200 None
DEBUG:urllib3.connectionpool:https://api.bloxflip.com:443 "GET /games/crash HTTP/1.1" 200 None
DEBUG:urllib3.connectionpool:https://api.bloxflip.com:443 "GET /games/crash HTTP/1.1" 429 5861
DEBUG:urllib3.connectionpool:Resetting dropped connection: api.bloxflip.com
DEBUG:urllib3.connectionpool:https://api.bloxflip.com:443 "GET /games/crash HTTP/1.1" 200 None
DEBUG:urllib3.connectionpool:https://api.bloxflip.com:443 "GET /games/crash HTTP/1.1" 429 5860
DEBUG:urllib3.connectionpool:Resetting dropped connection: api.bloxflip.com
DEBUG:urllib3.connectionpool:https://api.bloxflip.com:443 "GET /games/crash HTTP/1.1" 429 6266
DEBUG:urllib3.connectionpool:Resetting dropped connection: api.bloxflip.com
DEBUG:urllib3.connectionpool:https://api.bloxflip.com:443 "GET /games/crash HTTP/1.1" 200 None
DEBUG:urllib3.connectionpool:https://api.bloxflip.com:443 "GET /games/crash HTTP/1.1" 200 None
DEBUG:urllib3.connectionpool:https://api.bloxflip.com:443 "GET /games/crash HTTP/1.1" 429 5882
DEBUG:urllib3.connectionpool:Resetting dropped connection: api.bloxflip.com
DEBUG:urllib3.connectionpool:https://api.bloxflip.com:443 "GET /games/crash HTTP/1.1" 200 None
DEBUG:urllib3.connectionpool:https://api.bloxflip.com:443 "GET /games/crash HTTP/1.1" 429 5881
DEBUG:urllib3.connectionpool:Resetting dropped connection: api.bloxflip.com
DEBUG:urllib3.connectionpool:https://api.bloxflip.com:443 "GET /games/crash HTTP/1.1" 200 None
DEBUG:urllib3.connectionpool:https://api.bloxflip.com:443 "GET /games/crash HTTP/1.1" 429 5882
DEBUG:urllib3.connectionpool:Resetting dropped connection: api.bloxflip.com
DEBUG:urllib3.connectionpool:https://api.bloxflip.com:443 "GET /games/crash HTTP/1.1" 200 None
DEBUG:urllib3.connectionpool:https://api.bloxflip.com:443 "GET /games/crash HTTP/1.1" 429 5882
DEBUG:urllib3.connectionpool:Resetting dropped connection: api.bloxflip.com
DEBUG:urllib3.connectionpool:https://api.bloxflip.com:443 "GET /games/crash HTTP/1.1" 429 6287
DEBUG:urllib3.connectionpool:Resetting dropped connection: api.bloxflip.com
DEBUG:urllib3.connectionpool:https://api.bloxflip.com:443 "GET /games/crash HTTP/1.1" 200 None
DEBUG:urllib3.connectionpool:https://api.bloxflip.com:443 "GET /games/crash HTTP/1.1" 429 5882
DEBUG:urllib3.connectionpool:Resetting dropped connection: api.bloxflip.com
DEBUG:urllib3.connectionpool:https://api.bloxflip.com:443 "GET /games/crash HTTP/1.1" 200 None
DEBUG:urllib3.connectionpool:https://api.bloxflip.com:443 "GET /games/crash HTTP/1.1" 200 None
DEBUG:urllib3.connectionpool:https://api.bloxflip.com:443 "GET /games/crash HTTP/1.1" 429 5882
DEBUG:urllib3.connectionpool:Resetting dropped connection: api.bloxflip.com
DEBUG:urllib3.connectionpool:https://api.bloxflip.com:443 "GET /games/crash HTTP/1.1" 200 None
DEBUG:urllib3.connectionpool:https://api.bloxflip.com:443 "GET /games/crash HTTP/1.1" 200 None
DEBUG:urllib3.connectionpool:https://api.bloxflip.com:443 "GET /games/crash HTTP/1.1" 429 5882
DEBUG:urllib3.connectionpool:Resetting dropped connection: api.bloxflip.com
DEBUG:urllib3.connectionpool:https://api.bloxflip.com:443 "GET /games/crash HTTP/1.1" 200 None
DEBUG:urllib3.connectionpool:https://api.bloxflip.com:443 "GET /games/crash HTTP/1.1" 200 None
DEBUG:urllib3.connectionpool:https://api.bloxflip.com:443 "GET /games/crash HTTP/1.1" 429 5882
DEBUG:urllib3.connectionpool:Resetting dropped connection: api.bloxflip.com
DEBUG:urllib3.connectionpool:https://api.bloxflip.com:443 "GET /games/crash HTTP/1.1" 200 None
DEBUG:urllib3.connectionpool:https://api.bloxflip.com:443 "GET /games/crash HTTP/1.1" 429 5882
DEBUG:urllib3.connectionpool:Resetting dropped connection: api.bloxflip.com
DEBUG:urllib3.connectionpool:https://api.bloxflip.com:443 "GET /games/crash HTTP/1.1" 200 None
DEBUG:urllib3.connectionpool:https://api.bloxflip.com:443 "GET /games/crash HTTP/1.1" 429 5880
DEBUG:urllib3.connectionpool:Resetting dropped connection: api.bloxflip.com
DEBUG:urllib3.connectionpool:https://api.bloxflip.com:443 "GET /games/crash HTTP/1.1" 429 6266
DEBUG:urllib3.connectionpool:Resetting dropped connection: api.bloxflip.com
DEBUG:urllib3.connectionpool:https://api.bloxflip.com:443 "GET /games/crash HTTP/1.1" 403 None
DEBUG:urllib3.connectionpool:https://api.bloxflip.com:443 "GET /games/crash HTTP/1.1" 429 5881
DEBUG:urllib3.connectionpool:Resetting dropped connection: api.bloxflip.com
DEBUG:urllib3.connectionpool:https://api.bloxflip.com:443 "GET /games/crash HTTP/1.1" 200 None
DEBUG:urllib3.connectionpool:https://api.bloxflip.com:443 "GET /games/crash HTTP/1.1" 429 5882
DEBUG:urllib3.connectionpool:Resetting dropped connection: api.bloxflip.com
DEBUG:urllib3.connectionpool:https://api.bloxflip.com:443 "GET /games/crash HTTP/1.1" 200 None
DEBUG:urllib3.connectionpool:https://api.bloxflip.com:443 "GET /games/crash HTTP/1.1" 429 5882
DEBUG:urllib3.connectionpool:Resetting dropped connection: api.bloxflip.com
DEBUG:urllib3.connectionpool:https://api.bloxflip.com:443 "GET /games/crash HTTP/1.1" 429 6266
DEBUG:urllib3.connectionpool:Resetting dropped connection: api.bloxflip.com
DEBUG:urllib3.connectionpool:https://api.bloxflip.com:443 "GET /games/crash HTTP/1.1" 200 None
DEBUG:urllib3.connectionpool:https://api.bloxflip.com:443 "GET /games/crash HTTP/1.1" 429 5882
DEBUG:urllib3.connectionpool:Resetting dropped connection: api.bloxflip.com
DEBUG:urllib3.connectionpool:https://api.bloxflip.com:443 "GET /games/crash HTTP/1.1" 200 None
DEBUG:urllib3.connectionpool:https://api.bloxflip.com:443 "GET /games/crash HTTP/1.1" 200 None
DEBUG:urllib3.connectionpool:https://api.bloxflip.com:443 "GET /games/crash HTTP/1.1" 429 5882
DEBUG:urllib3.connectionpool:Resetting dropped connection: api.bloxflip.com
DEBUG:urllib3.connectionpool:https://api.bloxflip.com:443 "GET /games/crash HTTP/1.1" 429 6287
DEBUG:urllib3.connectionpool:Resetting dropped connection: api.bloxflip.com
DEBUG:urllib3.connectionpool:https://api.bloxflip.com:443 "GET /games/crash HTTP/1.1" 429 6309
DEBUG:urllib3.connectionpool:Resetting dropped connection: api.bloxflip.com
DEBUG:urllib3.connectionpool:https://api.bloxflip.com:443 "GET /games/crash HTTP/1.1" 429 6266
DEBUG:urllib3.connectionpool:Resetting dropped connection: api.bloxflip.com
DEBUG:urllib3.connectionpool:https://api.bloxflip.com:443 "GET /games/crash HTTP/1.1" 403 None
DEBUG:urllib3.connectionpool:https://api.bloxflip.com:443 "GET /games/crash HTTP/1.1" 429 5882
DEBUG:urllib3.connectionpool:Resetting dropped connection: api.bloxflip.com
DEBUG:urllib3.connectionpool:https://api.bloxflip.com:443 "GET /games/crash HTTP/1.1" 200 None
DEBUG:urllib3.connectionpool:https://api.bloxflip.com:443 "GET /games/crash HTTP/1.1" 429 5882
DEBUG:urllib3.connectionpool:Resetting dropped connection: api.bloxflip.com
DEBUG:urllib3.connectionpool:https://api.bloxflip.com:443 "GET /games/crash HTTP/1.1" 429 6287
DEBUG:urllib3.connectionpool:Resetting dropped connection: api.bloxflip.com
DEBUG:urllib3.connectionpool:https://api.bloxflip.com:443 "GET /games/crash HTTP/1.1" 200 None
DEBUG:urllib3.connectionpool:https://api.bloxflip.com:443 "GET /games/crash HTTP/1.1" 429 5882
DEBUG:urllib3.connectionpool:Resetting dropped connection: api.bloxflip.com
DEBUG:urllib3.connectionpool:https://api.bloxflip.com:443 "GET /games/crash HTTP/1.1" 200 None
DEBUG:urllib3.connectionpool:https://api.bloxflip.com:443 "GET /games/crash HTTP/1.1" 429 5881
DEBUG:urllib3.connectionpool:Resetting dropped connection: api.bloxflip.com
DEBUG:urllib3.connectionpool:https://api.bloxflip.com:443 "GET /games/crash HTTP/1.1" 429 6266
DEBUG:urllib3.connectionpool:Resetting dropped connection: api.bloxflip.com
DEBUG:urllib3.connectionpool:https://api.bloxflip.com:443 "GET /games/crash HTTP/1.1" 200 None
DEBUG:urllib3.connectionpool:https://api.bloxflip.com:443 "GET /games/crash HTTP/1.1" 429 5882
DEBUG:urllib3.connectionpool:Resetting dropped connection: api.bloxflip.com
DEBUG:urllib3.connectionpool:https://api.bloxflip.com:443 "GET /games/crash HTTP/1.1" 429 6287
DEBUG:urllib3.connectionpool:Resetting dropped connection: api.bloxflip.com
DEBUG:urllib3.connectionpool:https://api.bloxflip.com:443 "GET /games/crash HTTP/1.1" 403 None
DEBUG:urllib3.connectionpool:https://api.bloxflip.com:443 "GET /games/crash HTTP/1.1" 429 5882
DEBUG:urllib3.connectionpool:Resetting dropped connection: api.bloxflip.com
DEBUG:urllib3.connectionpool:https://api.bloxflip.com:443 "GET /games/crash HTTP/1.1" 200 None
DEBUG:urllib3.connectionpool:https://api.bloxflip.com:443 "GET /games/crash HTTP/1.1" 429 5882
DEBUG:urllib3.connectionpool:Resetting dropped connection: api.bloxflip.com
DEBUG:urllib3.connectionpool:https://api.bloxflip.com:443 "GET /games/crash HTTP/1.1" 200 None
DEBUG:urllib3.connectionpool:https://api.bloxflip.com:443 "GET /games/crash HTTP/1.1" 200 None
DEBUG:urllib3.connectionpool:https://api.bloxflip.com:443 "GET /games/crash HTTP/1.1" 429 5882
DEBUG:urllib3.connectionpool:Resetting dropped connection: api.bloxflip.com
DEBUG:urllib3.connectionpool:https://api.bloxflip.com:443 "GET /games/crash HTTP/1.1" 200 None
DEBUG:urllib3.connectionpool:https://api.bloxflip.com:443 "GET /games/crash HTTP/1.1" 200 None
DEBUG:urllib3.connectionpool:https://api.bloxflip.com:443 "GET /games/crash HTTP/1.1" 429 5861
DEBUG:urllib3.connectionpool:Resetting dropped connection: api.bloxflip.com
DEBUG:urllib3.connectionpool:https://api.bloxflip.com:443 "GET /games/crash HTTP/1.1" 200 None
DEBUG:urllib3.connectionpool:https://api.bloxflip.com:443 "GET /games/crash HTTP/1.1" 429 5861
DEBUG:urllib3.connectionpool:Resetting dropped connection: api.bloxflip.com
DEBUG:urllib3.connectionpool:https://api.bloxflip.com:443 "GET /games/crash HTTP/1.1" 429 6287
DEBUG:urllib3.connectionpool:Resetting dropped connection: api.bloxflip.com
DEBUG:urllib3.connectionpool:https://api.bloxflip.com:443 "GET /games/crash HTTP/1.1" 429 6266
DEBUG:urllib3.connectionpool:Resetting dropped connection: api.bloxflip.com
DEBUG:urllib3.connectionpool:https://api.bloxflip.com:443 "GET /games/crash HTTP/1.1" 429 6266
DEBUG:urllib3.connectionpool:Resetting dropped connection: api.bloxflip.com
DEBUG:urllib3.connectionpool:https://api.bloxflip.com:443 "GET /games/crash HTTP/1.1" 429 6287
DEBUG:urllib3.connectionpool:Resetting dropped connection: api.bloxflip.com
DEBUG:urllib3.connectionpool:https://api.bloxflip.com:443 "GET /games/crash HTTP/1.1" 200 None
DEBUG:urllib3.connectionpool:https://api.bloxflip.com:443 "GET /games/crash HTTP/1.1" 200 None
DEBUG:urllib3.connectionpool:https://api.bloxflip.com:443 "GET /games/crash HTTP/1.1" 429 5881
DEBUG:urllib3.connectionpool:Resetting dropped connection: api.bloxflip.com
DEBUG:urllib3.connectionpool:https://api.bloxflip.com:443 "GET /games/crash HTTP/1.1" 200 None
DEBUG:urllib3.connectionpool:https://api.bloxflip.com:443 "GET /games/crash HTTP/1.1" 200 None
DEBUG:urllib3.connectionpool:https://api.bloxflip.com:443 "GET /games/crash HTTP/1.1" 429 5882
DEBUG:urllib3.connectionpool:Resetting dropped connection: api.bloxflip.com
DEBUG:urllib3.connectionpool:https://api.bloxflip.com:443 "GET /games/crash HTTP/1.1" 200 None
DEBUG:urllib3.connectionpool:https://api.bloxflip.com:443 "GET /games/crash HTTP/1.1" 200 None
DEBUG:urllib3.connectionpool:https://api.bloxflip.com:443 "GET /games/crash HTTP/1.1" 429 5882
DEBUG:urllib3.connectionpool:Resetting dropped connection: api.bloxflip.com
DEBUG:urllib3.connectionpool:https://api.bloxflip.com:443 "GET /games/crash HTTP/1.1" 429 6286
DEBUG:urllib3.connectionpool:Resetting dropped connection: api.bloxflip.com
DEBUG:urllib3.connectionpool:https://api.bloxflip.com:443 "GET /games/crash HTTP/1.1" 200 None
DEBUG:urllib3.connectionpool:https://api.bloxflip.com:443 "GET /games/crash HTTP/1.1" 429 5861
DEBUG:urllib3.connectionpool:Resetting dropped connection: api.bloxflip.com
DEBUG:urllib3.connectionpool:https://api.bloxflip.com:443 "GET /games/crash HTTP/1.1" 200 None
DEBUG:urllib3.connectionpool:https://api.bloxflip.com:443 "GET /games/crash HTTP/1.1" 429 5861
DEBUG:urllib3.connectionpool:Resetting dropped connection: api.bloxflip.com
DEBUG:urllib3.connectionpool:https://api.bloxflip.com:443 "GET /games/crash HTTP/1.1" 200 None
DEBUG:urllib3.connectionpool:https://api.bloxflip.com:443 "GET /games/crash HTTP/1.1" 429 5882
DEBUG:urllib3.connectionpool:Resetting dropped connection: api.bloxflip.com
DEBUG:urllib3.connectionpool:https://api.bloxflip.com:443 "GET /games/crash HTTP/1.1" 200 None
DEBUG:urllib3.connectionpool:https://api.bloxflip.com:443 "GET /games/crash HTTP/1.1" 200 None
DEBUG:urllib3.connectionpool:https://api.bloxflip.com:443 "GET /games/crash HTTP/1.1" 429 5882
DEBUG:urllib3.connectionpool:Resetting dropped connection: api.bloxflip.com
DEBUG:urllib3.connectionpool:https://api.bloxflip.com:443 "GET /games/crash HTTP/1.1" 200 None
DEBUG:urllib3.connectionpool:https://api.bloxflip.com:443 "GET /games/crash HTTP/1.1" 200 None
DEBUG:urllib3.connectionpool:https://api.bloxflip.com:443 "GET /games/crash HTTP/1.1" 429 5882
DEBUG:urllib3.connectionpool:Resetting dropped connection: api.bloxflip.com
DEBUG:urllib3.connectionpool:https://api.bloxflip.com:443 "GET /games/crash HTTP/1.1" 200 None
DEBUG:urllib3.connectionpool:https://api.bloxflip.com:443 "GET /games/crash HTTP/1.1" 429 5882
DEBUG:urllib3.connectionpool:Resetting dropped connection: api.bloxflip.com
DEBUG:urllib3.connectionpool:https://api.bloxflip.com:443 "GET /games/crash HTTP/1.1" 403 None
DEBUG:urllib3.connectionpool:https://api.bloxflip.com:443 "GET /games/crash HTTP/1.1" 429 5882
DEBUG:urllib3.connectionpool:Resetting dropped connection: api.bloxflip.com
DEBUG:urllib3.connectionpool:https://api.bloxflip.com:443 "GET /games/crash HTTP/1.1" 200 None
DEBUG:urllib3.connectionpool:https://api.bloxflip.com:443 "GET /games/crash HTTP/1.1" 200 None
DEBUG:urllib3.connectionpool:https://api.bloxflip.com:443 "GET /games/crash HTTP/1.1" 429 5861
DEBUG:urllib3.connectionpool:Resetting dropped connection: api.bloxflip.com
DEBUG:urllib3.connectionpool:https://api.bloxflip.com:443 "GET /games/crash HTTP/1.1" 200 None
DEBUG:urllib3.connectionpool:https://api.bloxflip.com:443 "GET /games/crash HTTP/1.1" 200 None
DEBUG:urllib3.connectionpool:https://api.bloxflip.com:443 "GET /games/crash HTTP/1.1" 429 5861
DEBUG:urllib3.connectionpool:Resetting dropped connection: api.bloxflip.com
DEBUG:urllib3.connectionpool:https://api.bloxflip.com:443 "GET /games/crash HTTP/1.1" 200 None
DEBUG:urllib3.connectionpool:https://api.bloxflip.com:443 "GET /games/crash HTTP/1.1" 429 5861
DEBUG:urllib3.connectionpool:Resetting dropped connection: api.bloxflip.com
DEBUG:urllib3.connectionpool:https://api.bloxflip.com:443 "GET /games/crash HTTP/1.1" 429 6266
DEBUG:urllib3.connectionpool:Resetting dropped connection: api.bloxflip.com
DEBUG:urllib3.connectionpool:https://api.bloxflip.com:443 "GET /games/crash HTTP/1.1" 429 6287
DEBUG:urllib3.connectionpool:Resetting dropped connection: api.bloxflip.com
DEBUG:urllib3.connectionpool:https://api.bloxflip.com:443 "GET /games/crash HTTP/1.1" 200 None
DEBUG:urllib3.connectionpool:https://api.bloxflip.com:443 "GET /games/crash HTTP/1.1" 429 5882
DEBUG:urllib3.connectionpool:Resetting dropped connection: api.bloxflip.com
DEBUG:urllib3.connectionpool:https://api.bloxflip.com:443 "GET /games/crash HTTP/1.1" 403 None
DEBUG:urllib3.connectionpool:https://api.bloxflip.com:443 "GET /games/crash HTTP/1.1" 429 5882
DEBUG:urllib3.connectionpool:Resetting dropped connection: api.bloxflip.com
DEBUG:urllib3.connectionpool:https://api.bloxflip.com:443 "GET /games/crash HTTP/1.1" 200 None
DEBUG:urllib3.connectionpool:https://api.bloxflip.com:443 "GET /games/crash HTTP/1.1" 200 None
DEBUG:urllib3.connectionpool:https://api.bloxflip.com:443 "GET /games/crash HTTP/1.1" 429 5861
DEBUG:urllib3.connectionpool:Resetting dropped connection: api.bloxflip.com
DEBUG:urllib3.connectionpool:https://api.bloxflip.com:443 "GET /games/crash HTTP/1.1" 403 None
DEBUG:urllib3.connectionpool:https://api.bloxflip.com:443 "GET /games/crash HTTP/1.1" 429 5881
DEBUG:urllib3.connectionpool:Resetting dropped connection: api.bloxflip.com
DEBUG:urllib3.connectionpool:https://api.bloxflip.com:443 "GET /games/crash HTTP/1.1" 200 None
DEBUG:urllib3.connectionpool:https://api.bloxflip.com:443 "GET /games/crash HTTP/1.1" 429 5882
DEBUG:urllib3.connectionpool:Resetting dropped connection: api.bloxflip.com
DEBUG:urllib3.connectionpool:https://api.bloxflip.com:443 "GET /games/crash HTTP/1.1" 429 6266
DEBUG:urllib3.connectionpool:Resetting dropped connection: api.bloxflip.com
DEBUG:urllib3.connectionpool:https://api.bloxflip.com:443 "GET /games/crash HTTP/1.1" 403 None
DEBUG:urllib3.connectionpool:https://api.bloxflip.com:443 "GET /games/crash HTTP/1.1" 429 5882
DEBUG:urllib3.connectionpool:Resetting dropped connection: api.bloxflip.com
DEBUG:urllib3.connectionpool:https://api.bloxflip.com:443 "GET /games/crash HTTP/1.1" 429 6287
DEBUG:urllib3.connectionpool:Resetting dropped connection: api.bloxflip.com
DEBUG:urllib3.connectionpool:https://api.bloxflip.com:443 "GET /games/crash HTTP/1.1" 429 6265
DEBUG:urllib3.connectionpool:Resetting dropped connection: api.bloxflip.com
DEBUG:urllib3.connectionpool:https://api.bloxflip.com:443 "GET /games/crash HTTP/1.1" 200 None
DEBUG:urllib3.connectionpool:https://api.bloxflip.com:443 "GET /games/crash HTTP/1.1" 429 5861
DEBUG:urllib3.connectionpool:Resetting dropped connection: api.bloxflip.com
DEBUG:urllib3.connectionpool:https://api.bloxflip.com:443 "GET /games/crash HTTP/1.1" 200 None
DEBUG:urllib3.connectionpool:https://api.bloxflip.com:443 "GET /games/crash HTTP/1.1" 429 5861
DEBUG:urllib3.connectionpool:Resetting dropped connection: api.bloxflip.com
DEBUG:urllib3.connectionpool:https://api.bloxflip.com:443 "GET /games/crash HTTP/1.1" 200 None
DEBUG:urllib3.connectionpool:https://api.bloxflip.com:443 "GET /games/crash HTTP/1.1" 200 None
DEBUG:urllib3.connectionpool:https://api.bloxflip.com:443 "GET /games/crash HTTP/1.1" 429 5861
DEBUG:urllib3.connectionpool:Resetting dropped connection: api.bloxflip.com
DEBUG:urllib3.connectionpool:https://api.bloxflip.com:443 "GET /games/crash HTTP/1.1" 200 None
DEBUG:urllib3.connectionpool:https://api.bloxflip.com:443 "GET /games/crash HTTP/1.1" 429 5880
DEBUG:urllib3.connectionpool:Resetting dropped connection: api.bloxflip.com
DEBUG:urllib3.connectionpool:https://api.bloxflip.com:443 "GET /games/crash HTTP/1.1" 200 None
DEBUG:urllib3.connectionpool:https://api.bloxflip.com:443 "GET /games/crash HTTP/1.1" 200 None
DEBUG:urllib3.connectionpool:https://api.bloxflip.com:443 "GET /games/crash HTTP/1.1" 429 5861
DEBUG:urllib3.connectionpool:Resetting dropped connection: api.bloxflip.com
DEBUG:urllib3.connectionpool:https://api.bloxflip.com:443 "GET /games/crash HTTP/1.1" 200 None
DEBUG:urllib3.connectionpool:https://api.bloxflip.com:443 "GET /games/crash HTTP/1.1" 429 5861
DEBUG:urllib3.connectionpool:Resetting dropped connection: api.bloxflip.com
DEBUG:urllib3.connectionpool:https://api.bloxflip.com:443 "GET /games/crash HTTP/1.1" 200 None
DEBUG:urllib3.connectionpool:https://api.bloxflip.com:443 "GET /games/crash HTTP/1.1" 403 None
DEBUG:urllib3.connectionpool:https://api.bloxflip.com:443 "GET /games/crash HTTP/1.1" 429 5882
DEBUG:urllib3.connectionpool:Resetting dropped connection: api.bloxflip.com
DEBUG:urllib3.connectionpool:https://api.bloxflip.com:443 "GET /games/crash HTTP/1.1" 200 None
DEBUG:urllib3.connectionpool:https://api.bloxflip.com:443 "GET /games/crash HTTP/1.1" 429 5861
DEBUG:urllib3.connectionpool:Resetting dropped connection: api.bloxflip.com
DEBUG:urllib3.connectionpool:https://api.bloxflip.com:443 "GET /games/crash HTTP/1.1" 200 None
DEBUG:urllib3.connectionpool:https://api.bloxflip.com:443 "GET /games/crash HTTP/1.1" 200 None
DEBUG:urllib3.connectionpool:https://api.bloxflip.com:443 "GET /games/crash HTTP/1.1" 200 None
DEBUG:urllib3.connectionpool:https://api.bloxflip.com:443 "GET /games/crash HTTP/1.1" 429 5903
DEBUG:urllib3.connectionpool:Resetting dropped connection: api.bloxflip.com
DEBUG:urllib3.connectionpool:https://api.bloxflip.com:443 "GET /games/crash HTTP/1.1" 200 None
DEBUG:urllib3.connectionpool:https://api.bloxflip.com:443 "GET /games/crash HTTP/1.1" 429 5881
DEBUG:urllib3.connectionpool:Resetting dropped connection: api.bloxflip.com
DEBUG:urllib3.connectionpool:https://api.bloxflip.com:443 "GET /games/crash HTTP/1.1" 403 None
DEBUG:urllib3.connectionpool:https://api.bloxflip.com:443 "GET /games/crash HTTP/1.1" 429 5881
DEBUG:urllib3.connectionpool:Resetting dropped connection: api.bloxflip.com
DEBUG:urllib3.connectionpool:https://api.bloxflip.com:443 "GET /games/crash HTTP/1.1" 200 None
DEBUG:urllib3.connectionpool:https://api.bloxflip.com:443 "GET /games/crash HTTP/1.1" 429 5882
DEBUG:urllib3.connectionpool:Resetting dropped connection: api.bloxflip.com
DEBUG:urllib3.connectionpool:https://api.bloxflip.com:443 "GET /games/crash HTTP/1.1" 403 None
DEBUG:urllib3.connectionpool:https://api.bloxflip.com:443 "GET /games/crash HTTP/1.1" 429 5881
DEBUG:urllib3.connectionpool:Resetting dropped connection: api.bloxflip.com
DEBUG:urllib3.connectionpool:https://api.bloxflip.com:443 "GET /games/crash HTTP/1.1" 403 None
DEBUG:urllib3.connectionpool:https://api.bloxflip.com:443 "GET /games/crash HTTP/1.1" 429 5882
DEBUG:urllib3.connectionpool:Resetting dropped connection: api.bloxflip.com
DEBUG:urllib3.connectionpool:https://api.bloxflip.com:443 "GET /games/crash HTTP/1.1" 429 6266
DEBUG:urllib3.connectionpool:Resetting dropped connection: api.bloxflip.com
DEBUG:urllib3.connectionpool:https://api.bloxflip.com:443 "GET /games/crash HTTP/1.1" 403 None
DEBUG:urllib3.connectionpool:https://api.bloxflip.com:443 "GET /games/crash HTTP/1.1" 429 5882
DEBUG:urllib3.connectionpool:Resetting dropped connection: api.bloxflip.com
DEBUG:urllib3.connectionpool:https://api.bloxflip.com:443 "GET /games/crash HTTP/1.1" 429 6266
DEBUG:urllib3.connectionpool:Resetting dropped connection: api.bloxflip.com
DEBUG:urllib3.connectionpool:https://api.bloxflip.com:443 "GET /games/crash HTTP/1.1" 200 None
DEBUG:urllib3.connectionpool:https://api.bloxflip.com:443 "GET /games/crash HTTP/1.1" 429 5861
DEBUG:urllib3.connectionpool:Resetting dropped connection: api.bloxflip.com
DEBUG:urllib3.connectionpool:https://api.bloxflip.com:443 "GET /games/crash HTTP/1.1" 200 None
DEBUG:urllib3.connectionpool:https://api.bloxflip.com:443 "GET /games/crash HTTP/1.1" 200 None
DEBUG:urllib3.connectionpool:https://api.bloxflip.com:443 "GET /games/crash HTTP/1.1" 429 5882
DEBUG:urllib3.connectionpool:Resetting dropped connection: api.bloxflip.com
DEBUG:urllib3.connectionpool:https://api.bloxflip.com:443 "GET /games/crash HTTP/1.1" 200 None
DEBUG:urllib3.connectionpool:https://api.bloxflip.com:443 "GET /games/crash HTTP/1.1" 200 None
DEBUG:urllib3.connectionpool:https://api.bloxflip.com:443 "GET /games/crash HTTP/1.1" 429 5882
DEBUG:urllib3.connectionpool:Resetting dropped connection: api.bloxflip.com
DEBUG:urllib3.connectionpool:https://api.bloxflip.com:443 "GET /games/crash HTTP/1.1" 200 None
DEBUG:urllib3.connectionpool:https://api.bloxflip.com:443 "GET /games/crash HTTP/1.1" 200 None
DEBUG:urllib3.connectionpool:https://api.bloxflip.com:443 "GET /games/crash HTTP/1.1" 200 None
DEBUG:urllib3.connectionpool:https://api.bloxflip.com:443 "GET /games/crash HTTP/1.1" 429 5882
DEBUG:urllib3.connectionpool:Resetting dropped connection: api.bloxflip.com
DEBUG:urllib3.connectionpool:https://api.bloxflip.com:443 "GET /games/crash HTTP/1.1" 200 None
DEBUG:urllib3.connectionpool:https://api.bloxflip.com:443 "GET /games/crash HTTP/1.1" 200 None
DEBUG:urllib3.connectionpool:https://api.bloxflip.com:443 "GET /games/crash HTTP/1.1" 429 5882
DEBUG:urllib3.connectionpool:Resetting dropped connection: api.bloxflip.com
DEBUG:urllib3.connectionpool:https://api.bloxflip.com:443 "GET /games/crash HTTP/1.1" 200 None
DEBUG:urllib3.connectionpool:https://api.bloxflip.com:443 "GET /games/crash HTTP/1.1" 200 None
DEBUG:urllib3.connectionpool:https://api.bloxflip.com:443 "GET /games/crash HTTP/1.1" 429 5881
DEBUG:urllib3.connectionpool:Resetting dropped connection: api.bloxflip.com
DEBUG:urllib3.connectionpool:https://api.bloxflip.com:443 "GET /games/crash HTTP/1.1" 200 None
DEBUG:urllib3.connectionpool:https://api.bloxflip.com:443 "GET /games/crash HTTP/1.1" 200 None
DEBUG:urllib3.connectionpool:https://api.bloxflip.com:443 "GET /games/crash HTTP/1.1" 429 5861
DEBUG:urllib3.connectionpool:Resetting dropped connection: api.bloxflip.com
DEBUG:urllib3.connectionpool:https://api.bloxflip.com:443 "GET /games/crash HTTP/1.1" 403 None
DEBUG:urllib3.connectionpool:https://api.bloxflip.com:443 "GET /games/crash HTTP/1.1" 429 5861
DEBUG:urllib3.connectionpool:Resetting dropped connection: api.bloxflip.com
DEBUG:urllib3.connectionpool:https://api.bloxflip.com:443 "GET /games/crash HTTP/1.1" 403 None
DEBUG:urllib3.connectionpool:https://api.bloxflip.com:443 "GET /games/crash HTTP/1.1" 429 5882
DEBUG:urllib3.connectionpool:Resetting dropped connection: api.bloxflip.com
DEBUG:urllib3.connectionpool:https://api.bloxflip.com:443 "GET /games/crash HTTP/1.1" 200 None
DEBUG:urllib3.connectionpool:https://api.bloxflip.com:443 "GET /games/crash HTTP/1.1" 429 5882
DEBUG:urllib3.connectionpool:Resetting dropped connection: api.bloxflip.com
DEBUG:urllib3.connectionpool:https://api.bloxflip.com:443 "GET /games/crash HTTP/1.1" 200 None
DEBUG:urllib3.connectionpool:https://api.bloxflip.com:443 "GET /games/crash HTTP/1.1" 429 5882
DEBUG:urllib3.connectionpool:Resetting dropped connection: api.bloxflip.com
DEBUG:urllib3.connectionpool:https://api.bloxflip.com:443 "GET /games/crash HTTP/1.1" 200 None
DEBUG:urllib3.connectionpool:https://api.bloxflip.com:443 "GET /games/crash HTTP/1.1" 200 None
DEBUG:urllib3.connectionpool:https://api.bloxflip.com:443 "GET /games/crash HTTP/1.1" 429 5882
DEBUG:urllib3.connectionpool:Resetting dropped connection: api.bloxflip.com
DEBUG:urllib3.connectionpool:https://api.bloxflip.com:443 "GET /games/crash HTTP/1.1" 200 None
DEBUG:urllib3.connectionpool:https://api.bloxflip.com:443 "GET /games/crash HTTP/1.1" 429 5861
DEBUG:urllib3.connectionpool:Resetting dropped connection: api.bloxflip.com
DEBUG:urllib3.connectionpool:https://api.bloxflip.com:443 "GET /games/crash HTTP/1.1" 429 6245
DEBUG:urllib3.connectionpool:Resetting dropped connection: api.bloxflip.com
DEBUG:urllib3.connectionpool:https://api.bloxflip.com:443 "GET /games/crash HTTP/1.1" 429 6287
DEBUG:urllib3.connectionpool:Resetting dropped connection: api.bloxflip.com
DEBUG:urllib3.connectionpool:https://api.bloxflip.com:443 "GET /games/crash HTTP/1.1" 429 6287
DEBUG:urllib3.connectionpool:Resetting dropped connection: api.bloxflip.com
DEBUG:urllib3.connectionpool:https://api.bloxflip.com:443 "GET /games/crash HTTP/1.1" 200 None
DEBUG:urllib3.connectionpool:https://api.bloxflip.com:443 "GET /games/crash HTTP/1.1" 200 None
DEBUG:urllib3.connectionpool:https://api.bloxflip.com:443 "GET /games/crash HTTP/1.1" 429 5882
DEBUG:urllib3.connectionpool:Resetting dropped connection: api.bloxflip.com
DEBUG:urllib3.connectionpool:https://api.bloxflip.com:443 "GET /games/crash HTTP/1.1" 200 None
DEBUG:urllib3.connectionpool:https://api.bloxflip.com:443 "GET /games/crash HTTP/1.1" 200 None
DEBUG:urllib3.connectionpool:https://api.bloxflip.com:443 "GET /games/crash HTTP/1.1" 429 5882
DEBUG:urllib3.connectionpool:Resetting dropped connection: api.bloxflip.com
DEBUG:urllib3.connectionpool:https://api.bloxflip.com:443 "GET /games/crash HTTP/1.1" 200 None
DEBUG:urllib3.connectionpool:https://api.bloxflip.com:443 "GET /games/crash HTTP/1.1" 200 None
DEBUG:urllib3.connectionpool:https://api.bloxflip.com:443 "GET /games/crash HTTP/1.1" 429 5882
DEBUG:urllib3.connectionpool:Resetting dropped connection: api.bloxflip.com
DEBUG:urllib3.connectionpool:https://api.bloxflip.com:443 "GET /games/crash HTTP/1.1" 200 None
DEBUG:urllib3.connectionpool:https://api.bloxflip.com:443 "GET /games/crash HTTP/1.1" 429 5882
DEBUG:urllib3.connectionpool:Resetting dropped connection: api.bloxflip.com
DEBUG:urllib3.connectionpool:https://api.bloxflip.com:443 "GET /games/crash HTTP/1.1" 200 None
DEBUG:urllib3.connectionpool:https://api.bloxflip.com:443 "GET /games/crash HTTP/1.1" 200 None
DEBUG:urllib3.connectionpool:https://api.bloxflip.com:443 "GET /games/crash HTTP/1.1" 429 5882
DEBUG:urllib3.connectionpool:Resetting dropped connection: api.bloxflip.com
DEBUG:urllib3.connectionpool:https://api.bloxflip.com:443 "GET /games/crash HTTP/1.1" 200 None
DEBUG:urllib3.connectionpool:https://api.bloxflip.com:443 "GET /games/crash HTTP/1.1" 200 None
DEBUG:urllib3.connectionpool:https://api.bloxflip.com:443 "GET /games/crash HTTP/1.1" 429 5882
DEBUG:urllib3.connectionpool:Resetting dropped connection: api.bloxflip.com
DEBUG:urllib3.connectionpool:https://api.bloxflip.com:443 "GET /games/crash HTTP/1.1" 200 None
DEBUG:urllib3.connectionpool:https://api.bloxflip.com:443 "GET /games/crash HTTP/1.1" 200 None
DEBUG:urllib3.connectionpool:https://api.bloxflip.com:443 "GET /games/crash HTTP/1.1" 429 5882
DEBUG:urllib3.connectionpool:Resetting dropped connection: api.bloxflip.com
DEBUG:urllib3.connectionpool:https://api.bloxflip.com:443 "GET /games/crash HTTP/1.1" 200 None
DEBUG:urllib3.connectionpool:https://api.bloxflip.com:443 "GET /games/crash HTTP/1.1" 429 5861
DEBUG:urllib3.connectionpool:Resetting dropped connection: api.bloxflip.com
DEBUG:urllib3.connectionpool:https://api.bloxflip.com:443 "GET /games/crash HTTP/1.1" 200 None
DEBUG:urllib3.connectionpool:https://api.bloxflip.com:443 "GET /games/crash HTTP/1.1" 429 5882
DEBUG:urllib3.connectionpool:Resetting dropped connection: api.bloxflip.com
DEBUG:urllib3.connectionpool:https://api.bloxflip.com:443 "GET /games/crash HTTP/1.1" 403 None
DEBUG:urllib3.connectionpool:https://api.bloxflip.com:443 "GET /games/crash HTTP/1.1" 429 5861
DEBUG:urllib3.connectionpool:Resetting dropped connection: api.bloxflip.com
DEBUG:urllib3.connectionpool:https://api.bloxflip.com:443 "GET /games/crash HTTP/1.1" 200 None
DEBUG:urllib3.connectionpool:https://api.bloxflip.com:443 "GET /games/crash HTTP/1.1" 200 None
DEBUG:urllib3.connectionpool:https://api.bloxflip.com:443 "GET /games/crash HTTP/1.1" 429 5861
DEBUG:urllib3.connectionpool:Resetting dropped connection: api.bloxflip.com
DEBUG:urllib3.connectionpool:https://api.bloxflip.com:443 "GET /games/crash HTTP/1.1" 200 None
DEBUG:urllib3.connectionpool:https://api.bloxflip.com:443 "GET /games/crash HTTP/1.1" 200 None
DEBUG:urllib3.connectionpool:https://api.bloxflip.com:443 "GET /games/crash HTTP/1.1" 429 5882
DEBUG:urllib3.connectionpool:Resetting dropped connection: api.bloxflip.com
DEBUG:urllib3.connectionpool:https://api.bloxflip.com:443 "GET /games/crash HTTP/1.1" 200 None
DEBUG:urllib3.connectionpool:https://api.bloxflip.com:443 "GET /games/crash HTTP/1.1" 200 None
DEBUG:urllib3.connectionpool:https://api.bloxflip.com:443 "GET /games/crash HTTP/1.1" 200 None
DEBUG:urllib3.connectionpool:https://api.bloxflip.com:443 "GET /games/crash HTTP/1.1" 429 5860
DEBUG:urllib3.connectionpool:Resetting dropped connection: api.bloxflip.com
DEBUG:urllib3.connectionpool:https://api.bloxflip.com:443 "GET /games/crash HTTP/1.1" 200 None
DEBUG:urllib3.connectionpool:https://api.bloxflip.com:443 "GET /games/crash HTTP/1.1" 429 5882
DEBUG:urllib3.connectionpool:Resetting dropped connection: api.bloxflip.com
DEBUG:urllib3.connectionpool:https://api.bloxflip.com:443 "GET /games/crash HTTP/1.1" 200 None
DEBUG:urllib3.connectionpool:https://api.bloxflip.com:443 "GET /games/crash HTTP/1.1" 429 5882
DEBUG:urllib3.connectionpool:Resetting dropped connection: api.bloxflip.com
DEBUG:urllib3.connectionpool:https://api.bloxflip.com:443 "GET /games/crash HTTP/1.1" 200 None
DEBUG:urllib3.connectionpool:https://api.bloxflip.com:443 "GET /games/crash HTTP/1.1" 429 5903
DEBUG:urllib3.connectionpool:Resetting dropped connection: api.bloxflip.com
DEBUG:urllib3.connectionpool:https://api.bloxflip.com:443 "GET /games/crash HTTP/1.1" 429 6266
DEBUG:urllib3.connectionpool:Resetting dropped connection: api.bloxflip.com
DEBUG:urllib3.connectionpool:https://api.bloxflip.com:443 "GET /games/crash HTTP/1.1" 200 None
DEBUG:urllib3.connectionpool:https://api.bloxflip.com:443 "GET /games/crash HTTP/1.1" 429 5881
DEBUG:urllib3.connectionpool:Resetting dropped connection: api.bloxflip.com
DEBUG:urllib3.connectionpool:https://api.bloxflip.com:443 "GET /games/crash HTTP/1.1" 200 None
DEBUG:urllib3.connectionpool:https://api.bloxflip.com:443 "GET /games/crash HTTP/1.1" 429 5861
DEBUG:urllib3.connectionpool:Resetting dropped connection: api.bloxflip.com
DEBUG:urllib3.connectionpool:https://api.bloxflip.com:443 "GET /games/crash HTTP/1.1" 200 None
DEBUG:urllib3.connectionpool:https://api.bloxflip.com:443 "GET /games/crash HTTP/1.1" 200 None
DEBUG:urllib3.connectionpool:https://api.bloxflip.com:443 "GET /games/crash HTTP/1.1" 429 5861
DEBUG:urllib3.connectionpool:Resetting dropped connection: api.bloxflip.com
DEBUG:urllib3.connectionpool:https://api.bloxflip.com:443 "GET /games/crash HTTP/1.1" 200 None
DEBUG:urllib3.connectionpool:https://api.bloxflip.com:443 "GET /games/crash HTTP/1.1" 429 5882
DEBUG:urllib3.connectionpool:Resetting dropped connection: api.bloxflip.com
DEBUG:urllib3.connectionpool:https://api.bloxflip.com:443 "GET /games/crash HTTP/1.1" 403 None
DEBUG:urllib3.connectionpool:https://api.bloxflip.com:443 "GET /games/crash HTTP/1.1" 429 5882
DEBUG:urllib3.connectionpool:Resetting dropped connection: api.bloxflip.com
DEBUG:urllib3.connectionpool:https://api.bloxflip.com:443 "GET /games/crash HTTP/1.1" 403 None
DEBUG:urllib3.connectionpool:https://api.bloxflip.com:443 "GET /games/crash HTTP/1.1" 429 5861
DEBUG:urllib3.connectionpool:Resetting dropped connection: api.bloxflip.com
DEBUG:urllib3.connectionpool:https://api.bloxflip.com:443 "GET /games/crash HTTP/1.1" 200 None
DEBUG:urllib3.connectionpool:https://api.bloxflip.com:443 "GET /games/crash HTTP/1.1" 429 5882
DEBUG:urllib3.connectionpool:Resetting dropped connection: api.bloxflip.com
DEBUG:urllib3.connectionpool:https://api.bloxflip.com:443 "GET /games/crash HTTP/1.1" 429 6287
DEBUG:urllib3.connectionpool:Resetting dropped connection: api.bloxflip.com
DEBUG:urllib3.connectionpool:https://api.bloxflip.com:443 "GET /games/crash HTTP/1.1" 403 None
DEBUG:urllib3.connectionpool:https://api.bloxflip.com:443 "GET /games/crash HTTP/1.1" 429 5882
DEBUG:urllib3.connectionpool:Resetting dropped connection: api.bloxflip.com
DEBUG:urllib3.connectionpool:https://api.bloxflip.com:443 "GET /games/crash HTTP/1.1" 200 None
DEBUG:urllib3.connectionpool:https://api.bloxflip.com:443 "GET /games/crash HTTP/1.1" 429 5882
DEBUG:urllib3.connectionpool:Resetting dropped connection: api.bloxflip.com
DEBUG:urllib3.connectionpool:https://api.bloxflip.com:443 "GET /games/crash HTTP/1.1" 200 None
DEBUG:urllib3.connectionpool:https://api.bloxflip.com:443 "GET /games/crash HTTP/1.1" 429 5882
DEBUG:urllib3.connectionpool:Resetting dropped connection: api.bloxflip.com
DEBUG:urllib3.connectionpool:https://api.bloxflip.com:443 "GET /games/crash HTTP/1.1" 403 None
DEBUG:urllib3.connectionpool:https://api.bloxflip.com:443 "GET /games/crash HTTP/1.1" 429 5882
DEBUG:urllib3.connectionpool:Resetting dropped connection: api.bloxflip.com
DEBUG:urllib3.connectionpool:https://api.bloxflip.com:443 "GET /games/crash HTTP/1.1" 200 None
DEBUG:urllib3.connectionpool:https://api.bloxflip.com:443 "GET /games/crash HTTP/1.1" 429 5882
DEBUG:urllib3.connectionpool:Resetting dropped connection: api.bloxflip.com
DEBUG:urllib3.connectionpool:https://api.bloxflip.com:443 "GET /games/crash HTTP/1.1" 200 None
DEBUG:urllib3.connectionpool:https://api.bloxflip.com:443 "GET /games/crash HTTP/1.1" 200 None
DEBUG:urllib3.connectionpool:https://api.bloxflip.com:443 "GET /games/crash HTTP/1.1" 429 5861
DEBUG:urllib3.connectionpool:Resetting dropped connection: api.bloxflip.com
DEBUG:urllib3.connectionpool:https://api.bloxflip.com:443 "GET /games/crash HTTP/1.1" 403 None
DEBUG:urllib3.connectionpool:https://api.bloxflip.com:443 "GET /games/crash HTTP/1.1" 429 5861
DEBUG:urllib3.connectionpool:Resetting dropped connection: api.bloxflip.com
DEBUG:urllib3.connectionpool:https://api.bloxflip.com:443 "GET /games/crash HTTP/1.1" 200 None
DEBUG:urllib3.connectionpool:https://api.bloxflip.com:443 "GET /games/crash HTTP/1.1" 429 5882
DEBUG:urllib3.connectionpool:Resetting dropped connection: api.bloxflip.com
DEBUG:urllib3.connectionpool:https://api.bloxflip.com:443 "GET /games/crash HTTP/1.1" 200 None
DEBUG:urllib3.connectionpool:https://api.bloxflip.com:443 "GET /games/crash HTTP/1.1" 200 None
DEBUG:urllib3.connectionpool:https://api.bloxflip.com:443 "GET /games/crash HTTP/1.1" 429 5882
DEBUG:urllib3.connectionpool:Resetting dropped connection: api.bloxflip.com
DEBUG:urllib3.connectionpool:https://api.bloxflip.com:443 "GET /games/crash HTTP/1.1" 200 None
DEBUG:urllib3.connectionpool:https://api.bloxflip.com:443 "GET /games/crash HTTP/1.1" 200 None
DEBUG:urllib3.connectionpool:https://api.bloxflip.com:443 "GET /games/crash HTTP/1.1" 429 5861
DEBUG:urllib3.connectionpool:Resetting dropped connection: api.bloxflip.com
DEBUG:urllib3.connectionpool:https://api.bloxflip.com:443 "GET /games/crash HTTP/1.1" 403 None
DEBUG:urllib3.connectionpool:https://api.bloxflip.com:443 "GET /games/crash HTTP/1.1" 429 5882
DEBUG:urllib3.connectionpool:Resetting dropped connection: api.bloxflip.com
DEBUG:urllib3.connectionpool:https://api.bloxflip.com:443 "GET /games/crash HTTP/1.1" 200 None
DEBUG:urllib3.connectionpool:https://api.bloxflip.com:443 "GET /games/crash HTTP/1.1" 429 5861
DEBUG:urllib3.connectionpool:Resetting dropped connection: api.bloxflip.com
DEBUG:urllib3.connectionpool:https://api.bloxflip.com:443 "GET /games/crash HTTP/1.1" 429 6287
DEBUG:urllib3.connectionpool:Resetting dropped connection: api.bloxflip.com
DEBUG:urllib3.connectionpool:https://api.bloxflip.com:443 "GET /games/crash HTTP/1.1" 429 6266
DEBUG:urllib3.connectionpool:Resetting dropped connection: api.bloxflip.com
DEBUG:urllib3.connectionpool:https://api.bloxflip.com:443 "GET /games/crash HTTP/1.1" 429 6266
DEBUG:urllib3.connectionpool:Resetting dropped connection: api.bloxflip.com
DEBUG:urllib3.connectionpool:https://api.bloxflip.com:443 "GET /games/crash HTTP/1.1" 429 6287
DEBUG:urllib3.connectionpool:Resetting dropped connection: api.bloxflip.com
DEBUG:urllib3.connectionpool:https://api.bloxflip.com:443 "GET /games/crash HTTP/1.1" 200 None
DEBUG:urllib3.connectionpool:https://api.bloxflip.com:443 "GET /games/crash HTTP/1.1" 200 None
DEBUG:urllib3.connectionpool:https://api.bloxflip.com:443 "GET /games/crash HTTP/1.1" 429 5882
DEBUG:urllib3.connectionpool:Resetting dropped connection: api.bloxflip.com
DEBUG:urllib3.connectionpool:https://api.bloxflip.com:443 "GET /games/crash HTTP/1.1" 200 None
DEBUG:urllib3.connectionpool:https://api.bloxflip.com:443 "GET /games/crash HTTP/1.1" 429 5861
DEBUG:urllib3.connectionpool:Resetting dropped connection: api.bloxflip.com
DEBUG:urllib3.connectionpool:https://api.bloxflip.com:443 "GET /games/crash HTTP/1.1" 200 None
DEBUG:urllib3.connectionpool:https://api.bloxflip.com:443 "GET /games/crash HTTP/1.1" 200 None
DEBUG:urllib3.connectionpool:https://api.bloxflip.com:443 "GET /games/crash HTTP/1.1" 200 None
DEBUG:urllib3.connectionpool:https://api.bloxflip.com:443 "GET /games/crash HTTP/1.1" 429 5861
DEBUG:urllib3.connectionpool:Resetting dropped connection: api.bloxflip.com
DEBUG:urllib3.connectionpool:https://api.bloxflip.com:443 "GET /games/crash HTTP/1.1" 200 None
DEBUG:urllib3.connectionpool:https://api.bloxflip.com:443 "GET /games/crash HTTP/1.1" 200 None
DEBUG:urllib3.connectionpool:https://api.bloxflip.com:443 "GET /games/crash HTTP/1.1" 429 5882
DEBUG:urllib3.connectionpool:Resetting dropped connection: api.bloxflip.com
DEBUG:urllib3.connectionpool:https://api.bloxflip.com:443 "GET /games/crash HTTP/1.1" 403 None
DEBUG:urllib3.connectionpool:https://api.bloxflip.com:443 "GET /games/crash HTTP/1.1" 429 5861
DEBUG:urllib3.connectionpool:Resetting dropped connection: api.bloxflip.com
DEBUG:urllib3.connectionpool:https://api.bloxflip.com:443 "GET /games/crash HTTP/1.1" 200 None
DEBUG:urllib3.connectionpool:https://api.bloxflip.com:443 "GET /games/crash HTTP/1.1" 429 5860
DEBUG:urllib3.connectionpool:Resetting dropped connection: api.bloxflip.com
DEBUG:urllib3.connectionpool:https://api.bloxflip.com:443 "GET /games/crash HTTP/1.1" 429 6286
DEBUG:urllib3.connectionpool:Resetting dropped connection: api.bloxflip.com
DEBUG:urllib3.connectionpool:https://api.bloxflip.com:443 "GET /games/crash HTTP/1.1" 429 6266
DEBUG:urllib3.connectionpool:Resetting dropped connection: api.bloxflip.com
DEBUG:urllib3.connectionpool:https://api.bloxflip.com:443 "GET /games/crash HTTP/1.1" 429 6287
DEBUG:urllib3.connectionpool:Resetting dropped connection: api.bloxflip.com
DEBUG:urllib3.connectionpool:https://api.bloxflip.com:443 "GET /games/crash HTTP/1.1" 429 6266
DEBUG:urllib3.connectionpool:Resetting dropped connection: api.bloxflip.com
DEBUG:urllib3.connectionpool:https://api.bloxflip.com:443 "GET /games/crash HTTP/1.1" 403 None
DEBUG:urllib3.connectionpool:https://api.bloxflip.com:443 "GET /games/crash HTTP/1.1" 429 5861
DEBUG:urllib3.connectionpool:Resetting dropped connection: api.bloxflip.com
DEBUG:urllib3.connectionpool:https://api.bloxflip.com:443 "GET /games/crash HTTP/1.1" 200 None
DEBUG:urllib3.connectionpool:https://api.bloxflip.com:443 "GET /games/crash HTTP/1.1" 200 None
DEBUG:urllib3.connectionpool:https://api.bloxflip.com:443 "GET /games/crash HTTP/1.1" 429 5882
DEBUG:urllib3.connectionpool:Resetting dropped connection: api.bloxflip.com
DEBUG:urllib3.connectionpool:https://api.bloxflip.com:443 "GET /games/crash HTTP/1.1" 429 6266
DEBUG:urllib3.connectionpool:Resetting dropped connection: api.bloxflip.com
DEBUG:urllib3.connectionpool:https://api.bloxflip.com:443 "GET /games/crash HTTP/1.1" 429 6287
DEBUG:urllib3.connectionpool:Resetting dropped connection: api.bloxflip.com
DEBUG:urllib3.connectionpool:https://api.bloxflip.com:443 "GET /games/crash HTTP/1.1" 200 None
DEBUG:urllib3.connectionpool:https://api.bloxflip.com:443 "GET /games/crash HTTP/1.1" 429 5903
DEBUG:urllib3.connectionpool:Resetting dropped connection: api.bloxflip.com
DEBUG:urllib3.connectionpool:https://api.bloxflip.com:443 "GET /games/crash HTTP/1.1" 200 None
DEBUG:urllib3.connectionpool:https://api.bloxflip.com:443 "GET /games/crash HTTP/1.1" 200 None
DEBUG:urllib3.connectionpool:https://api.bloxflip.com:443 "GET /games/crash HTTP/1.1" 429 5881
DEBUG:urllib3.connectionpool:Resetting dropped connection: api.bloxflip.com
DEBUG:urllib3.connectionpool:https://api.bloxflip.com:443 "GET /games/crash HTTP/1.1" 200 None
DEBUG:urllib3.connectionpool:https://api.bloxflip.com:443 "GET /games/crash HTTP/1.1" 200 None
DEBUG:urllib3.connectionpool:https://api.bloxflip.com:443 "GET /games/crash HTTP/1.1" 429 5882
DEBUG:urllib3.connectionpool:Resetting dropped connection: api.bloxflip.com
DEBUG:urllib3.connectionpool:https://api.bloxflip.com:443 "GET /games/crash HTTP/1.1" 200 None
DEBUG:urllib3.connectionpool:https://api.bloxflip.com:443 "GET /games/crash HTTP/1.1" 429 5861
DEBUG:urllib3.connectionpool:Resetting dropped connection: api.bloxflip.com
DEBUG:urllib3.connectionpool:https://api.bloxflip.com:443 "GET /games/crash HTTP/1.1" 429 6266
DEBUG:urllib3.connectionpool:Resetting dropped connection: api.bloxflip.com
DEBUG:urllib3.connectionpool:https://api.bloxflip.com:443 "GET /games/crash HTTP/1.1" 200 None
DEBUG:urllib3.connectionpool:https://api.bloxflip.com:443 "GET /games/crash HTTP/1.1" 200 None
DEBUG:urllib3.connectionpool:https://api.bloxflip.com:443 "GET /games/crash HTTP/1.1" 429 5882
DEBUG:urllib3.connectionpool:Resetting dropped connection: api.bloxflip.com
DEBUG:urllib3.connectionpool:https://api.bloxflip.com:443 "GET /games/crash HTTP/1.1" 200 None
DEBUG:urllib3.connectionpool:https://api.bloxflip.com:443 "GET /games/crash HTTP/1.1" 200 None
DEBUG:urllib3.connectionpool:https://api.bloxflip.com:443 "GET /games/crash HTTP/1.1" 429 5881
DEBUG:urllib3.connectionpool:Resetting dropped connection: api.bloxflip.com
DEBUG:urllib3.connectionpool:https://api.bloxflip.com:443 "GET /games/crash HTTP/1.1" 429 6287
DEBUG:urllib3.connectionpool:Resetting dropped connection: api.bloxflip.com
DEBUG:urllib3.connectionpool:https://api.bloxflip.com:443 "GET /games/crash HTTP/1.1" 200 None
DEBUG:urllib3.connectionpool:https://api.bloxflip.com:443 "GET /games/crash HTTP/1.1" 429 5882
DEBUG:urllib3.connectionpool:Resetting dropped connection: api.bloxflip.com
DEBUG:urllib3.connectionpool:https://api.bloxflip.com:443 "GET /games/crash HTTP/1.1" 429 6266
DEBUG:urllib3.connectionpool:Resetting dropped connection: api.bloxflip.com
DEBUG:urllib3.connectionpool:https://api.bloxflip.com:443 "GET /games/crash HTTP/1.1" 200 None
DEBUG:urllib3.connectionpool:https://api.bloxflip.com:443 "GET /games/crash HTTP/1.1" 429 5882
DEBUG:urllib3.connectionpool:Resetting dropped connection: api.bloxflip.com
DEBUG:urllib3.connectionpool:https://api.bloxflip.com:443 "GET /games/crash HTTP/1.1" 200 None
DEBUG:urllib3.connectionpool:https://api.bloxflip.com:443 "GET /games/crash HTTP/1.1" 429 5858
DEBUG:urllib3.connectionpool:Resetting dropped connection: api.bloxflip.com
DEBUG:urllib3.connectionpool:https://api.bloxflip.com:443 "GET /games/crash HTTP/1.1" 200 None
DEBUG:urllib3.connectionpool:https://api.bloxflip.com:443 "GET /games/crash HTTP/1.1" 429 5882
DEBUG:urllib3.connectionpool:Resetting dropped connection: api.bloxflip.com
DEBUG:urllib3.connectionpool:https://api.bloxflip.com:443 "GET /games/crash HTTP/1.1" 200 None
DEBUG:urllib3.connectionpool:https://api.bloxflip.com:443 "GET /games/crash HTTP/1.1" 200 None
DEBUG:urllib3.connectionpool:https://api.bloxflip.com:443 "GET /games/crash HTTP/1.1" 429 5882
DEBUG:urllib3.connectionpool:Resetting dropped connection: api.bloxflip.com
DEBUG:urllib3.connectionpool:https://api.bloxflip.com:443 "GET /games/crash HTTP/1.1" 200 None
DEBUG:urllib3.connectionpool:https://api.bloxflip.com:443 "GET /games/crash HTTP/1.1" 429 5882
DEBUG:urllib3.connectionpool:Resetting dropped connection: api.bloxflip.com
DEBUG:urllib3.connectionpool:https://api.bloxflip.com:443 "GET /games/crash HTTP/1.1" 200 None
DEBUG:urllib3.connectionpool:https://api.bloxflip.com:443 "GET /games/crash HTTP/1.1" 200 None
DEBUG:urllib3.connectionpool:https://api.bloxflip.com:443 "GET /games/crash HTTP/1.1" 429 5861
DEBUG:urllib3.connectionpool:Resetting dropped connection: api.bloxflip.com
DEBUG:urllib3.connectionpool:https://api.bloxflip.com:443 "GET /games/crash HTTP/1.1" 200 None
DEBUG:urllib3.connectionpool:https://api.bloxflip.com:443 "GET /games/crash HTTP/1.1" 200 None
DEBUG:urllib3.connectionpool:https://api.bloxflip.com:443 "GET /games/crash HTTP/1.1" 429 5882
DEBUG:urllib3.connectionpool:Resetting dropped connection: api.bloxflip.com
DEBUG:urllib3.connectionpool:https://api.bloxflip.com:443 "GET /games/crash HTTP/1.1" 200 None
DEBUG:urllib3.connectionpool:https://api.bloxflip.com:443 "GET /games/crash HTTP/1.1" 429 5861
DEBUG:urllib3.connectionpool:Resetting dropped connection: api.bloxflip.com
DEBUG:urllib3.connectionpool:https://api.bloxflip.com:443 "GET /games/crash HTTP/1.1" 200 None
DEBUG:urllib3.connectionpool:https://api.bloxflip.com:443 "GET /games/crash HTTP/1.1" 429 5861
DEBUG:urllib3.connectionpool:Resetting dropped connection: api.bloxflip.com
DEBUG:urllib3.connectionpool:https://api.bloxflip.com:443 "GET /games/crash HTTP/1.1" 200 None
DEBUG:urllib3.connectionpool:https://api.bloxflip.com:443 "GET /games/crash HTTP/1.1" 200 None
DEBUG:urllib3.connectionpool:https://api.bloxflip.com:443 "GET /games/crash HTTP/1.1" 429 5882
DEBUG:urllib3.connectionpool:Resetting dropped connection: api.bloxflip.com
DEBUG:urllib3.connectionpool:https://api.bloxflip.com:443 "GET /games/crash HTTP/1.1" 200 None
DEBUG:urllib3.connectionpool:https://api.bloxflip.com:443 "GET /games/crash HTTP/1.1" 429 5882
DEBUG:urllib3.connectionpool:Resetting dropped connection: api.bloxflip.com
DEBUG:urllib3.connectionpool:https://api.bloxflip.com:443 "GET /games/crash HTTP/1.1" 200 None
DEBUG:urllib3.connectionpool:https://api.bloxflip.com:443 "GET /games/crash HTTP/1.1" 429 5861
DEBUG:urllib3.connectionpool:Resetting dropped connection: api.bloxflip.com
DEBUG:urllib3.connectionpool:https://api.bloxflip.com:443 "GET /games/crash HTTP/1.1" 200 None
DEBUG:urllib3.connectionpool:https://api.bloxflip.com:443 "GET /games/crash HTTP/1.1" 429 5861
DEBUG:urllib3.connectionpool:Resetting dropped connection: api.bloxflip.com
DEBUG:urllib3.connectionpool:https://api.bloxflip.com:443 "GET /games/crash HTTP/1.1" 200 None
DEBUG:urllib3.connectionpool:https://api.bloxflip.com:443 "GET /games/crash HTTP/1.1" 200 None
DEBUG:urllib3.connectionpool:https://api.bloxflip.com:443 "GET /games/crash HTTP/1.1" 429 5882
DEBUG:urllib3.connectionpool:Resetting dropped connection: api.bloxflip.com
DEBUG:urllib3.connectionpool:https://api.bloxflip.com:443 "GET /games/crash HTTP/1.1" 200 None
DEBUG:urllib3.connectionpool:https://api.bloxflip.com:443 "GET /games/crash HTTP/1.1" 200 None
DEBUG:urllib3.connectionpool:https://api.bloxflip.com:443 "GET /games/crash HTTP/1.1" 429 5881
DEBUG:urllib3.connectionpool:Resetting dropped connection: api.bloxflip.com
DEBUG:urllib3.connectionpool:https://api.bloxflip.com:443 "GET /games/crash HTTP/1.1" 200 None
DEBUG:urllib3.connectionpool:https://api.bloxflip.com:443 "GET /games/crash HTTP/1.1" 429 5882
DEBUG:urllib3.connectionpool:Resetting dropped connection: api.bloxflip.com
DEBUG:urllib3.connectionpool:https://api.bloxflip.com:443 "GET /games/crash HTTP/1.1" 403 None
DEBUG:urllib3.connectionpool:https://api.bloxflip.com:443 "GET /games/crash HTTP/1.1" 429 5882
DEBUG:urllib3.connectionpool:Resetting dropped connection: api.bloxflip.com
DEBUG:urllib3.connectionpool:https://api.bloxflip.com:443 "GET /games/crash HTTP/1.1" 200 None
DEBUG:urllib3.connectionpool:https://api.bloxflip.com:443 "GET /games/crash HTTP/1.1" 200 None
DEBUG:urllib3.connectionpool:https://api.bloxflip.com:443 "GET /games/crash HTTP/1.1" 429 5882
DEBUG:urllib3.connectionpool:Resetting dropped connection: api.bloxflip.com
DEBUG:urllib3.connectionpool:https://api.bloxflip.com:443 "GET /games/crash HTTP/1.1" 429 6287
DEBUG:urllib3.connectionpool:Resetting dropped connection: api.bloxflip.com
DEBUG:urllib3.connectionpool:https://api.bloxflip.com:443 "GET /games/crash HTTP/1.1" 429 6266
DEBUG:urllib3.connectionpool:Resetting dropped connection: api.bloxflip.com
DEBUG:urllib3.connectionpool:https://api.bloxflip.com:443 "GET /games/crash HTTP/1.1" 429 6287
DEBUG:urllib3.connectionpool:Resetting dropped connection: api.bloxflip.com
DEBUG:urllib3.connectionpool:https://api.bloxflip.com:443 "GET /games/crash HTTP/1.1" 429 6266
DEBUG:urllib3.connectionpool:Resetting dropped connection: api.bloxflip.com
DEBUG:urllib3.connectionpool:https://api.bloxflip.com:443 "GET /games/crash HTTP/1.1" 403 None
DEBUG:urllib3.connectionpool:https://api.bloxflip.com:443 "GET /games/crash HTTP/1.1" 200 None
DEBUG:urllib3.connectionpool:https://api.bloxflip.com:443 "GET /games/crash HTTP/1.1" 403 None
DEBUG:urllib3.connectionpool:https://api.bloxflip.com:443 "GET /games/crash HTTP/1.1" 429 5861
DEBUG:urllib3.connectionpool:Resetting dropped connection: api.bloxflip.com
DEBUG:urllib3.connectionpool:https://api.bloxflip.com:443 "GET /games/crash HTTP/1.1" 429 6286
DEBUG:urllib3.connectionpool:Resetting dropped connection: api.bloxflip.com
DEBUG:urllib3.connectionpool:https://api.bloxflip.com:443 "GET /games/crash HTTP/1.1" 200 None
DEBUG:urllib3.connectionpool:https://api.bloxflip.com:443 "GET /games/crash HTTP/1.1" 403 None
DEBUG:urllib3.connectionpool:https://api.bloxflip.com:443 "GET /games/crash HTTP/1.1" 429 5882
DEBUG:urllib3.connectionpool:Resetting dropped connection: api.bloxflip.com
DEBUG:urllib3.connectionpool:https://api.bloxflip.com:443 "GET /games/crash HTTP/1.1" 200 None
DEBUG:urllib3.connectionpool:https://api.bloxflip.com:443 "GET /games/crash HTTP/1.1" 429 5860
DEBUG:urllib3.connectionpool:Resetting dropped connection: api.bloxflip.com
DEBUG:urllib3.connectionpool:https://api.bloxflip.com:443 "GET /games/crash HTTP/1.1" 200 None
DEBUG:urllib3.connectionpool:https://api.bloxflip.com:443 "GET /user HTTP/1.1" 200 None
DEBUG:urllib3.connectionpool:Starting new HTTPS connection (1): discord.com:443
DEBUG:urllib3.connectionpool:https://discord.com:443 "POST /api/webhooks/ HTTP/1.1" 404 40
DEBUG:playsound:Starting
DEBUG:urllib3.connectionpool:Starting new HTTPS connection (1): bfpredictor.repl.co:443
DEBUG:urllib3.connectionpool:https://bfpredictor.repl.co:443 "GET /multiplier HTTP/1.1" 200 17
DEBUG:playsound:Starting
ERROR:root:Some trouble with the icon (C:\Users\ekila\Downloads\Smart Auto Bet\Personal\BF SmartBet - Patch 3\assets\Bloxflip.ico): (2, 'LoadImage', 'The system cannot find the file specified.')
ERROR:playsound:
    Error 259 for command:
        play "Assets\Loss.mp3" wait
    The driver cannot recognize the specified command parameter.
ERROR:playsound:
    Error 305 for command:
        close "Assets\Loss.mp3"
    Cannot specify extra characters after a string enclosed in quotation marks.
WARNING:playsound:Failed to close the file: "Assets\Loss.mp3"
DEBUG:urllib3.connectionpool:https://api.bloxflip.com:443 "GET /games/crash HTTP/1.1" 200 None
DEBUG:urllib3.connectionpool:https://api.bloxflip.com:443 "GET /games/crash HTTP/1.1" 200 None
DEBUG:urllib3.connectionpool:https://api.bloxflip.com:443 "GET /games/crash HTTP/1.1" 200 None
DEBUG:urllib3.connectionpool:https://api.bloxflip.com:443 "GET /games/crash HTTP/1.1" 200 None
DEBUG:urllib3.connectionpool:https://api.bloxflip.com:443 "GET /games/crash HTTP/1.1" 200 None
DEBUG:urllib3.connectionpool:https://api.bloxflip.com:443 "GET /games/crash HTTP/1.1" 429 5882
DEBUG:urllib3.connectionpool:Resetting dropped connection: api.bloxflip.com
DEBUG:urllib3.connectionpool:https://api.bloxflip.com:443 "GET /games/crash HTTP/1.1" 200 None
DEBUG:urllib3.connectionpool:https://api.bloxflip.com:443 "GET /games/crash HTTP/1.1" 200 None
DEBUG:urllib3.connectionpool:https://api.bloxflip.com:443 "GET /games/crash HTTP/1.1" 429 5882
DEBUG:urllib3.connectionpool:Resetting dropped connection: api.bloxflip.com
DEBUG:urllib3.connectionpool:https://api.bloxflip.com:443 "GET /games/crash HTTP/1.1" 429 6266
DEBUG:urllib3.connectionpool:Resetting dropped connection: api.bloxflip.com
DEBUG:urllib3.connectionpool:https://api.bloxflip.com:443 "GET /games/crash HTTP/1.1" 200 None
DEBUG:urllib3.connectionpool:https://api.bloxflip.com:443 "GET /games/crash HTTP/1.1" 200 None
DEBUG:urllib3.connectionpool:https://api.bloxflip.com:443 "GET /games/crash HTTP/1.1" 429 5882
DEBUG:urllib3.connectionpool:Resetting dropped connection: api.bloxflip.com
DEBUG:urllib3.connectionpool:https://api.bloxflip.com:443 "GET /games/crash HTTP/1.1" 200 None
DEBUG:urllib3.connectionpool:https://api.bloxflip.com:443 "GET /games/crash HTTP/1.1" 200 None
DEBUG:urllib3.connectionpool:https://api.bloxflip.com:443 "GET /games/crash HTTP/1.1" 429 5861
DEBUG:urllib3.connectionpool:Resetting dropped connection: api.bloxflip.com
DEBUG:urllib3.connectionpool:https://api.bloxflip.com:443 "GET /games/crash HTTP/1.1" 200 None
DEBUG:urllib3.connectionpool:https://api.bloxflip.com:443 "GET /games/crash HTTP/1.1" 429 5861
DEBUG:urllib3.connectionpool:Resetting dropped connection: api.bloxflip.com
DEBUG:urllib3.connectionpool:https://api.bloxflip.com:443 "GET /games/crash HTTP/1.1" 200 None
DEBUG:urllib3.connectionpool:https://api.bloxflip.com:443 "GET /games/crash HTTP/1.1" 429 5882
DEBUG:urllib3.connectionpool:Resetting dropped connection: api.bloxflip.com
DEBUG:urllib3.connectionpool:https://api.bloxflip.com:443 "GET /games/crash HTTP/1.1" 429 6266
DEBUG:urllib3.connectionpool:Resetting dropped connection: api.bloxflip.com
DEBUG:urllib3.connectionpool:https://api.bloxflip.com:443 "GET /games/crash HTTP/1.1" 429 6266
DEBUG:urllib3.connectionpool:Resetting dropped connection: api.bloxflip.com
DEBUG:urllib3.connectionpool:https://api.bloxflip.com:443 "GET /games/crash HTTP/1.1" 200 None
DEBUG:urllib3.connectionpool:https://api.bloxflip.com:443 "GET /games/crash HTTP/1.1" 429 5861
DEBUG:urllib3.connectionpool:Resetting dropped connection: api.bloxflip.com
DEBUG:urllib3.connectionpool:https://api.bloxflip.com:443 "GET /games/crash HTTP/1.1" 200 None
DEBUG:urllib3.connectionpool:https://api.bloxflip.com:443 "GET /games/crash HTTP/1.1" 200 None
DEBUG:urllib3.connectionpool:https://api.bloxflip.com:443 "GET /games/crash HTTP/1.1" 200 None
DEBUG:urllib3.connectionpool:https://api.bloxflip.com:443 "GET /games/crash HTTP/1.1" 429 5882
DEBUG:urllib3.connectionpool:Resetting dropped connection: api.bloxflip.com
DEBUG:urllib3.connectionpool:https://api.bloxflip.com:443 "GET /games/crash HTTP/1.1" 403 None
DEBUG:urllib3.connectionpool:https://api.bloxflip.com:443 "GET /games/crash HTTP/1.1" 429 5881
DEBUG:urllib3.connectionpool:Resetting dropped connection: api.bloxflip.com
DEBUG:urllib3.connectionpool:https://api.bloxflip.com:443 "GET /games/crash HTTP/1.1" 429 6287
DEBUG:urllib3.connectionpool:Resetting dropped connection: api.bloxflip.com
DEBUG:playsound:Returning
DEBUG:urllib3.connectionpool:https://api.bloxflip.com:443 "GET /games/crash HTTP/1.1" 200 None
DEBUG:urllib3.connectionpool:https://api.bloxflip.com:443 "GET /games/crash HTTP/1.1" 429 5861
DEBUG:urllib3.connectionpool:Resetting dropped connection: api.bloxflip.com
DEBUG:urllib3.connectionpool:https://api.bloxflip.com:443 "GET /games/crash HTTP/1.1" 200 None
DEBUG:urllib3.connectionpool:https://api.bloxflip.com:443 "GET /games/crash HTTP/1.1" 429 5882
DEBUG:urllib3.connectionpool:Resetting dropped connection: api.bloxflip.com
DEBUG:urllib3.connectionpool:https://api.bloxflip.com:443 "GET /games/crash HTTP/1.1" 200 None
DEBUG:urllib3.connectionpool:https://api.bloxflip.com:443 "GET /games/crash HTTP/1.1" 200 None
DEBUG:urllib3.connectionpool:https://api.bloxflip.com:443 "GET /games/crash HTTP/1.1" 429 5882
DEBUG:urllib3.connectionpool:Resetting dropped connection: api.bloxflip.com
DEBUG:urllib3.connectionpool:https://api.bloxflip.com:443 "GET /games/crash HTTP/1.1" 429 6266
DEBUG:urllib3.connectionpool:Resetting dropped connection: api.bloxflip.com
DEBUG:urllib3.connectionpool:https://api.bloxflip.com:443 "GET /games/crash HTTP/1.1" 429 6265
DEBUG:urllib3.connectionpool:Resetting dropped connection: api.bloxflip.com
DEBUG:urllib3.connectionpool:https://api.bloxflip.com:443 "GET /games/crash HTTP/1.1" 429 6266
DEBUG:urllib3.connectionpool:Resetting dropped connection: api.bloxflip.com
DEBUG:urllib3.connectionpool:https://api.bloxflip.com:443 "GET /games/crash HTTP/1.1" 200 None
DEBUG:urllib3.connectionpool:https://api.bloxflip.com:443 "GET /games/crash HTTP/1.1" 429 5882
DEBUG:urllib3.connectionpool:Resetting dropped connection: api.bloxflip.com
DEBUG:urllib3.connectionpool:https://api.bloxflip.com:443 "GET /games/crash HTTP/1.1" 200 None
DEBUG:urllib3.connectionpool:https://api.bloxflip.com:443 "GET /games/crash HTTP/1.1" 200 None
DEBUG:urllib3.connectionpool:https://api.bloxflip.com:443 "GET /games/crash HTTP/1.1" 429 5882
DEBUG:urllib3.connectionpool:Resetting dropped connection: api.bloxflip.com
DEBUG:urllib3.connectionpool:https://api.bloxflip.com:443 "GET /games/crash HTTP/1.1" 200 None
DEBUG:urllib3.connectionpool:https://api.bloxflip.com:443 "GET /games/crash HTTP/1.1" 429 5881
DEBUG:urllib3.connectionpool:Resetting dropped connection: api.bloxflip.com
DEBUG:urllib3.connectionpool:https://api.bloxflip.com:443 "GET /games/crash HTTP/1.1" 403 None
DEBUG:urllib3.connectionpool:https://api.bloxflip.com:443 "GET /games/crash HTTP/1.1" 429 5882
DEBUG:urllib3.connectionpool:Resetting dropped connection: api.bloxflip.com
DEBUG:urllib3.connectionpool:https://api.bloxflip.com:443 "GET /games/crash HTTP/1.1" 200 None
DEBUG:urllib3.connectionpool:https://api.bloxflip.com:443 "GET /games/crash HTTP/1.1" 200 None
DEBUG:urllib3.connectionpool:https://api.bloxflip.com:443 "GET /games/crash HTTP/1.1" 429 5861
DEBUG:urllib3.connectionpool:Resetting dropped connection: api.bloxflip.com
DEBUG:urllib3.connectionpool:https://api.bloxflip.com:443 "GET /games/crash HTTP/1.1" 403 None
DEBUG:urllib3.connectionpool:https://api.bloxflip.com:443 "GET /games/crash HTTP/1.1" 429 5882
DEBUG:urllib3.connectionpool:Resetting dropped connection: api.bloxflip.com
DEBUG:urllib3.connectionpool:https://api.bloxflip.com:443 "GET /games/crash HTTP/1.1" 200 None
DEBUG:urllib3.connectionpool:https://api.bloxflip.com:443 "GET /games/crash HTTP/1.1" 429 5882
DEBUG:urllib3.connectionpool:Resetting dropped connection: api.bloxflip.com
DEBUG:urllib3.connectionpool:https://api.bloxflip.com:443 "GET /games/crash HTTP/1.1" 200 None
DEBUG:urllib3.connectionpool:https://api.bloxflip.com:443 "GET /games/crash HTTP/1.1" 429 5881
DEBUG:urllib3.connectionpool:Resetting dropped connection: api.bloxflip.com
DEBUG:urllib3.connectionpool:https://api.bloxflip.com:443 "GET /games/crash HTTP/1.1" 200 None
DEBUG:urllib3.connectionpool:https://api.bloxflip.com:443 "GET /games/crash HTTP/1.1" 200 None
DEBUG:urllib3.connectionpool:https://api.bloxflip.com:443 "GET /games/crash HTTP/1.1" 429 5882
DEBUG:urllib3.connectionpool:Resetting dropped connection: api.bloxflip.com
DEBUG:urllib3.connectionpool:https://api.bloxflip.com:443 "GET /games/crash HTTP/1.1" 200 None
DEBUG:urllib3.connectionpool:https://api.bloxflip.com:443 "GET /games/crash HTTP/1.1" 429 5861
DEBUG:urllib3.connectionpool:Resetting dropped connection: api.bloxflip.com
DEBUG:urllib3.connectionpool:https://api.bloxflip.com:443 "GET /games/crash HTTP/1.1" 200 None
DEBUG:urllib3.connectionpool:https://api.bloxflip.com:443 "GET /games/crash HTTP/1.1" 429 5882
DEBUG:urllib3.connectionpool:Resetting dropped connection: api.bloxflip.com
DEBUG:urllib3.connectionpool:https://api.bloxflip.com:443 "GET /games/crash HTTP/1.1" 429 6266
DEBUG:urllib3.connectionpool:Resetting dropped connection: api.bloxflip.com
DEBUG:urllib3.connectionpool:https://api.bloxflip.com:443 "GET /games/crash HTTP/1.1" 429 6266
DEBUG:urllib3.connectionpool:Resetting dropped connection: api.bloxflip.com
DEBUG:urllib3.connectionpool:https://api.bloxflip.com:443 "GET /games/crash HTTP/1.1" 200 None
DEBUG:urllib3.connectionpool:https://api.bloxflip.com:443 "GET /games/crash HTTP/1.1" 200 None
DEBUG:urllib3.connectionpool:https://api.bloxflip.com:443 "GET /games/crash HTTP/1.1" 429 5882
DEBUG:urllib3.connectionpool:Resetting dropped connection: api.bloxflip.com
DEBUG:urllib3.connectionpool:https://api.bloxflip.com:443 "GET /games/crash HTTP/1.1" 200 None
DEBUG:urllib3.connectionpool:https://api.bloxflip.com:443 "GET /games/crash HTTP/1.1" 200 None
DEBUG:urllib3.connectionpool:https://api.bloxflip.com:443 "GET /games/crash HTTP/1.1" 429 5882
DEBUG:urllib3.connectionpool:Resetting dropped connection: api.bloxflip.com
DEBUG:urllib3.connectionpool:https://api.bloxflip.com:443 "GET /games/crash HTTP/1.1" 200 None
DEBUG:urllib3.connectionpool:https://api.bloxflip.com:443 "GET /games/crash HTTP/1.1" 429 5861
DEBUG:urllib3.connectionpool:Resetting dropped connection: api.bloxflip.com
DEBUG:urllib3.connectionpool:https://api.bloxflip.com:443 "GET /games/crash HTTP/1.1" 200 None
DEBUG:urllib3.connectionpool:https://api.bloxflip.com:443 "GET /games/crash HTTP/1.1" 429 5861
DEBUG:urllib3.connectionpool:Resetting dropped connection: api.bloxflip.com
DEBUG:urllib3.connectionpool:https://api.bloxflip.com:443 "GET /games/crash HTTP/1.1" 200 None
DEBUG:urllib3.connectionpool:https://api.bloxflip.com:443 "GET /games/crash HTTP/1.1" 200 None
DEBUG:urllib3.connectionpool:https://api.bloxflip.com:443 "GET /games/crash HTTP/1.1" 429 5860
DEBUG:urllib3.connectionpool:Resetting dropped connection: api.bloxflip.com
DEBUG:urllib3.connectionpool:https://api.bloxflip.com:443 "GET /games/crash HTTP/1.1" 200 None
DEBUG:urllib3.connectionpool:https://api.bloxflip.com:443 "GET /games/crash HTTP/1.1" 429 5882
DEBUG:urllib3.connectionpool:Resetting dropped connection: api.bloxflip.com
DEBUG:urllib3.connectionpool:https://api.bloxflip.com:443 "GET /games/crash HTTP/1.1" 200 None
DEBUG:urllib3.connectionpool:https://api.bloxflip.com:443 "GET /games/crash HTTP/1.1" 429 5882
DEBUG:urllib3.connectionpool:Resetting dropped connection: api.bloxflip.com
DEBUG:urllib3.connectionpool:https://api.bloxflip.com:443 "GET /games/crash HTTP/1.1" 200 None
DEBUG:urllib3.connectionpool:https://api.bloxflip.com:443 "GET /games/crash HTTP/1.1" 429 5861
DEBUG:urllib3.connectionpool:Resetting dropped connection: api.bloxflip.com
DEBUG:urllib3.connectionpool:https://api.bloxflip.com:443 "GET /games/crash HTTP/1.1" 200 None
DEBUG:urllib3.connectionpool:https://api.bloxflip.com:443 "GET /games/crash HTTP/1.1" 429 5861
DEBUG:urllib3.connectionpool:Resetting dropped connection: api.bloxflip.com
DEBUG:urllib3.connectionpool:https://api.bloxflip.com:443 "GET /games/crash HTTP/1.1" 200 None
DEBUG:urllib3.connectionpool:https://api.bloxflip.com:443 "GET /games/crash HTTP/1.1" 200 None
DEBUG:urllib3.connectionpool:https://api.bloxflip.com:443 "GET /games/crash HTTP/1.1" 429 5882
DEBUG:urllib3.connectionpool:Resetting dropped connection: api.bloxflip.com
DEBUG:urllib3.connectionpool:https://api.bloxflip.com:443 "GET /games/crash HTTP/1.1" 200 None
DEBUG:urllib3.connectionpool:https://api.bloxflip.com:443 "GET /games/crash HTTP/1.1" 200 None
DEBUG:urllib3.connectionpool:https://api.bloxflip.com:443 "GET /games/crash HTTP/1.1" 429 5882
DEBUG:urllib3.connectionpool:Resetting dropped connection: api.bloxflip.com
DEBUG:urllib3.connectionpool:https://api.bloxflip.com:443 "GET /games/crash HTTP/1.1" 403 None
DEBUG:urllib3.connectionpool:https://api.bloxflip.com:443 "GET /games/crash HTTP/1.1" 429 5882
DEBUG:urllib3.connectionpool:Resetting dropped connection: api.bloxflip.com
DEBUG:urllib3.connectionpool:https://api.bloxflip.com:443 "GET /games/crash HTTP/1.1" 200 None
DEBUG:urllib3.connectionpool:https://api.bloxflip.com:443 "GET /games/crash HTTP/1.1" 200 None
DEBUG:urllib3.connectionpool:https://api.bloxflip.com:443 "GET /games/crash HTTP/1.1" 429 5882
DEBUG:urllib3.connectionpool:Resetting dropped connection: api.bloxflip.com
DEBUG:urllib3.connectionpool:https://api.bloxflip.com:443 "GET /games/crash HTTP/1.1" 200 None
DEBUG:urllib3.connectionpool:https://api.bloxflip.com:443 "GET /games/crash HTTP/1.1" 429 5861
DEBUG:urllib3.connectionpool:Resetting dropped connection: api.bloxflip.com
DEBUG:urllib3.connectionpool:https://api.bloxflip.com:443 "GET /games/crash HTTP/1.1" 200 None
DEBUG:urllib3.connectionpool:https://api.bloxflip.com:443 "GET /games/crash HTTP/1.1" 429 5861
DEBUG:urllib3.connectionpool:Resetting dropped connection: api.bloxflip.com
DEBUG:urllib3.connectionpool:https://api.bloxflip.com:443 "GET /games/crash HTTP/1.1" 200 None
DEBUG:urllib3.connectionpool:https://api.bloxflip.com:443 "GET /games/crash HTTP/1.1" 200 None
DEBUG:urllib3.connectionpool:https://api.bloxflip.com:443 "GET /games/crash HTTP/1.1" 429 5881
DEBUG:urllib3.connectionpool:Resetting dropped connection: api.bloxflip.com
DEBUG:urllib3.connectionpool:https://api.bloxflip.com:443 "GET /games/crash HTTP/1.1" 200 None
DEBUG:urllib3.connectionpool:https://api.bloxflip.com:443 "GET /games/crash HTTP/1.1" 429 5861
DEBUG:urllib3.connectionpool:Resetting dropped connection: api.bloxflip.com
DEBUG:urllib3.connectionpool:https://api.bloxflip.com:443 "GET /games/crash HTTP/1.1" 200 None
DEBUG:urllib3.connectionpool:https://api.bloxflip.com:443 "GET /games/crash HTTP/1.1" 200 None
DEBUG:urllib3.connectionpool:https://api.bloxflip.com:443 "GET /games/crash HTTP/1.1" 429 5861
DEBUG:urllib3.connectionpool:Resetting dropped connection: api.bloxflip.com
DEBUG:urllib3.connectionpool:https://api.bloxflip.com:443 "GET /games/crash HTTP/1.1" 200 None
DEBUG:urllib3.connectionpool:https://api.bloxflip.com:443 "GET /games/crash HTTP/1.1" 429 5882
DEBUG:urllib3.connectionpool:Resetting dropped connection: api.bloxflip.com
DEBUG:urllib3.connectionpool:https://api.bloxflip.com:443 "GET /games/crash HTTP/1.1" 200 None
DEBUG:urllib3.connectionpool:https://api.bloxflip.com:443 "GET /games/crash HTTP/1.1" 403 None
DEBUG:urllib3.connectionpool:https://api.bloxflip.com:443 "GET /games/crash HTTP/1.1" 429 5882
DEBUG:urllib3.connectionpool:Resetting dropped connection: api.bloxflip.com
DEBUG:urllib3.connectionpool:https://api.bloxflip.com:443 "GET /games/crash HTTP/1.1" 200 None
DEBUG:urllib3.connectionpool:https://api.bloxflip.com:443 "GET /games/crash HTTP/1.1" 429 5860
DEBUG:urllib3.connectionpool:Resetting dropped connection: api.bloxflip.com
DEBUG:urllib3.connectionpool:https://api.bloxflip.com:443 "GET /games/crash HTTP/1.1" 200 None
DEBUG:urllib3.connectionpool:https://api.bloxflip.com:443 "GET /games/crash HTTP/1.1" 200 None
DEBUG:urllib3.connectionpool:https://api.bloxflip.com:443 "GET /games/crash HTTP/1.1" 429 5882
DEBUG:urllib3.connectionpool:Resetting dropped connection: api.bloxflip.com
DEBUG:urllib3.connectionpool:https://api.bloxflip.com:443 "GET /games/crash HTTP/1.1" 200 None
DEBUG:urllib3.connectionpool:https://api.bloxflip.com:443 "GET /games/crash HTTP/1.1" 200 None
DEBUG:urllib3.connectionpool:https://api.bloxflip.com:443 "GET /games/crash HTTP/1.1" 429 5882
DEBUG:urllib3.connectionpool:Resetting dropped connection: api.bloxflip.com
DEBUG:urllib3.connectionpool:https://api.bloxflip.com:443 "GET /games/crash HTTP/1.1" 200 None
DEBUG:urllib3.connectionpool:https://api.bloxflip.com:443 "GET /games/crash HTTP/1.1" 429 5882
DEBUG:urllib3.connectionpool:Resetting dropped connection: api.bloxflip.com
DEBUG:urllib3.connectionpool:https://api.bloxflip.com:443 "GET /games/crash HTTP/1.1" 429 6287
DEBUG:urllib3.connectionpool:Resetting dropped connection: api.bloxflip.com
DEBUG:urllib3.connectionpool:https://api.bloxflip.com:443 "GET /games/crash HTTP/1.1" 200 None
DEBUG:urllib3.connectionpool:https://api.bloxflip.com:443 "GET /games/crash HTTP/1.1" 429 5882
DEBUG:urllib3.connectionpool:Resetting dropped connection: api.bloxflip.com
DEBUG:urllib3.connectionpool:https://api.bloxflip.com:443 "GET /games/crash HTTP/1.1" 200 None
DEBUG:urllib3.connectionpool:https://api.bloxflip.com:443 "GET /games/crash HTTP/1.1" 429 5881
DEBUG:urllib3.connectionpool:Resetting dropped connection: api.bloxflip.com
DEBUG:urllib3.connectionpool:https://api.bloxflip.com:443 "GET /games/crash HTTP/1.1" 200 None
DEBUG:urllib3.connectionpool:https://api.bloxflip.com:443 "GET /games/crash HTTP/1.1" 403 None
DEBUG:urllib3.connectionpool:https://api.bloxflip.com:443 "GET /games/crash HTTP/1.1" 429 5882
DEBUG:urllib3.connectionpool:Resetting dropped connection: api.bloxflip.com
DEBUG:urllib3.connectionpool:https://api.bloxflip.com:443 "GET /games/crash HTTP/1.1" 200 None
DEBUG:urllib3.connectionpool:https://api.bloxflip.com:443 "GET /games/crash HTTP/1.1" 429 5882
DEBUG:urllib3.connectionpool:Resetting dropped connection: api.bloxflip.com
DEBUG:urllib3.connectionpool:https://api.bloxflip.com:443 "GET /games/crash HTTP/1.1" 200 None
DEBUG:urllib3.connectionpool:https://api.bloxflip.com:443 "GET /games/crash HTTP/1.1" 429 5882
DEBUG:urllib3.connectionpool:Resetting dropped connection: api.bloxflip.com
DEBUG:urllib3.connectionpool:https://api.bloxflip.com:443 "GET /games/crash HTTP/1.1" 200 None
DEBUG:urllib3.connectionpool:https://api.bloxflip.com:443 "GET /games/crash HTTP/1.1" 429 5882
DEBUG:urllib3.connectionpool:Resetting dropped connection: api.bloxflip.com
DEBUG:urllib3.connectionpool:https://api.bloxflip.com:443 "GET /games/crash HTTP/1.1" 200 None
DEBUG:urllib3.connectionpool:https://api.bloxflip.com:443 "GET /games/crash HTTP/1.1" 429 5861
DEBUG:urllib3.connectionpool:Resetting dropped connection: api.bloxflip.com
DEBUG:urllib3.connectionpool:https://api.bloxflip.com:443 "GET /games/crash HTTP/1.1" 200 None
DEBUG:urllib3.connectionpool:https://api.bloxflip.com:443 "GET /games/crash HTTP/1.1" 200 None
DEBUG:urllib3.connectionpool:https://api.bloxflip.com:443 "GET /games/crash HTTP/1.1" 429 5882
DEBUG:urllib3.connectionpool:Resetting dropped connection: api.bloxflip.com
DEBUG:urllib3.connectionpool:https://api.bloxflip.com:443 "GET /games/crash HTTP/1.1" 200 None
DEBUG:urllib3.connectionpool:https://api.bloxflip.com:443 "GET /games/crash HTTP/1.1" 429 5861
DEBUG:urllib3.connectionpool:Resetting dropped connection: api.bloxflip.com
DEBUG:urllib3.connectionpool:https://api.bloxflip.com:443 "GET /games/crash HTTP/1.1" 200 None
DEBUG:urllib3.connectionpool:https://api.bloxflip.com:443 "GET /games/crash HTTP/1.1" 429 5882
DEBUG:urllib3.connectionpool:Resetting dropped connection: api.bloxflip.com
DEBUG:urllib3.connectionpool:https://api.bloxflip.com:443 "GET /games/crash HTTP/1.1" 403 None
DEBUG:urllib3.connectionpool:https://api.bloxflip.com:443 "GET /games/crash HTTP/1.1" 429 5861
DEBUG:urllib3.connectionpool:Resetting dropped connection: api.bloxflip.com
DEBUG:urllib3.connectionpool:https://api.bloxflip.com:443 "GET /games/crash HTTP/1.1" 200 None
DEBUG:urllib3.connectionpool:https://api.bloxflip.com:443 "GET /games/crash HTTP/1.1" 429 5861
DEBUG:urllib3.connectionpool:Resetting dropped connection: api.bloxflip.com
DEBUG:urllib3.connectionpool:https://api.bloxflip.com:443 "GET /games/crash HTTP/1.1" 200 None
DEBUG:urllib3.connectionpool:https://api.bloxflip.com:443 "GET /games/crash HTTP/1.1" 200 None
DEBUG:urllib3.connectionpool:https://api.bloxflip.com:443 "GET /games/crash HTTP/1.1" 429 5861
DEBUG:urllib3.connectionpool:Resetting dropped connection: api.bloxflip.com
DEBUG:urllib3.connectionpool:https://api.bloxflip.com:443 "GET /games/crash HTTP/1.1" 403 None
DEBUG:urllib3.connectionpool:https://api.bloxflip.com:443 "GET /games/crash HTTP/1.1" 429 5882
DEBUG:urllib3.connectionpool:Resetting dropped connection: api.bloxflip.com
DEBUG:urllib3.connectionpool:https://api.bloxflip.com:443 "GET /games/crash HTTP/1.1" 200 None
DEBUG:urllib3.connectionpool:https://api.bloxflip.com:443 "GET /games/crash HTTP/1.1" 429 5861
DEBUG:urllib3.connectionpool:Resetting dropped connection: api.bloxflip.com
DEBUG:urllib3.connectionpool:https://api.bloxflip.com:443 "GET /games/crash HTTP/1.1" 200 None
DEBUG:urllib3.connectionpool:https://api.bloxflip.com:443 "GET /games/crash HTTP/1.1" 200 None
DEBUG:urllib3.connectionpool:https://api.bloxflip.com:443 "GET /games/crash HTTP/1.1" 429 5882
DEBUG:urllib3.connectionpool:Resetting dropped connection: api.bloxflip.com
DEBUG:urllib3.connectionpool:https://api.bloxflip.com:443 "GET /games/crash HTTP/1.1" 200 None
DEBUG:urllib3.connectionpool:https://api.bloxflip.com:443 "GET /games/crash HTTP/1.1" 200 None
DEBUG:urllib3.connectionpool:https://api.bloxflip.com:443 "GET /games/crash HTTP/1.1" 429 5861
DEBUG:urllib3.connectionpool:Resetting dropped connection: api.bloxflip.com
DEBUG:urllib3.connectionpool:https://api.bloxflip.com:443 "GET /games/crash HTTP/1.1" 200 None
DEBUG:urllib3.connectionpool:https://api.bloxflip.com:443 "GET /games/crash HTTP/1.1" 429 5882
DEBUG:urllib3.connectionpool:Resetting dropped connection: api.bloxflip.com
DEBUG:urllib3.connectionpool:https://api.bloxflip.com:443 "GET /games/crash HTTP/1.1" 403 None
DEBUG:urllib3.connectionpool:https://api.bloxflip.com:443 "GET /games/crash HTTP/1.1" 429 5882
DEBUG:urllib3.connectionpool:Resetting dropped connection: api.bloxflip.com
DEBUG:urllib3.connectionpool:https://api.bloxflip.com:443 "GET /games/crash HTTP/1.1" 200 None
DEBUG:urllib3.connectionpool:https://api.bloxflip.com:443 "GET /games/crash HTTP/1.1" 429 5882
DEBUG:urllib3.connectionpool:Resetting dropped connection: api.bloxflip.com
DEBUG:urllib3.connectionpool:https://api.bloxflip.com:443 "GET /games/crash HTTP/1.1" 200 None
DEBUG:urllib3.connectionpool:https://api.bloxflip.com:443 "GET /games/crash HTTP/1.1" 429 5882
DEBUG:urllib3.connectionpool:Resetting dropped connection: api.bloxflip.com
DEBUG:urllib3.connectionpool:https://api.bloxflip.com:443 "GET /games/crash HTTP/1.1" 429 6266
DEBUG:urllib3.connectionpool:Resetting dropped connection: api.bloxflip.com
DEBUG:urllib3.connectionpool:https://api.bloxflip.com:443 "GET /games/crash HTTP/1.1" 429 6287
DEBUG:urllib3.connectionpool:Resetting dropped connection: api.bloxflip.com
DEBUG:urllib3.connectionpool:https://api.bloxflip.com:443 "GET /games/crash HTTP/1.1" 429 6287
DEBUG:urllib3.connectionpool:Resetting dropped connection: api.bloxflip.com
DEBUG:urllib3.connectionpool:https://api.bloxflip.com:443 "GET /games/crash HTTP/1.1" 200 None
DEBUG:urllib3.connectionpool:https://api.bloxflip.com:443 "GET /games/crash HTTP/1.1" 429 5861
DEBUG:urllib3.connectionpool:Resetting dropped connection: api.bloxflip.com
DEBUG:urllib3.connectionpool:https://api.bloxflip.com:443 "GET /games/crash HTTP/1.1" 403 None
DEBUG:urllib3.connectionpool:https://api.bloxflip.com:443 "GET /games/crash HTTP/1.1" 429 5882
DEBUG:urllib3.connectionpool:Resetting dropped connection: api.bloxflip.com
DEBUG:urllib3.connectionpool:https://api.bloxflip.com:443 "GET /games/crash HTTP/1.1" 200 None
DEBUG:urllib3.connectionpool:https://api.bloxflip.com:443 "GET /games/crash HTTP/1.1" 429 5882
DEBUG:urllib3.connectionpool:Resetting dropped connection: api.bloxflip.com
DEBUG:urllib3.connectionpool:https://api.bloxflip.com:443 "GET /games/crash HTTP/1.1" 403 None
DEBUG:urllib3.connectionpool:https://api.bloxflip.com:443 "GET /games/crash HTTP/1.1" 429 5903
DEBUG:urllib3.connectionpool:Resetting dropped connection: api.bloxflip.com
DEBUG:urllib3.connectionpool:https://api.bloxflip.com:443 "GET /games/crash HTTP/1.1" 200 None
DEBUG:urllib3.connectionpool:https://api.bloxflip.com:443 "GET /games/crash HTTP/1.1" 200 None
DEBUG:urllib3.connectionpool:https://api.bloxflip.com:443 "GET /games/crash HTTP/1.1" 429 5882
DEBUG:urllib3.connectionpool:Resetting dropped connection: api.bloxflip.com
DEBUG:urllib3.connectionpool:https://api.bloxflip.com:443 "GET /games/crash HTTP/1.1" 200 None
DEBUG:urllib3.connectionpool:https://api.bloxflip.com:443 "GET /games/crash HTTP/1.1" 429 5882
DEBUG:urllib3.connectionpool:Resetting dropped connection: api.bloxflip.com
DEBUG:urllib3.connectionpool:https://api.bloxflip.com:443 "GET /games/crash HTTP/1.1" 200 None
DEBUG:urllib3.connectionpool:https://api.bloxflip.com:443 "GET /games/crash HTTP/1.1" 429 5881
DEBUG:urllib3.connectionpool:Resetting dropped connection: api.bloxflip.com
DEBUG:urllib3.connectionpool:https://api.bloxflip.com:443 "GET /games/crash HTTP/1.1" 429 6266
DEBUG:urllib3.connectionpool:Resetting dropped connection: api.bloxflip.com
DEBUG:urllib3.connectionpool:https://api.bloxflip.com:443 "GET /games/crash HTTP/1.1" 200 None
DEBUG:urllib3.connectionpool:https://api.bloxflip.com:443 "GET /games/crash HTTP/1.1" 200 None
DEBUG:urllib3.connectionpool:https://api.bloxflip.com:443 "GET /games/crash HTTP/1.1" 429 5882
DEBUG:urllib3.connectionpool:Resetting dropped connection: api.bloxflip.com
DEBUG:urllib3.connectionpool:https://api.bloxflip.com:443 "GET /games/crash HTTP/1.1" 200 None
DEBUG:urllib3.connectionpool:https://api.bloxflip.com:443 "GET /games/crash HTTP/1.1" 200 None
DEBUG:urllib3.connectionpool:https://api.bloxflip.com:443 "GET /games/crash HTTP/1.1" 429 5861
DEBUG:urllib3.connectionpool:Resetting dropped connection: api.bloxflip.com
DEBUG:urllib3.connectionpool:https://api.bloxflip.com:443 "GET /games/crash HTTP/1.1" 200 None
DEBUG:urllib3.connectionpool:https://api.bloxflip.com:443 "GET /games/crash HTTP/1.1" 429 5882
DEBUG:urllib3.connectionpool:Resetting dropped connection: api.bloxflip.com
DEBUG:urllib3.connectionpool:https://api.bloxflip.com:443 "GET /games/crash HTTP/1.1" 429 6287
DEBUG:urllib3.connectionpool:Resetting dropped connection: api.bloxflip.com
DEBUG:urllib3.connectionpool:https://api.bloxflip.com:443 "GET /games/crash HTTP/1.1" 200 None
DEBUG:urllib3.connectionpool:https://api.bloxflip.com:443 "GET /games/crash HTTP/1.1" 200 None
DEBUG:urllib3.connectionpool:https://api.bloxflip.com:443 "GET /games/crash HTTP/1.1" 429 5861
DEBUG:urllib3.connectionpool:Resetting dropped connection: api.bloxflip.com
DEBUG:urllib3.connectionpool:https://api.bloxflip.com:443 "GET /games/crash HTTP/1.1" 200 None
DEBUG:urllib3.connectionpool:https://api.bloxflip.com:443 "GET /games/crash HTTP/1.1" 200 None
DEBUG:urllib3.connectionpool:https://api.bloxflip.com:443 "GET /games/crash HTTP/1.1" 429 5861
DEBUG:urllib3.connectionpool:Resetting dropped connection: api.bloxflip.com
DEBUG:urllib3.connectionpool:https://api.bloxflip.com:443 "GET /games/crash HTTP/1.1" 200 None
DEBUG:urllib3.connectionpool:https://api.bloxflip.com:443 "GET /games/crash HTTP/1.1" 429 5882
DEBUG:urllib3.connectionpool:Resetting dropped connection: api.bloxflip.com
DEBUG:urllib3.connectionpool:https://api.bloxflip.com:443 "GET /games/crash HTTP/1.1" 200 None
DEBUG:urllib3.connectionpool:https://api.bloxflip.com:443 "GET /games/crash HTTP/1.1" 200 None
DEBUG:urllib3.connectionpool:https://api.bloxflip.com:443 "GET /games/crash HTTP/1.1" 429 5882
DEBUG:urllib3.connectionpool:Resetting dropped connection: api.bloxflip.com
DEBUG:urllib3.connectionpool:https://api.bloxflip.com:443 "GET /games/crash HTTP/1.1" 200 None
DEBUG:urllib3.connectionpool:https://api.bloxflip.com:443 "GET /games/crash HTTP/1.1" 429 5861
DEBUG:urllib3.connectionpool:Resetting dropped connection: api.bloxflip.com
DEBUG:urllib3.connectionpool:https://api.bloxflip.com:443 "GET /games/crash HTTP/1.1" 200 None
DEBUG:urllib3.connectionpool:https://api.bloxflip.com:443 "GET /games/crash HTTP/1.1" 200 None
DEBUG:urllib3.connectionpool:https://api.bloxflip.com:443 "GET /games/crash HTTP/1.1" 429 5861
DEBUG:urllib3.connectionpool:Resetting dropped connection: api.bloxflip.com
DEBUG:urllib3.connectionpool:https://api.bloxflip.com:443 "GET /games/crash HTTP/1.1" 429 6266
DEBUG:urllib3.connectionpool:Resetting dropped connection: api.bloxflip.com
DEBUG:urllib3.connectionpool:https://api.bloxflip.com:443 "GET /games/crash HTTP/1.1" 200 None
DEBUG:urllib3.connectionpool:https://api.bloxflip.com:443 "GET /games/crash HTTP/1.1" 200 None
DEBUG:urllib3.connectionpool:https://api.bloxflip.com:443 "GET /games/crash HTTP/1.1" 429 5861
DEBUG:urllib3.connectionpool:Resetting dropped connection: api.bloxflip.com
DEBUG:urllib3.connectionpool:https://api.bloxflip.com:443 "GET /games/crash HTTP/1.1" 200 None
DEBUG:urllib3.connectionpool:https://api.bloxflip.com:443 "GET /games/crash HTTP/1.1" 200 None
DEBUG:urllib3.connectionpool:https://api.bloxflip.com:443 "GET /games/crash HTTP/1.1" 200 None
DEBUG:urllib3.connectionpool:https://api.bloxflip.com:443 "GET /games/crash HTTP/1.1" 429 5882
DEBUG:urllib3.connectionpool:Resetting dropped connection: api.bloxflip.com
DEBUG:urllib3.connectionpool:https://api.bloxflip.com:443 "GET /games/crash HTTP/1.1" 429 6266
DEBUG:urllib3.connectionpool:Resetting dropped connection: api.bloxflip.com
DEBUG:urllib3.connectionpool:https://api.bloxflip.com:443 "GET /games/crash HTTP/1.1" 403 None
DEBUG:urllib3.connectionpool:https://api.bloxflip.com:443 "GET /games/crash HTTP/1.1" 429 5882
DEBUG:urllib3.connectionpool:Resetting dropped connection: api.bloxflip.com
DEBUG:urllib3.connectionpool:https://api.bloxflip.com:443 "GET /games/crash HTTP/1.1" 403 None
DEBUG:urllib3.connectionpool:https://api.bloxflip.com:443 "GET /games/crash HTTP/1.1" 429 5882
DEBUG:urllib3.connectionpool:Resetting dropped connection: api.bloxflip.com
DEBUG:urllib3.connectionpool:https://api.bloxflip.com:443 "GET /games/crash HTTP/1.1" 200 None
DEBUG:urllib3.connectionpool:https://api.bloxflip.com:443 "GET /games/crash HTTP/1.1" 429 5882
DEBUG:urllib3.connectionpool:Resetting dropped connection: api.bloxflip.com
DEBUG:urllib3.connectionpool:https://api.bloxflip.com:443 "GET /games/crash HTTP/1.1" 200 None
DEBUG:urllib3.connectionpool:https://api.bloxflip.com:443 "GET /games/crash HTTP/1.1" 200 None
DEBUG:urllib3.connectionpool:https://api.bloxflip.com:443 "GET /games/crash HTTP/1.1" 429 5882
DEBUG:urllib3.connectionpool:Resetting dropped connection: api.bloxflip.com
DEBUG:urllib3.connectionpool:https://api.bloxflip.com:443 "GET /games/crash HTTP/1.1" 200 None
DEBUG:urllib3.connectionpool:https://api.bloxflip.com:443 "GET /games/crash HTTP/1.1" 200 None
DEBUG:urllib3.connectionpool:https://api.bloxflip.com:443 "GET /games/crash HTTP/1.1" 429 5882
DEBUG:urllib3.connectionpool:Resetting dropped connection: api.bloxflip.com
DEBUG:urllib3.connectionpool:https://api.bloxflip.com:443 "GET /games/crash HTTP/1.1" 200 None
DEBUG:urllib3.connectionpool:https://api.bloxflip.com:443 "GET /games/crash HTTP/1.1" 200 None
DEBUG:urllib3.connectionpool:https://api.bloxflip.com:443 "GET /games/crash HTTP/1.1" 200 None
DEBUG:urllib3.connectionpool:https://api.bloxflip.com:443 "GET /games/crash HTTP/1.1" 429 5882
DEBUG:urllib3.connectionpool:Resetting dropped connection: api.bloxflip.com
DEBUG:urllib3.connectionpool:https://api.bloxflip.com:443 "GET /games/crash HTTP/1.1" 200 None
DEBUG:urllib3.connectionpool:https://api.bloxflip.com:443 "GET /games/crash HTTP/1.1" 429 5882
DEBUG:urllib3.connectionpool:Resetting dropped connection: api.bloxflip.com
DEBUG:urllib3.connectionpool:https://api.bloxflip.com:443 "GET /games/crash HTTP/1.1" 200 None
DEBUG:urllib3.connectionpool:https://api.bloxflip.com:443 "GET /games/crash HTTP/1.1" 200 None
DEBUG:urllib3.connectionpool:https://api.bloxflip.com:443 "GET /games/crash HTTP/1.1" 429 5880
DEBUG:urllib3.connectionpool:Resetting dropped connection: api.bloxflip.com
DEBUG:urllib3.connectionpool:https://api.bloxflip.com:443 "GET /games/crash HTTP/1.1" 200 None
DEBUG:urllib3.connectionpool:https://api.bloxflip.com:443 "GET /games/crash HTTP/1.1" 429 5860
DEBUG:urllib3.connectionpool:Resetting dropped connection: api.bloxflip.com
DEBUG:urllib3.connectionpool:https://api.bloxflip.com:443 "GET /games/crash HTTP/1.1" 200 None
DEBUG:urllib3.connectionpool:https://api.bloxflip.com:443 "GET /games/crash HTTP/1.1" 429 5882
DEBUG:urllib3.connectionpool:Resetting dropped connection: api.bloxflip.com
DEBUG:urllib3.connectionpool:https://api.bloxflip.com:443 "GET /games/crash HTTP/1.1" 200 None
DEBUG:urllib3.connectionpool:https://api.bloxflip.com:443 "GET /games/crash HTTP/1.1" 200 None
DEBUG:urllib3.connectionpool:https://api.bloxflip.com:443 "GET /games/crash HTTP/1.1" 200 None
DEBUG:urllib3.connectionpool:https://api.bloxflip.com:443 "GET /games/crash HTTP/1.1" 429 5860
DEBUG:urllib3.connectionpool:Resetting dropped connection: api.bloxflip.com
DEBUG:urllib3.connectionpool:https://api.bloxflip.com:443 "GET /games/crash HTTP/1.1" 200 None
DEBUG:urllib3.connectionpool:https://api.bloxflip.com:443 "GET /games/crash HTTP/1.1" 429 5882
DEBUG:urllib3.connectionpool:Resetting dropped connection: api.bloxflip.com
DEBUG:urllib3.connectionpool:https://api.bloxflip.com:443 "GET /games/crash HTTP/1.1" 200 None
DEBUG:urllib3.connectionpool:https://api.bloxflip.com:443 "GET /games/crash HTTP/1.1" 429 5861
DEBUG:urllib3.connectionpool:Resetting dropped connection: api.bloxflip.com
DEBUG:urllib3.connectionpool:https://api.bloxflip.com:443 "GET /games/crash HTTP/1.1" 403 None
DEBUG:urllib3.connectionpool:https://api.bloxflip.com:443 "GET /games/crash HTTP/1.1" 429 5861
DEBUG:urllib3.connectionpool:Resetting dropped connection: api.bloxflip.com
DEBUG:urllib3.connectionpool:https://api.bloxflip.com:443 "GET /games/crash HTTP/1.1" 200 None
DEBUG:urllib3.connectionpool:https://api.bloxflip.com:443 "GET /games/crash HTTP/1.1" 429 5861
DEBUG:urllib3.connectionpool:Resetting dropped connection: api.bloxflip.com
DEBUG:urllib3.connectionpool:https://api.bloxflip.com:443 "GET /games/crash HTTP/1.1" 200 None
DEBUG:urllib3.connectionpool:https://api.bloxflip.com:443 "GET /games/crash HTTP/1.1" 200 None
DEBUG:urllib3.connectionpool:https://api.bloxflip.com:443 "GET /games/crash HTTP/1.1" 429 5882
DEBUG:urllib3.connectionpool:Resetting dropped connection: api.bloxflip.com
DEBUG:urllib3.connectionpool:https://api.bloxflip.com:443 "GET /games/crash HTTP/1.1" 200 None
DEBUG:urllib3.connectionpool:https://api.bloxflip.com:443 "GET /games/crash HTTP/1.1" 429 5881
DEBUG:urllib3.connectionpool:Resetting dropped connection: api.bloxflip.com
DEBUG:urllib3.connectionpool:https://api.bloxflip.com:443 "GET /games/crash HTTP/1.1" 200 None
DEBUG:urllib3.connectionpool:https://api.bloxflip.com:443 "GET /games/crash HTTP/1.1" 200 None
DEBUG:urllib3.connectionpool:https://api.bloxflip.com:443 "GET /games/crash HTTP/1.1" 429 5882
DEBUG:urllib3.connectionpool:Resetting dropped connection: api.bloxflip.com
DEBUG:urllib3.connectionpool:https://api.bloxflip.com:443 "GET /games/crash HTTP/1.1" 200 None
DEBUG:urllib3.connectionpool:https://api.bloxflip.com:443 "GET /games/crash HTTP/1.1" 429 5861
DEBUG:urllib3.connectionpool:Resetting dropped connection: api.bloxflip.com
DEBUG:urllib3.connectionpool:https://api.bloxflip.com:443 "GET /games/crash HTTP/1.1" 403 None
DEBUG:urllib3.connectionpool:https://api.bloxflip.com:443 "GET /games/crash HTTP/1.1" 429 5882
DEBUG:urllib3.connectionpool:Resetting dropped connection: api.bloxflip.com
DEBUG:urllib3.connectionpool:https://api.bloxflip.com:443 "GET /games/crash HTTP/1.1" 200 None
DEBUG:urllib3.connectionpool:https://api.bloxflip.com:443 "GET /games/crash HTTP/1.1" 429 5882
DEBUG:urllib3.connectionpool:Resetting dropped connection: api.bloxflip.com
DEBUG:urllib3.connectionpool:https://api.bloxflip.com:443 "GET /games/crash HTTP/1.1" 200 None
DEBUG:urllib3.connectionpool:https://api.bloxflip.com:443 "GET /games/crash HTTP/1.1" 429 5902
DEBUG:urllib3.connectionpool:Resetting dropped connection: api.bloxflip.com
DEBUG:urllib3.connectionpool:https://api.bloxflip.com:443 "GET /games/crash HTTP/1.1" 200 None
DEBUG:urllib3.connectionpool:https://api.bloxflip.com:443 "GET /games/crash HTTP/1.1" 200 None
DEBUG:urllib3.connectionpool:https://api.bloxflip.com:443 "GET /games/crash HTTP/1.1" 429 5882
DEBUG:urllib3.connectionpool:Resetting dropped connection: api.bloxflip.com
DEBUG:urllib3.connectionpool:https://api.bloxflip.com:443 "GET /games/crash HTTP/1.1" 200 None
DEBUG:urllib3.connectionpool:https://api.bloxflip.com:443 "GET /games/crash HTTP/1.1" 429 5880
DEBUG:urllib3.connectionpool:Resetting dropped connection: api.bloxflip.com
DEBUG:urllib3.connectionpool:https://api.bloxflip.com:443 "GET /games/crash HTTP/1.1" 403 None
